[0.009s] Invoking command in '/home/jiaverso/Desktop/SparkCar_ROS2_WS/SparkCar_Controller/build/target_follower': CMAKE_PREFIX_PATH=${CMAKE_PREFIX_PATH}:/opt/ros/humble /usr/bin/cmake --build /home/jiaverso/Desktop/SparkCar_ROS2_WS/SparkCar_Controller/build/target_follower -- -j8 -l8
[0.045s] Consolidate compiler generated dependencies of target target_follower_node
[0.055s] [100%] Built target target_follower_node
[0.065s] Invoked command in '/home/jiaverso/Desktop/SparkCar_ROS2_WS/SparkCar_Controller/build/target_follower' returned '0': CMAKE_PREFIX_PATH=${CMAKE_PREFIX_PATH}:/opt/ros/humble /usr/bin/cmake --build /home/jiaverso/Desktop/SparkCar_ROS2_WS/SparkCar_Controller/build/target_follower -- -j8 -l8
[0.072s] Invoking command in '/home/jiaverso/Desktop/SparkCar_ROS2_WS/SparkCar_Controller/build/target_follower': CMAKE_PREFIX_PATH=${CMAKE_PREFIX_PATH}:/opt/ros/humble /usr/bin/cmake --install /home/jiaverso/Desktop/SparkCar_ROS2_WS/SparkCar_Controller/build/target_follower
[0.078s] -- Install configuration: ""
[0.078s] -- Execute custom install script
[0.079s] -- Up-to-date symlink: /home/jiaverso/Desktop/SparkCar_ROS2_WS/SparkCar_Controller/install/target_follower/lib/target_follower/target_follower_node
[0.079s] -- Up-to-date symlink: /home/jiaverso/Desktop/SparkCar_ROS2_WS/SparkCar_Controller/install/target_follower/share/target_follower/README.md
[0.079s] -- Up-to-date symlink: /home/jiaverso/Desktop/SparkCar_ROS2_WS/SparkCar_Controller/install/target_follower/share/ament_index/resource_index/package_run_dependencies/target_follower
[0.079s] -- Up-to-date symlink: /home/jiaverso/Desktop/SparkCar_ROS2_WS/SparkCar_Controller/install/target_follower/share/ament_index/resource_index/parent_prefix_path/target_follower
[0.079s] -- Up-to-date symlink: /home/jiaverso/Desktop/SparkCar_ROS2_WS/SparkCar_Controller/install/target_follower/share/target_follower/environment/ament_prefix_path.sh
[0.079s] -- Up-to-date symlink: /home/jiaverso/Desktop/SparkCar_ROS2_WS/SparkCar_Controller/install/target_follower/share/target_follower/environment/ament_prefix_path.dsv
[0.079s] -- Up-to-date symlink: /home/jiaverso/Desktop/SparkCar_ROS2_WS/SparkCar_Controller/install/target_follower/share/target_follower/environment/path.sh
[0.080s] -- Up-to-date symlink: /home/jiaverso/Desktop/SparkCar_ROS2_WS/SparkCar_Controller/install/target_follower/share/target_follower/environment/path.dsv
[0.080s] -- Up-to-date symlink: /home/jiaverso/Desktop/SparkCar_ROS2_WS/SparkCar_Controller/install/target_follower/share/target_follower/local_setup.bash
[0.080s] -- Up-to-date symlink: /home/jiaverso/Desktop/SparkCar_ROS2_WS/SparkCar_Controller/install/target_follower/share/target_follower/local_setup.sh
[0.080s] -- Up-to-date symlink: /home/jiaverso/Desktop/SparkCar_ROS2_WS/SparkCar_Controller/install/target_follower/share/target_follower/local_setup.zsh
[0.080s] -- Up-to-date symlink: /home/jiaverso/Desktop/SparkCar_ROS2_WS/SparkCar_Controller/install/target_follower/share/target_follower/local_setup.dsv
[0.080s] -- Symlinking: /home/jiaverso/Desktop/SparkCar_ROS2_WS/SparkCar_Controller/install/target_follower/share/target_follower/package.dsv
[0.087s] -- Up-to-date symlink: /home/jiaverso/Desktop/SparkCar_ROS2_WS/SparkCar_Controller/install/target_follower/share/ament_index/resource_index/packages/target_follower
[0.087s] -- Up-to-date symlink: /home/jiaverso/Desktop/SparkCar_ROS2_WS/SparkCar_Controller/install/target_follower/share/target_follower/cmake/target_followerConfig.cmake
[0.088s] -- Up-to-date symlink: /home/jiaverso/Desktop/SparkCar_ROS2_WS/SparkCar_Controller/install/target_follower/share/target_follower/cmake/target_followerConfig-version.cmake
[0.088s] -- Up-to-date symlink: /home/jiaverso/Desktop/SparkCar_ROS2_WS/SparkCar_Controller/install/target_follower/share/target_follower/package.xml
[0.088s] -- Up-to-date: /home/jiaverso/Desktop/SparkCar_ROS2_WS/SparkCar_Controller/install/target_follower/share/target_follower/launch
[0.088s] -- Installing: /home/jiaverso/Desktop/SparkCar_ROS2_WS/SparkCar_Controller/install/target_follower/share/target_follower/launch/target_follower.launch.py
[0.088s] -- Up-to-date: /home/jiaverso/Desktop/SparkCar_ROS2_WS/SparkCar_Controller/install/target_follower/share/target_follower/launch/__pycache__
[0.088s] -- Up-to-date: /home/jiaverso/Desktop/SparkCar_ROS2_WS/SparkCar_Controller/install/target_follower/share/target_follower/config
[0.088s] -- Up-to-date: /home/jiaverso/Desktop/SparkCar_ROS2_WS/SparkCar_Controller/install/target_follower/share/target_follower/config/target_follower.yaml
[0.090s] Invoked command in '/home/jiaverso/Desktop/SparkCar_ROS2_WS/SparkCar_Controller/build/target_follower' returned '0': CMAKE_PREFIX_PATH=${CMAKE_PREFIX_PATH}:/opt/ros/humble /usr/bin/cmake --install /home/jiaverso/Desktop/SparkCar_ROS2_WS/SparkCar_Controller/build/target_follower
