[0.030s] Invoking command in '/home/orangepi/Desktop/SparkCar_ROS2_WS/SparkCar_Perception/build/benchmark_publisher': CMAKE_PREFIX_PATH=/opt/ros/humble /usr/bin/cmake /home/orangepi/Desktop/SparkCar_ROS2_WS/SparkCar_Perception/src/VINS-MONO-ROS2/benchmark_publisher -DCMAKE_INSTALL_PREFIX=/home/orangepi/Desktop/SparkCar_ROS2_WS/SparkCar_Perception/install/benchmark_publisher
[0.066s] -- Found ament_cmake: 1.3.14 (/opt/ros/humble/share/ament_cmake/cmake)
[0.315s] -- Override CMake install command with custom implementation using symlinks instead of copying resources
[0.346s] -- Found rclcpp: 16.0.19 (/opt/ros/humble/share/rclcpp/cmake)
[0.418s] -- Found rosidl_generator_c: 3.1.9 (/opt/ros/humble/share/rosidl_generator_c/cmake)
[0.425s] -- Found rosidl_adapter: 3.1.9 (/opt/ros/humble/share/rosidl_adapter/cmake)
[0.440s] -- Found rosidl_generator_cpp: 3.1.9 (/opt/ros/humble/share/rosidl_generator_cpp/cmake)
[0.461s] -- Using all available rosidl_typesupport_c: rosidl_typesupport_fastrtps_c;rosidl_typesupport_introspection_c
[0.488s] -- Using all available rosidl_typesupport_cpp: rosidl_typesupport_fastrtps_cpp;rosidl_typesupport_introspection_cpp
[0.564s] -- Found rmw_implementation_cmake: 6.1.2 (/opt/ros/humble/share/rmw_implementation_cmake/cmake)
[0.568s] -- Found rmw_fastrtps_cpp: 6.2.10 (/opt/ros/humble/share/rmw_fastrtps_cpp/cmake)
[0.763s] -- Using RMW implementation 'rmw_fastrtps_cpp' as default
[0.888s] -- Found geometry_msgs: 4.9.1 (/opt/ros/humble/share/geometry_msgs/cmake)
[0.924s] -- Found nav_msgs: 4.9.1 (/opt/ros/humble/share/nav_msgs/cmake)
[0.972s] -- Found tf2: 0.25.20 (/opt/ros/humble/share/tf2/cmake)
[0.984s] -- Found tf2_ros: 0.25.20 (/opt/ros/humble/share/tf2_ros/cmake)
[1.292s] -- Configuring done
[1.318s] -- Generating done
[1.330s] -- Build files have been written to: /home/orangepi/Desktop/SparkCar_ROS2_WS/SparkCar_Perception/build/benchmark_publisher
[1.377s] Invoked command in '/home/orangepi/Desktop/SparkCar_ROS2_WS/SparkCar_Perception/build/benchmark_publisher' returned '0': CMAKE_PREFIX_PATH=/opt/ros/humble /usr/bin/cmake /home/orangepi/Desktop/SparkCar_ROS2_WS/SparkCar_Perception/src/VINS-MONO-ROS2/benchmark_publisher -DCMAKE_INSTALL_PREFIX=/home/orangepi/Desktop/SparkCar_ROS2_WS/SparkCar_Perception/install/benchmark_publisher
[1.379s] Invoking command in '/home/orangepi/Desktop/SparkCar_ROS2_WS/SparkCar_Perception/build/benchmark_publisher': CMAKE_PREFIX_PATH=/opt/ros/humble /usr/bin/cmake --build /home/orangepi/Desktop/SparkCar_ROS2_WS/SparkCar_Perception/build/benchmark_publisher -- -j8 -l8
[1.465s] [35m[1mConsolidate compiler generated dependencies of target benchmark_publisher[0m
[1.546s] [100%] Built target benchmark_publisher
[1.646s] Invoked command in '/home/orangepi/Desktop/SparkCar_ROS2_WS/SparkCar_Perception/build/benchmark_publisher' returned '0': CMAKE_PREFIX_PATH=/opt/ros/humble /usr/bin/cmake --build /home/orangepi/Desktop/SparkCar_ROS2_WS/SparkCar_Perception/build/benchmark_publisher -- -j8 -l8
[1.650s] Invoking command in '/home/orangepi/Desktop/SparkCar_ROS2_WS/SparkCar_Perception/build/benchmark_publisher': CMAKE_PREFIX_PATH=/opt/ros/humble /usr/bin/cmake --install /home/orangepi/Desktop/SparkCar_ROS2_WS/SparkCar_Perception/build/benchmark_publisher
[1.680s] -- Install configuration: "Release"
[1.682s] -- Execute custom install script
[1.684s] -- Up-to-date symlink: /home/orangepi/Desktop/SparkCar_ROS2_WS/SparkCar_Perception/install/benchmark_publisher/lib/benchmark_publisher/benchmark_publisher
[1.685s] -- Up-to-date symlink: /home/orangepi/Desktop/SparkCar_ROS2_WS/SparkCar_Perception/install/benchmark_publisher/share/benchmark_publisher/launch/benchmark_publisher.launch.py
[1.703s] -- Up-to-date symlink: /home/orangepi/Desktop/SparkCar_ROS2_WS/SparkCar_Perception/install/benchmark_publisher/share/benchmark_publisher/config/MH_01_easy/data.csv
[1.707s] -- Up-to-date symlink: /home/orangepi/Desktop/SparkCar_ROS2_WS/SparkCar_Perception/install/benchmark_publisher/share/benchmark_publisher/config/MH_02_easy/data.csv
[1.708s] -- Up-to-date symlink: /home/orangepi/Desktop/SparkCar_ROS2_WS/SparkCar_Perception/install/benchmark_publisher/share/benchmark_publisher/config/MH_03_medium/data.csv
[1.708s] -- Up-to-date symlink: /home/orangepi/Desktop/SparkCar_ROS2_WS/SparkCar_Perception/install/benchmark_publisher/share/benchmark_publisher/config/MH_04_difficult/data.csv
[1.709s] -- Up-to-date symlink: /home/orangepi/Desktop/SparkCar_ROS2_WS/SparkCar_Perception/install/benchmark_publisher/share/benchmark_publisher/config/MH_05_difficult/data.csv
[1.709s] -- Up-to-date symlink: /home/orangepi/Desktop/SparkCar_ROS2_WS/SparkCar_Perception/install/benchmark_publisher/share/benchmark_publisher/config/V1_01_easy/data.csv
[1.709s] -- Up-to-date symlink: /home/orangepi/Desktop/SparkCar_ROS2_WS/SparkCar_Perception/install/benchmark_publisher/share/benchmark_publisher/config/V1_02_medium/data.csv
[1.710s] -- Up-to-date symlink: /home/orangepi/Desktop/SparkCar_ROS2_WS/SparkCar_Perception/install/benchmark_publisher/share/benchmark_publisher/config/V1_03_difficult/data.csv
[1.710s] -- Up-to-date symlink: /home/orangepi/Desktop/SparkCar_ROS2_WS/SparkCar_Perception/install/benchmark_publisher/share/benchmark_publisher/config/V2_01_easy/data.csv
[1.711s] -- Up-to-date symlink: /home/orangepi/Desktop/SparkCar_ROS2_WS/SparkCar_Perception/install/benchmark_publisher/share/benchmark_publisher/config/V2_02_medium/data.csv
[1.711s] -- Up-to-date symlink: /home/orangepi/Desktop/SparkCar_ROS2_WS/SparkCar_Perception/install/benchmark_publisher/share/benchmark_publisher/config/V2_03_difficult/data.csv
[1.712s] -- Up-to-date symlink: /home/orangepi/Desktop/SparkCar_ROS2_WS/SparkCar_Perception/install/benchmark_publisher/share/ament_index/resource_index/package_run_dependencies/benchmark_publisher
[1.714s] -- Up-to-date symlink: /home/orangepi/Desktop/SparkCar_ROS2_WS/SparkCar_Perception/install/benchmark_publisher/share/ament_index/resource_index/parent_prefix_path/benchmark_publisher
[1.715s] -- Up-to-date symlink: /home/orangepi/Desktop/SparkCar_ROS2_WS/SparkCar_Perception/install/benchmark_publisher/share/benchmark_publisher/environment/ament_prefix_path.sh
[1.718s] -- Up-to-date symlink: /home/orangepi/Desktop/SparkCar_ROS2_WS/SparkCar_Perception/install/benchmark_publisher/share/benchmark_publisher/environment/ament_prefix_path.dsv
[1.721s] -- Up-to-date symlink: /home/orangepi/Desktop/SparkCar_ROS2_WS/SparkCar_Perception/install/benchmark_publisher/share/benchmark_publisher/environment/path.sh
[1.723s] -- Up-to-date symlink: /home/orangepi/Desktop/SparkCar_ROS2_WS/SparkCar_Perception/install/benchmark_publisher/share/benchmark_publisher/environment/path.dsv
[1.725s] -- Up-to-date symlink: /home/orangepi/Desktop/SparkCar_ROS2_WS/SparkCar_Perception/install/benchmark_publisher/share/benchmark_publisher/local_setup.bash
[1.728s] -- Up-to-date symlink: /home/orangepi/Desktop/SparkCar_ROS2_WS/SparkCar_Perception/install/benchmark_publisher/share/benchmark_publisher/local_setup.sh
[1.729s] -- Up-to-date symlink: /home/orangepi/Desktop/SparkCar_ROS2_WS/SparkCar_Perception/install/benchmark_publisher/share/benchmark_publisher/local_setup.zsh
[1.737s] -- Up-to-date symlink: /home/orangepi/Desktop/SparkCar_ROS2_WS/SparkCar_Perception/install/benchmark_publisher/share/benchmark_publisher/local_setup.dsv
[1.740s] -- Symlinking: /home/orangepi/Desktop/SparkCar_ROS2_WS/SparkCar_Perception/install/benchmark_publisher/share/benchmark_publisher/package.dsv
[1.754s] -- Up-to-date symlink: /home/orangepi/Desktop/SparkCar_ROS2_WS/SparkCar_Perception/install/benchmark_publisher/share/ament_index/resource_index/packages/benchmark_publisher
[1.756s] -- Up-to-date symlink: /home/orangepi/Desktop/SparkCar_ROS2_WS/SparkCar_Perception/install/benchmark_publisher/share/benchmark_publisher/cmake/benchmark_publisherConfig.cmake
[1.757s] -- Up-to-date symlink: /home/orangepi/Desktop/SparkCar_ROS2_WS/SparkCar_Perception/install/benchmark_publisher/share/benchmark_publisher/cmake/benchmark_publisherConfig-version.cmake
[1.759s] -- Up-to-date symlink: /home/orangepi/Desktop/SparkCar_ROS2_WS/SparkCar_Perception/install/benchmark_publisher/share/benchmark_publisher/package.xml
[1.763s] Invoked command in '/home/orangepi/Desktop/SparkCar_ROS2_WS/SparkCar_Perception/build/benchmark_publisher' returned '0': CMAKE_PREFIX_PATH=/opt/ros/humble /usr/bin/cmake --install /home/orangepi/Desktop/SparkCar_ROS2_WS/SparkCar_Perception/build/benchmark_publisher
