-- The C compiler identification is GNU 11.4.0
-- The CXX compiler identification is GNU 11.4.0
-- Detecting C compiler ABI info
-- Detecting C compiler ABI info - done
-- Check for working C compiler: /usr/bin/cc - skipped
-- Detecting C compile features
-- Detecting C compile features - done
-- Detecting CXX compiler ABI info
-- Detecting CXX compiler ABI info - done
-- Check for working CXX compiler: /usr/bin/c++ - skipped
-- Detecting CXX compile features
-- Detecting CXX compile features - done
-- Found ament_cmake: 1.3.14 (/opt/ros/humble/share/ament_cmake/cmake)
-- Found Python3: /usr/bin/python3 (found version "3.10.12") found components: Interpreter 
-- Found numpy_eigen: 1.0.0 (/home/orangepi/Desktop/SparkCar_ROS2_WS/SparkCar_Tools/install/numpy_eigen/share/numpy_eigen/cmake)
-- Found aslam_backend: 1.0.0 (/home/orangepi/Desktop/SparkCar_ROS2_WS/SparkCar_Tools/install/aslam_backend/share/aslam_backend/cmake)
-- Found aslam_backend_expressions: 1.0.0 (/home/orangepi/Desktop/SparkCar_ROS2_WS/SparkCar_Tools/install/aslam_backend_expressions/share/aslam_backend_expressions/cmake)
-- Found python_module: 1.0.0 (/home/orangepi/Desktop/SparkCar_ROS2_WS/SparkCar_Tools/install/python_module/share/python_module/cmake)
-- Found Boost: /usr/lib/aarch64-linux-gnu/cmake/Boost-1.74.0/BoostConfig.cmake (found version "1.74.0") found components: system serialization python thread filesystem regex 
-- Found Python3: /usr/include/python3.10 (found version "3.10.12") found components: Development NumPy Interpreter Development.Module Development.Embed 
-- Configuring done
-- Generating done
-- Build files have been written to: /home/orangepi/Desktop/SparkCar_ROS2_WS/SparkCar_Tools/build/aslam_backend_python
[  6%] [32mBuilding CXX object CMakeFiles/aslam_backend_python.dir/src/module.cpp.o[0m
[ 12%] [32mBuilding CXX object CMakeFiles/aslam_backend_python.dir/src/ErrorTerm.cpp.o[0m
[ 18%] [32mBuilding CXX object CMakeFiles/aslam_backend_python.dir/src/MEstimators.cpp.o[0m
[ 25%] [32mBuilding CXX object CMakeFiles/aslam_backend_python.dir/src/JacobianContainer.cpp.o[0m
[ 31%] [32mBuilding CXX object CMakeFiles/aslam_backend_python.dir/src/BackendExpressions.cpp.o[0m
[ 37%] [32mBuilding CXX object CMakeFiles/aslam_backend_python.dir/src/CompressedColumnMatrix.cpp.o[0m
[ 43%] [32mBuilding CXX object CMakeFiles/aslam_backend_python.dir/src/DesignVariable.cpp.o[0m
[ 50%] [32mBuilding CXX object CMakeFiles/aslam_backend_python.dir/src/OptimizationProblem.cpp.o[0m
[ 56%] [32mBuilding CXX object CMakeFiles/aslam_backend_python.dir/src/OptimizerOptions.cpp.o[0m
[ 62%] [32mBuilding CXX object CMakeFiles/aslam_backend_python.dir/src/Optimizer.cpp.o[0m
[ 68%] [32mBuilding CXX object CMakeFiles/aslam_backend_python.dir/src/SparseBlockMatrix.cpp.o[0m
[ 75%] [32mBuilding CXX object CMakeFiles/aslam_backend_python.dir/src/TrustRegionPolicies.cpp.o[0m
[ 81%] [32mBuilding CXX object CMakeFiles/aslam_backend_python.dir/src/LinearSystemSolver.cpp.o[0m
[ 87%] [32mBuilding CXX object CMakeFiles/aslam_backend_python.dir/src/Backend.cpp.o[0m
[ 93%] [32mBuilding CXX object CMakeFiles/aslam_backend_python.dir/src/ErrorTermTransformation.cpp.o[0m
[100%] [32m[1mLinking CXX shared library libaslam_backend_python.so[0m
[100%] Built target aslam_backend_python
[100%] Built target ament_cmake_python_copy_aslam_backend
running egg_info
creating aslam_backend.egg-info
writing aslam_backend.egg-info/PKG-INFO
writing dependency_links to aslam_backend.egg-info/dependency_links.txt
writing top-level names to aslam_backend.egg-info/top_level.txt
writing manifest file 'aslam_backend.egg-info/SOURCES.txt'
reading manifest file 'aslam_backend.egg-info/SOURCES.txt'
writing manifest file 'aslam_backend.egg-info/SOURCES.txt'
[100%] Built target ament_cmake_python_build_aslam_backend_egg
-- Install configuration: "Release"
-- Installing: /home/orangepi/Desktop/SparkCar_ROS2_WS/SparkCar_Tools/install/aslam_backend_python/share/aslam_backend_python/environment/pythonpath.sh
-- Installing: /home/orangepi/Desktop/SparkCar_ROS2_WS/SparkCar_Tools/install/aslam_backend_python/share/aslam_backend_python/environment/pythonpath.dsv
-- Installing: /home/orangepi/Desktop/SparkCar_ROS2_WS/SparkCar_Tools/install/aslam_backend_python/local/lib/python3.10/dist-packages/aslam_backend-1.0.0-py3.10.egg-info
-- Installing: /home/orangepi/Desktop/SparkCar_ROS2_WS/SparkCar_Tools/install/aslam_backend_python/local/lib/python3.10/dist-packages/aslam_backend-1.0.0-py3.10.egg-info/dependency_links.txt
-- Installing: /home/orangepi/Desktop/SparkCar_ROS2_WS/SparkCar_Tools/install/aslam_backend_python/local/lib/python3.10/dist-packages/aslam_backend-1.0.0-py3.10.egg-info/SOURCES.txt
-- Installing: /home/orangepi/Desktop/SparkCar_ROS2_WS/SparkCar_Tools/install/aslam_backend_python/local/lib/python3.10/dist-packages/aslam_backend-1.0.0-py3.10.egg-info/PKG-INFO
-- Installing: /home/orangepi/Desktop/SparkCar_ROS2_WS/SparkCar_Tools/install/aslam_backend_python/local/lib/python3.10/dist-packages/aslam_backend-1.0.0-py3.10.egg-info/top_level.txt
-- Installing: /home/orangepi/Desktop/SparkCar_ROS2_WS/SparkCar_Tools/install/aslam_backend_python/local/lib/python3.10/dist-packages/aslam_backend
-- Installing: /home/orangepi/Desktop/SparkCar_ROS2_WS/SparkCar_Tools/install/aslam_backend_python/local/lib/python3.10/dist-packages/aslam_backend/__init__.py
Listing '/home/orangepi/Desktop/SparkCar_ROS2_WS/SparkCar_Tools/install/aslam_backend_python/local/lib/python3.10/dist-packages/aslam_backend'...
Compiling '/home/orangepi/Desktop/SparkCar_ROS2_WS/SparkCar_Tools/install/aslam_backend_python/local/lib/python3.10/dist-packages/aslam_backend/__init__.py'...
-- Installing: /home/orangepi/Desktop/SparkCar_ROS2_WS/SparkCar_Tools/install/aslam_backend_python/local/lib/python3.10/dist-packages/aslam_backend/libaslam_backend_python.so
-- Installing: /home/orangepi/Desktop/SparkCar_ROS2_WS/SparkCar_Tools/install/aslam_backend_python/include
-- Installing: /home/orangepi/Desktop/SparkCar_ROS2_WS/SparkCar_Tools/install/aslam_backend_python/include/aslam
-- Installing: /home/orangepi/Desktop/SparkCar_ROS2_WS/SparkCar_Tools/install/aslam_backend_python/include/aslam/python
-- Installing: /home/orangepi/Desktop/SparkCar_ROS2_WS/SparkCar_Tools/install/aslam_backend_python/include/aslam/python/ExportAPrioriInformationError.hpp
-- Installing: /home/orangepi/Desktop/SparkCar_ROS2_WS/SparkCar_Tools/install/aslam_backend_python/include/aslam/python/ExportDesignVariableAdapter.hpp
-- Installing: /home/orangepi/Desktop/SparkCar_ROS2_WS/SparkCar_Tools/install/aslam_backend_python/include/aslam/python/ExportFrame.hpp
-- Installing: /home/orangepi/Desktop/SparkCar_ROS2_WS/SparkCar_Tools/install/aslam_backend_python/include/aslam/python/ExportBackendExpressions.hpp
-- Installing: /home/orangepi/Desktop/SparkCar_ROS2_WS/SparkCar_Tools/install/aslam_backend_python/share/ament_index/resource_index/package_run_dependencies/aslam_backend_python
-- Installing: /home/orangepi/Desktop/SparkCar_ROS2_WS/SparkCar_Tools/install/aslam_backend_python/share/ament_index/resource_index/parent_prefix_path/aslam_backend_python
-- Installing: /home/orangepi/Desktop/SparkCar_ROS2_WS/SparkCar_Tools/install/aslam_backend_python/share/aslam_backend_python/environment/ament_prefix_path.sh
-- Installing: /home/orangepi/Desktop/SparkCar_ROS2_WS/SparkCar_Tools/install/aslam_backend_python/share/aslam_backend_python/environment/ament_prefix_path.dsv
-- Installing: /home/orangepi/Desktop/SparkCar_ROS2_WS/SparkCar_Tools/install/aslam_backend_python/share/aslam_backend_python/environment/path.sh
-- Installing: /home/orangepi/Desktop/SparkCar_ROS2_WS/SparkCar_Tools/install/aslam_backend_python/share/aslam_backend_python/environment/path.dsv
-- Installing: /home/orangepi/Desktop/SparkCar_ROS2_WS/SparkCar_Tools/install/aslam_backend_python/share/aslam_backend_python/local_setup.bash
-- Installing: /home/orangepi/Desktop/SparkCar_ROS2_WS/SparkCar_Tools/install/aslam_backend_python/share/aslam_backend_python/local_setup.sh
-- Installing: /home/orangepi/Desktop/SparkCar_ROS2_WS/SparkCar_Tools/install/aslam_backend_python/share/aslam_backend_python/local_setup.zsh
-- Installing: /home/orangepi/Desktop/SparkCar_ROS2_WS/SparkCar_Tools/install/aslam_backend_python/share/aslam_backend_python/local_setup.dsv
-- Installing: /home/orangepi/Desktop/SparkCar_ROS2_WS/SparkCar_Tools/install/aslam_backend_python/share/aslam_backend_python/package.dsv
-- Installing: /home/orangepi/Desktop/SparkCar_ROS2_WS/SparkCar_Tools/install/aslam_backend_python/share/ament_index/resource_index/packages/aslam_backend_python
-- Installing: /home/orangepi/Desktop/SparkCar_ROS2_WS/SparkCar_Tools/install/aslam_backend_python/share/aslam_backend_python/cmake/ament_cmake_export_dependencies-extras.cmake
-- Installing: /home/orangepi/Desktop/SparkCar_ROS2_WS/SparkCar_Tools/install/aslam_backend_python/share/aslam_backend_python/cmake/ament_cmake_export_include_directories-extras.cmake
-- Installing: /home/orangepi/Desktop/SparkCar_ROS2_WS/SparkCar_Tools/install/aslam_backend_python/share/aslam_backend_python/cmake/aslam_backend_pythonConfig.cmake
-- Installing: /home/orangepi/Desktop/SparkCar_ROS2_WS/SparkCar_Tools/install/aslam_backend_python/share/aslam_backend_python/cmake/aslam_backend_pythonConfig-version.cmake
-- Installing: /home/orangepi/Desktop/SparkCar_ROS2_WS/SparkCar_Tools/install/aslam_backend_python/share/aslam_backend_python/package.xml
