Determining if the function sgemm_ exists failed with the following output:
Change Dir: /home/orangepi/Desktop/SparkCar_ROS2_WS/SparkCar_Perception/build/global_fusion/CMakeFiles/CMakeTmp

Run Build Command(s):/usr/bin/gmake -f Makefile cmTC_5efa5/fast && /usr/bin/gmake  -f CMakeFiles/cmTC_5efa5.dir/build.make CMakeFiles/cmTC_5efa5.dir/build
gmake[1]: Entering directory '/home/orangepi/Desktop/SparkCar_ROS2_WS/SparkCar_Perception/build/global_fusion/CMakeFiles/CMakeTmp'
Building C object CMakeFiles/cmTC_5efa5.dir/CheckFunctionExists.c.o
/usr/bin/cc   -DCHECK_FUNCTION_EXISTS=sgemm_ -o CMakeFiles/cmTC_5efa5.dir/CheckFunctionExists.c.o -c /usr/share/cmake-3.22/Modules/CheckFunctionExists.c
Linking C executable cmTC_5efa5
/usr/bin/cmake -E cmake_link_script CMakeFiles/cmTC_5efa5.dir/link.txt --verbose=1
/usr/bin/cc  -DCHECK_FUNCTION_EXISTS=sgemm_ CMakeFiles/cmTC_5efa5.dir/CheckFunctionExists.c.o -o cmTC_5efa5 
/usr/bin/ld: CMakeFiles/cmTC_5efa5.dir/CheckFunctionExists.c.o: in function `main':
CheckFunctionExists.c:(.text+0x10): undefined reference to `sgemm_'
collect2: error: ld returned 1 exit status
gmake[1]: *** [CMakeFiles/cmTC_5efa5.dir/build.make:99: cmTC_5efa5] Error 1
gmake[1]: Leaving directory '/home/orangepi/Desktop/SparkCar_ROS2_WS/SparkCar_Perception/build/global_fusion/CMakeFiles/CMakeTmp'
gmake: *** [Makefile:127: cmTC_5efa5/fast] Error 2



Determining if the function cheev_ exists failed with the following output:
Change Dir: /home/orangepi/Desktop/SparkCar_ROS2_WS/SparkCar_Perception/build/global_fusion/CMakeFiles/CMakeTmp

Run Build Command(s):/usr/bin/gmake -f Makefile cmTC_8c30c/fast && /usr/bin/gmake  -f CMakeFiles/cmTC_8c30c.dir/build.make CMakeFiles/cmTC_8c30c.dir/build
gmake[1]: Entering directory '/home/orangepi/Desktop/SparkCar_ROS2_WS/SparkCar_Perception/build/global_fusion/CMakeFiles/CMakeTmp'
Building C object CMakeFiles/cmTC_8c30c.dir/CheckFunctionExists.c.o
/usr/bin/cc   -DCHECK_FUNCTION_EXISTS=cheev_ -o CMakeFiles/cmTC_8c30c.dir/CheckFunctionExists.c.o -c /usr/share/cmake-3.22/Modules/CheckFunctionExists.c
Linking C executable cmTC_8c30c
/usr/bin/cmake -E cmake_link_script CMakeFiles/cmTC_8c30c.dir/link.txt --verbose=1
/usr/bin/cc  -DCHECK_FUNCTION_EXISTS=cheev_ CMakeFiles/cmTC_8c30c.dir/CheckFunctionExists.c.o -o cmTC_8c30c  /usr/lib/aarch64-linux-gnu/libblas.so /usr/lib/aarch64-linux-gnu/libf77blas.so /usr/lib/aarch64-linux-gnu/libatlas.so -lm -ldl 
/usr/bin/ld: CMakeFiles/cmTC_8c30c.dir/CheckFunctionExists.c.o: in function `main':
CheckFunctionExists.c:(.text+0x10): undefined reference to `cheev_'
collect2: error: ld returned 1 exit status
gmake[1]: *** [CMakeFiles/cmTC_8c30c.dir/build.make:102: cmTC_8c30c] Error 1
gmake[1]: Leaving directory '/home/orangepi/Desktop/SparkCar_ROS2_WS/SparkCar_Perception/build/global_fusion/CMakeFiles/CMakeTmp'
gmake: *** [Makefile:127: cmTC_8c30c/fast] Error 2



Determining if the function cheev_ exists failed with the following output:
Change Dir: /home/orangepi/Desktop/SparkCar_ROS2_WS/SparkCar_Perception/build/global_fusion/CMakeFiles/CMakeTmp

Run Build Command(s):/usr/bin/gmake -f Makefile cmTC_5459c/fast && /usr/bin/gmake  -f CMakeFiles/cmTC_5459c.dir/build.make CMakeFiles/cmTC_5459c.dir/build
gmake[1]: Entering directory '/home/orangepi/Desktop/SparkCar_ROS2_WS/SparkCar_Perception/build/global_fusion/CMakeFiles/CMakeTmp'
Building C object CMakeFiles/cmTC_5459c.dir/CheckFunctionExists.c.o
/usr/bin/cc   -DCHECK_FUNCTION_EXISTS=cheev_ -o CMakeFiles/cmTC_5459c.dir/CheckFunctionExists.c.o -c /usr/share/cmake-3.22/Modules/CheckFunctionExists.c
Linking C executable cmTC_5459c
/usr/bin/cmake -E cmake_link_script CMakeFiles/cmTC_5459c.dir/link.txt --verbose=1
/usr/bin/cc  -DCHECK_FUNCTION_EXISTS=cheev_ CMakeFiles/cmTC_5459c.dir/CheckFunctionExists.c.o -o cmTC_5459c  /usr/lib/aarch64-linux-gnu/liblapack.so /usr/lib/aarch64-linux-gnu/libblas.so /usr/lib/aarch64-linux-gnu/libf77blas.so /usr/lib/aarch64-linux-gnu/libatlas.so -fortranlibs 
cc: error: unrecognized command-line option ‘-fortranlibs’
gmake[1]: *** [CMakeFiles/cmTC_5459c.dir/build.make:103: cmTC_5459c] Error 1
gmake[1]: Leaving directory '/home/orangepi/Desktop/SparkCar_ROS2_WS/SparkCar_Perception/build/global_fusion/CMakeFiles/CMakeTmp'
gmake: *** [Makefile:127: cmTC_5459c/fast] Error 2



