Consolidate compiler generated dependencies of target yolo_usb_detector
[ 50%] Building CXX object CMakeFiles/yolo_usb_detector.dir/src/yolo_usb_detector.cpp.o
[100%] Linking CXX executable yolo_usb_detector
[100%] Built target yolo_usb_detector
-- Install configuration: ""
-- Execute custom install script
-- Up-to-date symlink: /home/jiaverso/Desktop/SparkCar_ROS2_WS/SparkCar_Perception/install/target_detector/lib/target_detector/yolo_usb_detector
-- Up-to-date symlink: /home/jiaverso/Desktop/SparkCar_ROS2_WS/SparkCar_Perception/install/target_detector/share/target_detector/README.md
-- Up-to-date symlink: /home/jiaverso/Desktop/SparkCar_ROS2_WS/SparkCar_Perception/install/target_detector/share/ament_index/resource_index/package_run_dependencies/target_detector
-- Up-to-date symlink: /home/jiaverso/Desktop/SparkCar_ROS2_WS/SparkCar_Perception/install/target_detector/share/ament_index/resource_index/parent_prefix_path/target_detector
-- Up-to-date symlink: /home/jiaverso/Desktop/SparkCar_ROS2_WS/SparkCar_Perception/install/target_detector/share/target_detector/environment/ament_prefix_path.sh
-- Up-to-date symlink: /home/jiaverso/Desktop/SparkCar_ROS2_WS/SparkCar_Perception/install/target_detector/share/target_detector/environment/ament_prefix_path.dsv
-- Up-to-date symlink: /home/jiaverso/Desktop/SparkCar_ROS2_WS/SparkCar_Perception/install/target_detector/share/target_detector/environment/path.sh
-- Up-to-date symlink: /home/jiaverso/Desktop/SparkCar_ROS2_WS/SparkCar_Perception/install/target_detector/share/target_detector/environment/path.dsv
-- Up-to-date symlink: /home/jiaverso/Desktop/SparkCar_ROS2_WS/SparkCar_Perception/install/target_detector/share/target_detector/local_setup.bash
-- Up-to-date symlink: /home/jiaverso/Desktop/SparkCar_ROS2_WS/SparkCar_Perception/install/target_detector/share/target_detector/local_setup.sh
-- Up-to-date symlink: /home/jiaverso/Desktop/SparkCar_ROS2_WS/SparkCar_Perception/install/target_detector/share/target_detector/local_setup.zsh
-- Up-to-date symlink: /home/jiaverso/Desktop/SparkCar_ROS2_WS/SparkCar_Perception/install/target_detector/share/target_detector/local_setup.dsv
-- Symlinking: /home/jiaverso/Desktop/SparkCar_ROS2_WS/SparkCar_Perception/install/target_detector/share/target_detector/package.dsv
-- Up-to-date symlink: /home/jiaverso/Desktop/SparkCar_ROS2_WS/SparkCar_Perception/install/target_detector/share/ament_index/resource_index/packages/target_detector
-- Up-to-date symlink: /home/jiaverso/Desktop/SparkCar_ROS2_WS/SparkCar_Perception/install/target_detector/share/target_detector/cmake/target_detectorConfig.cmake
-- Up-to-date symlink: /home/jiaverso/Desktop/SparkCar_ROS2_WS/SparkCar_Perception/install/target_detector/share/target_detector/cmake/target_detectorConfig-version.cmake
-- Up-to-date symlink: /home/jiaverso/Desktop/SparkCar_ROS2_WS/SparkCar_Perception/install/target_detector/share/target_detector/package.xml
-- Up-to-date: /home/jiaverso/Desktop/SparkCar_ROS2_WS/SparkCar_Perception/install/target_detector/share/target_detector/launch
-- Up-to-date: /home/jiaverso/Desktop/SparkCar_ROS2_WS/SparkCar_Perception/install/target_detector/share/target_detector/launch/__pycache__
-- Up-to-date: /home/jiaverso/Desktop/SparkCar_ROS2_WS/SparkCar_Perception/install/target_detector/share/target_detector/config
-- Up-to-date: /home/jiaverso/Desktop/SparkCar_ROS2_WS/SparkCar_Perception/install/target_detector/share/target_detector/models
