[0.027s] Invoking command in '/home/orangepi/Desktop/SparkCar_ROS2_WS/SparkCar_Perception/build/camera_model': CMAKE_PREFIX_PATH=/opt/ros/humble /usr/bin/cmake /home/orangepi/Desktop/SparkCar_ROS2_WS/SparkCar_Perception/src/VINS-MONO-ROS2/camera_model -DCMAKE_INSTALL_PREFIX=/home/orangepi/Desktop/SparkCar_ROS2_WS/SparkCar_Perception/install/camera_model
[0.173s] -- The C compiler identification is GNU 11.4.0
[0.310s] -- The CXX compiler identification is GNU 11.4.0
[0.327s] -- Detecting C compiler ABI info
[0.544s] -- Detecting C compiler ABI info - done
[0.556s] -- Check for working C compiler: /usr/bin/cc - skipped
[0.557s] -- Detecting C compile features
[0.557s] -- Detecting C compile features - done
[0.564s] -- Detecting CXX compiler ABI info
[0.815s] -- Detecting CXX compiler ABI info - done
[0.854s] -- Check for working CXX compiler: /usr/bin/c++ - skipped
[0.855s] -- Detecting CXX compile features
[0.856s] -- Detecting CXX compile features - done
[0.863s] -- Found ament_cmake: 1.3.14 (/opt/ros/humble/share/ament_cmake/cmake)
[1.135s] -- Found Python3: /usr/bin/python3 (found version "3.10.12") found components: Interpreter 
[1.286s] -- Found rclcpp: 16.0.19 (/opt/ros/humble/share/rclcpp/cmake)
[1.332s] -- Found rosidl_generator_c: 3.1.9 (/opt/ros/humble/share/rosidl_generator_c/cmake)
[1.337s] -- Found rosidl_adapter: 3.1.9 (/opt/ros/humble/share/rosidl_adapter/cmake)
[1.347s] -- Found rosidl_generator_cpp: 3.1.9 (/opt/ros/humble/share/rosidl_generator_cpp/cmake)
[1.362s] -- Using all available rosidl_typesupport_c: rosidl_typesupport_fastrtps_c;rosidl_typesupport_introspection_c
[1.382s] -- Using all available rosidl_typesupport_cpp: rosidl_typesupport_fastrtps_cpp;rosidl_typesupport_introspection_cpp
[1.436s] -- Found rmw_implementation_cmake: 6.1.2 (/opt/ros/humble/share/rmw_implementation_cmake/cmake)
[1.438s] -- Found rmw_fastrtps_cpp: 6.2.10 (/opt/ros/humble/share/rmw_fastrtps_cpp/cmake)
[1.618s] -- Found OpenSSL: /usr/lib/aarch64-linux-gnu/libcrypto.so (found version "3.0.2")  
[1.668s] -- Found FastRTPS: /opt/ros/humble/include  
[1.735s] -- Using RMW implementation 'rmw_fastrtps_cpp' as default
[1.746s] -- Looking for pthread.h
[1.994s] -- Looking for pthread.h - found
[1.995s] -- Performing Test CMAKE_HAVE_LIBC_PTHREAD
[2.200s] -- Performing Test CMAKE_HAVE_LIBC_PTHREAD - Success
[2.202s] -- Found Threads: TRUE  
[2.324s] -- Found Boost: /usr/lib/aarch64-linux-gnu/cmake/Boost-1.74.0/BoostConfig.cmake (found version "1.74.0") found components: filesystem program_options system 
[2.342s] -- Found OpenCV: /usr (found suitable version "4.5.4", minimum required is "4") 
[2.354s] [31mCMake Error at CMakeLists.txt:15 (find_package):
[2.355s]   By not providing "FindCeres.cmake" in CMAKE_MODULE_PATH this project has
[2.355s]   asked CMake to find a package configuration file provided by "Ceres", but
[2.356s]   CMake did not find one.
[2.356s] 
[2.357s]   Could not find a package configuration file provided by "Ceres" with any of
[2.357s]   the following names:
[2.357s] 
[2.358s]     CeresConfig.cmake
[2.358s]     ceres-config.cmake
[2.358s] 
[2.359s]   Add the installation prefix of "Ceres" to CMAKE_PREFIX_PATH or set
[2.359s]   "Ceres_DIR" to a directory containing one of the above files.  If "Ceres"
[2.359s]   provides a separate development package or SDK, be sure it has been
[2.360s]   installed.
[2.360s] 
[2.360s] [0m
[2.361s] -- Configuring incomplete, errors occurred!
[2.361s] See also "/home/orangepi/Desktop/SparkCar_ROS2_WS/SparkCar_Perception/build/camera_model/CMakeFiles/CMakeOutput.log".
[2.395s] Invoked command in '/home/orangepi/Desktop/SparkCar_ROS2_WS/SparkCar_Perception/build/camera_model' returned '1': CMAKE_PREFIX_PATH=/opt/ros/humble /usr/bin/cmake /home/orangepi/Desktop/SparkCar_ROS2_WS/SparkCar_Perception/src/VINS-MONO-ROS2/camera_model -DCMAKE_INSTALL_PREFIX=/home/orangepi/Desktop/SparkCar_ROS2_WS/SparkCar_Perception/install/camera_model
