[0.046s] Invoking command in '/home/orangepi/Desktop/SparkCar_ROS2_WS/SparkCar_Controller/build/mission_manager': CMAKE_PREFIX_PATH=${CMAKE_PREFIX_PATH}:/opt/ros/humble /usr/bin/cmake /home/orangepi/Desktop/SparkCar_ROS2_WS/SparkCar_Controller/src/mission_manager -DCMAKE_INSTALL_PREFIX=/home/orangepi/Desktop/SparkCar_ROS2_WS/SparkCar_Controller/install/mission_manager
[0.361s] -- The C compiler identification is GNU 11.4.0
[0.625s] -- The CXX compiler identification is GNU 11.4.0
[0.652s] -- Detecting C compiler ABI info
[0.925s] -- Detecting C compiler ABI info - done
[0.943s] -- Check for working C compiler: /usr/bin/cc - skipped
[0.944s] -- Detecting C compile features
[0.945s] -- Detecting C compile features - done
[0.951s] -- Detecting CXX compiler ABI info
[1.212s] -- Detecting CXX compiler ABI info - done
[1.236s] -- Check for working CXX compiler: /usr/bin/c++ - skipped
[1.236s] -- Detecting CXX compile features
[1.237s] -- Detecting CXX compile features - done
[1.255s] -- Found ament_cmake: 1.3.14 (/opt/ros/humble/share/ament_cmake/cmake)
[1.711s] -- Found Python3: /usr/bin/python3 (found version "3.10.12") found components: Interpreter 
[2.071s] -- Found rclcpp: 16.0.19 (/opt/ros/humble/share/rclcpp/cmake)
[2.220s] -- Found rosidl_generator_c: 3.1.9 (/opt/ros/humble/share/rosidl_generator_c/cmake)
[2.239s] -- Found rosidl_adapter: 3.1.9 (/opt/ros/humble/share/rosidl_adapter/cmake)
[2.267s] -- Found rosidl_generator_cpp: 3.1.9 (/opt/ros/humble/share/rosidl_generator_cpp/cmake)
[2.310s] -- Using all available rosidl_typesupport_c: rosidl_typesupport_fastrtps_c;rosidl_typesupport_introspection_c
[2.360s] -- Using all available rosidl_typesupport_cpp: rosidl_typesupport_fastrtps_cpp;rosidl_typesupport_introspection_cpp
[2.504s] -- Found rmw_implementation_cmake: 6.1.2 (/opt/ros/humble/share/rmw_implementation_cmake/cmake)
[2.516s] -- Found rmw_fastrtps_cpp: 6.2.10 (/opt/ros/humble/share/rmw_fastrtps_cpp/cmake)
[2.811s] -- Found OpenSSL: /usr/lib/aarch64-linux-gnu/libcrypto.so (found version "3.0.2")  
[2.891s] -- Found FastRTPS: /opt/ros/humble/include  
[2.987s] -- Using RMW implementation 'rmw_fastrtps_cpp' as default
[3.019s] -- Looking for pthread.h
[3.284s] -- Looking for pthread.h - found
[3.286s] -- Performing Test CMAKE_HAVE_LIBC_PTHREAD
[3.546s] -- Performing Test CMAKE_HAVE_LIBC_PTHREAD - Success
[3.550s] -- Found Threads: TRUE  
[3.755s] -- Found geometry_msgs: 4.9.1 (/opt/ros/humble/share/geometry_msgs/cmake)
[3.803s] -- Found mavros_msgs: 2.14.0 (/opt/ros/humble/share/mavros_msgs/cmake)
[4.184s] -- Configuring done
[4.203s] -- Generating done
[4.209s] -- Build files have been written to: /home/orangepi/Desktop/SparkCar_ROS2_WS/SparkCar_Controller/build/mission_manager
[4.239s] Invoked command in '/home/orangepi/Desktop/SparkCar_ROS2_WS/SparkCar_Controller/build/mission_manager' returned '0': CMAKE_PREFIX_PATH=${CMAKE_PREFIX_PATH}:/opt/ros/humble /usr/bin/cmake /home/orangepi/Desktop/SparkCar_ROS2_WS/SparkCar_Controller/src/mission_manager -DCMAKE_INSTALL_PREFIX=/home/orangepi/Desktop/SparkCar_ROS2_WS/SparkCar_Controller/install/mission_manager
[4.243s] Invoking command in '/home/orangepi/Desktop/SparkCar_ROS2_WS/SparkCar_Controller/build/mission_manager': CMAKE_PREFIX_PATH=${CMAKE_PREFIX_PATH}:/opt/ros/humble /usr/bin/cmake --build /home/orangepi/Desktop/SparkCar_ROS2_WS/SparkCar_Controller/build/mission_manager -- -j8 -l8
[4.443s] [ 50%] [32mBuilding CXX object CMakeFiles/apm_takeoff_node.dir/src/apm_takeoff_node.cpp.o[0m
[9.173s] [01m[K/home/orangepi/Desktop/SparkCar_ROS2_WS/SparkCar_Controller/src/mission_manager/src/apm_takeoff_node.cpp:33:28:[m[K [01;31m[Kerror: [m[Kredefinition of ‘[01m[Kconstexpr const char* const {anonymous}::kColorCyan[m[K’
[9.174s]    33 |     constexpr const char * [01;31m[KkColorCyan[m[K      = "\033[36m";   // 天蓝色
[9.175s]       |                            [01;31m[K^~~~~~~~~~[m[K
[9.176s] [01m[K/home/orangepi/Desktop/SparkCar_ROS2_WS/SparkCar_Controller/src/mission_manager/src/apm_takeoff_node.cpp:28:28:[m[K [01;36m[Knote: [m[K‘[01m[Kconstexpr const char* const {anonymous}::kColorCyan[m[K’ previously defined here
[9.176s]    28 |     constexpr const char * [01;36m[KkColorCyan[m[K    = "\033[36m";     // 青色
[9.177s]       |                            [01;36m[K^~~~~~~~~~[m[K
[16.684s] gmake[2]: *** [CMakeFiles/apm_takeoff_node.dir/build.make:76: CMakeFiles/apm_takeoff_node.dir/src/apm_takeoff_node.cpp.o] Error 1
[16.685s] gmake[1]: *** [CMakeFiles/Makefile2:137: CMakeFiles/apm_takeoff_node.dir/all] Error 2
[16.686s] gmake: *** [Makefile:146: all] Error 2
[16.693s] Invoked command in '/home/orangepi/Desktop/SparkCar_ROS2_WS/SparkCar_Controller/build/mission_manager' returned '2': CMAKE_PREFIX_PATH=${CMAKE_PREFIX_PATH}:/opt/ros/humble /usr/bin/cmake --build /home/orangepi/Desktop/SparkCar_ROS2_WS/SparkCar_Controller/build/mission_manager -- -j8 -l8
