-- The C compiler identification is GNU 11.4.0
-- The CXX compiler identification is GNU 11.4.0
-- Detecting C compiler ABI info
-- Detecting C compiler ABI info - done
-- Check for working C compiler: /usr/bin/cc - skipped
-- Detecting C compile features
-- Detecting C compile features - done
-- Detecting CXX compiler ABI info
-- Detecting CXX compiler ABI info - done
-- Check for working CXX compiler: /usr/bin/c++ - skipped
-- Detecting CXX compile features
-- Detecting CXX compile features - done
-- Found ament_cmake: 1.3.14 (/opt/ros/humble/share/ament_cmake/cmake)
-- Found Python3: /usr/bin/python3 (found version "3.10.12") found components: Interpreter 
-- Found aslam_backend: 1.0.0 (/home/orangepi/Desktop/SparkCar_ROS2_WS/SparkCar_Tools/install/aslam_backend/share/aslam_backend/cmake)
-- Found sm_kinematics: 1.0.0 (/home/orangepi/Desktop/SparkCar_ROS2_WS/SparkCar_Tools/install/sm_kinematics/share/sm_kinematics/cmake)
-- Found Boost: /usr/lib/aarch64-linux-gnu/cmake/Boost-1.74.0/BoostConfig.cmake (found version "1.74.0") found components: system thread filesystem serialization 
-- Configuring done
-- Generating done
-- Build files have been written to: /home/orangepi/Desktop/SparkCar_ROS2_WS/SparkCar_Tools/build/aslam_backend_expressions
[  3%] [32mBuilding CXX object CMakeFiles/aslam_backend_expressions.dir/src/ErrorTermEuclidean.cpp.o[0m
[  7%] [32mBuilding CXX object CMakeFiles/aslam_backend_expressions.dir/src/HomogeneousExpressionNode.cpp.o[0m
[ 10%] [32mBuilding CXX object CMakeFiles/aslam_backend_expressions.dir/src/HomogeneousPoint.cpp.o[0m
[ 14%] [32mBuilding CXX object CMakeFiles/aslam_backend_expressions.dir/src/MapTransformation.cpp.o[0m
[ 17%] [32mBuilding CXX object CMakeFiles/aslam_backend_expressions.dir/src/MappedEuclideanPoint.cpp.o[0m
[ 21%] [32mBuilding CXX object CMakeFiles/aslam_backend_expressions.dir/src/MappedHomogeneousPoint.cpp.o[0m
[ 25%] [32mBuilding CXX object CMakeFiles/aslam_backend_expressions.dir/src/MappedRotationQuaternion.cpp.o[0m
[ 28%] [32mBuilding CXX object CMakeFiles/aslam_backend_expressions.dir/src/MatrixBasic.cpp.o[0m
[ 32%] [32mBuilding CXX object CMakeFiles/aslam_backend_expressions.dir/src/MatrixExpression.cpp.o[0m
[ 35%] [32mBuilding CXX object CMakeFiles/aslam_backend_expressions.dir/src/MatrixExpressionNode.cpp.o[0m
[ 39%] [32mBuilding CXX object CMakeFiles/aslam_backend_expressions.dir/src/MatrixTransformation.cpp.o[0m
[ 42%] [32mBuilding CXX object CMakeFiles/aslam_backend_expressions.dir/src/RotationExpression.cpp.o[0m
[ 46%] [32mBuilding CXX object CMakeFiles/aslam_backend_expressions.dir/src/RotationExpressionNode.cpp.o[0m
[ 50%] [32mBuilding CXX object CMakeFiles/aslam_backend_expressions.dir/src/RotationQuaternion.cpp.o[0m
[ 53%] [32mBuilding CXX object CMakeFiles/aslam_backend_expressions.dir/src/Scalar.cpp.o[0m
[ 57%] [32mBuilding CXX object CMakeFiles/aslam_backend_expressions.dir/src/ScalarExpression.cpp.o[0m
[ 60%] [32mBuilding CXX object CMakeFiles/aslam_backend_expressions.dir/src/ScalarExpressionNode.cpp.o[0m
[ 64%] [32mBuilding CXX object CMakeFiles/aslam_backend_expressions.dir/src/TransformationBasic.cpp.o[0m
[ 67%] [32mBuilding CXX object CMakeFiles/aslam_backend_expressions.dir/src/HomogeneousExpression.cpp.o[0m
[ 71%] [32mBuilding CXX object CMakeFiles/aslam_backend_expressions.dir/src/EuclideanPoint.cpp.o[0m
[ 75%] [32mBuilding CXX object CMakeFiles/aslam_backend_expressions.dir/src/EuclideanExpressionNode.cpp.o[0m
[ 78%] [32mBuilding CXX object CMakeFiles/aslam_backend_expressions.dir/src/Vector2RotationQuaternionExpressionAdapter.cpp.o[0m
[ 82%] [32mBuilding CXX object CMakeFiles/aslam_backend_expressions.dir/src/TransformationExpressionNode.cpp.o[0m
[ 85%] [32mBuilding CXX object CMakeFiles/aslam_backend_expressions.dir/src/TransformationExpression.cpp.o[0m
[ 89%] [32mBuilding CXX object CMakeFiles/aslam_backend_expressions.dir/src/EuclideanExpression.cpp.o[0m
[ 92%] [32mBuilding CXX object CMakeFiles/aslam_backend_expressions.dir/src/EuclideanDirection.cpp.o[0m
[ 96%] [32mBuilding CXX object CMakeFiles/aslam_backend_expressions.dir/src/ErrorTermTransformation.cpp.o[0m
[100%] [32m[1mLinking CXX static library libaslam_backend_expressions.a[0m
[100%] Built target aslam_backend_expressions
-- Install configuration: "Release"
-- Installing: /home/orangepi/Desktop/SparkCar_ROS2_WS/SparkCar_Tools/install/aslam_backend_expressions/lib/libaslam_backend_expressions.a
-- Installing: /home/orangepi/Desktop/SparkCar_ROS2_WS/SparkCar_Tools/install/aslam_backend_expressions/include
-- Installing: /home/orangepi/Desktop/SparkCar_ROS2_WS/SparkCar_Tools/install/aslam_backend_expressions/include/aslam
-- Installing: /home/orangepi/Desktop/SparkCar_ROS2_WS/SparkCar_Tools/install/aslam_backend_expressions/include/aslam/backend
-- Installing: /home/orangepi/Desktop/SparkCar_ROS2_WS/SparkCar_Tools/install/aslam_backend_expressions/include/aslam/backend/ExpressionErrorTerm.hpp
-- Installing: /home/orangepi/Desktop/SparkCar_ROS2_WS/SparkCar_Tools/install/aslam_backend_expressions/include/aslam/backend/VectorExpression.hpp
-- Installing: /home/orangepi/Desktop/SparkCar_ROS2_WS/SparkCar_Tools/install/aslam_backend_expressions/include/aslam/backend/HomogeneousExpression.hpp
-- Installing: /home/orangepi/Desktop/SparkCar_ROS2_WS/SparkCar_Tools/install/aslam_backend_expressions/include/aslam/backend/MatrixExpressionNode.hpp
-- Installing: /home/orangepi/Desktop/SparkCar_ROS2_WS/SparkCar_Tools/install/aslam_backend_expressions/include/aslam/backend/test
-- Installing: /home/orangepi/Desktop/SparkCar_ROS2_WS/SparkCar_Tools/install/aslam_backend_expressions/include/aslam/backend/test/RotationQuaternionAsVectorExpressionNode.hpp
-- Installing: /home/orangepi/Desktop/SparkCar_ROS2_WS/SparkCar_Tools/install/aslam_backend_expressions/include/aslam/backend/test/GenericScalarExpressionTests.hpp
-- Installing: /home/orangepi/Desktop/SparkCar_ROS2_WS/SparkCar_Tools/install/aslam_backend_expressions/include/aslam/backend/test/DesignVariableTests.hpp
-- Installing: /home/orangepi/Desktop/SparkCar_ROS2_WS/SparkCar_Tools/install/aslam_backend_expressions/include/aslam/backend/test/ExpressionTests.hpp
-- Installing: /home/orangepi/Desktop/SparkCar_ROS2_WS/SparkCar_Tools/install/aslam_backend_expressions/include/aslam/backend/test/RotationExpressionTests.hpp
-- Installing: /home/orangepi/Desktop/SparkCar_ROS2_WS/SparkCar_Tools/install/aslam_backend_expressions/include/aslam/backend/Differential.hpp
-- Installing: /home/orangepi/Desktop/SparkCar_ROS2_WS/SparkCar_Tools/install/aslam_backend_expressions/include/aslam/backend/TransformationExpressionNode.hpp
-- Installing: /home/orangepi/Desktop/SparkCar_ROS2_WS/SparkCar_Tools/install/aslam_backend_expressions/include/aslam/backend/MapTransformation.hpp
-- Installing: /home/orangepi/Desktop/SparkCar_ROS2_WS/SparkCar_Tools/install/aslam_backend_expressions/include/aslam/backend/RotationExpression.hpp
-- Installing: /home/orangepi/Desktop/SparkCar_ROS2_WS/SparkCar_Tools/install/aslam_backend_expressions/include/aslam/backend/FixedPointNumber.hpp
-- Installing: /home/orangepi/Desktop/SparkCar_ROS2_WS/SparkCar_Tools/install/aslam_backend_expressions/include/aslam/backend/Vector2RotationQuaternionExpressionAdapter.hpp
-- Installing: /home/orangepi/Desktop/SparkCar_ROS2_WS/SparkCar_Tools/install/aslam_backend_expressions/include/aslam/backend/DesignVariableMappedVector.hpp
-- Installing: /home/orangepi/Desktop/SparkCar_ROS2_WS/SparkCar_Tools/install/aslam_backend_expressions/include/aslam/backend/MappedEuclideanPoint.hpp
-- Installing: /home/orangepi/Desktop/SparkCar_ROS2_WS/SparkCar_Tools/install/aslam_backend_expressions/include/aslam/backend/ScalarExpressionNode.hpp
-- Installing: /home/orangepi/Desktop/SparkCar_ROS2_WS/SparkCar_Tools/install/aslam_backend_expressions/include/aslam/backend/RotationExpressionNode.hpp
-- Installing: /home/orangepi/Desktop/SparkCar_ROS2_WS/SparkCar_Tools/install/aslam_backend_expressions/include/aslam/backend/VectorExpressionToGenericMatrixTraits.hpp
-- Installing: /home/orangepi/Desktop/SparkCar_ROS2_WS/SparkCar_Tools/install/aslam_backend_expressions/include/aslam/backend/RotationQuaternion.hpp
-- Installing: /home/orangepi/Desktop/SparkCar_ROS2_WS/SparkCar_Tools/install/aslam_backend_expressions/include/aslam/backend/TransformationBasic.hpp
-- Installing: /home/orangepi/Desktop/SparkCar_ROS2_WS/SparkCar_Tools/install/aslam_backend_expressions/include/aslam/backend/VectorExpressionNode.hpp
-- Installing: /home/orangepi/Desktop/SparkCar_ROS2_WS/SparkCar_Tools/install/aslam_backend_expressions/include/aslam/backend/GenericMatrixExpression.hpp
-- Installing: /home/orangepi/Desktop/SparkCar_ROS2_WS/SparkCar_Tools/install/aslam_backend_expressions/include/aslam/backend/GenericScalarExpression.hpp
-- Installing: /home/orangepi/Desktop/SparkCar_ROS2_WS/SparkCar_Tools/install/aslam_backend_expressions/include/aslam/backend/MappedRotationQuaternion.hpp
-- Installing: /home/orangepi/Desktop/SparkCar_ROS2_WS/SparkCar_Tools/install/aslam_backend_expressions/include/aslam/backend/MatrixExpression.hpp
-- Installing: /home/orangepi/Desktop/SparkCar_ROS2_WS/SparkCar_Tools/install/aslam_backend_expressions/include/aslam/backend/DesignVariableGenericVector.hpp
-- Installing: /home/orangepi/Desktop/SparkCar_ROS2_WS/SparkCar_Tools/install/aslam_backend_expressions/include/aslam/backend/GenericMatrixExpressionNode.hpp
-- Installing: /home/orangepi/Desktop/SparkCar_ROS2_WS/SparkCar_Tools/install/aslam_backend_expressions/include/aslam/backend/MatrixTransformation.hpp
-- Installing: /home/orangepi/Desktop/SparkCar_ROS2_WS/SparkCar_Tools/install/aslam_backend_expressions/include/aslam/backend/HomogeneousPoint.hpp
-- Installing: /home/orangepi/Desktop/SparkCar_ROS2_WS/SparkCar_Tools/install/aslam_backend_expressions/include/aslam/backend/TransformationExpression.hpp
-- Installing: /home/orangepi/Desktop/SparkCar_ROS2_WS/SparkCar_Tools/install/aslam_backend_expressions/include/aslam/backend/DesignVariableVector.hpp
-- Installing: /home/orangepi/Desktop/SparkCar_ROS2_WS/SparkCar_Tools/install/aslam_backend_expressions/include/aslam/backend/ScalarExpression.hpp
-- Installing: /home/orangepi/Desktop/SparkCar_ROS2_WS/SparkCar_Tools/install/aslam_backend_expressions/include/aslam/backend/GenericScalarExpressionNode.hpp
-- Installing: /home/orangepi/Desktop/SparkCar_ROS2_WS/SparkCar_Tools/install/aslam_backend_expressions/include/aslam/backend/BasisMatrixFunctor.hpp
-- Installing: /home/orangepi/Desktop/SparkCar_ROS2_WS/SparkCar_Tools/install/aslam_backend_expressions/include/aslam/backend/MatrixBasic.hpp
-- Installing: /home/orangepi/Desktop/SparkCar_ROS2_WS/SparkCar_Tools/install/aslam_backend_expressions/include/aslam/backend/EuclideanDirection.hpp
-- Installing: /home/orangepi/Desktop/SparkCar_ROS2_WS/SparkCar_Tools/install/aslam_backend_expressions/include/aslam/backend/EuclideanExpressionNode.hpp
-- Installing: /home/orangepi/Desktop/SparkCar_ROS2_WS/SparkCar_Tools/install/aslam_backend_expressions/include/aslam/backend/DesignVariableMinimalDifferenceExpression.hpp
-- Installing: /home/orangepi/Desktop/SparkCar_ROS2_WS/SparkCar_Tools/install/aslam_backend_expressions/include/aslam/backend/ErrorTermTransformation.hpp
-- Installing: /home/orangepi/Desktop/SparkCar_ROS2_WS/SparkCar_Tools/install/aslam_backend_expressions/include/aslam/backend/QuaternionExpression.hpp
-- Installing: /home/orangepi/Desktop/SparkCar_ROS2_WS/SparkCar_Tools/install/aslam_backend_expressions/include/aslam/backend/MappedHomogeneousPoint.hpp
-- Installing: /home/orangepi/Desktop/SparkCar_ROS2_WS/SparkCar_Tools/install/aslam_backend_expressions/include/aslam/backend/implementation
-- Installing: /home/orangepi/Desktop/SparkCar_ROS2_WS/SparkCar_Tools/install/aslam_backend_expressions/include/aslam/backend/implementation/VectorExpression.hpp
-- Installing: /home/orangepi/Desktop/SparkCar_ROS2_WS/SparkCar_Tools/install/aslam_backend_expressions/include/aslam/backend/implementation/DesignVariableMappedVector.hpp
-- Installing: /home/orangepi/Desktop/SparkCar_ROS2_WS/SparkCar_Tools/install/aslam_backend_expressions/include/aslam/backend/implementation/VectorExpressionNode.hpp
-- Installing: /home/orangepi/Desktop/SparkCar_ROS2_WS/SparkCar_Tools/install/aslam_backend_expressions/include/aslam/backend/implementation/GenericMatrixExpression.hpp
-- Installing: /home/orangepi/Desktop/SparkCar_ROS2_WS/SparkCar_Tools/install/aslam_backend_expressions/include/aslam/backend/implementation/GenericScalarExpression.hpp
-- Installing: /home/orangepi/Desktop/SparkCar_ROS2_WS/SparkCar_Tools/install/aslam_backend_expressions/include/aslam/backend/implementation/DesignVariableVector.hpp
-- Installing: /home/orangepi/Desktop/SparkCar_ROS2_WS/SparkCar_Tools/install/aslam_backend_expressions/include/aslam/backend/implementation/GenericScalarExpressionNode.hpp
-- Installing: /home/orangepi/Desktop/SparkCar_ROS2_WS/SparkCar_Tools/install/aslam_backend_expressions/include/aslam/backend/implementation/QuaternionExpression.hpp
-- Installing: /home/orangepi/Desktop/SparkCar_ROS2_WS/SparkCar_Tools/install/aslam_backend_expressions/include/aslam/backend/implementation/GenericScalar.hpp
-- Installing: /home/orangepi/Desktop/SparkCar_ROS2_WS/SparkCar_Tools/install/aslam_backend_expressions/include/aslam/backend/HomogeneousExpressionNode.hpp
-- Installing: /home/orangepi/Desktop/SparkCar_ROS2_WS/SparkCar_Tools/install/aslam_backend_expressions/include/aslam/backend/DesignVariableUnitQuaternion.hpp
-- Installing: /home/orangepi/Desktop/SparkCar_ROS2_WS/SparkCar_Tools/install/aslam_backend_expressions/include/aslam/backend/Scalar.hpp
-- Installing: /home/orangepi/Desktop/SparkCar_ROS2_WS/SparkCar_Tools/install/aslam_backend_expressions/include/aslam/backend/GenericScalar.hpp
-- Installing: /home/orangepi/Desktop/SparkCar_ROS2_WS/SparkCar_Tools/install/aslam_backend_expressions/include/aslam/backend/EuclideanExpression.hpp
-- Installing: /home/orangepi/Desktop/SparkCar_ROS2_WS/SparkCar_Tools/install/aslam_backend_expressions/include/aslam/backend/ErrorTermEuclidean.hpp
-- Installing: /home/orangepi/Desktop/SparkCar_ROS2_WS/SparkCar_Tools/install/aslam_backend_expressions/include/aslam/backend/EuclideanPoint.hpp
-- Installing: /home/orangepi/Desktop/SparkCar_ROS2_WS/SparkCar_Tools/install/aslam_backend_expressions/share/aslam_backend_expressions/environment/library_path.sh
-- Installing: /home/orangepi/Desktop/SparkCar_ROS2_WS/SparkCar_Tools/install/aslam_backend_expressions/share/aslam_backend_expressions/environment/library_path.dsv
-- Installing: /home/orangepi/Desktop/SparkCar_ROS2_WS/SparkCar_Tools/install/aslam_backend_expressions/share/ament_index/resource_index/package_run_dependencies/aslam_backend_expressions
-- Installing: /home/orangepi/Desktop/SparkCar_ROS2_WS/SparkCar_Tools/install/aslam_backend_expressions/share/ament_index/resource_index/parent_prefix_path/aslam_backend_expressions
-- Installing: /home/orangepi/Desktop/SparkCar_ROS2_WS/SparkCar_Tools/install/aslam_backend_expressions/share/aslam_backend_expressions/environment/ament_prefix_path.sh
-- Installing: /home/orangepi/Desktop/SparkCar_ROS2_WS/SparkCar_Tools/install/aslam_backend_expressions/share/aslam_backend_expressions/environment/ament_prefix_path.dsv
-- Installing: /home/orangepi/Desktop/SparkCar_ROS2_WS/SparkCar_Tools/install/aslam_backend_expressions/share/aslam_backend_expressions/environment/path.sh
-- Installing: /home/orangepi/Desktop/SparkCar_ROS2_WS/SparkCar_Tools/install/aslam_backend_expressions/share/aslam_backend_expressions/environment/path.dsv
-- Installing: /home/orangepi/Desktop/SparkCar_ROS2_WS/SparkCar_Tools/install/aslam_backend_expressions/share/aslam_backend_expressions/local_setup.bash
-- Installing: /home/orangepi/Desktop/SparkCar_ROS2_WS/SparkCar_Tools/install/aslam_backend_expressions/share/aslam_backend_expressions/local_setup.sh
-- Installing: /home/orangepi/Desktop/SparkCar_ROS2_WS/SparkCar_Tools/install/aslam_backend_expressions/share/aslam_backend_expressions/local_setup.zsh
-- Installing: /home/orangepi/Desktop/SparkCar_ROS2_WS/SparkCar_Tools/install/aslam_backend_expressions/share/aslam_backend_expressions/local_setup.dsv
-- Installing: /home/orangepi/Desktop/SparkCar_ROS2_WS/SparkCar_Tools/install/aslam_backend_expressions/share/aslam_backend_expressions/package.dsv
-- Installing: /home/orangepi/Desktop/SparkCar_ROS2_WS/SparkCar_Tools/install/aslam_backend_expressions/share/ament_index/resource_index/packages/aslam_backend_expressions
-- Installing: /home/orangepi/Desktop/SparkCar_ROS2_WS/SparkCar_Tools/install/aslam_backend_expressions/share/aslam_backend_expressions/cmake/aslam_backend_expressionsTargetsExport.cmake
-- Installing: /home/orangepi/Desktop/SparkCar_ROS2_WS/SparkCar_Tools/install/aslam_backend_expressions/share/aslam_backend_expressions/cmake/aslam_backend_expressionsTargetsExport-release.cmake
-- Installing: /home/orangepi/Desktop/SparkCar_ROS2_WS/SparkCar_Tools/install/aslam_backend_expressions/share/aslam_backend_expressions/cmake/ament_cmake_export_targets-extras.cmake
-- Installing: /home/orangepi/Desktop/SparkCar_ROS2_WS/SparkCar_Tools/install/aslam_backend_expressions/share/aslam_backend_expressions/cmake/ament_cmake_export_dependencies-extras.cmake
-- Installing: /home/orangepi/Desktop/SparkCar_ROS2_WS/SparkCar_Tools/install/aslam_backend_expressions/share/aslam_backend_expressions/cmake/ament_cmake_export_include_directories-extras.cmake
-- Installing: /home/orangepi/Desktop/SparkCar_ROS2_WS/SparkCar_Tools/install/aslam_backend_expressions/share/aslam_backend_expressions/cmake/aslam_backend_expressionsConfig.cmake
-- Installing: /home/orangepi/Desktop/SparkCar_ROS2_WS/SparkCar_Tools/install/aslam_backend_expressions/share/aslam_backend_expressions/cmake/aslam_backend_expressionsConfig-version.cmake
-- Installing: /home/orangepi/Desktop/SparkCar_ROS2_WS/SparkCar_Tools/install/aslam_backend_expressions/share/aslam_backend_expressions/package.xml
