[0.008s] Invoking command in '/home/jiaverso/Desktop/SparkCar_ROS2_WS/SparkCar_Controller/build/target_follower': CMAKE_PREFIX_PATH=${CMAKE_PREFIX_PATH}:/opt/ros/humble /usr/bin/cmake /home/jiaverso/Desktop/SparkCar_ROS2_WS/SparkCar_Controller/src/target_follower -DAMENT_CMAKE_SYMLINK_INSTALL=1 -DCMAKE_INSTALL_PREFIX=/home/jiaverso/Desktop/SparkCar_ROS2_WS/SparkCar_Controller/install/target_follower
[0.052s] -- The C compiler identification is GNU 11.4.0
[0.094s] -- The CXX compiler identification is GNU 11.4.0
[0.100s] -- Detecting C compiler ABI info
[0.153s] -- Detecting C compiler ABI info - done
[0.159s] -- Check for working C compiler: /usr/bin/cc - skipped
[0.159s] -- Detecting C compile features
[0.159s] -- Detecting C compile features - done
[0.161s] -- Detecting CXX compiler ABI info
[0.220s] -- Detecting CXX compiler ABI info - done
[0.226s] -- Check for working CXX compiler: /usr/bin/c++ - skipped
[0.226s] -- Detecting CXX compile features
[0.226s] -- Detecting CXX compile features - done
[0.229s] -- Found ament_cmake: 1.3.14 (/opt/ros/humble/share/ament_cmake/cmake)
[0.559s] -- Found Python3: /usr/bin/python3 (found version "3.10.12") found components: Interpreter 
[0.610s] -- Override CMake install command with custom implementation using symlinks instead of copying resources
[0.644s] -- Found rclcpp: 16.0.19 (/opt/ros/humble/share/rclcpp/cmake)
[0.690s] -- Found rosidl_generator_c: 3.1.9 (/opt/ros/humble/share/rosidl_generator_c/cmake)
[0.696s] -- Found rosidl_adapter: 3.1.9 (/opt/ros/humble/share/rosidl_adapter/cmake)
[0.706s] -- Found rosidl_generator_cpp: 3.1.9 (/opt/ros/humble/share/rosidl_generator_cpp/cmake)
[0.719s] -- Using all available rosidl_typesupport_c: rosidl_typesupport_fastrtps_c;rosidl_typesupport_introspection_c
[0.737s] -- Using all available rosidl_typesupport_cpp: rosidl_typesupport_fastrtps_cpp;rosidl_typesupport_introspection_cpp
[0.776s] -- Found rmw_implementation_cmake: 6.1.2 (/opt/ros/humble/share/rmw_implementation_cmake/cmake)
[0.779s] -- Found rmw_fastrtps_cpp: 6.2.10 (/opt/ros/humble/share/rmw_fastrtps_cpp/cmake)
[0.862s] -- Found OpenSSL: /usr/lib/x86_64-linux-gnu/libcrypto.so (found version "3.0.2")  
[0.890s] -- Found FastRTPS: /opt/ros/humble/include  
[0.924s] -- Using RMW implementation 'rmw_fastrtps_cpp' as default
[0.933s] -- Looking for pthread.h
[0.990s] -- Looking for pthread.h - found
[0.991s] -- Performing Test CMAKE_HAVE_LIBC_PTHREAD
[1.047s] -- Performing Test CMAKE_HAVE_LIBC_PTHREAD - Success
[1.048s] -- Found Threads: TRUE  
[1.092s] -- Found geometry_msgs: 4.9.1 (/opt/ros/humble/share/geometry_msgs/cmake)
[1.102s] -- Found std_srvs: 4.9.1 (/opt/ros/humble/share/std_srvs/cmake)
[1.161s] -- Configuring done
[1.170s] -- Generating done
[1.173s] -- Build files have been written to: /home/jiaverso/Desktop/SparkCar_ROS2_WS/SparkCar_Controller/build/target_follower
[1.181s] Invoked command in '/home/jiaverso/Desktop/SparkCar_ROS2_WS/SparkCar_Controller/build/target_follower' returned '0': CMAKE_PREFIX_PATH=${CMAKE_PREFIX_PATH}:/opt/ros/humble /usr/bin/cmake /home/jiaverso/Desktop/SparkCar_ROS2_WS/SparkCar_Controller/src/target_follower -DAMENT_CMAKE_SYMLINK_INSTALL=1 -DCMAKE_INSTALL_PREFIX=/home/jiaverso/Desktop/SparkCar_ROS2_WS/SparkCar_Controller/install/target_follower
[1.182s] Invoking command in '/home/jiaverso/Desktop/SparkCar_ROS2_WS/SparkCar_Controller/build/target_follower': CMAKE_PREFIX_PATH=${CMAKE_PREFIX_PATH}:/opt/ros/humble /usr/bin/cmake --build /home/jiaverso/Desktop/SparkCar_ROS2_WS/SparkCar_Controller/build/target_follower -- -j8 -l8
[1.219s] [ 16%] Building CXX object CMakeFiles/target_follower_pid.dir/src/pid_controller.cpp.o
[1.519s] [ 33%] Linking CXX static library libtarget_follower_pid.a
[1.677s] [ 33%] Built target target_follower_pid
[1.690s] Consolidate compiler generated dependencies of target target_follower_node
[1.693s] [ 50%] Building CXX object CMakeFiles/pid_controller_test.dir/test/pid_controller_test.cpp.o
[1.705s] [ 66%] Building CXX object CMakeFiles/target_follower_node.dir/src/target_follower_node.cpp.o
[1.805s] [ 83%] Linking CXX executable pid_controller_test
[1.864s] [ 83%] Built target pid_controller_test
[8.767s] [100%] Linking CXX executable target_follower_node
[9.137s] [100%] Built target target_follower_node
[9.147s] Invoked command in '/home/jiaverso/Desktop/SparkCar_ROS2_WS/SparkCar_Controller/build/target_follower' returned '0': CMAKE_PREFIX_PATH=${CMAKE_PREFIX_PATH}:/opt/ros/humble /usr/bin/cmake --build /home/jiaverso/Desktop/SparkCar_ROS2_WS/SparkCar_Controller/build/target_follower -- -j8 -l8
[9.155s] Invoking command in '/home/jiaverso/Desktop/SparkCar_ROS2_WS/SparkCar_Controller/build/target_follower': CMAKE_PREFIX_PATH=${CMAKE_PREFIX_PATH}:/opt/ros/humble /usr/bin/cmake --install /home/jiaverso/Desktop/SparkCar_ROS2_WS/SparkCar_Controller/build/target_follower
[9.160s] -- Install configuration: ""
[9.161s] -- Execute custom install script
[9.161s] -- Symlinking: /home/jiaverso/Desktop/SparkCar_ROS2_WS/SparkCar_Controller/install/target_follower/lib/libtarget_follower_pid.a
[9.168s] -- Up-to-date symlink: /home/jiaverso/Desktop/SparkCar_ROS2_WS/SparkCar_Controller/install/target_follower/lib/target_follower/target_follower_node
[9.168s] -- Symlinking: /home/jiaverso/Desktop/SparkCar_ROS2_WS/SparkCar_Controller/install/target_follower/include/target_follower/pid_controller.hpp
[9.175s] -- Up-to-date symlink: /home/jiaverso/Desktop/SparkCar_ROS2_WS/SparkCar_Controller/install/target_follower/share/target_follower/README.md
[9.175s] -- Up-to-date symlink: /home/jiaverso/Desktop/SparkCar_ROS2_WS/SparkCar_Controller/install/target_follower/share/ament_index/resource_index/package_run_dependencies/target_follower
[9.175s] -- Up-to-date symlink: /home/jiaverso/Desktop/SparkCar_ROS2_WS/SparkCar_Controller/install/target_follower/share/ament_index/resource_index/parent_prefix_path/target_follower
[9.175s] -- Up-to-date symlink: /home/jiaverso/Desktop/SparkCar_ROS2_WS/SparkCar_Controller/install/target_follower/share/target_follower/environment/ament_prefix_path.sh
[9.175s] -- Up-to-date symlink: /home/jiaverso/Desktop/SparkCar_ROS2_WS/SparkCar_Controller/install/target_follower/share/target_follower/environment/ament_prefix_path.dsv
[9.176s] -- Up-to-date symlink: /home/jiaverso/Desktop/SparkCar_ROS2_WS/SparkCar_Controller/install/target_follower/share/target_follower/environment/path.sh
[9.176s] -- Up-to-date symlink: /home/jiaverso/Desktop/SparkCar_ROS2_WS/SparkCar_Controller/install/target_follower/share/target_follower/environment/path.dsv
[9.176s] -- Up-to-date symlink: /home/jiaverso/Desktop/SparkCar_ROS2_WS/SparkCar_Controller/install/target_follower/share/target_follower/local_setup.bash
[9.176s] -- Up-to-date symlink: /home/jiaverso/Desktop/SparkCar_ROS2_WS/SparkCar_Controller/install/target_follower/share/target_follower/local_setup.sh
[9.176s] -- Up-to-date symlink: /home/jiaverso/Desktop/SparkCar_ROS2_WS/SparkCar_Controller/install/target_follower/share/target_follower/local_setup.zsh
[9.176s] -- Up-to-date symlink: /home/jiaverso/Desktop/SparkCar_ROS2_WS/SparkCar_Controller/install/target_follower/share/target_follower/local_setup.dsv
[9.176s] -- Symlinking: /home/jiaverso/Desktop/SparkCar_ROS2_WS/SparkCar_Controller/install/target_follower/share/target_follower/package.dsv
[9.183s] -- Up-to-date symlink: /home/jiaverso/Desktop/SparkCar_ROS2_WS/SparkCar_Controller/install/target_follower/share/ament_index/resource_index/packages/target_follower
[9.184s] -- Up-to-date symlink: /home/jiaverso/Desktop/SparkCar_ROS2_WS/SparkCar_Controller/install/target_follower/share/target_follower/cmake/target_followerConfig.cmake
[9.184s] -- Up-to-date symlink: /home/jiaverso/Desktop/SparkCar_ROS2_WS/SparkCar_Controller/install/target_follower/share/target_follower/cmake/target_followerConfig-version.cmake
[9.184s] -- Up-to-date symlink: /home/jiaverso/Desktop/SparkCar_ROS2_WS/SparkCar_Controller/install/target_follower/share/target_follower/package.xml
[9.184s] -- Up-to-date: /home/jiaverso/Desktop/SparkCar_ROS2_WS/SparkCar_Controller/install/target_follower/share/target_follower/launch
[9.184s] -- Up-to-date: /home/jiaverso/Desktop/SparkCar_ROS2_WS/SparkCar_Controller/install/target_follower/share/target_follower/launch/target_follower.launch.py
[9.184s] -- Up-to-date: /home/jiaverso/Desktop/SparkCar_ROS2_WS/SparkCar_Controller/install/target_follower/share/target_follower/launch/__pycache__
[9.184s] -- Up-to-date: /home/jiaverso/Desktop/SparkCar_ROS2_WS/SparkCar_Controller/install/target_follower/share/target_follower/config
[9.184s] -- Up-to-date: /home/jiaverso/Desktop/SparkCar_ROS2_WS/SparkCar_Controller/install/target_follower/share/target_follower/config/target_follower.yaml
[30.022s] Invoked command in '/home/jiaverso/Desktop/SparkCar_ROS2_WS/SparkCar_Controller/build/target_follower' returned '0': CMAKE_PREFIX_PATH=${CMAKE_PREFIX_PATH}:/opt/ros/humble /usr/bin/cmake --install /home/jiaverso/Desktop/SparkCar_ROS2_WS/SparkCar_Controller/build/target_follower
