[0.015s] Invoking command in '/home/jiaverso/Desktop/SparkCar_ROS2_WS/SparkCar_Navigation/build/costmap_converter_msgs': CMAKE_PREFIX_PATH=${CMAKE_PREFIX_PATH}:/opt/ros/humble /usr/bin/cmake /home/jiaverso/Desktop/SparkCar_ROS2_WS/SparkCar_Navigation/src/teb_local_planner/costmap_converter/costmap_converter_msgs -DCMAKE_INSTALL_PREFIX=/home/jiaverso/Desktop/SparkCar_ROS2_WS/SparkCar_Navigation/install/costmap_converter_msgs
[0.064s] -- The C compiler identification is GNU 11.4.0
[0.111s] -- The CXX compiler identification is GNU 11.4.0
[0.117s] -- Detecting C compiler ABI info
[0.178s] -- Detecting C compiler ABI info - done
[0.193s] -- Check for working C compiler: /usr/bin/cc - skipped
[0.193s] -- Detecting C compile features
[0.194s] -- Detecting C compile features - done
[0.200s] -- Detecting CXX compiler ABI info
[0.274s] -- Detecting CXX compiler ABI info - done
[0.281s] -- Check for working CXX compiler: /usr/bin/c++ - skipped
[0.281s] -- Detecting CXX compile features
[0.281s] -- Detecting CXX compile features - done
[0.285s] -- Found ament_cmake: 1.3.14 (/opt/ros/humble/share/ament_cmake/cmake)
[0.566s] -- Found Python3: /usr/bin/python3 (found version "3.10.12") found components: Interpreter 
[0.656s] -- Found builtin_interfaces: 1.2.3 (/opt/ros/humble/share/builtin_interfaces/cmake)
[0.690s] -- Found rosidl_generator_c: 3.1.9 (/opt/ros/humble/share/rosidl_generator_c/cmake)
[0.696s] -- Found rosidl_adapter: 3.1.9 (/opt/ros/humble/share/rosidl_adapter/cmake)
[0.705s] -- Found rosidl_generator_cpp: 3.1.9 (/opt/ros/humble/share/rosidl_generator_cpp/cmake)
[0.716s] -- Using all available rosidl_typesupport_c: rosidl_typesupport_fastrtps_c;rosidl_typesupport_introspection_c
[0.732s] -- Using all available rosidl_typesupport_cpp: rosidl_typesupport_fastrtps_cpp;rosidl_typesupport_introspection_cpp
[0.748s] -- Found geometry_msgs: 4.9.1 (/opt/ros/humble/share/geometry_msgs/cmake)
[0.774s] -- Found rosidl_default_generators: 1.2.1 (/opt/ros/humble/share/rosidl_default_generators/cmake)
[1.087s] -- Found ament_cmake_ros: 0.10.0 (/opt/ros/humble/share/ament_cmake_ros/cmake)
[1.467s] -- Using all available rosidl_typesupport_c: rosidl_typesupport_fastrtps_c;rosidl_typesupport_introspection_c
[1.629s] -- Using all available rosidl_typesupport_cpp: rosidl_typesupport_fastrtps_cpp;rosidl_typesupport_introspection_cpp
[1.662s] -- Found PythonInterp: /usr/bin/python3 (found suitable version "3.10.12", minimum required is "3.6") 
[1.665s] -- Found python_cmake_module: 0.10.0 (/opt/ros/humble/share/python_cmake_module/cmake)
[1.703s] -- Found PythonLibs: /usr/lib/x86_64-linux-gnu/libpython3.10.so (found suitable version "3.10.12", minimum required is "3.5") 
[1.703s] -- Using PYTHON_EXECUTABLE: /usr/bin/python3
[1.703s] -- Using PYTHON_INCLUDE_DIRS: /usr/include/python3.10
[1.703s] -- Using PYTHON_LIBRARIES: /usr/lib/x86_64-linux-gnu/libpython3.10.so
[1.724s] -- Found PythonExtra: .so  
[1.908s] -- Configuring done
[1.941s] -- Generating done
[1.953s] -- Build files have been written to: /home/jiaverso/Desktop/SparkCar_ROS2_WS/SparkCar_Navigation/build/costmap_converter_msgs
[1.963s] Invoked command in '/home/jiaverso/Desktop/SparkCar_ROS2_WS/SparkCar_Navigation/build/costmap_converter_msgs' returned '0': CMAKE_PREFIX_PATH=${CMAKE_PREFIX_PATH}:/opt/ros/humble /usr/bin/cmake /home/jiaverso/Desktop/SparkCar_ROS2_WS/SparkCar_Navigation/src/teb_local_planner/costmap_converter/costmap_converter_msgs -DCMAKE_INSTALL_PREFIX=/home/jiaverso/Desktop/SparkCar_ROS2_WS/SparkCar_Navigation/install/costmap_converter_msgs
[1.965s] Invoking command in '/home/jiaverso/Desktop/SparkCar_ROS2_WS/SparkCar_Navigation/build/costmap_converter_msgs': CMAKE_PREFIX_PATH=${CMAKE_PREFIX_PATH}:/opt/ros/humble /usr/bin/cmake --build /home/jiaverso/Desktop/SparkCar_ROS2_WS/SparkCar_Navigation/build/costmap_converter_msgs -- -j8 -l8
[2.019s] [  2%] [34m[1mGenerating C code for ROS interfaces[0m
[2.035s] [  5%] [34m[1mGenerating C++ code for ROS interfaces[0m
[2.056s] [  7%] [34m[1mGenerating Rust code for ROS interfaces[0m
[2.065s] [  7%] Built target ament_cmake_python_copy_costmap_converter_msgs
[2.410s] running egg_info
[2.410s] creating costmap_converter_msgs.egg-info
[2.411s] writing costmap_converter_msgs.egg-info/PKG-INFO
[2.412s] writing dependency_links to costmap_converter_msgs.egg-info/dependency_links.txt
[2.412s] writing top-level names to costmap_converter_msgs.egg-info/top_level.txt
[2.412s] writing manifest file 'costmap_converter_msgs.egg-info/SOURCES.txt'
[2.415s] reading manifest file 'costmap_converter_msgs.egg-info/SOURCES.txt'
[2.418s] writing manifest file 'costmap_converter_msgs.egg-info/SOURCES.txt'
[2.455s] [  7%] Built target ament_cmake_python_build_costmap_converter_msgs_egg
[2.549s] [  7%] Built target costmap_converter_msgs__rs
[2.640s] [ 10%] [32mBuilding C object CMakeFiles/costmap_converter_msgs__rosidl_generator_c.dir/rosidl_generator_c/costmap_converter_msgs/msg/detail/obstacle_array_msg__functions.c.o[0m
[2.656s] [ 12%] [32mBuilding C object CMakeFiles/costmap_converter_msgs__rosidl_generator_c.dir/rosidl_generator_c/costmap_converter_msgs/msg/detail/obstacle_msg__functions.c.o[0m
[2.796s] [ 15%] [32m[1mLinking C shared library libcostmap_converter_msgs__rosidl_generator_c.so[0m
[2.832s] [ 15%] Built target costmap_converter_msgs__rosidl_generator_c
[2.842s] [ 17%] [34m[1mGenerating C type support for eProsima Fast-RTPS[0m
[2.864s] [ 20%] [34m[1mGenerating C introspection for ROS interfaces[0m
[2.869s] [ 22%] [34m[1mGenerating C type support dispatch for ROS interfaces[0m
[2.980s] [ 22%] Built target costmap_converter_msgs__cpp
[3.015s] [ 25%] [34m[1mGenerating C++ introspection for ROS interfaces[0m
[3.037s] [ 30%] [34m[1mGenerating C++ type support for eProsima Fast-RTPS[0m
[3.037s] [ 30%] [34m[1mGenerating C++ type support dispatch for ROS interfaces[0m
[3.369s] [ 32%] [32mBuilding CXX object CMakeFiles/costmap_converter_msgs__rosidl_typesupport_fastrtps_c.dir/rosidl_typesupport_fastrtps_c/costmap_converter_msgs/msg/detail/obstacle_msg__type_support_c.cpp.o[0m
[3.389s] [ 35%] [32mBuilding CXX object CMakeFiles/costmap_converter_msgs__rosidl_typesupport_fastrtps_c.dir/rosidl_typesupport_fastrtps_c/costmap_converter_msgs/msg/detail/obstacle_array_msg__type_support_c.cpp.o[0m
[3.778s] [ 37%] [32mBuilding C object CMakeFiles/costmap_converter_msgs__rosidl_typesupport_introspection_c.dir/rosidl_typesupport_introspection_c/costmap_converter_msgs/msg/detail/obstacle_array_msg__type_support.c.o[0m
[3.815s] [ 40%] [32mBuilding C object CMakeFiles/costmap_converter_msgs__rosidl_typesupport_introspection_c.dir/rosidl_typesupport_introspection_c/costmap_converter_msgs/msg/detail/obstacle_msg__type_support.c.o[0m
[3.907s] [ 42%] [32m[1mLinking C shared library libcostmap_converter_msgs__rosidl_typesupport_introspection_c.so[0m
[3.934s] [ 45%] [32mBuilding CXX object CMakeFiles/costmap_converter_msgs__rosidl_typesupport_introspection_cpp.dir/rosidl_typesupport_introspection_cpp/costmap_converter_msgs/msg/detail/obstacle_array_msg__type_support.cpp.o[0m
[3.938s] [ 47%] [32mBuilding CXX object CMakeFiles/costmap_converter_msgs__rosidl_typesupport_introspection_cpp.dir/rosidl_typesupport_introspection_cpp/costmap_converter_msgs/msg/detail/obstacle_msg__type_support.cpp.o[0m
[3.984s] [ 47%] Built target costmap_converter_msgs__rosidl_typesupport_introspection_c
[4.092s] [ 50%] [32m[1mLinking CXX shared library libcostmap_converter_msgs__rosidl_typesupport_fastrtps_c.so[0m
[4.207s] [ 50%] Built target costmap_converter_msgs__rosidl_typesupport_fastrtps_c
[4.292s] [ 52%] [32mBuilding CXX object CMakeFiles/costmap_converter_msgs__rosidl_typesupport_c.dir/rosidl_typesupport_c/costmap_converter_msgs/msg/obstacle_msg__type_support.cpp.o[0m
[4.301s] [ 55%] [32mBuilding CXX object CMakeFiles/costmap_converter_msgs__rosidl_typesupport_c.dir/rosidl_typesupport_c/costmap_converter_msgs/msg/obstacle_array_msg__type_support.cpp.o[0m
[4.386s] [ 57%] [32m[1mLinking CXX shared library libcostmap_converter_msgs__rosidl_typesupport_c.so[0m
[4.471s] [ 57%] Built target costmap_converter_msgs__rosidl_typesupport_c
[4.487s] [ 60%] [32mBuilding CXX object CMakeFiles/costmap_converter_msgs__rosidl_typesupport_fastrtps_cpp.dir/rosidl_typesupport_fastrtps_cpp/costmap_converter_msgs/msg/detail/dds_fastrtps/obstacle_msg__type_support.cpp.o[0m
[4.490s] [ 62%] [32mBuilding CXX object CMakeFiles/costmap_converter_msgs__rosidl_typesupport_fastrtps_cpp.dir/rosidl_typesupport_fastrtps_cpp/costmap_converter_msgs/msg/detail/dds_fastrtps/obstacle_array_msg__type_support.cpp.o[0m
[4.584s] [ 65%] [32mBuilding CXX object CMakeFiles/costmap_converter_msgs__rosidl_typesupport_cpp.dir/rosidl_typesupport_cpp/costmap_converter_msgs/msg/obstacle_msg__type_support.cpp.o[0m
[4.586s] [ 67%] [32mBuilding CXX object CMakeFiles/costmap_converter_msgs__rosidl_typesupport_cpp.dir/rosidl_typesupport_cpp/costmap_converter_msgs/msg/obstacle_array_msg__type_support.cpp.o[0m
[5.157s] [ 70%] [32m[1mLinking CXX shared library libcostmap_converter_msgs__rosidl_typesupport_introspection_cpp.so[0m
[5.170s] [ 72%] [32m[1mLinking CXX shared library libcostmap_converter_msgs__rosidl_typesupport_cpp.so[0m
[5.218s] [ 75%] [32m[1mLinking CXX shared library libcostmap_converter_msgs__rosidl_typesupport_fastrtps_cpp.so[0m
[5.236s] [ 75%] Built target costmap_converter_msgs__rosidl_typesupport_cpp
[5.259s] [ 75%] Built target costmap_converter_msgs__rosidl_typesupport_introspection_cpp
[5.329s] [ 75%] Built target costmap_converter_msgs__rosidl_typesupport_fastrtps_cpp
[5.346s] [ 75%] Built target costmap_converter_msgs
[5.364s] [ 77%] [34m[1mGenerating Python code for ROS interfaces[0m
[5.897s] [ 77%] Built target costmap_converter_msgs__py
[5.921s] [ 80%] [32mBuilding C object CMakeFiles/costmap_converter_msgs__rosidl_generator_py.dir/rosidl_generator_py/costmap_converter_msgs/msg/_obstacle_msg_s.c.o[0m
[5.924s] [ 82%] [32mBuilding C object CMakeFiles/costmap_converter_msgs__rosidl_generator_py.dir/rosidl_generator_py/costmap_converter_msgs/msg/_obstacle_array_msg_s.c.o[0m
[6.049s] [ 85%] [32m[1mLinking C shared library rosidl_generator_py/costmap_converter_msgs/libcostmap_converter_msgs__rosidl_generator_py.so[0m
[6.103s] [ 85%] Built target costmap_converter_msgs__rosidl_generator_py
[6.125s] [ 87%] [32mBuilding C object CMakeFiles/costmap_converter_msgs__rosidl_typesupport_fastrtps_c__pyext.dir/rosidl_generator_py/costmap_converter_msgs/_costmap_converter_msgs_s.ep.rosidl_typesupport_fastrtps_c.c.o[0m
[6.126s] [ 90%] [32mBuilding C object CMakeFiles/costmap_converter_msgs__rosidl_typesupport_c__pyext.dir/rosidl_generator_py/costmap_converter_msgs/_costmap_converter_msgs_s.ep.rosidl_typesupport_c.c.o[0m
[6.128s] [ 92%] [32mBuilding C object CMakeFiles/costmap_converter_msgs__rosidl_typesupport_introspection_c__pyext.dir/rosidl_generator_py/costmap_converter_msgs/_costmap_converter_msgs_s.ep.rosidl_typesupport_introspection_c.c.o[0m
[6.250s] [ 95%] [32m[1mLinking C shared library rosidl_generator_py/costmap_converter_msgs/costmap_converter_msgs_s__rosidl_typesupport_c.cpython-310-x86_64-linux-gnu.so[0m
[6.268s] [ 97%] [32m[1mLinking C shared library rosidl_generator_py/costmap_converter_msgs/costmap_converter_msgs_s__rosidl_typesupport_fastrtps_c.cpython-310-x86_64-linux-gnu.so[0m
[6.268s] [100%] [32m[1mLinking C shared library rosidl_generator_py/costmap_converter_msgs/costmap_converter_msgs_s__rosidl_typesupport_introspection_c.cpython-310-x86_64-linux-gnu.so[0m
[6.304s] [100%] Built target costmap_converter_msgs__rosidl_typesupport_c__pyext
[6.321s] [100%] Built target costmap_converter_msgs__rosidl_typesupport_introspection_c__pyext
[6.327s] [100%] Built target costmap_converter_msgs__rosidl_typesupport_fastrtps_c__pyext
[6.340s] Invoked command in '/home/jiaverso/Desktop/SparkCar_ROS2_WS/SparkCar_Navigation/build/costmap_converter_msgs' returned '0': CMAKE_PREFIX_PATH=${CMAKE_PREFIX_PATH}:/opt/ros/humble /usr/bin/cmake --build /home/jiaverso/Desktop/SparkCar_ROS2_WS/SparkCar_Navigation/build/costmap_converter_msgs -- -j8 -l8
[6.353s] Invoking command in '/home/jiaverso/Desktop/SparkCar_ROS2_WS/SparkCar_Navigation/build/costmap_converter_msgs': CMAKE_PREFIX_PATH=${CMAKE_PREFIX_PATH}:/opt/ros/humble /usr/bin/cmake --install /home/jiaverso/Desktop/SparkCar_ROS2_WS/SparkCar_Navigation/build/costmap_converter_msgs
[6.363s] -- Install configuration: ""
[6.363s] -- Installing: /home/jiaverso/Desktop/SparkCar_ROS2_WS/SparkCar_Navigation/install/costmap_converter_msgs/share/ament_index/resource_index/rosidl_interfaces/costmap_converter_msgs
[6.363s] -- Installing: /home/jiaverso/Desktop/SparkCar_ROS2_WS/SparkCar_Navigation/install/costmap_converter_msgs/include/costmap_converter_msgs/costmap_converter_msgs
[6.363s] -- Installing: /home/jiaverso/Desktop/SparkCar_ROS2_WS/SparkCar_Navigation/install/costmap_converter_msgs/include/costmap_converter_msgs/costmap_converter_msgs/msg
[6.363s] -- Installing: /home/jiaverso/Desktop/SparkCar_ROS2_WS/SparkCar_Navigation/install/costmap_converter_msgs/include/costmap_converter_msgs/costmap_converter_msgs/msg/detail
[6.363s] -- Installing: /home/jiaverso/Desktop/SparkCar_ROS2_WS/SparkCar_Navigation/install/costmap_converter_msgs/include/costmap_converter_msgs/costmap_converter_msgs/msg/detail/obstacle_array_msg__type_support.h
[6.364s] -- Installing: /home/jiaverso/Desktop/SparkCar_ROS2_WS/SparkCar_Navigation/install/costmap_converter_msgs/include/costmap_converter_msgs/costmap_converter_msgs/msg/detail/obstacle_array_msg__functions.c
[6.364s] -- Installing: /home/jiaverso/Desktop/SparkCar_ROS2_WS/SparkCar_Navigation/install/costmap_converter_msgs/include/costmap_converter_msgs/costmap_converter_msgs/msg/detail/obstacle_array_msg__functions.h
[6.364s] -- Installing: /home/jiaverso/Desktop/SparkCar_ROS2_WS/SparkCar_Navigation/install/costmap_converter_msgs/include/costmap_converter_msgs/costmap_converter_msgs/msg/detail/obstacle_msg__struct.h
[6.364s] -- Installing: /home/jiaverso/Desktop/SparkCar_ROS2_WS/SparkCar_Navigation/install/costmap_converter_msgs/include/costmap_converter_msgs/costmap_converter_msgs/msg/detail/obstacle_array_msg__struct.h
[6.364s] -- Installing: /home/jiaverso/Desktop/SparkCar_ROS2_WS/SparkCar_Navigation/install/costmap_converter_msgs/include/costmap_converter_msgs/costmap_converter_msgs/msg/detail/obstacle_msg__functions.h
[6.364s] -- Installing: /home/jiaverso/Desktop/SparkCar_ROS2_WS/SparkCar_Navigation/install/costmap_converter_msgs/include/costmap_converter_msgs/costmap_converter_msgs/msg/detail/obstacle_msg__type_support.h
[6.364s] -- Installing: /home/jiaverso/Desktop/SparkCar_ROS2_WS/SparkCar_Navigation/install/costmap_converter_msgs/include/costmap_converter_msgs/costmap_converter_msgs/msg/detail/obstacle_msg__functions.c
[6.365s] -- Installing: /home/jiaverso/Desktop/SparkCar_ROS2_WS/SparkCar_Navigation/install/costmap_converter_msgs/include/costmap_converter_msgs/costmap_converter_msgs/msg/obstacle_array_msg.h
[6.365s] -- Installing: /home/jiaverso/Desktop/SparkCar_ROS2_WS/SparkCar_Navigation/install/costmap_converter_msgs/include/costmap_converter_msgs/costmap_converter_msgs/msg/rosidl_generator_c__visibility_control.h
[6.365s] -- Installing: /home/jiaverso/Desktop/SparkCar_ROS2_WS/SparkCar_Navigation/install/costmap_converter_msgs/include/costmap_converter_msgs/costmap_converter_msgs/msg/obstacle_msg.h
[6.365s] -- Installing: /home/jiaverso/Desktop/SparkCar_ROS2_WS/SparkCar_Navigation/install/costmap_converter_msgs/share/costmap_converter_msgs/environment/library_path.sh
[6.365s] -- Installing: /home/jiaverso/Desktop/SparkCar_ROS2_WS/SparkCar_Navigation/install/costmap_converter_msgs/share/costmap_converter_msgs/environment/library_path.dsv
[6.365s] -- Installing: /home/jiaverso/Desktop/SparkCar_ROS2_WS/SparkCar_Navigation/install/costmap_converter_msgs/lib/libcostmap_converter_msgs__rosidl_generator_c.so
[6.366s] -- Set runtime path of "/home/jiaverso/Desktop/SparkCar_ROS2_WS/SparkCar_Navigation/install/costmap_converter_msgs/lib/libcostmap_converter_msgs__rosidl_generator_c.so" to ""
[6.366s] -- Up-to-date: /home/jiaverso/Desktop/SparkCar_ROS2_WS/SparkCar_Navigation/install/costmap_converter_msgs/include/costmap_converter_msgs/costmap_converter_msgs
[6.366s] -- Up-to-date: /home/jiaverso/Desktop/SparkCar_ROS2_WS/SparkCar_Navigation/install/costmap_converter_msgs/include/costmap_converter_msgs/costmap_converter_msgs/msg
[6.366s] -- Up-to-date: /home/jiaverso/Desktop/SparkCar_ROS2_WS/SparkCar_Navigation/install/costmap_converter_msgs/include/costmap_converter_msgs/costmap_converter_msgs/msg/detail
[6.366s] -- Installing: /home/jiaverso/Desktop/SparkCar_ROS2_WS/SparkCar_Navigation/install/costmap_converter_msgs/include/costmap_converter_msgs/costmap_converter_msgs/msg/detail/obstacle_msg__rosidl_typesupport_fastrtps_c.h
[6.366s] -- Installing: /home/jiaverso/Desktop/SparkCar_ROS2_WS/SparkCar_Navigation/install/costmap_converter_msgs/include/costmap_converter_msgs/costmap_converter_msgs/msg/detail/obstacle_array_msg__rosidl_typesupport_fastrtps_c.h
[6.366s] -- Installing: /home/jiaverso/Desktop/SparkCar_ROS2_WS/SparkCar_Navigation/install/costmap_converter_msgs/include/costmap_converter_msgs/costmap_converter_msgs/msg/rosidl_typesupport_fastrtps_c__visibility_control.h
[6.366s] -- Installing: /home/jiaverso/Desktop/SparkCar_ROS2_WS/SparkCar_Navigation/install/costmap_converter_msgs/lib/libcostmap_converter_msgs__rosidl_typesupport_fastrtps_c.so
[6.367s] -- Set runtime path of "/home/jiaverso/Desktop/SparkCar_ROS2_WS/SparkCar_Navigation/install/costmap_converter_msgs/lib/libcostmap_converter_msgs__rosidl_typesupport_fastrtps_c.so" to ""
[6.367s] -- Up-to-date: /home/jiaverso/Desktop/SparkCar_ROS2_WS/SparkCar_Navigation/install/costmap_converter_msgs/include/costmap_converter_msgs/costmap_converter_msgs
[6.367s] -- Up-to-date: /home/jiaverso/Desktop/SparkCar_ROS2_WS/SparkCar_Navigation/install/costmap_converter_msgs/include/costmap_converter_msgs/costmap_converter_msgs/msg
[6.367s] -- Up-to-date: /home/jiaverso/Desktop/SparkCar_ROS2_WS/SparkCar_Navigation/install/costmap_converter_msgs/include/costmap_converter_msgs/costmap_converter_msgs/msg/detail
[6.367s] -- Installing: /home/jiaverso/Desktop/SparkCar_ROS2_WS/SparkCar_Navigation/install/costmap_converter_msgs/include/costmap_converter_msgs/costmap_converter_msgs/msg/detail/obstacle_msg__traits.hpp
[6.367s] -- Installing: /home/jiaverso/Desktop/SparkCar_ROS2_WS/SparkCar_Navigation/install/costmap_converter_msgs/include/costmap_converter_msgs/costmap_converter_msgs/msg/detail/obstacle_array_msg__builder.hpp
[6.368s] -- Installing: /home/jiaverso/Desktop/SparkCar_ROS2_WS/SparkCar_Navigation/install/costmap_converter_msgs/include/costmap_converter_msgs/costmap_converter_msgs/msg/detail/obstacle_array_msg__type_support.hpp
[6.368s] -- Installing: /home/jiaverso/Desktop/SparkCar_ROS2_WS/SparkCar_Navigation/install/costmap_converter_msgs/include/costmap_converter_msgs/costmap_converter_msgs/msg/detail/obstacle_array_msg__traits.hpp
[6.368s] -- Installing: /home/jiaverso/Desktop/SparkCar_ROS2_WS/SparkCar_Navigation/install/costmap_converter_msgs/include/costmap_converter_msgs/costmap_converter_msgs/msg/detail/obstacle_msg__type_support.hpp
[6.368s] -- Installing: /home/jiaverso/Desktop/SparkCar_ROS2_WS/SparkCar_Navigation/install/costmap_converter_msgs/include/costmap_converter_msgs/costmap_converter_msgs/msg/detail/obstacle_msg__struct.hpp
[6.368s] -- Installing: /home/jiaverso/Desktop/SparkCar_ROS2_WS/SparkCar_Navigation/install/costmap_converter_msgs/include/costmap_converter_msgs/costmap_converter_msgs/msg/detail/obstacle_array_msg__struct.hpp
[6.368s] -- Installing: /home/jiaverso/Desktop/SparkCar_ROS2_WS/SparkCar_Navigation/install/costmap_converter_msgs/include/costmap_converter_msgs/costmap_converter_msgs/msg/detail/obstacle_msg__builder.hpp
[6.368s] -- Installing: /home/jiaverso/Desktop/SparkCar_ROS2_WS/SparkCar_Navigation/install/costmap_converter_msgs/include/costmap_converter_msgs/costmap_converter_msgs/msg/rosidl_generator_cpp__visibility_control.hpp
[6.368s] -- Installing: /home/jiaverso/Desktop/SparkCar_ROS2_WS/SparkCar_Navigation/install/costmap_converter_msgs/include/costmap_converter_msgs/costmap_converter_msgs/msg/obstacle_array_msg.hpp
[6.369s] -- Installing: /home/jiaverso/Desktop/SparkCar_ROS2_WS/SparkCar_Navigation/install/costmap_converter_msgs/include/costmap_converter_msgs/costmap_converter_msgs/msg/obstacle_msg.hpp
[6.369s] -- Up-to-date: /home/jiaverso/Desktop/SparkCar_ROS2_WS/SparkCar_Navigation/install/costmap_converter_msgs/include/costmap_converter_msgs/costmap_converter_msgs
[6.369s] -- Up-to-date: /home/jiaverso/Desktop/SparkCar_ROS2_WS/SparkCar_Navigation/install/costmap_converter_msgs/include/costmap_converter_msgs/costmap_converter_msgs/msg
[6.369s] -- Up-to-date: /home/jiaverso/Desktop/SparkCar_ROS2_WS/SparkCar_Navigation/install/costmap_converter_msgs/include/costmap_converter_msgs/costmap_converter_msgs/msg/detail
[6.369s] -- Installing: /home/jiaverso/Desktop/SparkCar_ROS2_WS/SparkCar_Navigation/install/costmap_converter_msgs/include/costmap_converter_msgs/costmap_converter_msgs/msg/detail/dds_fastrtps
[6.369s] -- Installing: /home/jiaverso/Desktop/SparkCar_ROS2_WS/SparkCar_Navigation/install/costmap_converter_msgs/include/costmap_converter_msgs/costmap_converter_msgs/msg/detail/obstacle_msg__rosidl_typesupport_fastrtps_cpp.hpp
[6.369s] -- Installing: /home/jiaverso/Desktop/SparkCar_ROS2_WS/SparkCar_Navigation/install/costmap_converter_msgs/include/costmap_converter_msgs/costmap_converter_msgs/msg/detail/obstacle_array_msg__rosidl_typesupport_fastrtps_cpp.hpp
[6.369s] -- Installing: /home/jiaverso/Desktop/SparkCar_ROS2_WS/SparkCar_Navigation/install/costmap_converter_msgs/include/costmap_converter_msgs/costmap_converter_msgs/msg/rosidl_typesupport_fastrtps_cpp__visibility_control.h
[6.369s] -- Installing: /home/jiaverso/Desktop/SparkCar_ROS2_WS/SparkCar_Navigation/install/costmap_converter_msgs/lib/libcostmap_converter_msgs__rosidl_typesupport_fastrtps_cpp.so
[6.370s] -- Set runtime path of "/home/jiaverso/Desktop/SparkCar_ROS2_WS/SparkCar_Navigation/install/costmap_converter_msgs/lib/libcostmap_converter_msgs__rosidl_typesupport_fastrtps_cpp.so" to ""
[6.370s] -- Up-to-date: /home/jiaverso/Desktop/SparkCar_ROS2_WS/SparkCar_Navigation/install/costmap_converter_msgs/include/costmap_converter_msgs/costmap_converter_msgs
[6.370s] -- Up-to-date: /home/jiaverso/Desktop/SparkCar_ROS2_WS/SparkCar_Navigation/install/costmap_converter_msgs/include/costmap_converter_msgs/costmap_converter_msgs/msg
[6.370s] -- Up-to-date: /home/jiaverso/Desktop/SparkCar_ROS2_WS/SparkCar_Navigation/install/costmap_converter_msgs/include/costmap_converter_msgs/costmap_converter_msgs/msg/detail
[6.370s] -- Installing: /home/jiaverso/Desktop/SparkCar_ROS2_WS/SparkCar_Navigation/install/costmap_converter_msgs/include/costmap_converter_msgs/costmap_converter_msgs/msg/detail/obstacle_array_msg__rosidl_typesupport_introspection_c.h
[6.370s] -- Installing: /home/jiaverso/Desktop/SparkCar_ROS2_WS/SparkCar_Navigation/install/costmap_converter_msgs/include/costmap_converter_msgs/costmap_converter_msgs/msg/detail/obstacle_msg__type_support.c
[6.370s] -- Installing: /home/jiaverso/Desktop/SparkCar_ROS2_WS/SparkCar_Navigation/install/costmap_converter_msgs/include/costmap_converter_msgs/costmap_converter_msgs/msg/detail/obstacle_array_msg__type_support.c
[6.370s] -- Installing: /home/jiaverso/Desktop/SparkCar_ROS2_WS/SparkCar_Navigation/install/costmap_converter_msgs/include/costmap_converter_msgs/costmap_converter_msgs/msg/detail/obstacle_msg__rosidl_typesupport_introspection_c.h
[6.371s] -- Installing: /home/jiaverso/Desktop/SparkCar_ROS2_WS/SparkCar_Navigation/install/costmap_converter_msgs/include/costmap_converter_msgs/costmap_converter_msgs/msg/rosidl_typesupport_introspection_c__visibility_control.h
[6.371s] -- Installing: /home/jiaverso/Desktop/SparkCar_ROS2_WS/SparkCar_Navigation/install/costmap_converter_msgs/lib/libcostmap_converter_msgs__rosidl_typesupport_introspection_c.so
[6.371s] -- Set runtime path of "/home/jiaverso/Desktop/SparkCar_ROS2_WS/SparkCar_Navigation/install/costmap_converter_msgs/lib/libcostmap_converter_msgs__rosidl_typesupport_introspection_c.so" to ""
[6.371s] -- Installing: /home/jiaverso/Desktop/SparkCar_ROS2_WS/SparkCar_Navigation/install/costmap_converter_msgs/lib/libcostmap_converter_msgs__rosidl_typesupport_c.so
[6.372s] -- Set runtime path of "/home/jiaverso/Desktop/SparkCar_ROS2_WS/SparkCar_Navigation/install/costmap_converter_msgs/lib/libcostmap_converter_msgs__rosidl_typesupport_c.so" to ""
[6.372s] -- Up-to-date: /home/jiaverso/Desktop/SparkCar_ROS2_WS/SparkCar_Navigation/install/costmap_converter_msgs/include/costmap_converter_msgs/costmap_converter_msgs
[6.374s] -- Up-to-date: /home/jiaverso/Desktop/SparkCar_ROS2_WS/SparkCar_Navigation/install/costmap_converter_msgs/include/costmap_converter_msgs/costmap_converter_msgs/msg
[6.374s] -- Up-to-date: /home/jiaverso/Desktop/SparkCar_ROS2_WS/SparkCar_Navigation/install/costmap_converter_msgs/include/costmap_converter_msgs/costmap_converter_msgs/msg/detail
[6.374s] -- Installing: /home/jiaverso/Desktop/SparkCar_ROS2_WS/SparkCar_Navigation/install/costmap_converter_msgs/include/costmap_converter_msgs/costmap_converter_msgs/msg/detail/obstacle_msg__rosidl_typesupport_introspection_cpp.hpp
[6.374s] -- Installing: /home/jiaverso/Desktop/SparkCar_ROS2_WS/SparkCar_Navigation/install/costmap_converter_msgs/include/costmap_converter_msgs/costmap_converter_msgs/msg/detail/obstacle_array_msg__rosidl_typesupport_introspection_cpp.hpp
[6.374s] -- Installing: /home/jiaverso/Desktop/SparkCar_ROS2_WS/SparkCar_Navigation/install/costmap_converter_msgs/include/costmap_converter_msgs/costmap_converter_msgs/msg/detail/obstacle_msg__type_support.cpp
[6.374s] -- Installing: /home/jiaverso/Desktop/SparkCar_ROS2_WS/SparkCar_Navigation/install/costmap_converter_msgs/include/costmap_converter_msgs/costmap_converter_msgs/msg/detail/obstacle_array_msg__type_support.cpp
[6.374s] -- Installing: /home/jiaverso/Desktop/SparkCar_ROS2_WS/SparkCar_Navigation/install/costmap_converter_msgs/lib/libcostmap_converter_msgs__rosidl_typesupport_introspection_cpp.so
[6.374s] -- Set runtime path of "/home/jiaverso/Desktop/SparkCar_ROS2_WS/SparkCar_Navigation/install/costmap_converter_msgs/lib/libcostmap_converter_msgs__rosidl_typesupport_introspection_cpp.so" to ""
[6.374s] -- Installing: /home/jiaverso/Desktop/SparkCar_ROS2_WS/SparkCar_Navigation/install/costmap_converter_msgs/lib/libcostmap_converter_msgs__rosidl_typesupport_cpp.so
[6.375s] -- Set runtime path of "/home/jiaverso/Desktop/SparkCar_ROS2_WS/SparkCar_Navigation/install/costmap_converter_msgs/lib/libcostmap_converter_msgs__rosidl_typesupport_cpp.so" to ""
[6.375s] -- Installing: /home/jiaverso/Desktop/SparkCar_ROS2_WS/SparkCar_Navigation/install/costmap_converter_msgs/share/costmap_converter_msgs/environment/pythonpath.sh
[6.375s] -- Installing: /home/jiaverso/Desktop/SparkCar_ROS2_WS/SparkCar_Navigation/install/costmap_converter_msgs/share/costmap_converter_msgs/environment/pythonpath.dsv
[6.375s] -- Installing: /home/jiaverso/Desktop/SparkCar_ROS2_WS/SparkCar_Navigation/install/costmap_converter_msgs/local/lib/python3.10/dist-packages/costmap_converter_msgs-0.1.2-py3.10.egg-info
[6.375s] -- Installing: /home/jiaverso/Desktop/SparkCar_ROS2_WS/SparkCar_Navigation/install/costmap_converter_msgs/local/lib/python3.10/dist-packages/costmap_converter_msgs-0.1.2-py3.10.egg-info/top_level.txt
[6.376s] -- Installing: /home/jiaverso/Desktop/SparkCar_ROS2_WS/SparkCar_Navigation/install/costmap_converter_msgs/local/lib/python3.10/dist-packages/costmap_converter_msgs-0.1.2-py3.10.egg-info/dependency_links.txt
[6.376s] -- Installing: /home/jiaverso/Desktop/SparkCar_ROS2_WS/SparkCar_Navigation/install/costmap_converter_msgs/local/lib/python3.10/dist-packages/costmap_converter_msgs-0.1.2-py3.10.egg-info/SOURCES.txt
[6.376s] -- Installing: /home/jiaverso/Desktop/SparkCar_ROS2_WS/SparkCar_Navigation/install/costmap_converter_msgs/local/lib/python3.10/dist-packages/costmap_converter_msgs-0.1.2-py3.10.egg-info/PKG-INFO
[6.376s] -- Installing: /home/jiaverso/Desktop/SparkCar_ROS2_WS/SparkCar_Navigation/install/costmap_converter_msgs/local/lib/python3.10/dist-packages/costmap_converter_msgs
[6.377s] -- Installing: /home/jiaverso/Desktop/SparkCar_ROS2_WS/SparkCar_Navigation/install/costmap_converter_msgs/local/lib/python3.10/dist-packages/costmap_converter_msgs/costmap_converter_msgs_s__rosidl_typesupport_introspection_c.cpython-310-x86_64-linux-gnu.so
[6.377s] -- Installing: /home/jiaverso/Desktop/SparkCar_ROS2_WS/SparkCar_Navigation/install/costmap_converter_msgs/local/lib/python3.10/dist-packages/costmap_converter_msgs/costmap_converter_msgs_s__rosidl_typesupport_c.cpython-310-x86_64-linux-gnu.so
[6.377s] -- Installing: /home/jiaverso/Desktop/SparkCar_ROS2_WS/SparkCar_Navigation/install/costmap_converter_msgs/local/lib/python3.10/dist-packages/costmap_converter_msgs/__init__.py
[6.377s] -- Installing: /home/jiaverso/Desktop/SparkCar_ROS2_WS/SparkCar_Navigation/install/costmap_converter_msgs/local/lib/python3.10/dist-packages/costmap_converter_msgs/msg
[6.378s] -- Installing: /home/jiaverso/Desktop/SparkCar_ROS2_WS/SparkCar_Navigation/install/costmap_converter_msgs/local/lib/python3.10/dist-packages/costmap_converter_msgs/msg/_obstacle_array_msg_s.c
[6.378s] -- Installing: /home/jiaverso/Desktop/SparkCar_ROS2_WS/SparkCar_Navigation/install/costmap_converter_msgs/local/lib/python3.10/dist-packages/costmap_converter_msgs/msg/__init__.py
[6.378s] -- Installing: /home/jiaverso/Desktop/SparkCar_ROS2_WS/SparkCar_Navigation/install/costmap_converter_msgs/local/lib/python3.10/dist-packages/costmap_converter_msgs/msg/_obstacle_msg_s.c
[6.378s] -- Installing: /home/jiaverso/Desktop/SparkCar_ROS2_WS/SparkCar_Navigation/install/costmap_converter_msgs/local/lib/python3.10/dist-packages/costmap_converter_msgs/msg/_obstacle_msg.py
[6.379s] -- Installing: /home/jiaverso/Desktop/SparkCar_ROS2_WS/SparkCar_Navigation/install/costmap_converter_msgs/local/lib/python3.10/dist-packages/costmap_converter_msgs/msg/_obstacle_array_msg.py
[6.379s] -- Installing: /home/jiaverso/Desktop/SparkCar_ROS2_WS/SparkCar_Navigation/install/costmap_converter_msgs/local/lib/python3.10/dist-packages/costmap_converter_msgs/libcostmap_converter_msgs__rosidl_generator_py.so
[6.379s] -- Installing: /home/jiaverso/Desktop/SparkCar_ROS2_WS/SparkCar_Navigation/install/costmap_converter_msgs/local/lib/python3.10/dist-packages/costmap_converter_msgs/_costmap_converter_msgs_s.ep.rosidl_typesupport_introspection_c.c
[6.379s] -- Installing: /home/jiaverso/Desktop/SparkCar_ROS2_WS/SparkCar_Navigation/install/costmap_converter_msgs/local/lib/python3.10/dist-packages/costmap_converter_msgs/_costmap_converter_msgs_s.ep.rosidl_typesupport_fastrtps_c.c
[6.379s] -- Installing: /home/jiaverso/Desktop/SparkCar_ROS2_WS/SparkCar_Navigation/install/costmap_converter_msgs/local/lib/python3.10/dist-packages/costmap_converter_msgs/_costmap_converter_msgs_s.ep.rosidl_typesupport_c.c
[6.380s] -- Installing: /home/jiaverso/Desktop/SparkCar_ROS2_WS/SparkCar_Navigation/install/costmap_converter_msgs/local/lib/python3.10/dist-packages/costmap_converter_msgs/costmap_converter_msgs_s__rosidl_typesupport_fastrtps_c.cpython-310-x86_64-linux-gnu.so
[6.416s] Listing '/home/jiaverso/Desktop/SparkCar_ROS2_WS/SparkCar_Navigation/install/costmap_converter_msgs/local/lib/python3.10/dist-packages/costmap_converter_msgs'...
[6.416s] Compiling '/home/jiaverso/Desktop/SparkCar_ROS2_WS/SparkCar_Navigation/install/costmap_converter_msgs/local/lib/python3.10/dist-packages/costmap_converter_msgs/__init__.py'...
[6.416s] Listing '/home/jiaverso/Desktop/SparkCar_ROS2_WS/SparkCar_Navigation/install/costmap_converter_msgs/local/lib/python3.10/dist-packages/costmap_converter_msgs/msg'...
[6.416s] Compiling '/home/jiaverso/Desktop/SparkCar_ROS2_WS/SparkCar_Navigation/install/costmap_converter_msgs/local/lib/python3.10/dist-packages/costmap_converter_msgs/msg/__init__.py'...
[6.416s] Compiling '/home/jiaverso/Desktop/SparkCar_ROS2_WS/SparkCar_Navigation/install/costmap_converter_msgs/local/lib/python3.10/dist-packages/costmap_converter_msgs/msg/_obstacle_array_msg.py'...
[6.416s] Compiling '/home/jiaverso/Desktop/SparkCar_ROS2_WS/SparkCar_Navigation/install/costmap_converter_msgs/local/lib/python3.10/dist-packages/costmap_converter_msgs/msg/_obstacle_msg.py'...
[6.420s] -- Installing: /home/jiaverso/Desktop/SparkCar_ROS2_WS/SparkCar_Navigation/install/costmap_converter_msgs/local/lib/python3.10/dist-packages/costmap_converter_msgs/costmap_converter_msgs_s__rosidl_typesupport_fastrtps_c.cpython-310-x86_64-linux-gnu.so
[6.420s] -- Set runtime path of "/home/jiaverso/Desktop/SparkCar_ROS2_WS/SparkCar_Navigation/install/costmap_converter_msgs/local/lib/python3.10/dist-packages/costmap_converter_msgs/costmap_converter_msgs_s__rosidl_typesupport_fastrtps_c.cpython-310-x86_64-linux-gnu.so" to ""
[6.421s] -- Installing: /home/jiaverso/Desktop/SparkCar_ROS2_WS/SparkCar_Navigation/install/costmap_converter_msgs/local/lib/python3.10/dist-packages/costmap_converter_msgs/costmap_converter_msgs_s__rosidl_typesupport_introspection_c.cpython-310-x86_64-linux-gnu.so
[6.421s] -- Set runtime path of "/home/jiaverso/Desktop/SparkCar_ROS2_WS/SparkCar_Navigation/install/costmap_converter_msgs/local/lib/python3.10/dist-packages/costmap_converter_msgs/costmap_converter_msgs_s__rosidl_typesupport_introspection_c.cpython-310-x86_64-linux-gnu.so" to ""
[6.421s] -- Installing: /home/jiaverso/Desktop/SparkCar_ROS2_WS/SparkCar_Navigation/install/costmap_converter_msgs/local/lib/python3.10/dist-packages/costmap_converter_msgs/costmap_converter_msgs_s__rosidl_typesupport_c.cpython-310-x86_64-linux-gnu.so
[6.422s] -- Set runtime path of "/home/jiaverso/Desktop/SparkCar_ROS2_WS/SparkCar_Navigation/install/costmap_converter_msgs/local/lib/python3.10/dist-packages/costmap_converter_msgs/costmap_converter_msgs_s__rosidl_typesupport_c.cpython-310-x86_64-linux-gnu.so" to ""
[6.422s] -- Installing: /home/jiaverso/Desktop/SparkCar_ROS2_WS/SparkCar_Navigation/install/costmap_converter_msgs/lib/libcostmap_converter_msgs__rosidl_generator_py.so
[6.422s] -- Set runtime path of "/home/jiaverso/Desktop/SparkCar_ROS2_WS/SparkCar_Navigation/install/costmap_converter_msgs/lib/libcostmap_converter_msgs__rosidl_generator_py.so" to ""
[6.422s] -- Installing: /home/jiaverso/Desktop/SparkCar_ROS2_WS/SparkCar_Navigation/install/costmap_converter_msgs/share/ament_index/resource_index/rust_packages/costmap_converter_msgs
[6.423s] -- Installing: /home/jiaverso/Desktop/SparkCar_ROS2_WS/SparkCar_Navigation/install/costmap_converter_msgs/share/costmap_converter_msgs/rust
[6.423s] -- Installing: /home/jiaverso/Desktop/SparkCar_ROS2_WS/SparkCar_Navigation/install/costmap_converter_msgs/share/costmap_converter_msgs/rust/Cargo.toml
[6.423s] -- Installing: /home/jiaverso/Desktop/SparkCar_ROS2_WS/SparkCar_Navigation/install/costmap_converter_msgs/share/costmap_converter_msgs/rust/src
[6.423s] -- Installing: /home/jiaverso/Desktop/SparkCar_ROS2_WS/SparkCar_Navigation/install/costmap_converter_msgs/share/costmap_converter_msgs/rust/src/msg.rs
[6.423s] -- Installing: /home/jiaverso/Desktop/SparkCar_ROS2_WS/SparkCar_Navigation/install/costmap_converter_msgs/share/costmap_converter_msgs/rust/src/msg
[6.423s] -- Installing: /home/jiaverso/Desktop/SparkCar_ROS2_WS/SparkCar_Navigation/install/costmap_converter_msgs/share/costmap_converter_msgs/rust/src/msg/rmw.rs
[6.423s] -- Installing: /home/jiaverso/Desktop/SparkCar_ROS2_WS/SparkCar_Navigation/install/costmap_converter_msgs/share/costmap_converter_msgs/rust/src/lib.rs
[6.424s] -- Installing: /home/jiaverso/Desktop/SparkCar_ROS2_WS/SparkCar_Navigation/install/costmap_converter_msgs/share/costmap_converter_msgs/rust/build.rs
[6.424s] -- Installing: /home/jiaverso/Desktop/SparkCar_ROS2_WS/SparkCar_Navigation/install/costmap_converter_msgs/share/costmap_converter_msgs/msg/ObstacleMsg.idl
[6.424s] -- Installing: /home/jiaverso/Desktop/SparkCar_ROS2_WS/SparkCar_Navigation/install/costmap_converter_msgs/share/costmap_converter_msgs/msg/ObstacleArrayMsg.idl
[6.424s] -- Installing: /home/jiaverso/Desktop/SparkCar_ROS2_WS/SparkCar_Navigation/install/costmap_converter_msgs/share/costmap_converter_msgs/msg/ObstacleMsg.msg
[6.424s] -- Installing: /home/jiaverso/Desktop/SparkCar_ROS2_WS/SparkCar_Navigation/install/costmap_converter_msgs/share/costmap_converter_msgs/msg/ObstacleArrayMsg.msg
[6.425s] -- Installing: /home/jiaverso/Desktop/SparkCar_ROS2_WS/SparkCar_Navigation/install/costmap_converter_msgs/share/ament_index/resource_index/package_run_dependencies/costmap_converter_msgs
[6.425s] -- Installing: /home/jiaverso/Desktop/SparkCar_ROS2_WS/SparkCar_Navigation/install/costmap_converter_msgs/share/ament_index/resource_index/parent_prefix_path/costmap_converter_msgs
[6.425s] -- Installing: /home/jiaverso/Desktop/SparkCar_ROS2_WS/SparkCar_Navigation/install/costmap_converter_msgs/share/costmap_converter_msgs/environment/ament_prefix_path.sh
[6.425s] -- Installing: /home/jiaverso/Desktop/SparkCar_ROS2_WS/SparkCar_Navigation/install/costmap_converter_msgs/share/costmap_converter_msgs/environment/ament_prefix_path.dsv
[6.425s] -- Installing: /home/jiaverso/Desktop/SparkCar_ROS2_WS/SparkCar_Navigation/install/costmap_converter_msgs/share/costmap_converter_msgs/environment/path.sh
[6.425s] -- Installing: /home/jiaverso/Desktop/SparkCar_ROS2_WS/SparkCar_Navigation/install/costmap_converter_msgs/share/costmap_converter_msgs/environment/path.dsv
[6.426s] -- Installing: /home/jiaverso/Desktop/SparkCar_ROS2_WS/SparkCar_Navigation/install/costmap_converter_msgs/share/costmap_converter_msgs/local_setup.bash
[6.426s] -- Installing: /home/jiaverso/Desktop/SparkCar_ROS2_WS/SparkCar_Navigation/install/costmap_converter_msgs/share/costmap_converter_msgs/local_setup.sh
[6.426s] -- Installing: /home/jiaverso/Desktop/SparkCar_ROS2_WS/SparkCar_Navigation/install/costmap_converter_msgs/share/costmap_converter_msgs/local_setup.zsh
[6.426s] -- Installing: /home/jiaverso/Desktop/SparkCar_ROS2_WS/SparkCar_Navigation/install/costmap_converter_msgs/share/costmap_converter_msgs/local_setup.dsv
[6.426s] -- Installing: /home/jiaverso/Desktop/SparkCar_ROS2_WS/SparkCar_Navigation/install/costmap_converter_msgs/share/costmap_converter_msgs/package.dsv
[6.426s] -- Installing: /home/jiaverso/Desktop/SparkCar_ROS2_WS/SparkCar_Navigation/install/costmap_converter_msgs/share/ament_index/resource_index/packages/costmap_converter_msgs
[6.427s] -- Installing: /home/jiaverso/Desktop/SparkCar_ROS2_WS/SparkCar_Navigation/install/costmap_converter_msgs/share/costmap_converter_msgs/cmake/export_costmap_converter_msgs__rosidl_generator_cExport.cmake
[6.427s] -- Installing: /home/jiaverso/Desktop/SparkCar_ROS2_WS/SparkCar_Navigation/install/costmap_converter_msgs/share/costmap_converter_msgs/cmake/export_costmap_converter_msgs__rosidl_generator_cExport-noconfig.cmake
[6.427s] -- Installing: /home/jiaverso/Desktop/SparkCar_ROS2_WS/SparkCar_Navigation/install/costmap_converter_msgs/share/costmap_converter_msgs/cmake/export_costmap_converter_msgs__rosidl_typesupport_fastrtps_cExport.cmake
[6.427s] -- Installing: /home/jiaverso/Desktop/SparkCar_ROS2_WS/SparkCar_Navigation/install/costmap_converter_msgs/share/costmap_converter_msgs/cmake/export_costmap_converter_msgs__rosidl_typesupport_fastrtps_cExport-noconfig.cmake
[6.427s] -- Installing: /home/jiaverso/Desktop/SparkCar_ROS2_WS/SparkCar_Navigation/install/costmap_converter_msgs/share/costmap_converter_msgs/cmake/export_costmap_converter_msgs__rosidl_generator_cppExport.cmake
[6.428s] -- Installing: /home/jiaverso/Desktop/SparkCar_ROS2_WS/SparkCar_Navigation/install/costmap_converter_msgs/share/costmap_converter_msgs/cmake/export_costmap_converter_msgs__rosidl_typesupport_fastrtps_cppExport.cmake
[6.428s] -- Installing: /home/jiaverso/Desktop/SparkCar_ROS2_WS/SparkCar_Navigation/install/costmap_converter_msgs/share/costmap_converter_msgs/cmake/export_costmap_converter_msgs__rosidl_typesupport_fastrtps_cppExport-noconfig.cmake
[6.428s] -- Installing: /home/jiaverso/Desktop/SparkCar_ROS2_WS/SparkCar_Navigation/install/costmap_converter_msgs/share/costmap_converter_msgs/cmake/costmap_converter_msgs__rosidl_typesupport_introspection_cExport.cmake
[6.428s] -- Installing: /home/jiaverso/Desktop/SparkCar_ROS2_WS/SparkCar_Navigation/install/costmap_converter_msgs/share/costmap_converter_msgs/cmake/costmap_converter_msgs__rosidl_typesupport_introspection_cExport-noconfig.cmake
[6.428s] -- Installing: /home/jiaverso/Desktop/SparkCar_ROS2_WS/SparkCar_Navigation/install/costmap_converter_msgs/share/costmap_converter_msgs/cmake/costmap_converter_msgs__rosidl_typesupport_cExport.cmake
[6.428s] -- Installing: /home/jiaverso/Desktop/SparkCar_ROS2_WS/SparkCar_Navigation/install/costmap_converter_msgs/share/costmap_converter_msgs/cmake/costmap_converter_msgs__rosidl_typesupport_cExport-noconfig.cmake
[6.429s] -- Installing: /home/jiaverso/Desktop/SparkCar_ROS2_WS/SparkCar_Navigation/install/costmap_converter_msgs/share/costmap_converter_msgs/cmake/costmap_converter_msgs__rosidl_typesupport_introspection_cppExport.cmake
[6.429s] -- Installing: /home/jiaverso/Desktop/SparkCar_ROS2_WS/SparkCar_Navigation/install/costmap_converter_msgs/share/costmap_converter_msgs/cmake/costmap_converter_msgs__rosidl_typesupport_introspection_cppExport-noconfig.cmake
[6.429s] -- Installing: /home/jiaverso/Desktop/SparkCar_ROS2_WS/SparkCar_Navigation/install/costmap_converter_msgs/share/costmap_converter_msgs/cmake/costmap_converter_msgs__rosidl_typesupport_cppExport.cmake
[6.429s] -- Installing: /home/jiaverso/Desktop/SparkCar_ROS2_WS/SparkCar_Navigation/install/costmap_converter_msgs/share/costmap_converter_msgs/cmake/costmap_converter_msgs__rosidl_typesupport_cppExport-noconfig.cmake
[6.429s] -- Installing: /home/jiaverso/Desktop/SparkCar_ROS2_WS/SparkCar_Navigation/install/costmap_converter_msgs/share/costmap_converter_msgs/cmake/export_costmap_converter_msgs__rosidl_generator_pyExport.cmake
[6.429s] -- Installing: /home/jiaverso/Desktop/SparkCar_ROS2_WS/SparkCar_Navigation/install/costmap_converter_msgs/share/costmap_converter_msgs/cmake/export_costmap_converter_msgs__rosidl_generator_pyExport-noconfig.cmake
[6.430s] -- Installing: /home/jiaverso/Desktop/SparkCar_ROS2_WS/SparkCar_Navigation/install/costmap_converter_msgs/share/costmap_converter_msgs/cmake/rosidl_cmake-extras.cmake
[6.430s] -- Installing: /home/jiaverso/Desktop/SparkCar_ROS2_WS/SparkCar_Navigation/install/costmap_converter_msgs/share/costmap_converter_msgs/cmake/ament_cmake_export_dependencies-extras.cmake
[6.430s] -- Installing: /home/jiaverso/Desktop/SparkCar_ROS2_WS/SparkCar_Navigation/install/costmap_converter_msgs/share/costmap_converter_msgs/cmake/ament_cmake_export_include_directories-extras.cmake
[6.430s] -- Installing: /home/jiaverso/Desktop/SparkCar_ROS2_WS/SparkCar_Navigation/install/costmap_converter_msgs/share/costmap_converter_msgs/cmake/ament_cmake_export_libraries-extras.cmake
[6.430s] -- Installing: /home/jiaverso/Desktop/SparkCar_ROS2_WS/SparkCar_Navigation/install/costmap_converter_msgs/share/costmap_converter_msgs/cmake/ament_cmake_export_targets-extras.cmake
[6.430s] -- Installing: /home/jiaverso/Desktop/SparkCar_ROS2_WS/SparkCar_Navigation/install/costmap_converter_msgs/share/costmap_converter_msgs/cmake/rosidl_cmake_export_typesupport_targets-extras.cmake
[6.431s] -- Installing: /home/jiaverso/Desktop/SparkCar_ROS2_WS/SparkCar_Navigation/install/costmap_converter_msgs/share/costmap_converter_msgs/cmake/rosidl_cmake_export_typesupport_libraries-extras.cmake
[6.431s] -- Installing: /home/jiaverso/Desktop/SparkCar_ROS2_WS/SparkCar_Navigation/install/costmap_converter_msgs/share/costmap_converter_msgs/cmake/rosidl_cmake_aggregate_target-extras.cmake
[6.431s] -- Installing: /home/jiaverso/Desktop/SparkCar_ROS2_WS/SparkCar_Navigation/install/costmap_converter_msgs/share/costmap_converter_msgs/cmake/costmap_converter_msgsConfig.cmake
[6.431s] -- Installing: /home/jiaverso/Desktop/SparkCar_ROS2_WS/SparkCar_Navigation/install/costmap_converter_msgs/share/costmap_converter_msgs/cmake/costmap_converter_msgsConfig-version.cmake
[6.431s] -- Installing: /home/jiaverso/Desktop/SparkCar_ROS2_WS/SparkCar_Navigation/install/costmap_converter_msgs/share/costmap_converter_msgs/package.xml
[6.435s] Invoked command in '/home/jiaverso/Desktop/SparkCar_ROS2_WS/SparkCar_Navigation/build/costmap_converter_msgs' returned '0': CMAKE_PREFIX_PATH=${CMAKE_PREFIX_PATH}:/opt/ros/humble /usr/bin/cmake --install /home/jiaverso/Desktop/SparkCar_ROS2_WS/SparkCar_Navigation/build/costmap_converter_msgs
