-- Found ament_cmake: 1.3.14 (/opt/ros/humble/share/ament_cmake/cmake)
-- Override CMake install command with custom implementation using symlinks instead of copying resources
-- Found class_loader: 2.2.0 (/opt/ros/humble/share/class_loader/cmake)
-- Found costmap_converter_msgs: 0.1.2 (/home/jiaverso/Desktop/SparkCar_ROS2_WS/SparkCar_Navigation/install/costmap_converter_msgs/share/costmap_converter_msgs/cmake)
-- Found rosidl_generator_c: 3.1.9 (/opt/ros/humble/share/rosidl_generator_c/cmake)
-- Found rosidl_adapter: 3.1.9 (/opt/ros/humble/share/rosidl_adapter/cmake)
-- Found rosidl_generator_cpp: 3.1.9 (/opt/ros/humble/share/rosidl_generator_cpp/cmake)
-- Using all available rosidl_typesupport_c: rosidl_typesupport_fastrtps_c;rosidl_typesupport_introspection_c
-- Using all available rosidl_typesupport_cpp: rosidl_typesupport_fastrtps_cpp;rosidl_typesupport_introspection_cpp
-- Found cv_bridge: 3.2.1 (/opt/ros/humble/share/cv_bridge/cmake)
-- Found nav2_costmap_2d: 1.1.20 (/opt/ros/humble/share/nav2_costmap_2d/cmake)
-- Found rmw_implementation_cmake: 6.1.2 (/opt/ros/humble/share/rmw_implementation_cmake/cmake)
-- Found rmw_fastrtps_cpp: 6.2.10 (/opt/ros/humble/share/rmw_fastrtps_cpp/cmake)
-- Using RMW implementation 'rmw_fastrtps_cpp' as default
-- Ensuring Eigen3 include directory is part of orocos-kdl CMake target
-- Found ament_cmake_gtest: 1.3.14 (/opt/ros/humble/share/ament_cmake_gtest/cmake)
-- Found gtest sources under '/opt/ros/humble/src/gtest_vendor': C++ tests using 'Google Test' will be built
-- Configuring done
-- Generating done
-- Build files have been written to: /home/jiaverso/Desktop/SparkCar_ROS2_WS/SparkCar_Navigation/build/costmap_converter
Consolidate compiler generated dependencies of target gtest
Consolidate compiler generated dependencies of target gtest_main
[ 10%] Built target gtest
[ 21%] Built target gtest_main
Consolidate compiler generated dependencies of target costmap_converter
[ 31%] Building CXX object CMakeFiles/costmap_converter.dir/src/costmap_to_polygons_concave.cpp.o
[ 31%] Building CXX object CMakeFiles/costmap_converter.dir/src/costmap_to_polygons.cpp.o
[ 47%] Building CXX object CMakeFiles/costmap_converter.dir/src/costmap_to_dynamic_obstacles/costmap_to_dynamic_obstacles.cpp.o
[ 47%] Building CXX object CMakeFiles/costmap_converter.dir/src/costmap_to_lines_ransac.cpp.o
[ 47%] Building CXX object CMakeFiles/costmap_converter.dir/src/costmap_to_lines_convex_hull.cpp.o
In file included from /opt/ros/humble/include/rclcpp/rclcpp/logging.hpp:24,
                 from /opt/ros/humble/include/rclcpp/rclcpp/client.hpp:40,
                 from /opt/ros/humble/include/rclcpp/rclcpp/callback_group.hpp:24,
                 from /opt/ros/humble/include/rclcpp/rclcpp/any_executable.hpp:20,
                 from /opt/ros/humble/include/rclcpp/rclcpp/memory_strategy.hpp:25,
                 from /opt/ros/humble/include/rclcpp/rclcpp/memory_strategies.hpp:18,
                 from /opt/ros/humble/include/rclcpp/rclcpp/executor_options.hpp:20,
                 from /opt/ros/humble/include/rclcpp/rclcpp/executor.hpp:37,
                 from /opt/ros/humble/include/rclcpp/rclcpp/executors/multi_threaded_executor.hpp:25,
                 from /opt/ros/humble/include/rclcpp/rclcpp/executors.hpp:21,
                 from /opt/ros/humble/include/rclcpp/rclcpp/rclcpp.hpp:155,
                 from /home/jiaverso/Desktop/SparkCar_ROS2_WS/SparkCar_Navigation/src/teb_local_planner/costmap_converter/costmap_converter/include/costmap_converter/costmap_to_polygons.h:42,
                 from /home/jiaverso/Desktop/SparkCar_ROS2_WS/SparkCar_Navigation/src/teb_local_planner/costmap_converter/costmap_converter/include/costmap_converter/costmap_to_polygons_concave.h:42,
                 from /home/jiaverso/Desktop/SparkCar_ROS2_WS/SparkCar_Navigation/src/teb_local_planner/costmap_converter/costmap_converter/src/costmap_to_polygons_concave.cpp:39:
/home/jiaverso/Desktop/SparkCar_ROS2_WS/SparkCar_Navigation/src/teb_local_planner/costmap_converter/costmap_converter/include/costmap_converter/costmap_converter_interface.h: In member function ‘void costmap_converter::BaseCostmapToPolygons::startWorker(rclcpp::GenericRate<std::chrono::_V2::system_clock>::SharedPtr, nav2_costmap_2d::Costmap2D*, bool)’:
/home/jiaverso/Desktop/SparkCar_ROS2_WS/SparkCar_Navigation/src/teb_local_planner/costmap_converter/costmap_converter/include/costmap_converter/costmap_converter_interface.h:197:41: warning: too many arguments for format [-Wformat-extra-args]
  197 |         RCLCPP_DEBUG(nh_->get_logger(), "costmap_converter", "Spinning up a thread for the CostmapToPolygons plugin");
      |                                         ^~~~~~~~~~~~~~~~~~~
/home/jiaverso/Desktop/SparkCar_ROS2_WS/SparkCar_Navigation/src/teb_local_planner/costmap_converter/costmap_converter/include/costmap_converter/costmap_converter_interface.h: In member function ‘void costmap_converter::BaseCostmapToDynamicObstacles::loadStaticCostmapConverterPlugin(const string&, rclcpp::Node::SharedPtr)’:
/home/jiaverso/Desktop/SparkCar_ROS2_WS/SparkCar_Navigation/src/teb_local_planner/costmap_converter/costmap_converter/include/costmap_converter/costmap_converter_interface.h:313:32: warning: format ‘%s’ expects argument of type ‘char*’, but argument 5 has type ‘const string’ {aka ‘const std::__cxx11::basic_string<char>’} [-Wformat=]
  313 |       RCLCPP_INFO(getLogger(), "CostmapToDynamicObstacles: underlying costmap conversion plugin for static obstacles %s loaded.", plugin_name);
      |                                ^~~~~~~~~~~~~~~~~~~~~~~~~~~~~~~~~~~~~~~~~~~~~~~~~~~~~~~~~~~~~~~~~~~~~~~~~~~~~~~~~~~~~~~~~~~~~~~~~
In file included from /home/jiaverso/Desktop/SparkCar_ROS2_WS/SparkCar_Navigation/src/teb_local_planner/costmap_converter/costmap_converter/include/costmap_converter/costmap_to_polygons.h:43,
                 from /home/jiaverso/Desktop/SparkCar_ROS2_WS/SparkCar_Navigation/src/teb_local_planner/costmap_converter/costmap_converter/include/costmap_converter/costmap_to_polygons_concave.h:42,
                 from /home/jiaverso/Desktop/SparkCar_ROS2_WS/SparkCar_Navigation/src/teb_local_planner/costmap_converter/costmap_converter/src/costmap_to_polygons_concave.cpp:39:
/home/jiaverso/Desktop/SparkCar_ROS2_WS/SparkCar_Navigation/src/teb_local_planner/costmap_converter/costmap_converter/include/costmap_converter/costmap_converter_interface.h:313:119: note: format string is defined here
  313 |       RCLCPP_INFO(getLogger(), "CostmapToDynamicObstacles: underlying costmap conversion plugin for static obstacles %s loaded.", plugin_name);
      |                                                                                                                      ~^
      |                                                                                                                       |
      |                                                                                                                       char*
In file included from /opt/ros/humble/include/rclcpp/rclcpp/logging.hpp:24,
                 from /opt/ros/humble/include/rclcpp/rclcpp/client.hpp:40,
                 from /opt/ros/humble/include/rclcpp/rclcpp/callback_group.hpp:24,
                 from /opt/ros/humble/include/rclcpp/rclcpp/any_executable.hpp:20,
                 from /opt/ros/humble/include/rclcpp/rclcpp/memory_strategy.hpp:25,
                 from /opt/ros/humble/include/rclcpp/rclcpp/memory_strategies.hpp:18,
                 from /opt/ros/humble/include/rclcpp/rclcpp/executor_options.hpp:20,
                 from /opt/ros/humble/include/rclcpp/rclcpp/executor.hpp:37,
                 from /opt/ros/humble/include/rclcpp/rclcpp/executors/multi_threaded_executor.hpp:25,
                 from /opt/ros/humble/include/rclcpp/rclcpp/executors.hpp:21,
                 from /opt/ros/humble/include/rclcpp/rclcpp/rclcpp.hpp:155,
                 from /home/jiaverso/Desktop/SparkCar_ROS2_WS/SparkCar_Navigation/src/teb_local_planner/costmap_converter/costmap_converter/include/costmap_converter/costmap_converter_interface.h:46,
                 from /home/jiaverso/Desktop/SparkCar_ROS2_WS/SparkCar_Navigation/src/teb_local_planner/costmap_converter/costmap_converter/include/costmap_converter/costmap_to_lines_ransac.h:42,
                 from /home/jiaverso/Desktop/SparkCar_ROS2_WS/SparkCar_Navigation/src/teb_local_planner/costmap_converter/costmap_converter/src/costmap_to_lines_ransac.cpp:39:
/home/jiaverso/Desktop/SparkCar_ROS2_WS/SparkCar_Navigation/src/teb_local_planner/costmap_converter/costmap_converter/include/costmap_converter/costmap_converter_interface.h: In member function ‘void costmap_converter::BaseCostmapToPolygons::startWorker(rclcpp::GenericRate<std::chrono::_V2::system_clock>::SharedPtr, nav2_costmap_2d::Costmap2D*, bool)’:
/home/jiaverso/Desktop/SparkCar_ROS2_WS/SparkCar_Navigation/src/teb_local_planner/costmap_converter/costmap_converter/include/costmap_converter/costmap_converter_interface.h:197:41: warning: too many arguments for format [-Wformat-extra-args]
  197 |         RCLCPP_DEBUG(nh_->get_logger(), "costmap_converter", "Spinning up a thread for the CostmapToPolygons plugin");
      |                                         ^~~~~~~~~~~~~~~~~~~
In file included from /opt/ros/humble/include/rclcpp/rclcpp/logging.hpp:24,
                 from /opt/ros/humble/include/rclcpp/rclcpp/client.hpp:40,
                 from /opt/ros/humble/include/rclcpp/rclcpp/callback_group.hpp:24,
                 from /opt/ros/humble/include/rclcpp/rclcpp/any_executable.hpp:20,
                 from /opt/ros/humble/include/rclcpp/rclcpp/memory_strategy.hpp:25,
                 from /opt/ros/humble/include/rclcpp/rclcpp/memory_strategies.hpp:18,
                 from /opt/ros/humble/include/rclcpp/rclcpp/executor_options.hpp:20,
                 from /opt/ros/humble/include/rclcpp/rclcpp/executor.hpp:37,
                 from /opt/ros/humble/include/rclcpp/rclcpp/executors/multi_threaded_executor.hpp:25,
                 from /opt/ros/humble/include/rclcpp/rclcpp/executors.hpp:21,
                 from /opt/ros/humble/include/rclcpp/rclcpp/rclcpp.hpp:155,
                 from /home/jiaverso/Desktop/SparkCar_ROS2_WS/SparkCar_Navigation/src/teb_local_planner/costmap_converter/costmap_converter/include/costmap_converter/costmap_to_polygons.h:42,
                 from /home/jiaverso/Desktop/SparkCar_ROS2_WS/SparkCar_Navigation/src/teb_local_planner/costmap_converter/costmap_converter/src/costmap_to_polygons.cpp:39:
/home/jiaverso/Desktop/SparkCar_ROS2_WS/SparkCar_Navigation/src/teb_local_planner/costmap_converter/costmap_converter/include/costmap_converter/costmap_converter_interface.h: In member function ‘void costmap_converter::BaseCostmapToPolygons::startWorker(rclcpp::GenericRate<std::chrono::_V2::system_clock>::SharedPtr, nav2_costmap_2d::Costmap2D*, bool)’:
/home/jiaverso/Desktop/SparkCar_ROS2_WS/SparkCar_Navigation/src/teb_local_planner/costmap_converter/costmap_converter/include/costmap_converter/costmap_converter_interface.h:197:41: warning: too many arguments for format [-Wformat-extra-args]
  197 |         RCLCPP_DEBUG(nh_->get_logger(), "costmap_converter", "Spinning up a thread for the CostmapToPolygons plugin");
      |                                         ^~~~~~~~~~~~~~~~~~~
/home/jiaverso/Desktop/SparkCar_ROS2_WS/SparkCar_Navigation/src/teb_local_planner/costmap_converter/costmap_converter/include/costmap_converter/costmap_converter_interface.h: In member function ‘void costmap_converter::BaseCostmapToDynamicObstacles::loadStaticCostmapConverterPlugin(const string&, rclcpp::Node::SharedPtr)’:
/home/jiaverso/Desktop/SparkCar_ROS2_WS/SparkCar_Navigation/src/teb_local_planner/costmap_converter/costmap_converter/include/costmap_converter/costmap_converter_interface.h:313:32: warning: format ‘%s’ expects argument of type ‘char*’, but argument 5 has type ‘const string’ {aka ‘const std::__cxx11::basic_string<char>’} [-Wformat=]
  313 |       RCLCPP_INFO(getLogger(), "CostmapToDynamicObstacles: underlying costmap conversion plugin for static obstacles %s loaded.", plugin_name);
      |                                ^~~~~~~~~~~~~~~~~~~~~~~~~~~~~~~~~~~~~~~~~~~~~~~~~~~~~~~~~~~~~~~~~~~~~~~~~~~~~~~~~~~~~~~~~~~~~~~~~
In file included from /home/jiaverso/Desktop/SparkCar_ROS2_WS/SparkCar_Navigation/src/teb_local_planner/costmap_converter/costmap_converter/include/costmap_converter/costmap_to_lines_ransac.h:42,
                 from /home/jiaverso/Desktop/SparkCar_ROS2_WS/SparkCar_Navigation/src/teb_local_planner/costmap_converter/costmap_converter/src/costmap_to_lines_ransac.cpp:39:
/home/jiaverso/Desktop/SparkCar_ROS2_WS/SparkCar_Navigation/src/teb_local_planner/costmap_converter/costmap_converter/include/costmap_converter/costmap_converter_interface.h:313:119: note: format string is defined here
  313 |       RCLCPP_INFO(getLogger(), "CostmapToDynamicObstacles: underlying costmap conversion plugin for static obstacles %s loaded.", plugin_name);
      |                                                                                                                      ~^
      |                                                                                                                       |
      |                                                                                                                       char*
/home/jiaverso/Desktop/SparkCar_ROS2_WS/SparkCar_Navigation/src/teb_local_planner/costmap_converter/costmap_converter/include/costmap_converter/costmap_converter_interface.h: In member function ‘void costmap_converter::BaseCostmapToDynamicObstacles::loadStaticCostmapConverterPlugin(const string&, rclcpp::Node::SharedPtr)’:
/home/jiaverso/Desktop/SparkCar_ROS2_WS/SparkCar_Navigation/src/teb_local_planner/costmap_converter/costmap_converter/include/costmap_converter/costmap_converter_interface.h:313:32: warning: format ‘%s’ expects argument of type ‘char*’, but argument 5 has type ‘const string’ {aka ‘const std::__cxx11::basic_string<char>’} [-Wformat=]
  313 |       RCLCPP_INFO(getLogger(), "CostmapToDynamicObstacles: underlying costmap conversion plugin for static obstacles %s loaded.", plugin_name);
      |                                ^~~~~~~~~~~~~~~~~~~~~~~~~~~~~~~~~~~~~~~~~~~~~~~~~~~~~~~~~~~~~~~~~~~~~~~~~~~~~~~~~~~~~~~~~~~~~~~~~
In file included from /home/jiaverso/Desktop/SparkCar_ROS2_WS/SparkCar_Navigation/src/teb_local_planner/costmap_converter/costmap_converter/include/costmap_converter/costmap_to_polygons.h:43,
                 from /home/jiaverso/Desktop/SparkCar_ROS2_WS/SparkCar_Navigation/src/teb_local_planner/costmap_converter/costmap_converter/src/costmap_to_polygons.cpp:39:
/home/jiaverso/Desktop/SparkCar_ROS2_WS/SparkCar_Navigation/src/teb_local_planner/costmap_converter/costmap_converter/include/costmap_converter/costmap_converter_interface.h:313:119: note: format string is defined here
  313 |       RCLCPP_INFO(getLogger(), "CostmapToDynamicObstacles: underlying costmap conversion plugin for static obstacles %s loaded.", plugin_name);
      |                                                                                                                      ~^
      |                                                                                                                       |
      |                                                                                                                       char*
In file included from /opt/ros/humble/include/rclcpp/rclcpp/logging.hpp:24,
                 from /opt/ros/humble/include/rclcpp/rclcpp/client.hpp:40,
                 from /opt/ros/humble/include/rclcpp/rclcpp/callback_group.hpp:24,
                 from /opt/ros/humble/include/rclcpp/rclcpp/any_executable.hpp:20,
                 from /opt/ros/humble/include/rclcpp/rclcpp/memory_strategy.hpp:25,
                 from /opt/ros/humble/include/rclcpp/rclcpp/memory_strategies.hpp:18,
                 from /opt/ros/humble/include/rclcpp/rclcpp/executor_options.hpp:20,
                 from /opt/ros/humble/include/rclcpp/rclcpp/executor.hpp:37,
                 from /opt/ros/humble/include/rclcpp/rclcpp/executors/multi_threaded_executor.hpp:25,
                 from /opt/ros/humble/include/rclcpp/rclcpp/executors.hpp:21,
                 from /opt/ros/humble/include/rclcpp/rclcpp/rclcpp.hpp:155,
                 from /home/jiaverso/Desktop/SparkCar_ROS2_WS/SparkCar_Navigation/src/teb_local_planner/costmap_converter/costmap_converter/include/costmap_converter/costmap_converter_interface.h:46,
                 from /home/jiaverso/Desktop/SparkCar_ROS2_WS/SparkCar_Navigation/src/teb_local_planner/costmap_converter/costmap_converter/include/costmap_converter/costmap_to_dynamic_obstacles/costmap_to_dynamic_obstacles.h:47,
                 from /home/jiaverso/Desktop/SparkCar_ROS2_WS/SparkCar_Navigation/src/teb_local_planner/costmap_converter/costmap_converter/src/costmap_to_dynamic_obstacles/costmap_to_dynamic_obstacles.cpp:1:
/home/jiaverso/Desktop/SparkCar_ROS2_WS/SparkCar_Navigation/src/teb_local_planner/costmap_converter/costmap_converter/include/costmap_converter/costmap_converter_interface.h: In member function ‘void costmap_converter::BaseCostmapToPolygons::startWorker(rclcpp::GenericRate<std::chrono::_V2::system_clock>::SharedPtr, nav2_costmap_2d::Costmap2D*, bool)’:
/home/jiaverso/Desktop/SparkCar_ROS2_WS/SparkCar_Navigation/src/teb_local_planner/costmap_converter/costmap_converter/include/costmap_converter/costmap_converter_interface.h:197:41: warning: too many arguments for format [-Wformat-extra-args]
  197 |         RCLCPP_DEBUG(nh_->get_logger(), "costmap_converter", "Spinning up a thread for the CostmapToPolygons plugin");
      |                                         ^~~~~~~~~~~~~~~~~~~
/home/jiaverso/Desktop/SparkCar_ROS2_WS/SparkCar_Navigation/src/teb_local_planner/costmap_converter/costmap_converter/include/costmap_converter/costmap_converter_interface.h: In member function ‘void costmap_converter::BaseCostmapToDynamicObstacles::loadStaticCostmapConverterPlugin(const string&, rclcpp::Node::SharedPtr)’:
/home/jiaverso/Desktop/SparkCar_ROS2_WS/SparkCar_Navigation/src/teb_local_planner/costmap_converter/costmap_converter/include/costmap_converter/costmap_converter_interface.h:313:32: warning: format ‘%s’ expects argument of type ‘char*’, but argument 5 has type ‘const string’ {aka ‘const std::__cxx11::basic_string<char>’} [-Wformat=]
  313 |       RCLCPP_INFO(getLogger(), "CostmapToDynamicObstacles: underlying costmap conversion plugin for static obstacles %s loaded.", plugin_name);
      |                                ^~~~~~~~~~~~~~~~~~~~~~~~~~~~~~~~~~~~~~~~~~~~~~~~~~~~~~~~~~~~~~~~~~~~~~~~~~~~~~~~~~~~~~~~~~~~~~~~~
In file included from /home/jiaverso/Desktop/SparkCar_ROS2_WS/SparkCar_Navigation/src/teb_local_planner/costmap_converter/costmap_converter/include/costmap_converter/costmap_to_dynamic_obstacles/costmap_to_dynamic_obstacles.h:47,
                 from /home/jiaverso/Desktop/SparkCar_ROS2_WS/SparkCar_Navigation/src/teb_local_planner/costmap_converter/costmap_converter/src/costmap_to_dynamic_obstacles/costmap_to_dynamic_obstacles.cpp:1:
/home/jiaverso/Desktop/SparkCar_ROS2_WS/SparkCar_Navigation/src/teb_local_planner/costmap_converter/costmap_converter/include/costmap_converter/costmap_converter_interface.h:313:119: note: format string is defined here
  313 |       RCLCPP_INFO(getLogger(), "CostmapToDynamicObstacles: underlying costmap conversion plugin for static obstacles %s loaded.", plugin_name);
      |                                                                                                                      ~^
      |                                                                                                                       |
      |                                                                                                                       char*
In file included from /opt/ros/humble/include/rclcpp/rclcpp/logging.hpp:24,
                 from /opt/ros/humble/include/rclcpp/rclcpp/client.hpp:40,
                 from /opt/ros/humble/include/rclcpp/rclcpp/callback_group.hpp:24,
                 from /opt/ros/humble/include/rclcpp/rclcpp/any_executable.hpp:20,
                 from /opt/ros/humble/include/rclcpp/rclcpp/memory_strategy.hpp:25,
                 from /opt/ros/humble/include/rclcpp/rclcpp/memory_strategies.hpp:18,
                 from /opt/ros/humble/include/rclcpp/rclcpp/executor_options.hpp:20,
                 from /opt/ros/humble/include/rclcpp/rclcpp/executor.hpp:37,
                 from /opt/ros/humble/include/rclcpp/rclcpp/executors/multi_threaded_executor.hpp:25,
                 from /opt/ros/humble/include/rclcpp/rclcpp/executors.hpp:21,
                 from /opt/ros/humble/include/rclcpp/rclcpp/rclcpp.hpp:155,
                 from /home/jiaverso/Desktop/SparkCar_ROS2_WS/SparkCar_Navigation/src/teb_local_planner/costmap_converter/costmap_converter/include/costmap_converter/costmap_converter_interface.h:46,
                 from /home/jiaverso/Desktop/SparkCar_ROS2_WS/SparkCar_Navigation/src/teb_local_planner/costmap_converter/costmap_converter/include/costmap_converter/costmap_to_lines_convex_hull.h:42,
                 from /home/jiaverso/Desktop/SparkCar_ROS2_WS/SparkCar_Navigation/src/teb_local_planner/costmap_converter/costmap_converter/src/costmap_to_lines_convex_hull.cpp:39:
/home/jiaverso/Desktop/SparkCar_ROS2_WS/SparkCar_Navigation/src/teb_local_planner/costmap_converter/costmap_converter/include/costmap_converter/costmap_converter_interface.h: In member function ‘void costmap_converter::BaseCostmapToPolygons::startWorker(rclcpp::GenericRate<std::chrono::_V2::system_clock>::SharedPtr, nav2_costmap_2d::Costmap2D*, bool)’:
/home/jiaverso/Desktop/SparkCar_ROS2_WS/SparkCar_Navigation/src/teb_local_planner/costmap_converter/costmap_converter/include/costmap_converter/costmap_converter_interface.h:197:41: warning: too many arguments for format [-Wformat-extra-args]
  197 |         RCLCPP_DEBUG(nh_->get_logger(), "costmap_converter", "Spinning up a thread for the CostmapToPolygons plugin");
      |                                         ^~~~~~~~~~~~~~~~~~~
/home/jiaverso/Desktop/SparkCar_ROS2_WS/SparkCar_Navigation/src/teb_local_planner/costmap_converter/costmap_converter/include/costmap_converter/costmap_converter_interface.h: In member function ‘void costmap_converter::BaseCostmapToDynamicObstacles::loadStaticCostmapConverterPlugin(const string&, rclcpp::Node::SharedPtr)’:
/home/jiaverso/Desktop/SparkCar_ROS2_WS/SparkCar_Navigation/src/teb_local_planner/costmap_converter/costmap_converter/include/costmap_converter/costmap_converter_interface.h:313:32: warning: format ‘%s’ expects argument of type ‘char*’, but argument 5 has type ‘const string’ {aka ‘const std::__cxx11::basic_string<char>’} [-Wformat=]
  313 |       RCLCPP_INFO(getLogger(), "CostmapToDynamicObstacles: underlying costmap conversion plugin for static obstacles %s loaded.", plugin_name);
      |                                ^~~~~~~~~~~~~~~~~~~~~~~~~~~~~~~~~~~~~~~~~~~~~~~~~~~~~~~~~~~~~~~~~~~~~~~~~~~~~~~~~~~~~~~~~~~~~~~~~
In file included from /home/jiaverso/Desktop/SparkCar_ROS2_WS/SparkCar_Navigation/src/teb_local_planner/costmap_converter/costmap_converter/include/costmap_converter/costmap_to_lines_convex_hull.h:42,
                 from /home/jiaverso/Desktop/SparkCar_ROS2_WS/SparkCar_Navigation/src/teb_local_planner/costmap_converter/costmap_converter/src/costmap_to_lines_convex_hull.cpp:39:
/home/jiaverso/Desktop/SparkCar_ROS2_WS/SparkCar_Navigation/src/teb_local_planner/costmap_converter/costmap_converter/include/costmap_converter/costmap_converter_interface.h:313:119: note: format string is defined here
  313 |       RCLCPP_INFO(getLogger(), "CostmapToDynamicObstacles: underlying costmap conversion plugin for static obstacles %s loaded.", plugin_name);
      |                                                                                                                      ~^
      |                                                                                                                       |
      |                                                                                                                       char*
[ 52%] Linking CXX shared library libcostmap_converter.so
[ 78%] Built target costmap_converter
Consolidate compiler generated dependencies of target standalone_converter
Consolidate compiler generated dependencies of target test_costmap_polygons
[ 84%] Building CXX object CMakeFiles/test_costmap_polygons.dir/test/costmap_polygons.cpp.o
[ 89%] Building CXX object CMakeFiles/standalone_converter.dir/src/costmap_converter_node.cpp.o
In file included from /opt/ros/humble/include/rclcpp/rclcpp/logging.hpp:24,
                 from /opt/ros/humble/include/rclcpp/rclcpp/client.hpp:40,
                 from /opt/ros/humble/include/rclcpp/rclcpp/callback_group.hpp:24,
                 from /opt/ros/humble/include/rclcpp/rclcpp/any_executable.hpp:20,
                 from /opt/ros/humble/include/rclcpp/rclcpp/memory_strategy.hpp:25,
                 from /opt/ros/humble/include/rclcpp/rclcpp/memory_strategies.hpp:18,
                 from /opt/ros/humble/include/rclcpp/rclcpp/executor_options.hpp:20,
                 from /opt/ros/humble/include/rclcpp/rclcpp/executor.hpp:37,
                 from /opt/ros/humble/include/rclcpp/rclcpp/executors/multi_threaded_executor.hpp:25,
                 from /opt/ros/humble/include/rclcpp/rclcpp/executors.hpp:21,
                 from /opt/ros/humble/include/rclcpp/rclcpp/rclcpp.hpp:155,
                 from /home/jiaverso/Desktop/SparkCar_ROS2_WS/SparkCar_Navigation/src/teb_local_planner/costmap_converter/costmap_converter/src/costmap_converter_node.cpp:40:
/home/jiaverso/Desktop/SparkCar_ROS2_WS/SparkCar_Navigation/src/teb_local_planner/costmap_converter/costmap_converter/include/costmap_converter/costmap_converter_interface.h: In member function ‘void costmap_converter::BaseCostmapToPolygons::startWorker(rclcpp::GenericRate<std::chrono::_V2::system_clock>::SharedPtr, nav2_costmap_2d::Costmap2D*, bool)’:
/home/jiaverso/Desktop/SparkCar_ROS2_WS/SparkCar_Navigation/src/teb_local_planner/costmap_converter/costmap_converter/include/costmap_converter/costmap_converter_interface.h:197:41: warning: too many arguments for format [-Wformat-extra-args]
  197 |         RCLCPP_DEBUG(nh_->get_logger(), "costmap_converter", "Spinning up a thread for the CostmapToPolygons plugin");
      |                                         ^~~~~~~~~~~~~~~~~~~
/home/jiaverso/Desktop/SparkCar_ROS2_WS/SparkCar_Navigation/src/teb_local_planner/costmap_converter/costmap_converter/include/costmap_converter/costmap_converter_interface.h: In member function ‘void costmap_converter::BaseCostmapToDynamicObstacles::loadStaticCostmapConverterPlugin(const string&, rclcpp::Node::SharedPtr)’:
/home/jiaverso/Desktop/SparkCar_ROS2_WS/SparkCar_Navigation/src/teb_local_planner/costmap_converter/costmap_converter/include/costmap_converter/costmap_converter_interface.h:313:32: warning: format ‘%s’ expects argument of type ‘char*’, but argument 5 has type ‘const string’ {aka ‘const std::__cxx11::basic_string<char>’} [-Wformat=]
  313 |       RCLCPP_INFO(getLogger(), "CostmapToDynamicObstacles: underlying costmap conversion plugin for static obstacles %s loaded.", plugin_name);
      |                                ^~~~~~~~~~~~~~~~~~~~~~~~~~~~~~~~~~~~~~~~~~~~~~~~~~~~~~~~~~~~~~~~~~~~~~~~~~~~~~~~~~~~~~~~~~~~~~~~~
In file included from /home/jiaverso/Desktop/SparkCar_ROS2_WS/SparkCar_Navigation/src/teb_local_planner/costmap_converter/costmap_converter/src/costmap_converter_node.cpp:47:
/home/jiaverso/Desktop/SparkCar_ROS2_WS/SparkCar_Navigation/src/teb_local_planner/costmap_converter/costmap_converter/include/costmap_converter/costmap_converter_interface.h:313:119: note: format string is defined here
  313 |       RCLCPP_INFO(getLogger(), "CostmapToDynamicObstacles: underlying costmap conversion plugin for static obstacles %s loaded.", plugin_name);
      |                                                                                                                      ~^
      |                                                                                                                       |
      |                                                                                                                       char*
In file included from /opt/ros/humble/include/rclcpp/rclcpp/logging.hpp:24,
                 from /opt/ros/humble/include/rclcpp/rclcpp/client.hpp:40,
                 from /opt/ros/humble/include/rclcpp/rclcpp/callback_group.hpp:24,
                 from /opt/ros/humble/include/rclcpp/rclcpp/any_executable.hpp:20,
                 from /opt/ros/humble/include/rclcpp/rclcpp/memory_strategy.hpp:25,
                 from /opt/ros/humble/include/rclcpp/rclcpp/memory_strategies.hpp:18,
                 from /opt/ros/humble/include/rclcpp/rclcpp/executor_options.hpp:20,
                 from /opt/ros/humble/include/rclcpp/rclcpp/executor.hpp:37,
                 from /opt/ros/humble/include/rclcpp/rclcpp/executors/multi_threaded_executor.hpp:25,
                 from /opt/ros/humble/include/rclcpp/rclcpp/executors.hpp:21,
                 from /opt/ros/humble/include/rclcpp/rclcpp/rclcpp.hpp:155,
                 from /home/jiaverso/Desktop/SparkCar_ROS2_WS/SparkCar_Navigation/src/teb_local_planner/costmap_converter/costmap_converter/include/costmap_converter/costmap_to_polygons.h:42,
                 from /home/jiaverso/Desktop/SparkCar_ROS2_WS/SparkCar_Navigation/src/teb_local_planner/costmap_converter/costmap_converter/test/costmap_polygons.cpp:5:
/home/jiaverso/Desktop/SparkCar_ROS2_WS/SparkCar_Navigation/src/teb_local_planner/costmap_converter/costmap_converter/include/costmap_converter/costmap_converter_interface.h: In member function ‘void costmap_converter::BaseCostmapToPolygons::startWorker(rclcpp::GenericRate<std::chrono::_V2::system_clock>::SharedPtr, nav2_costmap_2d::Costmap2D*, bool)’:
/home/jiaverso/Desktop/SparkCar_ROS2_WS/SparkCar_Navigation/src/teb_local_planner/costmap_converter/costmap_converter/include/costmap_converter/costmap_converter_interface.h:197:41: warning: too many arguments for format [-Wformat-extra-args]
  197 |         RCLCPP_DEBUG(nh_->get_logger(), "costmap_converter", "Spinning up a thread for the CostmapToPolygons plugin");
      |                                         ^~~~~~~~~~~~~~~~~~~
/home/jiaverso/Desktop/SparkCar_ROS2_WS/SparkCar_Navigation/src/teb_local_planner/costmap_converter/costmap_converter/include/costmap_converter/costmap_converter_interface.h: In member function ‘void costmap_converter::BaseCostmapToDynamicObstacles::loadStaticCostmapConverterPlugin(const string&, rclcpp::Node::SharedPtr)’:
/home/jiaverso/Desktop/SparkCar_ROS2_WS/SparkCar_Navigation/src/teb_local_planner/costmap_converter/costmap_converter/include/costmap_converter/costmap_converter_interface.h:313:32: warning: format ‘%s’ expects argument of type ‘char*’, but argument 5 has type ‘const string’ {aka ‘const std::__cxx11::basic_string<char>’} [-Wformat=]
  313 |       RCLCPP_INFO(getLogger(), "CostmapToDynamicObstacles: underlying costmap conversion plugin for static obstacles %s loaded.", plugin_name);
      |                                ^~~~~~~~~~~~~~~~~~~~~~~~~~~~~~~~~~~~~~~~~~~~~~~~~~~~~~~~~~~~~~~~~~~~~~~~~~~~~~~~~~~~~~~~~~~~~~~~~
In file included from /home/jiaverso/Desktop/SparkCar_ROS2_WS/SparkCar_Navigation/src/teb_local_planner/costmap_converter/costmap_converter/include/costmap_converter/costmap_to_polygons.h:43,
                 from /home/jiaverso/Desktop/SparkCar_ROS2_WS/SparkCar_Navigation/src/teb_local_planner/costmap_converter/costmap_converter/test/costmap_polygons.cpp:5:
/home/jiaverso/Desktop/SparkCar_ROS2_WS/SparkCar_Navigation/src/teb_local_planner/costmap_converter/costmap_converter/include/costmap_converter/costmap_converter_interface.h:313:119: note: format string is defined here
  313 |       RCLCPP_INFO(getLogger(), "CostmapToDynamicObstacles: underlying costmap conversion plugin for static obstacles %s loaded.", plugin_name);
      |                                                                                                                      ~^
      |                                                                                                                       |
      |                                                                                                                       char*
[ 94%] Linking CXX executable test_costmap_polygons
[ 94%] Built target test_costmap_polygons
[100%] Linking CXX executable standalone_converter
[100%] Built target standalone_converter
