[0.131s] DEBUG:colcon:Command line arguments: ['/usr/bin/colcon', 'build']
[0.131s] DEBUG:colcon:Parsed command line arguments: Namespace(log_base=None, log_level=None, verb_name='build', build_base='build', install_base='install', merge_install=False, symlink_install=False, test_result_base=None, continue_on_error=False, executor='parallel', parallel_workers=8, event_handlers=None, ignore_user_meta=False, metas=['./colcon.meta'], base_paths=['.'], packages_ignore=None, packages_ignore_regex=None, paths=None, packages_up_to=None, packages_up_to_regex=None, packages_above=None, packages_above_and_dependencies=None, packages_above_depth=None, packages_select_by_dep=None, packages_skip_by_dep=None, packages_skip_up_to=None, packages_select_build_failed=False, packages_skip_build_finished=False, packages_select_test_failures=False, packages_skip_test_passed=False, packages_select=None, packages_skip=None, packages_select_regex=None, packages_skip_regex=None, packages_start=None, packages_end=None, allow_overriding=[], cmake_args=None, cmake_target=None, cmake_target_skip_unavailable=False, cmake_clean_cache=False, cmake_clean_first=False, cmake_force_configure=False, ament_cmake_args=None, catkin_cmake_args=None, catkin_skip_building_tests=False, verb_parser=<colcon_defaults.argument_parser.defaults.DefaultArgumentsDecorator object at 0x7f898ab3fca0>, verb_extension=<colcon_core.verb.build.BuildVerb object at 0x7f898ac851b0>, main=<bound method BuildVerb.main of <colcon_core.verb.build.BuildVerb object at 0x7f898ac851b0>>)
[0.346s] Level 1:colcon.colcon_core.package_discovery:discover_packages(colcon_meta) check parameters
[0.346s] Level 1:colcon.colcon_core.package_discovery:discover_packages(recursive) check parameters
[0.346s] Level 1:colcon.colcon_core.package_discovery:discover_packages(ignore) check parameters
[0.346s] Level 1:colcon.colcon_core.package_discovery:discover_packages(path) check parameters
[0.347s] Level 1:colcon.colcon_core.package_discovery:discover_packages(colcon_meta) discover
[0.347s] Level 1:colcon.colcon_core.package_discovery:discover_packages(recursive) discover
[0.347s] INFO:colcon.colcon_core.package_discovery:Crawling recursively for packages in '/home/jiaverso/Desktop/SparkCar_ROS2_WS/SparkCar_Perception'
[0.347s] Level 1:colcon.colcon_core.package_identification:_identify(.) by extensions ['ignore', 'ignore_ament_install']
[0.347s] Level 1:colcon.colcon_core.package_identification:_identify(.) by extension 'ignore'
[0.347s] Level 1:colcon.colcon_core.package_identification:_identify(.) by extension 'ignore_ament_install'
[0.347s] Level 1:colcon.colcon_core.package_identification:_identify(.) by extensions ['colcon_pkg']
[0.347s] Level 1:colcon.colcon_core.package_identification:_identify(.) by extension 'colcon_pkg'
[0.347s] Level 1:colcon.colcon_core.package_identification:_identify(.) by extensions ['colcon_meta']
[0.347s] Level 1:colcon.colcon_core.package_identification:_identify(.) by extension 'colcon_meta'
[0.347s] Level 1:colcon.colcon_core.package_identification:_identify(.) by extensions ['ros']
[0.347s] Level 1:colcon.colcon_core.package_identification:_identify(.) by extension 'ros'
[0.361s] Level 1:colcon.colcon_core.package_identification:_identify(.) by extensions ['cmake', 'python']
[0.362s] Level 1:colcon.colcon_core.package_identification:_identify(.) by extension 'cmake'
[0.362s] Level 1:colcon.colcon_core.package_identification:_identify(.) by extension 'python'
[0.362s] Level 1:colcon.colcon_core.package_identification:_identify(.) by extensions ['python_setup_py']
[0.362s] Level 1:colcon.colcon_core.package_identification:_identify(.) by extension 'python_setup_py'
[0.362s] Level 1:colcon.colcon_core.package_identification:_identify(build) by extensions ['ignore', 'ignore_ament_install']
[0.362s] Level 1:colcon.colcon_core.package_identification:_identify(build) by extension 'ignore'
[0.362s] Level 1:colcon.colcon_core.package_identification:_identify(build) ignored
[0.362s] Level 1:colcon.colcon_core.package_identification:_identify(install) by extensions ['ignore', 'ignore_ament_install']
[0.362s] Level 1:colcon.colcon_core.package_identification:_identify(install) by extension 'ignore'
[0.362s] Level 1:colcon.colcon_core.package_identification:_identify(install) ignored
[0.363s] Level 1:colcon.colcon_core.package_identification:_identify(log) by extensions ['ignore', 'ignore_ament_install']
[0.363s] Level 1:colcon.colcon_core.package_identification:_identify(log) by extension 'ignore'
[0.363s] Level 1:colcon.colcon_core.package_identification:_identify(log) ignored
[0.363s] Level 1:colcon.colcon_core.package_identification:_identify(src) by extensions ['ignore', 'ignore_ament_install']
[0.363s] Level 1:colcon.colcon_core.package_identification:_identify(src) by extension 'ignore'
[0.363s] Level 1:colcon.colcon_core.package_identification:_identify(src) by extension 'ignore_ament_install'
[0.363s] Level 1:colcon.colcon_core.package_identification:_identify(src) by extensions ['colcon_pkg']
[0.363s] Level 1:colcon.colcon_core.package_identification:_identify(src) by extension 'colcon_pkg'
[0.363s] Level 1:colcon.colcon_core.package_identification:_identify(src) by extensions ['colcon_meta']
[0.363s] Level 1:colcon.colcon_core.package_identification:_identify(src) by extension 'colcon_meta'
[0.363s] Level 1:colcon.colcon_core.package_identification:_identify(src) by extensions ['ros']
[0.363s] Level 1:colcon.colcon_core.package_identification:_identify(src) by extension 'ros'
[0.363s] Level 1:colcon.colcon_core.package_identification:_identify(src) by extensions ['cmake', 'python']
[0.363s] Level 1:colcon.colcon_core.package_identification:_identify(src) by extension 'cmake'
[0.363s] Level 1:colcon.colcon_core.package_identification:_identify(src) by extension 'python'
[0.363s] Level 1:colcon.colcon_core.package_identification:_identify(src) by extensions ['python_setup_py']
[0.363s] Level 1:colcon.colcon_core.package_identification:_identify(src) by extension 'python_setup_py'
[0.364s] Level 1:colcon.colcon_core.package_identification:_identify(src/FASTLIO2_ROS2) by extensions ['ignore', 'ignore_ament_install']
[0.364s] Level 1:colcon.colcon_core.package_identification:_identify(src/FASTLIO2_ROS2) by extension 'ignore'
[0.364s] Level 1:colcon.colcon_core.package_identification:_identify(src/FASTLIO2_ROS2) by extension 'ignore_ament_install'
[0.364s] Level 1:colcon.colcon_core.package_identification:_identify(src/FASTLIO2_ROS2) by extensions ['colcon_pkg']
[0.364s] Level 1:colcon.colcon_core.package_identification:_identify(src/FASTLIO2_ROS2) by extension 'colcon_pkg'
[0.364s] Level 1:colcon.colcon_core.package_identification:_identify(src/FASTLIO2_ROS2) by extensions ['colcon_meta']
[0.364s] Level 1:colcon.colcon_core.package_identification:_identify(src/FASTLIO2_ROS2) by extension 'colcon_meta'
[0.364s] Level 1:colcon.colcon_core.package_identification:_identify(src/FASTLIO2_ROS2) by extensions ['ros']
[0.364s] Level 1:colcon.colcon_core.package_identification:_identify(src/FASTLIO2_ROS2) by extension 'ros'
[0.364s] Level 1:colcon.colcon_core.package_identification:_identify(src/FASTLIO2_ROS2) by extensions ['cmake', 'python']
[0.364s] Level 1:colcon.colcon_core.package_identification:_identify(src/FASTLIO2_ROS2) by extension 'cmake'
[0.364s] Level 1:colcon.colcon_core.package_identification:_identify(src/FASTLIO2_ROS2) by extension 'python'
[0.364s] Level 1:colcon.colcon_core.package_identification:_identify(src/FASTLIO2_ROS2) by extensions ['python_setup_py']
[0.364s] Level 1:colcon.colcon_core.package_identification:_identify(src/FASTLIO2_ROS2) by extension 'python_setup_py'
[0.365s] Level 1:colcon.colcon_core.package_identification:_identify(src/FASTLIO2_ROS2/fastlio2) by extensions ['ignore', 'ignore_ament_install']
[0.365s] Level 1:colcon.colcon_core.package_identification:_identify(src/FASTLIO2_ROS2/fastlio2) by extension 'ignore'
[0.365s] Level 1:colcon.colcon_core.package_identification:_identify(src/FASTLIO2_ROS2/fastlio2) by extension 'ignore_ament_install'
[0.365s] Level 1:colcon.colcon_core.package_identification:_identify(src/FASTLIO2_ROS2/fastlio2) by extensions ['colcon_pkg']
[0.365s] Level 1:colcon.colcon_core.package_identification:_identify(src/FASTLIO2_ROS2/fastlio2) by extension 'colcon_pkg'
[0.365s] Level 1:colcon.colcon_core.package_identification:_identify(src/FASTLIO2_ROS2/fastlio2) by extensions ['colcon_meta']
[0.365s] Level 1:colcon.colcon_core.package_identification:_identify(src/FASTLIO2_ROS2/fastlio2) by extension 'colcon_meta'
[0.365s] Level 1:colcon.colcon_core.package_identification:_identify(src/FASTLIO2_ROS2/fastlio2) by extensions ['ros']
[0.365s] Level 1:colcon.colcon_core.package_identification:_identify(src/FASTLIO2_ROS2/fastlio2) by extension 'ros'
[0.369s] DEBUG:colcon.colcon_core.package_identification:Package 'src/FASTLIO2_ROS2/fastlio2' with type 'ros.ament_cmake' and name 'fastlio2'
[0.369s] Level 1:colcon.colcon_core.package_identification:_identify(src/FASTLIO2_ROS2/hba) by extensions ['ignore', 'ignore_ament_install']
[0.370s] Level 1:colcon.colcon_core.package_identification:_identify(src/FASTLIO2_ROS2/hba) by extension 'ignore'
[0.370s] Level 1:colcon.colcon_core.package_identification:_identify(src/FASTLIO2_ROS2/hba) by extension 'ignore_ament_install'
[0.370s] Level 1:colcon.colcon_core.package_identification:_identify(src/FASTLIO2_ROS2/hba) by extensions ['colcon_pkg']
[0.370s] Level 1:colcon.colcon_core.package_identification:_identify(src/FASTLIO2_ROS2/hba) by extension 'colcon_pkg'
[0.370s] Level 1:colcon.colcon_core.package_identification:_identify(src/FASTLIO2_ROS2/hba) by extensions ['colcon_meta']
[0.370s] Level 1:colcon.colcon_core.package_identification:_identify(src/FASTLIO2_ROS2/hba) by extension 'colcon_meta'
[0.370s] Level 1:colcon.colcon_core.package_identification:_identify(src/FASTLIO2_ROS2/hba) by extensions ['ros']
[0.370s] Level 1:colcon.colcon_core.package_identification:_identify(src/FASTLIO2_ROS2/hba) by extension 'ros'
[0.371s] DEBUG:colcon.colcon_core.package_identification:Package 'src/FASTLIO2_ROS2/hba' with type 'ros.ament_cmake' and name 'hba'
[0.371s] Level 1:colcon.colcon_core.package_identification:_identify(src/FASTLIO2_ROS2/interface) by extensions ['ignore', 'ignore_ament_install']
[0.372s] Level 1:colcon.colcon_core.package_identification:_identify(src/FASTLIO2_ROS2/interface) by extension 'ignore'
[0.372s] Level 1:colcon.colcon_core.package_identification:_identify(src/FASTLIO2_ROS2/interface) by extension 'ignore_ament_install'
[0.372s] Level 1:colcon.colcon_core.package_identification:_identify(src/FASTLIO2_ROS2/interface) by extensions ['colcon_pkg']
[0.372s] Level 1:colcon.colcon_core.package_identification:_identify(src/FASTLIO2_ROS2/interface) by extension 'colcon_pkg'
[0.372s] Level 1:colcon.colcon_core.package_identification:_identify(src/FASTLIO2_ROS2/interface) by extensions ['colcon_meta']
[0.372s] Level 1:colcon.colcon_core.package_identification:_identify(src/FASTLIO2_ROS2/interface) by extension 'colcon_meta'
[0.372s] Level 1:colcon.colcon_core.package_identification:_identify(src/FASTLIO2_ROS2/interface) by extensions ['ros']
[0.372s] Level 1:colcon.colcon_core.package_identification:_identify(src/FASTLIO2_ROS2/interface) by extension 'ros'
[0.373s] DEBUG:colcon.colcon_core.package_identification:Package 'src/FASTLIO2_ROS2/interface' with type 'ros.ament_cmake' and name 'interface'
[0.373s] Level 1:colcon.colcon_core.package_identification:_identify(src/FASTLIO2_ROS2/localizer) by extensions ['ignore', 'ignore_ament_install']
[0.373s] Level 1:colcon.colcon_core.package_identification:_identify(src/FASTLIO2_ROS2/localizer) by extension 'ignore'
[0.373s] Level 1:colcon.colcon_core.package_identification:_identify(src/FASTLIO2_ROS2/localizer) by extension 'ignore_ament_install'
[0.373s] Level 1:colcon.colcon_core.package_identification:_identify(src/FASTLIO2_ROS2/localizer) by extensions ['colcon_pkg']
[0.373s] Level 1:colcon.colcon_core.package_identification:_identify(src/FASTLIO2_ROS2/localizer) by extension 'colcon_pkg'
[0.373s] Level 1:colcon.colcon_core.package_identification:_identify(src/FASTLIO2_ROS2/localizer) by extensions ['colcon_meta']
[0.373s] Level 1:colcon.colcon_core.package_identification:_identify(src/FASTLIO2_ROS2/localizer) by extension 'colcon_meta'
[0.373s] Level 1:colcon.colcon_core.package_identification:_identify(src/FASTLIO2_ROS2/localizer) by extensions ['ros']
[0.373s] Level 1:colcon.colcon_core.package_identification:_identify(src/FASTLIO2_ROS2/localizer) by extension 'ros'
[0.375s] DEBUG:colcon.colcon_core.package_identification:Package 'src/FASTLIO2_ROS2/localizer' with type 'ros.ament_cmake' and name 'localizer'
[0.375s] Level 1:colcon.colcon_core.package_identification:_identify(src/FASTLIO2_ROS2/pgo) by extensions ['ignore', 'ignore_ament_install']
[0.375s] Level 1:colcon.colcon_core.package_identification:_identify(src/FASTLIO2_ROS2/pgo) by extension 'ignore'
[0.375s] Level 1:colcon.colcon_core.package_identification:_identify(src/FASTLIO2_ROS2/pgo) by extension 'ignore_ament_install'
[0.375s] Level 1:colcon.colcon_core.package_identification:_identify(src/FASTLIO2_ROS2/pgo) by extensions ['colcon_pkg']
[0.375s] Level 1:colcon.colcon_core.package_identification:_identify(src/FASTLIO2_ROS2/pgo) by extension 'colcon_pkg'
[0.375s] Level 1:colcon.colcon_core.package_identification:_identify(src/FASTLIO2_ROS2/pgo) by extensions ['colcon_meta']
[0.375s] Level 1:colcon.colcon_core.package_identification:_identify(src/FASTLIO2_ROS2/pgo) by extension 'colcon_meta'
[0.375s] Level 1:colcon.colcon_core.package_identification:_identify(src/FASTLIO2_ROS2/pgo) by extensions ['ros']
[0.375s] Level 1:colcon.colcon_core.package_identification:_identify(src/FASTLIO2_ROS2/pgo) by extension 'ros'
[0.377s] DEBUG:colcon.colcon_core.package_identification:Package 'src/FASTLIO2_ROS2/pgo' with type 'ros.ament_cmake' and name 'pgo'
[0.377s] Level 1:colcon.colcon_core.package_identification:_identify(src/fastlio2_ros2) by extensions ['ignore', 'ignore_ament_install']
[0.377s] Level 1:colcon.colcon_core.package_identification:_identify(src/fastlio2_ros2) by extension 'ignore'
[0.377s] Level 1:colcon.colcon_core.package_identification:_identify(src/fastlio2_ros2) by extension 'ignore_ament_install'
[0.377s] Level 1:colcon.colcon_core.package_identification:_identify(src/fastlio2_ros2) by extensions ['colcon_pkg']
[0.377s] Level 1:colcon.colcon_core.package_identification:_identify(src/fastlio2_ros2) by extension 'colcon_pkg'
[0.377s] Level 1:colcon.colcon_core.package_identification:_identify(src/fastlio2_ros2) by extensions ['colcon_meta']
[0.377s] Level 1:colcon.colcon_core.package_identification:_identify(src/fastlio2_ros2) by extension 'colcon_meta'
[0.377s] Level 1:colcon.colcon_core.package_identification:_identify(src/fastlio2_ros2) by extensions ['ros']
[0.377s] Level 1:colcon.colcon_core.package_identification:_identify(src/fastlio2_ros2) by extension 'ros'
[0.377s] Level 1:colcon.colcon_core.package_identification:_identify(src/fastlio2_ros2) by extensions ['cmake', 'python']
[0.377s] Level 1:colcon.colcon_core.package_identification:_identify(src/fastlio2_ros2) by extension 'cmake'
[0.377s] Level 1:colcon.colcon_core.package_identification:_identify(src/fastlio2_ros2) by extension 'python'
[0.377s] Level 1:colcon.colcon_core.package_identification:_identify(src/fastlio2_ros2) by extensions ['python_setup_py']
[0.378s] Level 1:colcon.colcon_core.package_identification:_identify(src/fastlio2_ros2) by extension 'python_setup_py'
[0.378s] Level 1:colcon.colcon_core.package_identification:_identify(src/fastlio2_ros2/fastlio2) by extensions ['ignore', 'ignore_ament_install']
[0.378s] Level 1:colcon.colcon_core.package_identification:_identify(src/fastlio2_ros2/fastlio2) by extension 'ignore'
[0.378s] Level 1:colcon.colcon_core.package_identification:_identify(src/fastlio2_ros2/fastlio2) by extension 'ignore_ament_install'
[0.378s] Level 1:colcon.colcon_core.package_identification:_identify(src/fastlio2_ros2/fastlio2) by extensions ['colcon_pkg']
[0.378s] Level 1:colcon.colcon_core.package_identification:_identify(src/fastlio2_ros2/fastlio2) by extension 'colcon_pkg'
[0.378s] Level 1:colcon.colcon_core.package_identification:_identify(src/fastlio2_ros2/fastlio2) by extensions ['colcon_meta']
[0.378s] Level 1:colcon.colcon_core.package_identification:_identify(src/fastlio2_ros2/fastlio2) by extension 'colcon_meta'
[0.378s] Level 1:colcon.colcon_core.package_identification:_identify(src/fastlio2_ros2/fastlio2) by extensions ['ros']
[0.378s] Level 1:colcon.colcon_core.package_identification:_identify(src/fastlio2_ros2/fastlio2) by extension 'ros'
[0.380s] DEBUG:colcon.colcon_core.package_identification:Package 'src/fastlio2_ros2/fastlio2' with type 'ros.ament_cmake' and name 'fastlio2'
[0.380s] Level 1:colcon.colcon_core.package_identification:_identify(src/fastlio2_ros2/hba) by extensions ['ignore', 'ignore_ament_install']
[0.380s] Level 1:colcon.colcon_core.package_identification:_identify(src/fastlio2_ros2/hba) by extension 'ignore'
[0.380s] Level 1:colcon.colcon_core.package_identification:_identify(src/fastlio2_ros2/hba) by extension 'ignore_ament_install'
[0.380s] Level 1:colcon.colcon_core.package_identification:_identify(src/fastlio2_ros2/hba) by extensions ['colcon_pkg']
[0.380s] Level 1:colcon.colcon_core.package_identification:_identify(src/fastlio2_ros2/hba) by extension 'colcon_pkg'
[0.380s] Level 1:colcon.colcon_core.package_identification:_identify(src/fastlio2_ros2/hba) by extensions ['colcon_meta']
[0.380s] Level 1:colcon.colcon_core.package_identification:_identify(src/fastlio2_ros2/hba) by extension 'colcon_meta'
[0.380s] Level 1:colcon.colcon_core.package_identification:_identify(src/fastlio2_ros2/hba) by extensions ['ros']
[0.380s] Level 1:colcon.colcon_core.package_identification:_identify(src/fastlio2_ros2/hba) by extension 'ros'
[0.382s] DEBUG:colcon.colcon_core.package_identification:Package 'src/fastlio2_ros2/hba' with type 'ros.ament_cmake' and name 'hba'
[0.382s] Level 1:colcon.colcon_core.package_identification:_identify(src/fastlio2_ros2/interface) by extensions ['ignore', 'ignore_ament_install']
[0.382s] Level 1:colcon.colcon_core.package_identification:_identify(src/fastlio2_ros2/interface) by extension 'ignore'
[0.382s] Level 1:colcon.colcon_core.package_identification:_identify(src/fastlio2_ros2/interface) by extension 'ignore_ament_install'
[0.382s] Level 1:colcon.colcon_core.package_identification:_identify(src/fastlio2_ros2/interface) by extensions ['colcon_pkg']
[0.382s] Level 1:colcon.colcon_core.package_identification:_identify(src/fastlio2_ros2/interface) by extension 'colcon_pkg'
[0.382s] Level 1:colcon.colcon_core.package_identification:_identify(src/fastlio2_ros2/interface) by extensions ['colcon_meta']
[0.382s] Level 1:colcon.colcon_core.package_identification:_identify(src/fastlio2_ros2/interface) by extension 'colcon_meta'
[0.382s] Level 1:colcon.colcon_core.package_identification:_identify(src/fastlio2_ros2/interface) by extensions ['ros']
[0.382s] Level 1:colcon.colcon_core.package_identification:_identify(src/fastlio2_ros2/interface) by extension 'ros'
[0.383s] DEBUG:colcon.colcon_core.package_identification:Package 'src/fastlio2_ros2/interface' with type 'ros.ament_cmake' and name 'interface'
[0.383s] Level 1:colcon.colcon_core.package_identification:_identify(src/fastlio2_ros2/localizer) by extensions ['ignore', 'ignore_ament_install']
[0.383s] Level 1:colcon.colcon_core.package_identification:_identify(src/fastlio2_ros2/localizer) by extension 'ignore'
[0.383s] Level 1:colcon.colcon_core.package_identification:_identify(src/fastlio2_ros2/localizer) by extension 'ignore_ament_install'
[0.384s] Level 1:colcon.colcon_core.package_identification:_identify(src/fastlio2_ros2/localizer) by extensions ['colcon_pkg']
[0.384s] Level 1:colcon.colcon_core.package_identification:_identify(src/fastlio2_ros2/localizer) by extension 'colcon_pkg'
[0.384s] Level 1:colcon.colcon_core.package_identification:_identify(src/fastlio2_ros2/localizer) by extensions ['colcon_meta']
[0.384s] Level 1:colcon.colcon_core.package_identification:_identify(src/fastlio2_ros2/localizer) by extension 'colcon_meta'
[0.384s] Level 1:colcon.colcon_core.package_identification:_identify(src/fastlio2_ros2/localizer) by extensions ['ros']
[0.384s] Level 1:colcon.colcon_core.package_identification:_identify(src/fastlio2_ros2/localizer) by extension 'ros'
[0.385s] DEBUG:colcon.colcon_core.package_identification:Package 'src/fastlio2_ros2/localizer' with type 'ros.ament_cmake' and name 'localizer'
[0.385s] Level 1:colcon.colcon_core.package_identification:_identify(src/fastlio2_ros2/scripts) by extensions ['ignore', 'ignore_ament_install']
[0.385s] Level 1:colcon.colcon_core.package_identification:_identify(src/fastlio2_ros2/scripts) by extension 'ignore'
[0.385s] Level 1:colcon.colcon_core.package_identification:_identify(src/fastlio2_ros2/scripts) by extension 'ignore_ament_install'
[0.385s] Level 1:colcon.colcon_core.package_identification:_identify(src/fastlio2_ros2/scripts) by extensions ['colcon_pkg']
[0.385s] Level 1:colcon.colcon_core.package_identification:_identify(src/fastlio2_ros2/scripts) by extension 'colcon_pkg'
[0.385s] Level 1:colcon.colcon_core.package_identification:_identify(src/fastlio2_ros2/scripts) by extensions ['colcon_meta']
[0.385s] Level 1:colcon.colcon_core.package_identification:_identify(src/fastlio2_ros2/scripts) by extension 'colcon_meta'
[0.386s] Level 1:colcon.colcon_core.package_identification:_identify(src/fastlio2_ros2/scripts) by extensions ['ros']
[0.386s] Level 1:colcon.colcon_core.package_identification:_identify(src/fastlio2_ros2/scripts) by extension 'ros'
[0.386s] Level 1:colcon.colcon_core.package_identification:_identify(src/fastlio2_ros2/scripts) by extensions ['cmake', 'python']
[0.386s] Level 1:colcon.colcon_core.package_identification:_identify(src/fastlio2_ros2/scripts) by extension 'cmake'
[0.386s] Level 1:colcon.colcon_core.package_identification:_identify(src/fastlio2_ros2/scripts) by extension 'python'
[0.386s] Level 1:colcon.colcon_core.package_identification:_identify(src/fastlio2_ros2/scripts) by extensions ['python_setup_py']
[0.386s] Level 1:colcon.colcon_core.package_identification:_identify(src/fastlio2_ros2/scripts) by extension 'python_setup_py'
[0.386s] Level 1:colcon.colcon_core.package_identification:_identify(src/fastlio2_ros2/scripts/__pycache__) by extensions ['ignore', 'ignore_ament_install']
[0.386s] Level 1:colcon.colcon_core.package_identification:_identify(src/fastlio2_ros2/scripts/__pycache__) by extension 'ignore'
[0.386s] Level 1:colcon.colcon_core.package_identification:_identify(src/fastlio2_ros2/scripts/__pycache__) by extension 'ignore_ament_install'
[0.386s] Level 1:colcon.colcon_core.package_identification:_identify(src/fastlio2_ros2/scripts/__pycache__) by extensions ['colcon_pkg']
[0.386s] Level 1:colcon.colcon_core.package_identification:_identify(src/fastlio2_ros2/scripts/__pycache__) by extension 'colcon_pkg'
[0.386s] Level 1:colcon.colcon_core.package_identification:_identify(src/fastlio2_ros2/scripts/__pycache__) by extensions ['colcon_meta']
[0.387s] Level 1:colcon.colcon_core.package_identification:_identify(src/fastlio2_ros2/scripts/__pycache__) by extension 'colcon_meta'
[0.387s] Level 1:colcon.colcon_core.package_identification:_identify(src/fastlio2_ros2/scripts/__pycache__) by extensions ['ros']
[0.387s] Level 1:colcon.colcon_core.package_identification:_identify(src/fastlio2_ros2/scripts/__pycache__) by extension 'ros'
[0.387s] Level 1:colcon.colcon_core.package_identification:_identify(src/fastlio2_ros2/scripts/__pycache__) by extensions ['cmake', 'python']
[0.387s] Level 1:colcon.colcon_core.package_identification:_identify(src/fastlio2_ros2/scripts/__pycache__) by extension 'cmake'
[0.387s] Level 1:colcon.colcon_core.package_identification:_identify(src/fastlio2_ros2/scripts/__pycache__) by extension 'python'
[0.387s] Level 1:colcon.colcon_core.package_identification:_identify(src/fastlio2_ros2/scripts/__pycache__) by extensions ['python_setup_py']
[0.387s] Level 1:colcon.colcon_core.package_identification:_identify(src/fastlio2_ros2/scripts/__pycache__) by extension 'python_setup_py'
[0.387s] Level 1:colcon.colcon_core.package_identification:_identify(src/livox_ros_driver2) by extensions ['ignore', 'ignore_ament_install']
[0.387s] Level 1:colcon.colcon_core.package_identification:_identify(src/livox_ros_driver2) by extension 'ignore'
[0.387s] Level 1:colcon.colcon_core.package_identification:_identify(src/livox_ros_driver2) by extension 'ignore_ament_install'
[0.387s] Level 1:colcon.colcon_core.package_identification:_identify(src/livox_ros_driver2) by extensions ['colcon_pkg']
[0.387s] Level 1:colcon.colcon_core.package_identification:_identify(src/livox_ros_driver2) by extension 'colcon_pkg'
[0.387s] Level 1:colcon.colcon_core.package_identification:_identify(src/livox_ros_driver2) by extensions ['colcon_meta']
[0.387s] Level 1:colcon.colcon_core.package_identification:_identify(src/livox_ros_driver2) by extension 'colcon_meta'
[0.387s] Level 1:colcon.colcon_core.package_identification:_identify(src/livox_ros_driver2) by extensions ['ros']
[0.387s] Level 1:colcon.colcon_core.package_identification:_identify(src/livox_ros_driver2) by extension 'ros'
[0.389s] DEBUG:colcon.colcon_core.package_identification:Package 'src/livox_ros_driver2' with type 'ros.ament_cmake' and name 'livox_ros_driver2'
[0.389s] Level 1:colcon.colcon_core.package_discovery:discover_packages(recursive) using defaults
[0.389s] Level 1:colcon.colcon_core.package_discovery:discover_packages(ignore) discover
[0.389s] Level 1:colcon.colcon_core.package_discovery:discover_packages(ignore) using defaults
[0.389s] Level 1:colcon.colcon_core.package_discovery:discover_packages(path) discover
[0.389s] Level 1:colcon.colcon_core.package_discovery:discover_packages(path) using defaults
[0.432s] Level 1:colcon.colcon_core.package_discovery:discover_packages(prefix_path) check parameters
[0.433s] Level 1:colcon.colcon_core.package_discovery:discover_packages(prefix_path) discover
[0.435s] DEBUG:colcon.colcon_installed_package_information.package_discovery:Found 1 installed packages in /home/jiaverso/Desktop/SparkCar_ROS2_WS/SparkCar_Tools/install
[0.436s] DEBUG:colcon.colcon_installed_package_information.package_discovery:Found 6 installed packages in /home/jiaverso/Desktop/SparkCar_ROS2_WS/SparkCar_Perception/install
[0.437s] DEBUG:colcon.colcon_installed_package_information.package_discovery:Found 329 installed packages in /opt/ros/humble
[0.439s] Level 1:colcon.colcon_core.package_discovery:discover_packages(prefix_path) using defaults
[0.494s] ERROR:colcon:colcon build: Duplicate package names not supported:
- fastlio2:
  - src/FASTLIO2_ROS2/fastlio2
  - src/fastlio2_ros2/fastlio2
- hba:
  - src/FASTLIO2_ROS2/hba
  - src/fastlio2_ros2/hba
- interface:
  - src/FASTLIO2_ROS2/interface
  - src/fastlio2_ros2/interface
- localizer:
  - src/FASTLIO2_ROS2/localizer
  - src/fastlio2_ros2/localizer
