[0.013s] Invoking command in '/home/jiaverso/Desktop/SparkCar_ROS2_WS/SparkCar_Navigation/build/hybrid_astar_planner': CMAKE_PREFIX_PATH=${CMAKE_PREFIX_PATH}:/opt/ros/humble /usr/bin/cmake /home/jiaverso/Desktop/SparkCar_ROS2_WS/SparkCar_Navigation/src/hybrid_astar_planner -DCMAKE_INSTALL_PREFIX=/home/jiaverso/Desktop/SparkCar_ROS2_WS/SparkCar_Navigation/install/hybrid_astar_planner
[0.081s] -- The C compiler identification is GNU 11.4.0
[0.132s] -- The CXX compiler identification is GNU 11.4.0
[0.138s] -- Detecting C compiler ABI info
[0.195s] -- Detecting C compiler ABI info - done
[0.201s] -- Check for working C compiler: /usr/bin/cc - skipped
[0.201s] -- Detecting C compile features
[0.201s] -- Detecting C compile features - done
[0.204s] -- Detecting CXX compiler ABI info
[0.273s] -- Detecting CXX compiler ABI info - done
[0.285s] -- Check for working CXX compiler: /usr/bin/c++ - skipped
[0.286s] -- Detecting CXX compile features
[0.286s] -- Detecting CXX compile features - done
[0.290s] -- Found ament_cmake: 1.3.14 (/opt/ros/humble/share/ament_cmake/cmake)
[0.416s] -- Found Python3: /usr/bin/python3 (found version "3.10.12") found components: Interpreter 
[0.516s] -- Found rclcpp: 16.0.19 (/opt/ros/humble/share/rclcpp/cmake)
[0.557s] -- Found rosidl_generator_c: 3.1.9 (/opt/ros/humble/share/rosidl_generator_c/cmake)
[0.563s] -- Found rosidl_adapter: 3.1.9 (/opt/ros/humble/share/rosidl_adapter/cmake)
[0.572s] -- Found rosidl_generator_cpp: 3.1.9 (/opt/ros/humble/share/rosidl_generator_cpp/cmake)
[0.584s] -- Using all available rosidl_typesupport_c: rosidl_typesupport_fastrtps_c;rosidl_typesupport_introspection_c
[0.598s] -- Using all available rosidl_typesupport_cpp: rosidl_typesupport_fastrtps_cpp;rosidl_typesupport_introspection_cpp
[0.646s] -- Found rmw_implementation_cmake: 6.1.2 (/opt/ros/humble/share/rmw_implementation_cmake/cmake)
[0.651s] -- Found rmw_fastrtps_cpp: 6.2.10 (/opt/ros/humble/share/rmw_fastrtps_cpp/cmake)
[0.756s] -- Found OpenSSL: /usr/lib/x86_64-linux-gnu/libcrypto.so (found version "3.0.2")  
[0.789s] -- Found FastRTPS: /opt/ros/humble/include  
[0.829s] -- Using RMW implementation 'rmw_fastrtps_cpp' as default
[0.838s] -- Looking for pthread.h
[0.912s] -- Looking for pthread.h - found
[0.912s] -- Performing Test CMAKE_HAVE_LIBC_PTHREAD
[0.993s] -- Performing Test CMAKE_HAVE_LIBC_PTHREAD - Success
[0.997s] -- Found Threads: TRUE  
[1.098s] -- Found nav_msgs: 4.9.1 (/opt/ros/humble/share/nav_msgs/cmake)
[1.149s] -- Found visualization_msgs: 4.9.1 (/opt/ros/humble/share/visualization_msgs/cmake)
[1.207s] -- Found tf2: 0.25.20 (/opt/ros/humble/share/tf2/cmake)
[1.223s] -- Found tf2_ros: 0.25.20 (/opt/ros/humble/share/tf2_ros/cmake)
[1.369s] -- Found tf2_geometry_msgs: 0.25.20 (/opt/ros/humble/share/tf2_geometry_msgs/cmake)
[1.391s] -- Found eigen3_cmake_module: 0.1.1 (/opt/ros/humble/share/eigen3_cmake_module/cmake)
[1.393s] -- Found Eigen3: TRUE (found version "3.4.0") 
[1.393s] -- Ensuring Eigen3 include directory is part of orocos-kdl CMake target
[1.402s] -- Found ament_lint_auto: 0.12.15 (/opt/ros/humble/share/ament_lint_auto/cmake)
[1.531s] -- Added test 'cppcheck' to perform static code analysis on C / C++ code
[1.531s] -- Configured cppcheck include dirs: 
[1.532s] -- Configured cppcheck exclude dirs and/or files: 
[1.532s] -- Added test 'flake8' to check Python code syntax and style conventions
[1.533s] -- Added test 'lint_cmake' to check CMake code style
[1.535s] -- Added test 'pep257' to check Python code against some of the docstring style conventions in PEP 257
[1.536s] -- Added test 'uncrustify' to check C / C++ code style
[1.536s] -- Configured uncrustify additional arguments: 
[1.538s] -- Added test 'xmllint' to check XML markup files
[1.540s] -- Configuring done
[1.554s] -- Generating done
[1.560s] -- Build files have been written to: /home/jiaverso/Desktop/SparkCar_ROS2_WS/SparkCar_Navigation/build/hybrid_astar_planner
[1.573s] Invoked command in '/home/jiaverso/Desktop/SparkCar_ROS2_WS/SparkCar_Navigation/build/hybrid_astar_planner' returned '0': CMAKE_PREFIX_PATH=${CMAKE_PREFIX_PATH}:/opt/ros/humble /usr/bin/cmake /home/jiaverso/Desktop/SparkCar_ROS2_WS/SparkCar_Navigation/src/hybrid_astar_planner -DCMAKE_INSTALL_PREFIX=/home/jiaverso/Desktop/SparkCar_ROS2_WS/SparkCar_Navigation/install/hybrid_astar_planner
[1.575s] Invoking command in '/home/jiaverso/Desktop/SparkCar_ROS2_WS/SparkCar_Navigation/build/hybrid_astar_planner': CMAKE_PREFIX_PATH=${CMAKE_PREFIX_PATH}:/opt/ros/humble /usr/bin/cmake --build /home/jiaverso/Desktop/SparkCar_ROS2_WS/SparkCar_Navigation/build/hybrid_astar_planner -- -j8 -l8
[1.665s] [ 50%] [32mBuilding CXX object CMakeFiles/a_star_demo.dir/src/a_star.cpp.o[0m
[25.073s] [100%] [32m[1mLinking CXX executable a_star_demo[0m
[26.005s] [100%] Built target a_star_demo
[26.016s] Invoked command in '/home/jiaverso/Desktop/SparkCar_ROS2_WS/SparkCar_Navigation/build/hybrid_astar_planner' returned '0': CMAKE_PREFIX_PATH=${CMAKE_PREFIX_PATH}:/opt/ros/humble /usr/bin/cmake --build /home/jiaverso/Desktop/SparkCar_ROS2_WS/SparkCar_Navigation/build/hybrid_astar_planner -- -j8 -l8
[26.018s] Invoking command in '/home/jiaverso/Desktop/SparkCar_ROS2_WS/SparkCar_Navigation/build/hybrid_astar_planner': CMAKE_PREFIX_PATH=${CMAKE_PREFIX_PATH}:/opt/ros/humble /usr/bin/cmake --install /home/jiaverso/Desktop/SparkCar_ROS2_WS/SparkCar_Navigation/build/hybrid_astar_planner
[26.026s] -- Install configuration: ""
[26.026s] -- Installing: /home/jiaverso/Desktop/SparkCar_ROS2_WS/SparkCar_Navigation/install/hybrid_astar_planner/lib/hybrid_astar_planner/a_star_demo
[26.029s] -- Set runtime path of "/home/jiaverso/Desktop/SparkCar_ROS2_WS/SparkCar_Navigation/install/hybrid_astar_planner/lib/hybrid_astar_planner/a_star_demo" to ""
[26.030s] -- Installing: /home/jiaverso/Desktop/SparkCar_ROS2_WS/SparkCar_Navigation/install/hybrid_astar_planner/share/hybrid_astar_planner/launch
[26.030s] -- Installing: /home/jiaverso/Desktop/SparkCar_ROS2_WS/SparkCar_Navigation/install/hybrid_astar_planner/share/hybrid_astar_planner/launch/hybrid_astar_test.py
[26.030s] -- Installing: /home/jiaverso/Desktop/SparkCar_ROS2_WS/SparkCar_Navigation/install/hybrid_astar_planner/share/hybrid_astar_planner/config
[26.030s] -- Installing: /home/jiaverso/Desktop/SparkCar_ROS2_WS/SparkCar_Navigation/install/hybrid_astar_planner/share/hybrid_astar_planner/config/hybrid_astar_params.yaml
[26.030s] -- Installing: /home/jiaverso/Desktop/SparkCar_ROS2_WS/SparkCar_Navigation/install/hybrid_astar_planner/share/hybrid_astar_planner/rviz
[26.030s] -- Installing: /home/jiaverso/Desktop/SparkCar_ROS2_WS/SparkCar_Navigation/install/hybrid_astar_planner/share/hybrid_astar_planner/rviz/hybrid_astar.rviz
[26.030s] -- Installing: /home/jiaverso/Desktop/SparkCar_ROS2_WS/SparkCar_Navigation/install/hybrid_astar_planner/share/ament_index/resource_index/package_run_dependencies/hybrid_astar_planner
[26.030s] -- Installing: /home/jiaverso/Desktop/SparkCar_ROS2_WS/SparkCar_Navigation/install/hybrid_astar_planner/share/ament_index/resource_index/parent_prefix_path/hybrid_astar_planner
[26.030s] -- Installing: /home/jiaverso/Desktop/SparkCar_ROS2_WS/SparkCar_Navigation/install/hybrid_astar_planner/share/hybrid_astar_planner/environment/ament_prefix_path.sh
[26.030s] -- Installing: /home/jiaverso/Desktop/SparkCar_ROS2_WS/SparkCar_Navigation/install/hybrid_astar_planner/share/hybrid_astar_planner/environment/ament_prefix_path.dsv
[26.030s] -- Installing: /home/jiaverso/Desktop/SparkCar_ROS2_WS/SparkCar_Navigation/install/hybrid_astar_planner/share/hybrid_astar_planner/environment/path.sh
[26.031s] -- Installing: /home/jiaverso/Desktop/SparkCar_ROS2_WS/SparkCar_Navigation/install/hybrid_astar_planner/share/hybrid_astar_planner/environment/path.dsv
[26.031s] -- Installing: /home/jiaverso/Desktop/SparkCar_ROS2_WS/SparkCar_Navigation/install/hybrid_astar_planner/share/hybrid_astar_planner/local_setup.bash
[26.031s] -- Installing: /home/jiaverso/Desktop/SparkCar_ROS2_WS/SparkCar_Navigation/install/hybrid_astar_planner/share/hybrid_astar_planner/local_setup.sh
[26.031s] -- Installing: /home/jiaverso/Desktop/SparkCar_ROS2_WS/SparkCar_Navigation/install/hybrid_astar_planner/share/hybrid_astar_planner/local_setup.zsh
[26.031s] -- Installing: /home/jiaverso/Desktop/SparkCar_ROS2_WS/SparkCar_Navigation/install/hybrid_astar_planner/share/hybrid_astar_planner/local_setup.dsv
[26.031s] -- Installing: /home/jiaverso/Desktop/SparkCar_ROS2_WS/SparkCar_Navigation/install/hybrid_astar_planner/share/hybrid_astar_planner/package.dsv
[26.031s] -- Installing: /home/jiaverso/Desktop/SparkCar_ROS2_WS/SparkCar_Navigation/install/hybrid_astar_planner/share/ament_index/resource_index/packages/hybrid_astar_planner
[26.031s] -- Installing: /home/jiaverso/Desktop/SparkCar_ROS2_WS/SparkCar_Navigation/install/hybrid_astar_planner/share/hybrid_astar_planner/cmake/hybrid_astar_plannerConfig.cmake
[26.031s] -- Installing: /home/jiaverso/Desktop/SparkCar_ROS2_WS/SparkCar_Navigation/install/hybrid_astar_planner/share/hybrid_astar_planner/cmake/hybrid_astar_plannerConfig-version.cmake
[26.031s] -- Installing: /home/jiaverso/Desktop/SparkCar_ROS2_WS/SparkCar_Navigation/install/hybrid_astar_planner/share/hybrid_astar_planner/package.xml
[26.034s] Invoked command in '/home/jiaverso/Desktop/SparkCar_ROS2_WS/SparkCar_Navigation/build/hybrid_astar_planner' returned '0': CMAKE_PREFIX_PATH=${CMAKE_PREFIX_PATH}:/opt/ros/humble /usr/bin/cmake --install /home/jiaverso/Desktop/SparkCar_ROS2_WS/SparkCar_Navigation/build/hybrid_astar_planner
