[0.013s] Invoking command in '/home/jiaverso/Desktop/SparkCar_ROS2_WS/SparkCar_Navigation/build/hybrid_astar_planner': CMAKE_PREFIX_PATH=${CMAKE_PREFIX_PATH}:/opt/ros/humble /usr/bin/cmake /home/jiaverso/Desktop/SparkCar_ROS2_WS/SparkCar_Navigation/src/hybrid_astar_planner -DCMAKE_INSTALL_PREFIX=/home/jiaverso/Desktop/SparkCar_ROS2_WS/SparkCar_Navigation/install/hybrid_astar_planner
[0.027s] -- Found ament_cmake: 1.3.14 (/opt/ros/humble/share/ament_cmake/cmake)
[0.137s] -- Override CMake install command with custom implementation using symlinks instead of copying resources
[0.158s] -- Found rclcpp: 16.0.19 (/opt/ros/humble/share/rclcpp/cmake)
[0.188s] -- Found rosidl_generator_c: 3.1.9 (/opt/ros/humble/share/rosidl_generator_c/cmake)
[0.191s] -- Found rosidl_adapter: 3.1.9 (/opt/ros/humble/share/rosidl_adapter/cmake)
[0.197s] -- Found rosidl_generator_cpp: 3.1.9 (/opt/ros/humble/share/rosidl_generator_cpp/cmake)
[0.208s] -- Using all available rosidl_typesupport_c: rosidl_typesupport_fastrtps_c;rosidl_typesupport_introspection_c
[0.220s] -- Using all available rosidl_typesupport_cpp: rosidl_typesupport_fastrtps_cpp;rosidl_typesupport_introspection_cpp
[0.256s] -- Found rmw_implementation_cmake: 6.1.2 (/opt/ros/humble/share/rmw_implementation_cmake/cmake)
[0.258s] -- Found rmw_fastrtps_cpp: 6.2.10 (/opt/ros/humble/share/rmw_fastrtps_cpp/cmake)
[0.354s] -- Using RMW implementation 'rmw_fastrtps_cpp' as default
[0.404s] -- Found nav_msgs: 4.9.1 (/opt/ros/humble/share/nav_msgs/cmake)
[0.429s] -- Found visualization_msgs: 4.9.1 (/opt/ros/humble/share/visualization_msgs/cmake)
[0.467s] -- Found tf2: 0.25.20 (/opt/ros/humble/share/tf2/cmake)
[0.470s] -- Found tf2_ros: 0.25.20 (/opt/ros/humble/share/tf2_ros/cmake)
[0.545s] -- Found tf2_geometry_msgs: 0.25.20 (/opt/ros/humble/share/tf2_geometry_msgs/cmake)
[0.551s] -- Found eigen3_cmake_module: 0.1.1 (/opt/ros/humble/share/eigen3_cmake_module/cmake)
[0.553s] -- Ensuring Eigen3 include directory is part of orocos-kdl CMake target
[0.558s] -- Found ament_lint_auto: 0.12.15 (/opt/ros/humble/share/ament_lint_auto/cmake)
[0.623s] -- Added test 'cppcheck' to perform static code analysis on C / C++ code
[0.623s] -- Configured cppcheck include dirs: 
[0.623s] -- Configured cppcheck exclude dirs and/or files: 
[0.624s] -- Added test 'flake8' to check Python code syntax and style conventions
[0.625s] -- Added test 'lint_cmake' to check CMake code style
[0.625s] -- Added test 'pep257' to check Python code against some of the docstring style conventions in PEP 257
[0.627s] -- Added test 'uncrustify' to check C / C++ code style
[0.627s] -- Configured uncrustify additional arguments: 
[0.628s] -- Added test 'xmllint' to check XML markup files
[0.630s] -- Configuring done
[0.646s] -- Generating done
[0.652s] -- Build files have been written to: /home/jiaverso/Desktop/SparkCar_ROS2_WS/SparkCar_Navigation/build/hybrid_astar_planner
[0.661s] Invoked command in '/home/jiaverso/Desktop/SparkCar_ROS2_WS/SparkCar_Navigation/build/hybrid_astar_planner' returned '0': CMAKE_PREFIX_PATH=${CMAKE_PREFIX_PATH}:/opt/ros/humble /usr/bin/cmake /home/jiaverso/Desktop/SparkCar_ROS2_WS/SparkCar_Navigation/src/hybrid_astar_planner -DCMAKE_INSTALL_PREFIX=/home/jiaverso/Desktop/SparkCar_ROS2_WS/SparkCar_Navigation/install/hybrid_astar_planner
[0.663s] Invoking command in '/home/jiaverso/Desktop/SparkCar_ROS2_WS/SparkCar_Navigation/build/hybrid_astar_planner': CMAKE_PREFIX_PATH=${CMAKE_PREFIX_PATH}:/opt/ros/humble /usr/bin/cmake --build /home/jiaverso/Desktop/SparkCar_ROS2_WS/SparkCar_Navigation/build/hybrid_astar_planner -- -j8 -l8
[0.704s] [35m[1mConsolidate compiler generated dependencies of target a_star_demo[0m
[0.728s] [ 50%] [32mBuilding CXX object CMakeFiles/a_star_demo.dir/src/a_star.cpp.o[0m
[11.187s] [100%] [32m[1mLinking CXX executable a_star_demo[0m
[11.812s] [100%] Built target a_star_demo
[11.822s] Invoked command in '/home/jiaverso/Desktop/SparkCar_ROS2_WS/SparkCar_Navigation/build/hybrid_astar_planner' returned '0': CMAKE_PREFIX_PATH=${CMAKE_PREFIX_PATH}:/opt/ros/humble /usr/bin/cmake --build /home/jiaverso/Desktop/SparkCar_ROS2_WS/SparkCar_Navigation/build/hybrid_astar_planner -- -j8 -l8
[11.823s] Invoking command in '/home/jiaverso/Desktop/SparkCar_ROS2_WS/SparkCar_Navigation/build/hybrid_astar_planner': CMAKE_PREFIX_PATH=${CMAKE_PREFIX_PATH}:/opt/ros/humble /usr/bin/cmake --install /home/jiaverso/Desktop/SparkCar_ROS2_WS/SparkCar_Navigation/build/hybrid_astar_planner
[11.829s] -- Install configuration: ""
[11.829s] -- Execute custom install script
[11.830s] -- Up-to-date symlink: /home/jiaverso/Desktop/SparkCar_ROS2_WS/SparkCar_Navigation/install/hybrid_astar_planner/lib/hybrid_astar_planner/a_star_demo
[11.830s] -- Up-to-date symlink: /home/jiaverso/Desktop/SparkCar_ROS2_WS/SparkCar_Navigation/install/hybrid_astar_planner/share/hybrid_astar_planner/launch/hybrid_astar_test.py
[11.830s] -- Up-to-date symlink: /home/jiaverso/Desktop/SparkCar_ROS2_WS/SparkCar_Navigation/install/hybrid_astar_planner/share/hybrid_astar_planner/config/hybrid_astar_params.yaml
[11.830s] -- Up-to-date symlink: /home/jiaverso/Desktop/SparkCar_ROS2_WS/SparkCar_Navigation/install/hybrid_astar_planner/share/hybrid_astar_planner/rviz/hybrid_astar.rviz
[11.831s] -- Up-to-date symlink: /home/jiaverso/Desktop/SparkCar_ROS2_WS/SparkCar_Navigation/install/hybrid_astar_planner/share/ament_index/resource_index/package_run_dependencies/hybrid_astar_planner
[11.831s] -- Up-to-date symlink: /home/jiaverso/Desktop/SparkCar_ROS2_WS/SparkCar_Navigation/install/hybrid_astar_planner/share/ament_index/resource_index/parent_prefix_path/hybrid_astar_planner
[11.831s] -- Up-to-date symlink: /home/jiaverso/Desktop/SparkCar_ROS2_WS/SparkCar_Navigation/install/hybrid_astar_planner/share/hybrid_astar_planner/environment/ament_prefix_path.sh
[11.831s] -- Up-to-date symlink: /home/jiaverso/Desktop/SparkCar_ROS2_WS/SparkCar_Navigation/install/hybrid_astar_planner/share/hybrid_astar_planner/environment/ament_prefix_path.dsv
[11.831s] -- Up-to-date symlink: /home/jiaverso/Desktop/SparkCar_ROS2_WS/SparkCar_Navigation/install/hybrid_astar_planner/share/hybrid_astar_planner/environment/path.sh
[11.831s] -- Up-to-date symlink: /home/jiaverso/Desktop/SparkCar_ROS2_WS/SparkCar_Navigation/install/hybrid_astar_planner/share/hybrid_astar_planner/environment/path.dsv
[11.831s] -- Up-to-date symlink: /home/jiaverso/Desktop/SparkCar_ROS2_WS/SparkCar_Navigation/install/hybrid_astar_planner/share/hybrid_astar_planner/local_setup.bash
[11.832s] -- Up-to-date symlink: /home/jiaverso/Desktop/SparkCar_ROS2_WS/SparkCar_Navigation/install/hybrid_astar_planner/share/hybrid_astar_planner/local_setup.sh
[11.832s] -- Up-to-date symlink: /home/jiaverso/Desktop/SparkCar_ROS2_WS/SparkCar_Navigation/install/hybrid_astar_planner/share/hybrid_astar_planner/local_setup.zsh
[11.832s] -- Up-to-date symlink: /home/jiaverso/Desktop/SparkCar_ROS2_WS/SparkCar_Navigation/install/hybrid_astar_planner/share/hybrid_astar_planner/local_setup.dsv
[11.832s] -- Symlinking: /home/jiaverso/Desktop/SparkCar_ROS2_WS/SparkCar_Navigation/install/hybrid_astar_planner/share/hybrid_astar_planner/package.dsv
[11.839s] -- Up-to-date symlink: /home/jiaverso/Desktop/SparkCar_ROS2_WS/SparkCar_Navigation/install/hybrid_astar_planner/share/ament_index/resource_index/packages/hybrid_astar_planner
[11.839s] -- Up-to-date symlink: /home/jiaverso/Desktop/SparkCar_ROS2_WS/SparkCar_Navigation/install/hybrid_astar_planner/share/hybrid_astar_planner/cmake/hybrid_astar_plannerConfig.cmake
[11.840s] -- Up-to-date symlink: /home/jiaverso/Desktop/SparkCar_ROS2_WS/SparkCar_Navigation/install/hybrid_astar_planner/share/hybrid_astar_planner/cmake/hybrid_astar_plannerConfig-version.cmake
[11.840s] -- Up-to-date symlink: /home/jiaverso/Desktop/SparkCar_ROS2_WS/SparkCar_Navigation/install/hybrid_astar_planner/share/hybrid_astar_planner/package.xml
[11.841s] Invoked command in '/home/jiaverso/Desktop/SparkCar_ROS2_WS/SparkCar_Navigation/build/hybrid_astar_planner' returned '0': CMAKE_PREFIX_PATH=${CMAKE_PREFIX_PATH}:/opt/ros/humble /usr/bin/cmake --install /home/jiaverso/Desktop/SparkCar_ROS2_WS/SparkCar_Navigation/build/hybrid_astar_planner
