-- The C compiler identification is GNU 11.4.0
-- The CXX compiler identification is GNU 11.4.0
-- Detecting C compiler ABI info
-- Detecting C compiler ABI info - done
-- Check for working C compiler: /usr/bin/cc - skipped
-- Detecting C compile features
-- Detecting C compile features - done
-- Detecting CXX compiler ABI info
-- Detecting CXX compiler ABI info - done
-- Check for working CXX compiler: /usr/bin/c++ - skipped
-- Detecting CXX compile features
-- Detecting CXX compile features - done
-- Found ament_cmake: 1.3.14 (/opt/ros/humble/share/ament_cmake/cmake)
-- Found Python3: /usr/bin/python3 (found version "3.10.12") found components: Interpreter 
-- Override CMake install command with custom implementation using symlinks instead of copying resources
-- Found rclcpp: 16.0.19 (/opt/ros/humble/share/rclcpp/cmake)
-- Found rosidl_generator_c: 3.1.9 (/opt/ros/humble/share/rosidl_generator_c/cmake)
-- Found rosidl_adapter: 3.1.9 (/opt/ros/humble/share/rosidl_adapter/cmake)
-- Found rosidl_generator_cpp: 3.1.9 (/opt/ros/humble/share/rosidl_generator_cpp/cmake)
-- Using all available rosidl_typesupport_c: rosidl_typesupport_fastrtps_c;rosidl_typesupport_introspection_c
-- Using all available rosidl_typesupport_cpp: rosidl_typesupport_fastrtps_cpp;rosidl_typesupport_introspection_cpp
-- Found rmw_implementation_cmake: 6.1.2 (/opt/ros/humble/share/rmw_implementation_cmake/cmake)
-- Found rmw_fastrtps_cpp: 6.2.10 (/opt/ros/humble/share/rmw_fastrtps_cpp/cmake)
-- Found OpenSSL: /usr/lib/aarch64-linux-gnu/libcrypto.so (found version "3.0.2")  
-- Found FastRTPS: /opt/ros/humble/include  
-- Using RMW implementation 'rmw_fastrtps_cpp' as default
-- Looking for pthread.h
-- Looking for pthread.h - found
-- Performing Test CMAKE_HAVE_LIBC_PTHREAD
-- Performing Test CMAKE_HAVE_LIBC_PTHREAD - Success
-- Found Threads: TRUE  
-- Found Boost: /usr/lib/aarch64-linux-gnu/cmake/Boost-1.74.0/BoostConfig.cmake (found version "1.74.0") found components: filesystem program_options system 
-- Found OpenCV: /usr (found suitable version "4.5.4", minimum required is "4") 
-- Found required Ceres dependency: Eigen version 3.4.0 in /usr/include/eigen3
-- Found required Ceres dependency: glog
-- Found required Ceres dependency: gflags
-- Found Ceres version: 2.0.0 installed in: /usr with components: [EigenSparse, SparseLinearAlgebraLibrary, LAPACK, SuiteSparse, CXSparse, SchurSpecializations, Multithreading]
-- Configuring done
-- Generating done
-- Build files have been written to: /home/orangepi/Desktop/SparkCar_ROS2_WS/SparkCar_Perception/build/camera_model
[  7%] [32mBuilding CXX object CMakeFiles/Calibration.dir/src/camera_models/Camera.cc.o[0m
[  7%] [32mBuilding CXX object CMakeFiles/Calibration.dir/src/chessboard/Chessboard.cc.o[0m
[ 11%] [32mBuilding CXX object CMakeFiles/Calibration.dir/src/calib/CameraCalibration.cc.o[0m
[ 18%] [32mBuilding CXX object CMakeFiles/Calibration.dir/src/camera_models/CameraFactory.cc.o[0m
[ 18%] [32mBuilding CXX object CMakeFiles/Calibration.dir/src/camera_models/PinholeCamera.cc.o[0m
[ 22%] [32mBuilding CXX object CMakeFiles/camera_model.dir/src/chessboard/Chessboard.cc.o[0m
[ 25%] [32mBuilding CXX object CMakeFiles/Calibration.dir/src/intrinsic_calib.cc.o[0m
[ 29%] [32mBuilding CXX object CMakeFiles/Calibration.dir/src/camera_models/CostFunctionFactory.cc.o[0m
[ 33%] [32mBuilding CXX object CMakeFiles/camera_model.dir/src/calib/CameraCalibration.cc.o[0m
[ 37%] [32mBuilding CXX object CMakeFiles/Calibration.dir/src/camera_models/CataCamera.cc.o[0m
[ 40%] [32mBuilding CXX object CMakeFiles/Calibration.dir/src/camera_models/EquidistantCamera.cc.o[0m
[ 44%] [32mBuilding CXX object CMakeFiles/Calibration.dir/src/camera_models/ScaramuzzaCamera.cc.o[0m
[ 48%] [32mBuilding CXX object CMakeFiles/Calibration.dir/src/sparse_graph/Transform.cc.o[0m
[ 51%] [32mBuilding CXX object CMakeFiles/Calibration.dir/src/gpl/gpl.cc.o[0m
[ 55%] [32mBuilding CXX object CMakeFiles/Calibration.dir/src/gpl/EigenQuaternionParameterization.cc.o[0m
[ 59%] [32mBuilding CXX object CMakeFiles/camera_model.dir/src/camera_models/Camera.cc.o[0m
[ 62%] [32mBuilding CXX object CMakeFiles/camera_model.dir/src/camera_models/CameraFactory.cc.o[0m
[ 66%] [32mBuilding CXX object CMakeFiles/camera_model.dir/src/camera_models/CostFunctionFactory.cc.o[0m
[ 70%] [32mBuilding CXX object CMakeFiles/camera_model.dir/src/camera_models/PinholeCamera.cc.o[0m
[ 74%] [32mBuilding CXX object CMakeFiles/camera_model.dir/src/camera_models/CataCamera.cc.o[0m
[ 77%] [32mBuilding CXX object CMakeFiles/camera_model.dir/src/camera_models/EquidistantCamera.cc.o[0m
[ 81%] [32mBuilding CXX object CMakeFiles/camera_model.dir/src/camera_models/ScaramuzzaCamera.cc.o[0m
[ 85%] [32mBuilding CXX object CMakeFiles/camera_model.dir/src/sparse_graph/Transform.cc.o[0m
[ 88%] [32mBuilding CXX object CMakeFiles/camera_model.dir/src/gpl/gpl.cc.o[0m
[ 92%] [32mBuilding CXX object CMakeFiles/camera_model.dir/src/gpl/EigenQuaternionParameterization.cc.o[0m
[ 96%] [32m[1mLinking CXX executable Calibration[0m
[ 96%] Built target Calibration
[100%] [32m[1mLinking CXX static library libcamera_model.a[0m
[100%] Built target camera_model
-- Install configuration: ""
-- Execute custom install script
-- Symlinking: /home/orangepi/Desktop/SparkCar_ROS2_WS/SparkCar_Perception/install/camera_model/share/camera_model/environment/library_path.sh
-- Symlinking: /home/orangepi/Desktop/SparkCar_ROS2_WS/SparkCar_Perception/install/camera_model/share/camera_model/environment/library_path.dsv
-- Symlinking: /home/orangepi/Desktop/SparkCar_ROS2_WS/SparkCar_Perception/install/camera_model/lib/camera_model/Calibration
-- Symlinking: /home/orangepi/Desktop/SparkCar_ROS2_WS/SparkCar_Perception/install/camera_model/bin/Calibration
-- Symlinking: /home/orangepi/Desktop/SparkCar_ROS2_WS/SparkCar_Perception/install/camera_model/lib/libcamera_model.a
-- Up-to-date symlink: /home/orangepi/Desktop/SparkCar_ROS2_WS/SparkCar_Perception/install/camera_model/lib/camera_model/Calibration
-- Symlinking: /home/orangepi/Desktop/SparkCar_ROS2_WS/SparkCar_Perception/install/camera_model/include//camodocal/calib/CameraCalibration.h
-- Symlinking: /home/orangepi/Desktop/SparkCar_ROS2_WS/SparkCar_Perception/install/camera_model/include//camodocal/camera_models/Camera.h
-- Symlinking: /home/orangepi/Desktop/SparkCar_ROS2_WS/SparkCar_Perception/install/camera_model/include//camodocal/camera_models/CameraFactory.h
-- Symlinking: /home/orangepi/Desktop/SparkCar_ROS2_WS/SparkCar_Perception/install/camera_model/include//camodocal/camera_models/CataCamera.h
-- Symlinking: /home/orangepi/Desktop/SparkCar_ROS2_WS/SparkCar_Perception/install/camera_model/include//camodocal/camera_models/CostFunctionFactory.h
-- Symlinking: /home/orangepi/Desktop/SparkCar_ROS2_WS/SparkCar_Perception/install/camera_model/include//camodocal/camera_models/EquidistantCamera.h
-- Symlinking: /home/orangepi/Desktop/SparkCar_ROS2_WS/SparkCar_Perception/install/camera_model/include//camodocal/camera_models/PinholeCamera.h
-- Symlinking: /home/orangepi/Desktop/SparkCar_ROS2_WS/SparkCar_Perception/install/camera_model/include//camodocal/camera_models/ScaramuzzaCamera.h
-- Symlinking: /home/orangepi/Desktop/SparkCar_ROS2_WS/SparkCar_Perception/install/camera_model/include//camodocal/chessboard/Chessboard.h
-- Symlinking: /home/orangepi/Desktop/SparkCar_ROS2_WS/SparkCar_Perception/install/camera_model/include//camodocal/chessboard/ChessboardCorner.h
-- Symlinking: /home/orangepi/Desktop/SparkCar_ROS2_WS/SparkCar_Perception/install/camera_model/include//camodocal/chessboard/ChessboardQuad.h
-- Symlinking: /home/orangepi/Desktop/SparkCar_ROS2_WS/SparkCar_Perception/install/camera_model/include//camodocal/chessboard/Spline.h
-- Symlinking: /home/orangepi/Desktop/SparkCar_ROS2_WS/SparkCar_Perception/install/camera_model/include//camodocal/gpl/EigenQuaternionParameterization.h
-- Symlinking: /home/orangepi/Desktop/SparkCar_ROS2_WS/SparkCar_Perception/install/camera_model/include//camodocal/gpl/EigenUtils.h
-- Symlinking: /home/orangepi/Desktop/SparkCar_ROS2_WS/SparkCar_Perception/install/camera_model/include//camodocal/gpl/gpl.h
-- Symlinking: /home/orangepi/Desktop/SparkCar_ROS2_WS/SparkCar_Perception/install/camera_model/include//camodocal/sparse_graph/Transform.h
-- Symlinking: /home/orangepi/Desktop/SparkCar_ROS2_WS/SparkCar_Perception/install/camera_model/share/ament_index/resource_index/package_run_dependencies/camera_model
-- Symlinking: /home/orangepi/Desktop/SparkCar_ROS2_WS/SparkCar_Perception/install/camera_model/share/ament_index/resource_index/parent_prefix_path/camera_model
-- Symlinking: /home/orangepi/Desktop/SparkCar_ROS2_WS/SparkCar_Perception/install/camera_model/share/camera_model/environment/ament_prefix_path.sh
-- Symlinking: /home/orangepi/Desktop/SparkCar_ROS2_WS/SparkCar_Perception/install/camera_model/share/camera_model/environment/ament_prefix_path.dsv
-- Symlinking: /home/orangepi/Desktop/SparkCar_ROS2_WS/SparkCar_Perception/install/camera_model/share/camera_model/environment/path.sh
-- Symlinking: /home/orangepi/Desktop/SparkCar_ROS2_WS/SparkCar_Perception/install/camera_model/share/camera_model/environment/path.dsv
-- Symlinking: /home/orangepi/Desktop/SparkCar_ROS2_WS/SparkCar_Perception/install/camera_model/share/camera_model/local_setup.bash
-- Symlinking: /home/orangepi/Desktop/SparkCar_ROS2_WS/SparkCar_Perception/install/camera_model/share/camera_model/local_setup.sh
-- Symlinking: /home/orangepi/Desktop/SparkCar_ROS2_WS/SparkCar_Perception/install/camera_model/share/camera_model/local_setup.zsh
-- Symlinking: /home/orangepi/Desktop/SparkCar_ROS2_WS/SparkCar_Perception/install/camera_model/share/camera_model/local_setup.dsv
-- Symlinking: /home/orangepi/Desktop/SparkCar_ROS2_WS/SparkCar_Perception/install/camera_model/share/camera_model/package.dsv
-- Symlinking: /home/orangepi/Desktop/SparkCar_ROS2_WS/SparkCar_Perception/install/camera_model/share/ament_index/resource_index/packages/camera_model
-- Symlinking: /home/orangepi/Desktop/SparkCar_ROS2_WS/SparkCar_Perception/install/camera_model/share/camera_model/cmake/ament_cmake_export_include_directories-extras.cmake
-- Symlinking: /home/orangepi/Desktop/SparkCar_ROS2_WS/SparkCar_Perception/install/camera_model/share/camera_model/cmake/ament_cmake_export_libraries-extras.cmake
-- Symlinking: /home/orangepi/Desktop/SparkCar_ROS2_WS/SparkCar_Perception/install/camera_model/share/camera_model/cmake/ament_cmake_export_dependencies-extras.cmake
-- Symlinking: /home/orangepi/Desktop/SparkCar_ROS2_WS/SparkCar_Perception/install/camera_model/share/camera_model/cmake/camera_modelConfig.cmake
-- Symlinking: /home/orangepi/Desktop/SparkCar_ROS2_WS/SparkCar_Perception/install/camera_model/share/camera_model/cmake/camera_modelConfig-version.cmake
-- Symlinking: /home/orangepi/Desktop/SparkCar_ROS2_WS/SparkCar_Perception/install/camera_model/share/camera_model/package.xml
