-- The C compiler identification is GNU 11.4.0
-- The CXX compiler identification is GNU 11.4.0
-- Detecting C compiler ABI info
-- Detecting C compiler ABI info - done
-- Check for working C compiler: /usr/bin/cc - skipped
-- Detecting C compile features
-- Detecting C compile features - done
-- Detecting CXX compiler ABI info
-- Detecting CXX compiler ABI info - done
-- Check for working CXX compiler: /usr/bin/c++ - skipped
-- Detecting CXX compile features
-- Detecting CXX compile features - done
-- Found ament_cmake: 1.3.14 (/opt/ros/humble/share/ament_cmake/cmake)
-- Found Python3: /usr/bin/python3 (found version "3.10.12") found components: Interpreter 
-- Found Boost: /usr/lib/aarch64-linux-gnu/cmake/Boost-1.74.0/BoostConfig.cmake (found version "1.74.0") found components: system python 
-- Found Python3: /usr/include/python3.10 (found version "3.10.12") found components: Development NumPy Interpreter Development.Module Development.Embed 
-- Configuring done
-- Generating done
-- Build files have been written to: /home/orangepi/Desktop/SparkCar_ROS2_WS/SparkCar_Tools/build/numpy_eigen
[  0%] [32mBuilding CXX object CMakeFiles/numpy_eigen.dir/src/autogen_module/numpy_eigen_export_module.cpp.o[0m
[  0%] Built target ament_cmake_python_copy_numpy_eigen
[  0%] [32mBuilding CXX object CMakeFiles/numpy_eigen.dir/src/autogen_module/import_1_1_int.cpp.o[0m
[  0%] [32mBuilding CXX object CMakeFiles/numpy_eigen.dir/src/autogen_module/import_1_1_double.cpp.o[0m
[  1%] [32mBuilding CXX object CMakeFiles/numpy_eigen.dir/src/autogen_module/import_1_1_float.cpp.o[0m
[  2%] [32mBuilding CXX object CMakeFiles/numpy_eigen.dir/src/autogen_module/import_1_1_uchar.cpp.o[0m
[  2%] [32mBuilding CXX object CMakeFiles/numpy_eigen.dir/src/autogen_module/import_1_2_int.cpp.o[0m
[  2%] [32mBuilding CXX object CMakeFiles/numpy_eigen.dir/src/autogen_module/import_1_1_long.cpp.o[0m
running egg_info
creating numpy_eigen.egg-info
writing numpy_eigen.egg-info/PKG-INFO
writing dependency_links to numpy_eigen.egg-info/dependency_links.txt
writing top-level names to numpy_eigen.egg-info/top_level.txt
writing manifest file 'numpy_eigen.egg-info/SOURCES.txt'
reading manifest file 'numpy_eigen.egg-info/SOURCES.txt'
writing manifest file 'numpy_eigen.egg-info/SOURCES.txt'
[  2%] Built target ament_cmake_python_build_numpy_eigen_egg
[  3%] [32mBuilding CXX object CMakeFiles/numpy_eigen.dir/src/autogen_module/import_1_2_float.cpp.o[0m
[  4%] [32mBuilding CXX object CMakeFiles/numpy_eigen.dir/src/autogen_module/import_1_3_uchar.cpp.o[0m
[  4%] [32mBuilding CXX object CMakeFiles/numpy_eigen.dir/src/autogen_module/import_1_3_long.cpp.o[0m
[  4%] [32mBuilding CXX object CMakeFiles/numpy_eigen.dir/src/autogen_module/import_1_4_int.cpp.o[0m
[  5%] [32mBuilding CXX object CMakeFiles/numpy_eigen.dir/src/autogen_module/import_1_4_float.cpp.o[0m
[  5%] [32mBuilding CXX object CMakeFiles/numpy_eigen.dir/src/autogen_module/import_1_4_double.cpp.o[0m
[  6%] [32mBuilding CXX object CMakeFiles/numpy_eigen.dir/src/autogen_module/import_1_4_uchar.cpp.o[0m
[  6%] [32mBuilding CXX object CMakeFiles/numpy_eigen.dir/src/autogen_module/import_1_4_long.cpp.o[0m
[  6%] [32mBuilding CXX object CMakeFiles/numpy_eigen.dir/src/autogen_module/import_1_5_int.cpp.o[0m
[  7%] [32mBuilding CXX object CMakeFiles/numpy_eigen.dir/src/autogen_module/import_1_5_float.cpp.o[0m
[  7%] [32mBuilding CXX object CMakeFiles/numpy_eigen.dir/src/autogen_module/import_1_5_double.cpp.o[0m
[  8%] [32mBuilding CXX object CMakeFiles/numpy_eigen.dir/src/autogen_module/import_1_5_uchar.cpp.o[0m
[  8%] [32mBuilding CXX object CMakeFiles/numpy_eigen.dir/src/autogen_module/import_1_5_long.cpp.o[0m
[  8%] [32mBuilding CXX object CMakeFiles/numpy_eigen.dir/src/autogen_module/import_1_6_int.cpp.o[0m
[  9%] [32mBuilding CXX object CMakeFiles/numpy_eigen.dir/src/autogen_module/import_1_6_float.cpp.o[0m
[  9%] [32mBuilding CXX object CMakeFiles/numpy_eigen.dir/src/autogen_module/import_1_6_double.cpp.o[0m
[ 10%] [32mBuilding CXX object CMakeFiles/numpy_eigen.dir/src/autogen_module/import_1_6_uchar.cpp.o[0m
[ 10%] [32mBuilding CXX object CMakeFiles/numpy_eigen.dir/src/autogen_module/import_1_6_long.cpp.o[0m
[ 10%] [32mBuilding CXX object CMakeFiles/numpy_eigen.dir/src/autogen_module/import_1_D_int.cpp.o[0m
[ 11%] [32mBuilding CXX object CMakeFiles/numpy_eigen.dir/src/autogen_module/import_1_D_float.cpp.o[0m
[ 11%] [32mBuilding CXX object CMakeFiles/numpy_eigen.dir/src/autogen_module/import_1_D_double.cpp.o[0m
[ 12%] [32mBuilding CXX object CMakeFiles/numpy_eigen.dir/src/autogen_module/import_1_D_uchar.cpp.o[0m
[ 12%] [32mBuilding CXX object CMakeFiles/numpy_eigen.dir/src/autogen_module/import_1_D_long.cpp.o[0m
[ 12%] [32mBuilding CXX object CMakeFiles/numpy_eigen.dir/src/autogen_module/import_2_1_int.cpp.o[0m
[ 13%] [32mBuilding CXX object CMakeFiles/numpy_eigen.dir/src/autogen_module/import_2_1_float.cpp.o[0m
[ 13%] [32mBuilding CXX object CMakeFiles/numpy_eigen.dir/src/autogen_module/import_2_1_double.cpp.o[0m
[ 14%] [32mBuilding CXX object CMakeFiles/numpy_eigen.dir/src/autogen_module/import_2_1_uchar.cpp.o[0m
[ 14%] [32mBuilding CXX object CMakeFiles/numpy_eigen.dir/src/autogen_module/import_1_3_double.cpp.o[0m
[ 15%] [32mBuilding CXX object CMakeFiles/numpy_eigen.dir/src/autogen_module/import_1_3_float.cpp.o[0m
[ 15%] [32mBuilding CXX object CMakeFiles/numpy_eigen.dir/src/autogen_module/import_2_1_long.cpp.o[0m
[ 15%] [32mBuilding CXX object CMakeFiles/numpy_eigen.dir/src/autogen_module/import_1_3_int.cpp.o[0m
[ 15%] [32mBuilding CXX object CMakeFiles/numpy_eigen.dir/src/autogen_module/import_1_2_long.cpp.o[0m
[ 15%] [32mBuilding CXX object CMakeFiles/numpy_eigen.dir/src/autogen_module/import_2_2_long.cpp.o[0m
[ 16%] [32mBuilding CXX object CMakeFiles/numpy_eigen.dir/src/autogen_module/import_2_3_int.cpp.o[0m
[ 16%] [32mBuilding CXX object CMakeFiles/numpy_eigen.dir/src/autogen_module/import_2_3_float.cpp.o[0m
[ 16%] [32mBuilding CXX object CMakeFiles/numpy_eigen.dir/src/autogen_module/import_2_3_double.cpp.o[0m
[ 17%] [32mBuilding CXX object CMakeFiles/numpy_eigen.dir/src/autogen_module/import_2_3_uchar.cpp.o[0m
[ 17%] [32mBuilding CXX object CMakeFiles/numpy_eigen.dir/src/autogen_module/import_2_3_long.cpp.o[0m
[ 18%] [32mBuilding CXX object CMakeFiles/numpy_eigen.dir/src/autogen_module/import_2_4_int.cpp.o[0m
[ 18%] [32mBuilding CXX object CMakeFiles/numpy_eigen.dir/src/autogen_module/import_2_4_float.cpp.o[0m
[ 18%] [32mBuilding CXX object CMakeFiles/numpy_eigen.dir/src/autogen_module/import_2_4_double.cpp.o[0m
[ 19%] [32mBuilding CXX object CMakeFiles/numpy_eigen.dir/src/autogen_module/import_2_2_uchar.cpp.o[0m
[ 20%] [32mBuilding CXX object CMakeFiles/numpy_eigen.dir/src/autogen_module/import_2_4_uchar.cpp.o[0m
[ 20%] [32mBuilding CXX object CMakeFiles/numpy_eigen.dir/src/autogen_module/import_2_2_double.cpp.o[0m
[ 20%] [32mBuilding CXX object CMakeFiles/numpy_eigen.dir/src/autogen_module/import_2_2_float.cpp.o[0m
[ 21%] [32mBuilding CXX object CMakeFiles/numpy_eigen.dir/src/autogen_module/import_2_2_int.cpp.o[0m
[ 22%] [32mBuilding CXX object CMakeFiles/numpy_eigen.dir/src/autogen_module/import_1_2_uchar.cpp.o[0m
[ 22%] [32mBuilding CXX object CMakeFiles/numpy_eigen.dir/src/autogen_module/import_2_5_long.cpp.o[0m
[ 23%] [32mBuilding CXX object CMakeFiles/numpy_eigen.dir/src/autogen_module/import_2_6_int.cpp.o[0m
[ 23%] [32mBuilding CXX object CMakeFiles/numpy_eigen.dir/src/autogen_module/import_2_6_float.cpp.o[0m
[ 23%] [32mBuilding CXX object CMakeFiles/numpy_eigen.dir/src/autogen_module/import_2_6_double.cpp.o[0m
[ 24%] [32mBuilding CXX object CMakeFiles/numpy_eigen.dir/src/autogen_module/import_2_6_uchar.cpp.o[0m
[ 24%] [32mBuilding CXX object CMakeFiles/numpy_eigen.dir/src/autogen_module/import_2_6_long.cpp.o[0m
[ 25%] [32mBuilding CXX object CMakeFiles/numpy_eigen.dir/src/autogen_module/import_2_D_int.cpp.o[0m
[ 25%] [32mBuilding CXX object CMakeFiles/numpy_eigen.dir/src/autogen_module/import_2_D_float.cpp.o[0m
[ 25%] [32mBuilding CXX object CMakeFiles/numpy_eigen.dir/src/autogen_module/import_2_D_double.cpp.o[0m
[ 26%] [32mBuilding CXX object CMakeFiles/numpy_eigen.dir/src/autogen_module/import_2_D_uchar.cpp.o[0m
[ 26%] [32mBuilding CXX object CMakeFiles/numpy_eigen.dir/src/autogen_module/import_2_D_long.cpp.o[0m
[ 27%] [32mBuilding CXX object CMakeFiles/numpy_eigen.dir/src/autogen_module/import_3_1_int.cpp.o[0m
[ 27%] [32mBuilding CXX object CMakeFiles/numpy_eigen.dir/src/autogen_module/import_3_1_float.cpp.o[0m
[ 27%] [32mBuilding CXX object CMakeFiles/numpy_eigen.dir/src/autogen_module/import_3_1_double.cpp.o[0m
[ 28%] [32mBuilding CXX object CMakeFiles/numpy_eigen.dir/src/autogen_module/import_3_1_uchar.cpp.o[0m
[ 28%] [32mBuilding CXX object CMakeFiles/numpy_eigen.dir/src/autogen_module/import_3_1_long.cpp.o[0m
[ 29%] [32mBuilding CXX object CMakeFiles/numpy_eigen.dir/src/autogen_module/import_3_2_int.cpp.o[0m
[ 29%] [32mBuilding CXX object CMakeFiles/numpy_eigen.dir/src/autogen_module/import_3_2_float.cpp.o[0m
[ 29%] [32mBuilding CXX object CMakeFiles/numpy_eigen.dir/src/autogen_module/import_3_2_double.cpp.o[0m
[ 30%] [32mBuilding CXX object CMakeFiles/numpy_eigen.dir/src/autogen_module/import_3_2_uchar.cpp.o[0m
[ 31%] [32mBuilding CXX object CMakeFiles/numpy_eigen.dir/src/autogen_module/import_2_5_uchar.cpp.o[0m
[ 31%] [32mBuilding CXX object CMakeFiles/numpy_eigen.dir/src/autogen_module/import_2_5_double.cpp.o[0m
[ 31%] [32mBuilding CXX object CMakeFiles/numpy_eigen.dir/src/autogen_module/import_2_5_float.cpp.o[0m
[ 32%] [32mBuilding CXX object CMakeFiles/numpy_eigen.dir/src/autogen_module/import_2_5_int.cpp.o[0m
[ 32%] [32mBuilding CXX object CMakeFiles/numpy_eigen.dir/src/autogen_module/import_2_4_long.cpp.o[0m
[ 32%] [32mBuilding CXX object CMakeFiles/numpy_eigen.dir/src/autogen_module/import_3_3_long.cpp.o[0m
[ 33%] [32mBuilding CXX object CMakeFiles/numpy_eigen.dir/src/autogen_module/import_3_4_int.cpp.o[0m
[ 33%] [32mBuilding CXX object CMakeFiles/numpy_eigen.dir/src/autogen_module/import_3_4_float.cpp.o[0m
[ 34%] [32mBuilding CXX object CMakeFiles/numpy_eigen.dir/src/autogen_module/import_3_4_double.cpp.o[0m
[ 34%] [32mBuilding CXX object CMakeFiles/numpy_eigen.dir/src/autogen_module/import_3_4_uchar.cpp.o[0m
[ 34%] [32mBuilding CXX object CMakeFiles/numpy_eigen.dir/src/autogen_module/import_3_4_long.cpp.o[0m
[ 35%] [32mBuilding CXX object CMakeFiles/numpy_eigen.dir/src/autogen_module/import_3_5_int.cpp.o[0m
[ 35%] [32mBuilding CXX object CMakeFiles/numpy_eigen.dir/src/autogen_module/import_3_5_float.cpp.o[0m
[ 35%] [32mBuilding CXX object CMakeFiles/numpy_eigen.dir/src/autogen_module/import_3_3_uchar.cpp.o[0m
[ 36%] [32mBuilding CXX object CMakeFiles/numpy_eigen.dir/src/autogen_module/import_3_3_double.cpp.o[0m
[ 36%] [32mBuilding CXX object CMakeFiles/numpy_eigen.dir/src/autogen_module/import_3_3_float.cpp.o[0m
[ 37%] [32mBuilding CXX object CMakeFiles/numpy_eigen.dir/src/autogen_module/import_3_3_int.cpp.o[0m
[ 37%] [32mBuilding CXX object CMakeFiles/numpy_eigen.dir/src/autogen_module/import_3_2_long.cpp.o[0m
[ 37%] [32mBuilding CXX object CMakeFiles/numpy_eigen.dir/src/autogen_module/import_3_6_float.cpp.o[0m
[ 38%] [32mBuilding CXX object CMakeFiles/numpy_eigen.dir/src/autogen_module/import_3_6_int.cpp.o[0m
[ 39%] [32mBuilding CXX object CMakeFiles/numpy_eigen.dir/src/autogen_module/import_3_6_double.cpp.o[0m
[ 39%] [32mBuilding CXX object CMakeFiles/numpy_eigen.dir/src/autogen_module/import_3_5_long.cpp.o[0m
[ 39%] [32mBuilding CXX object CMakeFiles/numpy_eigen.dir/src/autogen_module/import_3_6_uchar.cpp.o[0m
[ 39%] [32mBuilding CXX object CMakeFiles/numpy_eigen.dir/src/autogen_module/import_3_5_uchar.cpp.o[0m
[ 40%] [32mBuilding CXX object CMakeFiles/numpy_eigen.dir/src/autogen_module/import_3_5_double.cpp.o[0m
[ 40%] [32mBuilding CXX object CMakeFiles/numpy_eigen.dir/src/autogen_module/import_3_D_long.cpp.o[0m
[ 41%] [32mBuilding CXX object CMakeFiles/numpy_eigen.dir/src/autogen_module/import_4_1_int.cpp.o[0m
[ 41%] [32mBuilding CXX object CMakeFiles/numpy_eigen.dir/src/autogen_module/import_4_1_float.cpp.o[0m
[ 41%] [32mBuilding CXX object CMakeFiles/numpy_eigen.dir/src/autogen_module/import_3_D_uchar.cpp.o[0m
[ 42%] [32mBuilding CXX object CMakeFiles/numpy_eigen.dir/src/autogen_module/import_3_D_double.cpp.o[0m
[ 42%] [32mBuilding CXX object CMakeFiles/numpy_eigen.dir/src/autogen_module/import_3_D_float.cpp.o[0m
[ 43%] [32mBuilding CXX object CMakeFiles/numpy_eigen.dir/src/autogen_module/import_4_1_double.cpp.o[0m
[ 43%] [32mBuilding CXX object CMakeFiles/numpy_eigen.dir/src/autogen_module/import_4_2_float.cpp.o[0m
[ 44%] [32mBuilding CXX object CMakeFiles/numpy_eigen.dir/src/autogen_module/import_4_2_double.cpp.o[0m
[ 44%] [32mBuilding CXX object CMakeFiles/numpy_eigen.dir/src/autogen_module/import_4_2_uchar.cpp.o[0m
[ 45%] [32mBuilding CXX object CMakeFiles/numpy_eigen.dir/src/autogen_module/import_4_2_long.cpp.o[0m
[ 45%] [32mBuilding CXX object CMakeFiles/numpy_eigen.dir/src/autogen_module/import_4_2_int.cpp.o[0m
[ 45%] [32mBuilding CXX object CMakeFiles/numpy_eigen.dir/src/autogen_module/import_4_1_long.cpp.o[0m
[ 45%] [32mBuilding CXX object CMakeFiles/numpy_eigen.dir/src/autogen_module/import_4_1_uchar.cpp.o[0m
[ 46%] [32mBuilding CXX object CMakeFiles/numpy_eigen.dir/src/autogen_module/import_3_D_int.cpp.o[0m
[ 47%] [32mBuilding CXX object CMakeFiles/numpy_eigen.dir/src/autogen_module/import_4_3_int.cpp.o[0m
[ 47%] [32mBuilding CXX object CMakeFiles/numpy_eigen.dir/src/autogen_module/import_3_6_long.cpp.o[0m
[ 47%] [32mBuilding CXX object CMakeFiles/numpy_eigen.dir/src/autogen_module/import_1_2_double.cpp.o[0m
[ 48%] [32mBuilding CXX object CMakeFiles/numpy_eigen.dir/src/autogen_module/import_4_4_double.cpp.o[0m
[ 48%] [32mBuilding CXX object CMakeFiles/numpy_eigen.dir/src/autogen_module/import_4_4_uchar.cpp.o[0m
[ 48%] [32mBuilding CXX object CMakeFiles/numpy_eigen.dir/src/autogen_module/import_4_4_float.cpp.o[0m
[ 49%] [32mBuilding CXX object CMakeFiles/numpy_eigen.dir/src/autogen_module/import_4_4_long.cpp.o[0m
[ 50%] [32mBuilding CXX object CMakeFiles/numpy_eigen.dir/src/autogen_module/import_4_4_int.cpp.o[0m
[ 50%] [32mBuilding CXX object CMakeFiles/numpy_eigen.dir/src/autogen_module/import_4_3_long.cpp.o[0m
[ 50%] [32mBuilding CXX object CMakeFiles/numpy_eigen.dir/src/autogen_module/import_4_3_uchar.cpp.o[0m
[ 51%] [32mBuilding CXX object CMakeFiles/numpy_eigen.dir/src/autogen_module/import_4_5_long.cpp.o[0m
[ 51%] [32mBuilding CXX object CMakeFiles/numpy_eigen.dir/src/autogen_module/import_4_6_int.cpp.o[0m
[ 51%] [32mBuilding CXX object CMakeFiles/numpy_eigen.dir/src/autogen_module/import_4_5_uchar.cpp.o[0m
[ 51%] [32mBuilding CXX object CMakeFiles/numpy_eigen.dir/src/autogen_module/import_4_6_float.cpp.o[0m
[ 52%] [32mBuilding CXX object CMakeFiles/numpy_eigen.dir/src/autogen_module/import_4_5_double.cpp.o[0m
[ 52%] [32mBuilding CXX object CMakeFiles/numpy_eigen.dir/src/autogen_module/import_4_5_float.cpp.o[0m
[ 52%] [32mBuilding CXX object CMakeFiles/numpy_eigen.dir/src/autogen_module/import_4_5_int.cpp.o[0m
[ 53%] [32mBuilding CXX object CMakeFiles/numpy_eigen.dir/src/autogen_module/import_4_3_double.cpp.o[0m
[ 54%] [32mBuilding CXX object CMakeFiles/numpy_eigen.dir/src/autogen_module/import_4_D_double.cpp.o[0m
[ 54%] [32mBuilding CXX object CMakeFiles/numpy_eigen.dir/src/autogen_module/import_4_D_uchar.cpp.o[0m
[ 54%] [32mBuilding CXX object CMakeFiles/numpy_eigen.dir/src/autogen_module/import_4_D_float.cpp.o[0m
[ 54%] [32mBuilding CXX object CMakeFiles/numpy_eigen.dir/src/autogen_module/import_4_D_int.cpp.o[0m
[ 55%] [32mBuilding CXX object CMakeFiles/numpy_eigen.dir/src/autogen_module/import_4_6_long.cpp.o[0m
[ 55%] [32mBuilding CXX object CMakeFiles/numpy_eigen.dir/src/autogen_module/import_4_6_uchar.cpp.o[0m
[ 56%] [32mBuilding CXX object CMakeFiles/numpy_eigen.dir/src/autogen_module/import_4_D_long.cpp.o[0m
[ 57%] [32mBuilding CXX object CMakeFiles/numpy_eigen.dir/src/autogen_module/import_4_6_double.cpp.o[0m
[ 57%] [32mBuilding CXX object CMakeFiles/numpy_eigen.dir/src/autogen_module/import_4_3_float.cpp.o[0m
[ 57%] [32mBuilding CXX object CMakeFiles/numpy_eigen.dir/src/autogen_module/import_5_1_int.cpp.o[0m
[ 58%] [32mBuilding CXX object CMakeFiles/numpy_eigen.dir/src/autogen_module/import_5_2_double.cpp.o[0m
[ 58%] [32mBuilding CXX object CMakeFiles/numpy_eigen.dir/src/autogen_module/import_5_2_uchar.cpp.o[0m
[ 59%] [32mBuilding CXX object CMakeFiles/numpy_eigen.dir/src/autogen_module/import_5_2_long.cpp.o[0m
[ 59%] [32mBuilding CXX object CMakeFiles/numpy_eigen.dir/src/autogen_module/import_5_2_float.cpp.o[0m
[ 59%] [32mBuilding CXX object CMakeFiles/numpy_eigen.dir/src/autogen_module/import_5_2_int.cpp.o[0m
[ 60%] [32mBuilding CXX object CMakeFiles/numpy_eigen.dir/src/autogen_module/import_5_1_long.cpp.o[0m
[ 60%] [32mBuilding CXX object CMakeFiles/numpy_eigen.dir/src/autogen_module/import_5_1_uchar.cpp.o[0m
[ 61%] [32mBuilding CXX object CMakeFiles/numpy_eigen.dir/src/autogen_module/import_5_1_double.cpp.o[0m
[ 61%] [32mBuilding CXX object CMakeFiles/numpy_eigen.dir/src/autogen_module/import_5_1_float.cpp.o[0m
[ 61%] [32mBuilding CXX object CMakeFiles/numpy_eigen.dir/src/autogen_module/import_5_3_int.cpp.o[0m
[ 61%] [32mBuilding CXX object CMakeFiles/numpy_eigen.dir/src/autogen_module/import_5_3_float.cpp.o[0m
[ 61%] [32mBuilding CXX object CMakeFiles/numpy_eigen.dir/src/autogen_module/import_5_4_int.cpp.o[0m
[ 61%] [32mBuilding CXX object CMakeFiles/numpy_eigen.dir/src/autogen_module/import_5_4_float.cpp.o[0m
[ 62%] [32mBuilding CXX object CMakeFiles/numpy_eigen.dir/src/autogen_module/import_5_3_long.cpp.o[0m
[ 63%] [32mBuilding CXX object CMakeFiles/numpy_eigen.dir/src/autogen_module/import_5_4_double.cpp.o[0m
[ 63%] [32mBuilding CXX object CMakeFiles/numpy_eigen.dir/src/autogen_module/import_5_4_uchar.cpp.o[0m
[ 63%] [32mBuilding CXX object CMakeFiles/numpy_eigen.dir/src/autogen_module/import_5_5_uchar.cpp.o[0m
[ 64%] [32mBuilding CXX object CMakeFiles/numpy_eigen.dir/src/autogen_module/import_5_5_long.cpp.o[0m
[ 64%] [32mBuilding CXX object CMakeFiles/numpy_eigen.dir/src/autogen_module/import_5_6_int.cpp.o[0m
[ 65%] [32mBuilding CXX object CMakeFiles/numpy_eigen.dir/src/autogen_module/import_5_6_float.cpp.o[0m
[ 65%] [32mBuilding CXX object CMakeFiles/numpy_eigen.dir/src/autogen_module/import_5_6_double.cpp.o[0m
[ 65%] [32mBuilding CXX object CMakeFiles/numpy_eigen.dir/src/autogen_module/import_5_6_uchar.cpp.o[0m
[ 66%] [32mBuilding CXX object CMakeFiles/numpy_eigen.dir/src/autogen_module/import_5_6_long.cpp.o[0m
[ 66%] [32mBuilding CXX object CMakeFiles/numpy_eigen.dir/src/autogen_module/import_5_D_int.cpp.o[0m
[ 67%] [32mBuilding CXX object CMakeFiles/numpy_eigen.dir/src/autogen_module/import_5_5_double.cpp.o[0m
[ 67%] [32mBuilding CXX object CMakeFiles/numpy_eigen.dir/src/autogen_module/import_5_5_float.cpp.o[0m
[ 68%] [32mBuilding CXX object CMakeFiles/numpy_eigen.dir/src/autogen_module/import_5_D_float.cpp.o[0m
[ 68%] [32mBuilding CXX object CMakeFiles/numpy_eigen.dir/src/autogen_module/import_5_5_int.cpp.o[0m
[ 69%] [32mBuilding CXX object CMakeFiles/numpy_eigen.dir/src/autogen_module/import_5_4_long.cpp.o[0m
[ 70%] [32mBuilding CXX object CMakeFiles/numpy_eigen.dir/src/autogen_module/import_6_1_float.cpp.o[0m
[ 70%] [32mBuilding CXX object CMakeFiles/numpy_eigen.dir/src/autogen_module/import_6_1_double.cpp.o[0m
[ 70%] [32mBuilding CXX object CMakeFiles/numpy_eigen.dir/src/autogen_module/import_6_1_uchar.cpp.o[0m
[ 71%] [32mBuilding CXX object CMakeFiles/numpy_eigen.dir/src/autogen_module/import_6_1_long.cpp.o[0m
[ 71%] [32mBuilding CXX object CMakeFiles/numpy_eigen.dir/src/autogen_module/import_6_2_int.cpp.o[0m
[ 71%] [32mBuilding CXX object CMakeFiles/numpy_eigen.dir/src/autogen_module/import_6_1_int.cpp.o[0m
[ 72%] [32mBuilding CXX object CMakeFiles/numpy_eigen.dir/src/autogen_module/import_5_D_long.cpp.o[0m
[ 73%] [32mBuilding CXX object CMakeFiles/numpy_eigen.dir/src/autogen_module/import_6_2_float.cpp.o[0m
[ 73%] [32mBuilding CXX object CMakeFiles/numpy_eigen.dir/src/autogen_module/import_5_D_uchar.cpp.o[0m
[ 73%] [32mBuilding CXX object CMakeFiles/numpy_eigen.dir/src/autogen_module/import_5_D_double.cpp.o[0m
[ 73%] [32mBuilding CXX object CMakeFiles/numpy_eigen.dir/src/autogen_module/import_6_2_double.cpp.o[0m
[ 73%] [32mBuilding CXX object CMakeFiles/numpy_eigen.dir/src/autogen_module/import_5_3_uchar.cpp.o[0m
[ 74%] [32mBuilding CXX object CMakeFiles/numpy_eigen.dir/src/autogen_module/import_5_3_double.cpp.o[0m
[ 74%] [32mBuilding CXX object CMakeFiles/numpy_eigen.dir/src/autogen_module/import_6_2_uchar.cpp.o[0m
[ 75%] [32mBuilding CXX object CMakeFiles/numpy_eigen.dir/src/autogen_module/import_6_2_long.cpp.o[0m
[ 75%] [32mBuilding CXX object CMakeFiles/numpy_eigen.dir/src/autogen_module/import_6_3_int.cpp.o[0m
[ 75%] [32mBuilding CXX object CMakeFiles/numpy_eigen.dir/src/autogen_module/import_6_4_double.cpp.o[0m
[ 75%] [32mBuilding CXX object CMakeFiles/numpy_eigen.dir/src/autogen_module/import_6_4_uchar.cpp.o[0m
[ 76%] [32mBuilding CXX object CMakeFiles/numpy_eigen.dir/src/autogen_module/import_6_4_float.cpp.o[0m
[ 76%] [32mBuilding CXX object CMakeFiles/numpy_eigen.dir/src/autogen_module/import_6_4_int.cpp.o[0m
[ 77%] [32mBuilding CXX object CMakeFiles/numpy_eigen.dir/src/autogen_module/import_6_3_long.cpp.o[0m
[ 77%] [32mBuilding CXX object CMakeFiles/numpy_eigen.dir/src/autogen_module/import_6_3_double.cpp.o[0m
[ 77%] [32mBuilding CXX object CMakeFiles/numpy_eigen.dir/src/autogen_module/import_6_3_uchar.cpp.o[0m
[ 78%] [32mBuilding CXX object CMakeFiles/numpy_eigen.dir/src/autogen_module/import_6_4_long.cpp.o[0m
[ 79%] [32mBuilding CXX object CMakeFiles/numpy_eigen.dir/src/autogen_module/import_6_3_float.cpp.o[0m
[ 80%] [32mBuilding CXX object CMakeFiles/numpy_eigen.dir/src/autogen_module/import_6_6_float.cpp.o[0m
[ 80%] [32mBuilding CXX object CMakeFiles/numpy_eigen.dir/src/autogen_module/import_6_6_double.cpp.o[0m
[ 80%] [32mBuilding CXX object CMakeFiles/numpy_eigen.dir/src/autogen_module/import_6_6_int.cpp.o[0m
[ 81%] [32mBuilding CXX object CMakeFiles/numpy_eigen.dir/src/autogen_module/import_6_5_long.cpp.o[0m
[ 81%] [32mBuilding CXX object CMakeFiles/numpy_eigen.dir/src/autogen_module/import_6_5_uchar.cpp.o[0m
[ 81%] [32mBuilding CXX object CMakeFiles/numpy_eigen.dir/src/autogen_module/import_6_5_double.cpp.o[0m
[ 82%] [32mBuilding CXX object CMakeFiles/numpy_eigen.dir/src/autogen_module/import_6_5_float.cpp.o[0m
[ 83%] [32mBuilding CXX object CMakeFiles/numpy_eigen.dir/src/autogen_module/import_6_D_uchar.cpp.o[0m
[ 83%] [32mBuilding CXX object CMakeFiles/numpy_eigen.dir/src/autogen_module/import_6_D_long.cpp.o[0m
[ 83%] [32mBuilding CXX object CMakeFiles/numpy_eigen.dir/src/autogen_module/import_6_D_double.cpp.o[0m
[ 84%] [32mBuilding CXX object CMakeFiles/numpy_eigen.dir/src/autogen_module/import_6_D_float.cpp.o[0m
[ 84%] [32mBuilding CXX object CMakeFiles/numpy_eigen.dir/src/autogen_module/import_6_D_int.cpp.o[0m
[ 85%] [32mBuilding CXX object CMakeFiles/numpy_eigen.dir/src/autogen_module/import_6_6_long.cpp.o[0m
[ 85%] [32mBuilding CXX object CMakeFiles/numpy_eigen.dir/src/autogen_module/import_6_6_uchar.cpp.o[0m
[ 85%] [32mBuilding CXX object CMakeFiles/numpy_eigen.dir/src/autogen_module/import_6_5_int.cpp.o[0m
[ 85%] [32mBuilding CXX object CMakeFiles/numpy_eigen.dir/src/autogen_module/import_D_1_int.cpp.o[0m
[ 86%] [32mBuilding CXX object CMakeFiles/numpy_eigen.dir/src/autogen_module/import_D_1_float.cpp.o[0m
[ 87%] [32mBuilding CXX object CMakeFiles/numpy_eigen.dir/src/autogen_module/import_D_2_uchar.cpp.o[0m
[ 87%] [32mBuilding CXX object CMakeFiles/numpy_eigen.dir/src/autogen_module/import_D_2_long.cpp.o[0m
[ 87%] [32mBuilding CXX object CMakeFiles/numpy_eigen.dir/src/autogen_module/import_D_2_double.cpp.o[0m
[ 88%] [32mBuilding CXX object CMakeFiles/numpy_eigen.dir/src/autogen_module/import_D_2_float.cpp.o[0m
[ 88%] [32mBuilding CXX object CMakeFiles/numpy_eigen.dir/src/autogen_module/import_D_2_int.cpp.o[0m
[ 88%] [32mBuilding CXX object CMakeFiles/numpy_eigen.dir/src/autogen_module/import_D_3_double.cpp.o[0m
[ 89%] [32mBuilding CXX object CMakeFiles/numpy_eigen.dir/src/autogen_module/import_D_3_uchar.cpp.o[0m
[ 90%] [32mBuilding CXX object CMakeFiles/numpy_eigen.dir/src/autogen_module/import_D_3_float.cpp.o[0m
[ 90%] [32mBuilding CXX object CMakeFiles/numpy_eigen.dir/src/autogen_module/import_D_3_int.cpp.o[0m
[ 90%] [32mBuilding CXX object CMakeFiles/numpy_eigen.dir/src/autogen_module/import_D_1_long.cpp.o[0m
[ 91%] [32mBuilding CXX object CMakeFiles/numpy_eigen.dir/src/autogen_module/import_D_1_uchar.cpp.o[0m
[ 91%] [32mBuilding CXX object CMakeFiles/numpy_eigen.dir/src/autogen_module/import_D_3_long.cpp.o[0m
[ 91%] [32mBuilding CXX object CMakeFiles/numpy_eigen.dir/src/autogen_module/import_D_1_double.cpp.o[0m
[ 92%] [32mBuilding CXX object CMakeFiles/numpy_eigen.dir/src/autogen_module/import_D_5_float.cpp.o[0m
[ 92%] [32mBuilding CXX object CMakeFiles/numpy_eigen.dir/src/autogen_module/import_D_5_int.cpp.o[0m
[ 92%] [32mBuilding CXX object CMakeFiles/numpy_eigen.dir/src/autogen_module/import_D_5_double.cpp.o[0m
[ 92%] [32mBuilding CXX object CMakeFiles/numpy_eigen.dir/src/autogen_module/import_D_4_long.cpp.o[0m
[ 93%] [32mBuilding CXX object CMakeFiles/numpy_eigen.dir/src/autogen_module/import_D_4_uchar.cpp.o[0m
[ 93%] [32mBuilding CXX object CMakeFiles/numpy_eigen.dir/src/autogen_module/import_D_4_double.cpp.o[0m
[ 94%] [32mBuilding CXX object CMakeFiles/numpy_eigen.dir/src/autogen_module/import_D_4_float.cpp.o[0m
[ 94%] [32mBuilding CXX object CMakeFiles/numpy_eigen.dir/src/autogen_module/import_D_4_int.cpp.o[0m
[ 94%] [32mBuilding CXX object CMakeFiles/numpy_eigen.dir/src/autogen_module/import_D_6_double.cpp.o[0m
[ 95%] [32mBuilding CXX object CMakeFiles/numpy_eigen.dir/src/autogen_module/import_D_6_uchar.cpp.o[0m
[ 96%] [32mBuilding CXX object CMakeFiles/numpy_eigen.dir/src/autogen_module/import_D_6_float.cpp.o[0m
[ 96%] [32mBuilding CXX object CMakeFiles/numpy_eigen.dir/src/autogen_module/import_D_6_int.cpp.o[0m
[ 96%] [32mBuilding CXX object CMakeFiles/numpy_eigen.dir/src/autogen_module/import_D_6_long.cpp.o[0m
[ 96%] [32mBuilding CXX object CMakeFiles/numpy_eigen.dir/src/autogen_module/import_D_5_long.cpp.o[0m
[ 96%] [32mBuilding CXX object CMakeFiles/numpy_eigen.dir/src/autogen_module/import_D_D_int.cpp.o[0m
[ 97%] [32mBuilding CXX object CMakeFiles/numpy_eigen.dir/src/autogen_module/import_D_5_uchar.cpp.o[0m
[ 98%] [32mBuilding CXX object CMakeFiles/numpy_eigen.dir/src/autogen_module/import_D_D_uchar.cpp.o[0m
[ 98%] [32mBuilding CXX object CMakeFiles/numpy_eigen.dir/src/autogen_module/import_D_D_long.cpp.o[0m
[ 98%] [32mBuilding CXX object CMakeFiles/numpy_eigen.dir/src/autogen_module/import_D_D_double.cpp.o[0m
[ 99%] [32mBuilding CXX object CMakeFiles/numpy_eigen.dir/src/autogen_module/import_D_D_float.cpp.o[0m
[100%] [32m[1mLinking CXX shared library libnumpy_eigen.so[0m
[100%] Built target numpy_eigen
-- Install configuration: "Release"
-- Installing: /home/orangepi/Desktop/SparkCar_ROS2_WS/SparkCar_Tools/install/numpy_eigen/share/numpy_eigen/environment/pythonpath.sh
-- Installing: /home/orangepi/Desktop/SparkCar_ROS2_WS/SparkCar_Tools/install/numpy_eigen/share/numpy_eigen/environment/pythonpath.dsv
-- Installing: /home/orangepi/Desktop/SparkCar_ROS2_WS/SparkCar_Tools/install/numpy_eigen/local/lib/python3.10/dist-packages/numpy_eigen-1.0.0-py3.10.egg-info
-- Installing: /home/orangepi/Desktop/SparkCar_ROS2_WS/SparkCar_Tools/install/numpy_eigen/local/lib/python3.10/dist-packages/numpy_eigen-1.0.0-py3.10.egg-info/dependency_links.txt
-- Installing: /home/orangepi/Desktop/SparkCar_ROS2_WS/SparkCar_Tools/install/numpy_eigen/local/lib/python3.10/dist-packages/numpy_eigen-1.0.0-py3.10.egg-info/SOURCES.txt
-- Installing: /home/orangepi/Desktop/SparkCar_ROS2_WS/SparkCar_Tools/install/numpy_eigen/local/lib/python3.10/dist-packages/numpy_eigen-1.0.0-py3.10.egg-info/PKG-INFO
-- Installing: /home/orangepi/Desktop/SparkCar_ROS2_WS/SparkCar_Tools/install/numpy_eigen/local/lib/python3.10/dist-packages/numpy_eigen-1.0.0-py3.10.egg-info/top_level.txt
-- Installing: /home/orangepi/Desktop/SparkCar_ROS2_WS/SparkCar_Tools/install/numpy_eigen/local/lib/python3.10/dist-packages/numpy_eigen
-- Installing: /home/orangepi/Desktop/SparkCar_ROS2_WS/SparkCar_Tools/install/numpy_eigen/local/lib/python3.10/dist-packages/numpy_eigen/__init__.py
Listing '/home/orangepi/Desktop/SparkCar_ROS2_WS/SparkCar_Tools/install/numpy_eigen/local/lib/python3.10/dist-packages/numpy_eigen'...
Compiling '/home/orangepi/Desktop/SparkCar_ROS2_WS/SparkCar_Tools/install/numpy_eigen/local/lib/python3.10/dist-packages/numpy_eigen/__init__.py'...
-- Installing: /home/orangepi/Desktop/SparkCar_ROS2_WS/SparkCar_Tools/install/numpy_eigen/local/lib/python3.10/dist-packages/numpy_eigen/libnumpy_eigen.so
-- Installing: /home/orangepi/Desktop/SparkCar_ROS2_WS/SparkCar_Tools/install/numpy_eigen/include
-- Installing: /home/orangepi/Desktop/SparkCar_ROS2_WS/SparkCar_Tools/install/numpy_eigen/include/numpy_eigen
-- Installing: /home/orangepi/Desktop/SparkCar_ROS2_WS/SparkCar_Tools/install/numpy_eigen/include/numpy_eigen/boost_python_headers.hpp
-- Installing: /home/orangepi/Desktop/SparkCar_ROS2_WS/SparkCar_Tools/install/numpy_eigen/include/numpy_eigen/type_traits.hpp
-- Installing: /home/orangepi/Desktop/SparkCar_ROS2_WS/SparkCar_Tools/install/numpy_eigen/include/numpy_eigen/copy_routines.hpp
-- Installing: /home/orangepi/Desktop/SparkCar_ROS2_WS/SparkCar_Tools/install/numpy_eigen/include/numpy_eigen/NumpyEigenConverter.hpp
-- Installing: /home/orangepi/Desktop/SparkCar_ROS2_WS/SparkCar_Tools/install/numpy_eigen/share/ament_index/resource_index/package_run_dependencies/numpy_eigen
-- Installing: /home/orangepi/Desktop/SparkCar_ROS2_WS/SparkCar_Tools/install/numpy_eigen/share/ament_index/resource_index/parent_prefix_path/numpy_eigen
-- Installing: /home/orangepi/Desktop/SparkCar_ROS2_WS/SparkCar_Tools/install/numpy_eigen/share/numpy_eigen/environment/ament_prefix_path.sh
-- Installing: /home/orangepi/Desktop/SparkCar_ROS2_WS/SparkCar_Tools/install/numpy_eigen/share/numpy_eigen/environment/ament_prefix_path.dsv
-- Installing: /home/orangepi/Desktop/SparkCar_ROS2_WS/SparkCar_Tools/install/numpy_eigen/share/numpy_eigen/environment/path.sh
-- Installing: /home/orangepi/Desktop/SparkCar_ROS2_WS/SparkCar_Tools/install/numpy_eigen/share/numpy_eigen/environment/path.dsv
-- Installing: /home/orangepi/Desktop/SparkCar_ROS2_WS/SparkCar_Tools/install/numpy_eigen/share/numpy_eigen/local_setup.bash
-- Installing: /home/orangepi/Desktop/SparkCar_ROS2_WS/SparkCar_Tools/install/numpy_eigen/share/numpy_eigen/local_setup.sh
-- Installing: /home/orangepi/Desktop/SparkCar_ROS2_WS/SparkCar_Tools/install/numpy_eigen/share/numpy_eigen/local_setup.zsh
-- Installing: /home/orangepi/Desktop/SparkCar_ROS2_WS/SparkCar_Tools/install/numpy_eigen/share/numpy_eigen/local_setup.dsv
-- Installing: /home/orangepi/Desktop/SparkCar_ROS2_WS/SparkCar_Tools/install/numpy_eigen/share/numpy_eigen/package.dsv
-- Installing: /home/orangepi/Desktop/SparkCar_ROS2_WS/SparkCar_Tools/install/numpy_eigen/share/ament_index/resource_index/packages/numpy_eigen
-- Installing: /home/orangepi/Desktop/SparkCar_ROS2_WS/SparkCar_Tools/install/numpy_eigen/share/numpy_eigen/cmake/ament_cmake_export_dependencies-extras.cmake
-- Installing: /home/orangepi/Desktop/SparkCar_ROS2_WS/SparkCar_Tools/install/numpy_eigen/share/numpy_eigen/cmake/ament_cmake_export_include_directories-extras.cmake
-- Installing: /home/orangepi/Desktop/SparkCar_ROS2_WS/SparkCar_Tools/install/numpy_eigen/share/numpy_eigen/cmake/numpy_eigenConfig.cmake
-- Installing: /home/orangepi/Desktop/SparkCar_ROS2_WS/SparkCar_Tools/install/numpy_eigen/share/numpy_eigen/cmake/numpy_eigenConfig-version.cmake
-- Installing: /home/orangepi/Desktop/SparkCar_ROS2_WS/SparkCar_Tools/install/numpy_eigen/share/numpy_eigen/package.xml
