[0.011s] Invoking command in '/home/jiaverso/Desktop/SparkCar_ROS2_WS/SparkCar_Controller/build/target_follower': CMAKE_PREFIX_PATH=${CMAKE_PREFIX_PATH}:/opt/ros/humble /usr/bin/cmake /home/jiaverso/Desktop/SparkCar_ROS2_WS/SparkCar_Controller/src/target_follower -DCMAKE_EXPORT_COMPILE_COMMANDS=ON -DAMENT_CMAKE_SYMLINK_INSTALL=1 -DCMAKE_INSTALL_PREFIX=/home/jiaverso/Desktop/SparkCar_ROS2_WS/SparkCar_Controller/install/target_follower
[0.027s] -- Found ament_cmake: 1.3.14 (/opt/ros/humble/share/ament_cmake/cmake)
[0.130s] -- Override CMake install command with custom implementation using symlinks instead of copying resources
[0.145s] -- Found rclcpp: 16.0.19 (/opt/ros/humble/share/rclcpp/cmake)
[0.177s] -- Found rosidl_generator_c: 3.1.9 (/opt/ros/humble/share/rosidl_generator_c/cmake)
[0.180s] -- Found rosidl_adapter: 3.1.9 (/opt/ros/humble/share/rosidl_adapter/cmake)
[0.187s] -- Found rosidl_generator_cpp: 3.1.9 (/opt/ros/humble/share/rosidl_generator_cpp/cmake)
[0.200s] -- Using all available rosidl_typesupport_c: rosidl_typesupport_fastrtps_c;rosidl_typesupport_introspection_c
[0.212s] -- Using all available rosidl_typesupport_cpp: rosidl_typesupport_fastrtps_cpp;rosidl_typesupport_introspection_cpp
[0.246s] -- Found rmw_implementation_cmake: 6.1.2 (/opt/ros/humble/share/rmw_implementation_cmake/cmake)
[0.248s] -- Found rmw_fastrtps_cpp: 6.2.10 (/opt/ros/humble/share/rmw_fastrtps_cpp/cmake)
[0.340s] -- Using RMW implementation 'rmw_fastrtps_cpp' as default
[0.394s] -- Found geometry_msgs: 4.9.1 (/opt/ros/humble/share/geometry_msgs/cmake)
[0.405s] -- Found std_srvs: 4.9.1 (/opt/ros/humble/share/std_srvs/cmake)
[0.470s] -- Configuring done
[0.487s] -- Generating done
[0.490s] -- Build files have been written to: /home/jiaverso/Desktop/SparkCar_ROS2_WS/SparkCar_Controller/build/target_follower
[0.495s] Invoked command in '/home/jiaverso/Desktop/SparkCar_ROS2_WS/SparkCar_Controller/build/target_follower' returned '0': CMAKE_PREFIX_PATH=${CMAKE_PREFIX_PATH}:/opt/ros/humble /usr/bin/cmake /home/jiaverso/Desktop/SparkCar_ROS2_WS/SparkCar_Controller/src/target_follower -DCMAKE_EXPORT_COMPILE_COMMANDS=ON -DAMENT_CMAKE_SYMLINK_INSTALL=1 -DCMAKE_INSTALL_PREFIX=/home/jiaverso/Desktop/SparkCar_ROS2_WS/SparkCar_Controller/install/target_follower
[0.496s] Invoking command in '/home/jiaverso/Desktop/SparkCar_ROS2_WS/SparkCar_Controller/build/target_follower': CMAKE_PREFIX_PATH=${CMAKE_PREFIX_PATH}:/opt/ros/humble /usr/bin/cmake --build /home/jiaverso/Desktop/SparkCar_ROS2_WS/SparkCar_Controller/build/target_follower -- -j8 -l8
[0.529s] Consolidate compiler generated dependencies of target target_follower_pid
[0.545s] [ 16%] Building CXX object CMakeFiles/target_follower_pid.dir/src/pid_controller.cpp.o
[0.935s] [ 33%] Linking CXX static library libtarget_follower_pid.a
[1.090s] [ 33%] Built target target_follower_pid
[1.099s] Consolidate compiler generated dependencies of target pid_controller_test
[1.103s] Consolidate compiler generated dependencies of target target_follower_node
[1.107s] [ 50%] Building CXX object CMakeFiles/pid_controller_test.dir/test/pid_controller_test.cpp.o
[1.125s] [ 66%] Building CXX object CMakeFiles/target_follower_node.dir/src/target_follower_node.cpp.o
[1.221s] [ 83%] Linking CXX executable pid_controller_test
[1.295s] [ 83%] Built target pid_controller_test
[8.288s] [100%] Linking CXX executable target_follower_node
[8.736s] [100%] Built target target_follower_node
[8.744s] Invoked command in '/home/jiaverso/Desktop/SparkCar_ROS2_WS/SparkCar_Controller/build/target_follower' returned '0': CMAKE_PREFIX_PATH=${CMAKE_PREFIX_PATH}:/opt/ros/humble /usr/bin/cmake --build /home/jiaverso/Desktop/SparkCar_ROS2_WS/SparkCar_Controller/build/target_follower -- -j8 -l8
[8.753s] Invoking command in '/home/jiaverso/Desktop/SparkCar_ROS2_WS/SparkCar_Controller/build/target_follower': CMAKE_PREFIX_PATH=${CMAKE_PREFIX_PATH}:/opt/ros/humble /usr/bin/cmake --install /home/jiaverso/Desktop/SparkCar_ROS2_WS/SparkCar_Controller/build/target_follower
[8.758s] -- Install configuration: ""
[8.758s] -- Execute custom install script
[8.759s] -- Up-to-date symlink: /home/jiaverso/Desktop/SparkCar_ROS2_WS/SparkCar_Controller/install/target_follower/lib/libtarget_follower_pid.a
[8.759s] -- Up-to-date symlink: /home/jiaverso/Desktop/SparkCar_ROS2_WS/SparkCar_Controller/install/target_follower/lib/target_follower/target_follower_node
[8.759s] -- Up-to-date symlink: /home/jiaverso/Desktop/SparkCar_ROS2_WS/SparkCar_Controller/install/target_follower/include/target_follower/pid_controller.hpp
[8.759s] -- Up-to-date symlink: /home/jiaverso/Desktop/SparkCar_ROS2_WS/SparkCar_Controller/install/target_follower/share/target_follower/README.md
[8.759s] -- Up-to-date symlink: /home/jiaverso/Desktop/SparkCar_ROS2_WS/SparkCar_Controller/install/target_follower/share/ament_index/resource_index/package_run_dependencies/target_follower
[8.759s] -- Up-to-date symlink: /home/jiaverso/Desktop/SparkCar_ROS2_WS/SparkCar_Controller/install/target_follower/share/ament_index/resource_index/parent_prefix_path/target_follower
[8.759s] -- Up-to-date symlink: /home/jiaverso/Desktop/SparkCar_ROS2_WS/SparkCar_Controller/install/target_follower/share/target_follower/environment/ament_prefix_path.sh
[8.760s] -- Up-to-date symlink: /home/jiaverso/Desktop/SparkCar_ROS2_WS/SparkCar_Controller/install/target_follower/share/target_follower/environment/ament_prefix_path.dsv
[8.760s] -- Up-to-date symlink: /home/jiaverso/Desktop/SparkCar_ROS2_WS/SparkCar_Controller/install/target_follower/share/target_follower/environment/path.sh
[8.760s] -- Up-to-date symlink: /home/jiaverso/Desktop/SparkCar_ROS2_WS/SparkCar_Controller/install/target_follower/share/target_follower/environment/path.dsv
[8.760s] -- Up-to-date symlink: /home/jiaverso/Desktop/SparkCar_ROS2_WS/SparkCar_Controller/install/target_follower/share/target_follower/local_setup.bash
[8.760s] -- Up-to-date symlink: /home/jiaverso/Desktop/SparkCar_ROS2_WS/SparkCar_Controller/install/target_follower/share/target_follower/local_setup.sh
[8.760s] -- Up-to-date symlink: /home/jiaverso/Desktop/SparkCar_ROS2_WS/SparkCar_Controller/install/target_follower/share/target_follower/local_setup.zsh
[8.760s] -- Up-to-date symlink: /home/jiaverso/Desktop/SparkCar_ROS2_WS/SparkCar_Controller/install/target_follower/share/target_follower/local_setup.dsv
[8.760s] -- Symlinking: /home/jiaverso/Desktop/SparkCar_ROS2_WS/SparkCar_Controller/install/target_follower/share/target_follower/package.dsv
[8.767s] -- Up-to-date symlink: /home/jiaverso/Desktop/SparkCar_ROS2_WS/SparkCar_Controller/install/target_follower/share/ament_index/resource_index/packages/target_follower
[8.767s] -- Up-to-date symlink: /home/jiaverso/Desktop/SparkCar_ROS2_WS/SparkCar_Controller/install/target_follower/share/target_follower/cmake/target_followerConfig.cmake
[8.767s] -- Up-to-date symlink: /home/jiaverso/Desktop/SparkCar_ROS2_WS/SparkCar_Controller/install/target_follower/share/target_follower/cmake/target_followerConfig-version.cmake
[8.767s] -- Up-to-date symlink: /home/jiaverso/Desktop/SparkCar_ROS2_WS/SparkCar_Controller/install/target_follower/share/target_follower/package.xml
[8.767s] -- Up-to-date: /home/jiaverso/Desktop/SparkCar_ROS2_WS/SparkCar_Controller/install/target_follower/share/target_follower/launch
[8.767s] -- Up-to-date: /home/jiaverso/Desktop/SparkCar_ROS2_WS/SparkCar_Controller/install/target_follower/share/target_follower/launch/target_follower.launch.py
[8.767s] -- Up-to-date: /home/jiaverso/Desktop/SparkCar_ROS2_WS/SparkCar_Controller/install/target_follower/share/target_follower/launch/__pycache__
[8.767s] -- Up-to-date: /home/jiaverso/Desktop/SparkCar_ROS2_WS/SparkCar_Controller/install/target_follower/share/target_follower/config
[8.767s] -- Up-to-date: /home/jiaverso/Desktop/SparkCar_ROS2_WS/SparkCar_Controller/install/target_follower/share/target_follower/config/target_follower.yaml
[30.022s] Invoked command in '/home/jiaverso/Desktop/SparkCar_ROS2_WS/SparkCar_Controller/build/target_follower' returned '0': CMAKE_PREFIX_PATH=${CMAKE_PREFIX_PATH}:/opt/ros/humble /usr/bin/cmake --install /home/jiaverso/Desktop/SparkCar_ROS2_WS/SparkCar_Controller/build/target_follower
