The MPI test test_mpi for C in mode normal failed to compile with the following output:
Change Dir: /home/jiaverso/Desktop/SparkCar_ROS2_WS/SparkCar_Perception/build/fastlio2/CMakeFiles/CMakeTmp

Run Build Command(s):/usr/bin/gmake -f Makefile cmTC_fcedf/fast && /usr/bin/gmake  -f CMakeFiles/cmTC_fcedf.dir/build.make CMakeFiles/cmTC_fcedf.dir/build
gmake[1]: Entering directory '/home/jiaverso/Desktop/SparkCar_ROS2_WS/SparkCar_Perception/build/fastlio2/CMakeFiles/CMakeTmp'
Building C object CMakeFiles/cmTC_fcedf.dir/test_mpi.c.o
/usr/bin/cc  -isystem /usr/lib/x86_64-linux-gnu/openmpi/include/openmpi -fexceptions  -o CMakeFiles/cmTC_fcedf.dir/test_mpi.c.o -c /usr/share/cmake-3.22/Modules/FindMPI/test_mpi.c
/usr/share/cmake-3.22/Modules/FindMPI/test_mpi.c:1:10: fatal error: mpi.h: No such file or directory
    1 | #include <mpi.h>
      |          ^~~~~~~
compilation terminated.
gmake[1]: *** [CMakeFiles/cmTC_fcedf.dir/build.make:78: CMakeFiles/cmTC_fcedf.dir/test_mpi.c.o] Error 1
gmake[1]: Leaving directory '/home/jiaverso/Desktop/SparkCar_ROS2_WS/SparkCar_Perception/build/fastlio2/CMakeFiles/CMakeTmp'
gmake: *** [Makefile:127: cmTC_fcedf/fast] Error 2



The MPI test test_mpi for C in mode normal failed to compile with the following output:
Change Dir: /home/jiaverso/Desktop/SparkCar_ROS2_WS/SparkCar_Perception/build/fastlio2/CMakeFiles/CMakeTmp

Run Build Command(s):/usr/bin/gmake -f Makefile cmTC_f0bd3/fast && /usr/bin/gmake  -f CMakeFiles/cmTC_f0bd3.dir/build.make CMakeFiles/cmTC_f0bd3.dir/build
gmake[1]: Entering directory '/home/jiaverso/Desktop/SparkCar_ROS2_WS/SparkCar_Perception/build/fastlio2/CMakeFiles/CMakeTmp'
Building C object CMakeFiles/cmTC_f0bd3.dir/test_mpi.c.o
/usr/bin/cc  -isystem /usr/lib/x86_64-linux-gnu/openmpi/include/openmpi -fexceptions  -o CMakeFiles/cmTC_f0bd3.dir/test_mpi.c.o -c /usr/share/cmake-3.22/Modules/FindMPI/test_mpi.c
/usr/share/cmake-3.22/Modules/FindMPI/test_mpi.c:1:10: fatal error: mpi.h: No such file or directory
    1 | #include <mpi.h>
      |          ^~~~~~~
compilation terminated.
gmake[1]: *** [CMakeFiles/cmTC_f0bd3.dir/build.make:78: CMakeFiles/cmTC_f0bd3.dir/test_mpi.c.o] Error 1
gmake[1]: Leaving directory '/home/jiaverso/Desktop/SparkCar_ROS2_WS/SparkCar_Perception/build/fastlio2/CMakeFiles/CMakeTmp'
gmake: *** [Makefile:127: cmTC_f0bd3/fast] Error 2



The MPI test test_mpi for C in mode normal failed to compile with the following output:
Change Dir: /home/jiaverso/Desktop/SparkCar_ROS2_WS/SparkCar_Perception/build/fastlio2/CMakeFiles/CMakeTmp

Run Build Command(s):/usr/bin/gmake -f Makefile cmTC_cd6e0/fast && /usr/bin/gmake  -f CMakeFiles/cmTC_cd6e0.dir/build.make CMakeFiles/cmTC_cd6e0.dir/build
gmake[1]: Entering directory '/home/jiaverso/Desktop/SparkCar_ROS2_WS/SparkCar_Perception/build/fastlio2/CMakeFiles/CMakeTmp'
Building C object CMakeFiles/cmTC_cd6e0.dir/test_mpi.c.o
/usr/bin/cc  -isystem /usr/lib/x86_64-linux-gnu/openmpi/include/openmpi -fexceptions  -o CMakeFiles/cmTC_cd6e0.dir/test_mpi.c.o -c /usr/share/cmake-3.22/Modules/FindMPI/test_mpi.c
/usr/share/cmake-3.22/Modules/FindMPI/test_mpi.c:1:10: fatal error: mpi.h: No such file or directory
    1 | #include <mpi.h>
      |          ^~~~~~~
compilation terminated.
gmake[1]: *** [CMakeFiles/cmTC_cd6e0.dir/build.make:78: CMakeFiles/cmTC_cd6e0.dir/test_mpi.c.o] Error 1
gmake[1]: Leaving directory '/home/jiaverso/Desktop/SparkCar_ROS2_WS/SparkCar_Perception/build/fastlio2/CMakeFiles/CMakeTmp'
gmake: *** [Makefile:127: cmTC_cd6e0/fast] Error 2



The MPI test test_mpi for C in mode normal failed to compile with the following output:
Change Dir: /home/jiaverso/Desktop/SparkCar_ROS2_WS/SparkCar_Perception/build/fastlio2/CMakeFiles/CMakeTmp

Run Build Command(s):/usr/bin/gmake -f Makefile cmTC_a87bd/fast && /usr/bin/gmake  -f CMakeFiles/cmTC_a87bd.dir/build.make CMakeFiles/cmTC_a87bd.dir/build
gmake[1]: Entering directory '/home/jiaverso/Desktop/SparkCar_ROS2_WS/SparkCar_Perception/build/fastlio2/CMakeFiles/CMakeTmp'
Building C object CMakeFiles/cmTC_a87bd.dir/test_mpi.c.o
/usr/bin/cc  -isystem /usr/lib/x86_64-linux-gnu/openmpi/include/openmpi -fexceptions  -o CMakeFiles/cmTC_a87bd.dir/test_mpi.c.o -c /usr/share/cmake-3.22/Modules/FindMPI/test_mpi.c
/usr/share/cmake-3.22/Modules/FindMPI/test_mpi.c:1:10: fatal error: mpi.h: No such file or directory
    1 | #include <mpi.h>
      |          ^~~~~~~
compilation terminated.
gmake[1]: *** [CMakeFiles/cmTC_a87bd.dir/build.make:78: CMakeFiles/cmTC_a87bd.dir/test_mpi.c.o] Error 1
gmake[1]: Leaving directory '/home/jiaverso/Desktop/SparkCar_ROS2_WS/SparkCar_Perception/build/fastlio2/CMakeFiles/CMakeTmp'
gmake: *** [Makefile:127: cmTC_a87bd/fast] Error 2



The MPI test test_mpi for C in mode normal failed to compile with the following output:
Change Dir: /home/jiaverso/Desktop/SparkCar_ROS2_WS/SparkCar_Perception/build/fastlio2/CMakeFiles/CMakeTmp

Run Build Command(s):/usr/bin/gmake -f Makefile cmTC_ef75a/fast && /usr/bin/gmake  -f CMakeFiles/cmTC_ef75a.dir/build.make CMakeFiles/cmTC_ef75a.dir/build
gmake[1]: Entering directory '/home/jiaverso/Desktop/SparkCar_ROS2_WS/SparkCar_Perception/build/fastlio2/CMakeFiles/CMakeTmp'
Building C object CMakeFiles/cmTC_ef75a.dir/test_mpi.c.o
/usr/bin/cc  -isystem /usr/lib/x86_64-linux-gnu/openmpi/include/openmpi -fexceptions  -o CMakeFiles/cmTC_ef75a.dir/test_mpi.c.o -c /usr/share/cmake-3.22/Modules/FindMPI/test_mpi.c
/usr/share/cmake-3.22/Modules/FindMPI/test_mpi.c:1:10: fatal error: mpi.h: No such file or directory
    1 | #include <mpi.h>
      |          ^~~~~~~
compilation terminated.
gmake[1]: *** [CMakeFiles/cmTC_ef75a.dir/build.make:78: CMakeFiles/cmTC_ef75a.dir/test_mpi.c.o] Error 1
gmake[1]: Leaving directory '/home/jiaverso/Desktop/SparkCar_ROS2_WS/SparkCar_Perception/build/fastlio2/CMakeFiles/CMakeTmp'
gmake: *** [Makefile:127: cmTC_ef75a/fast] Error 2



