[ 10%] Building CXX object CMakeFiles/teb_local_planner.dir/src/teb_local_planner_ros.cpp.o
In file included from /opt/ros/humble/include/pluginlib/pluginlib/class_loader_imp.hpp:57,
                 from /opt/ros/humble/include/pluginlib/pluginlib/class_loader.hpp:334,
                 from /home/jiaverso/Desktop/SparkCar_ROS2_WS/SparkCar_Navigation/src/teb_local_planner/teb_local_planner/include/teb_local_planner/teb_local_planner_ros.h:42,
                 from /home/jiaverso/Desktop/SparkCar_ROS2_WS/SparkCar_Navigation/src/teb_local_planner/teb_local_planner/src/teb_local_planner_ros.cpp:39:
/home/jiaverso/Desktop/SparkCar_ROS2_WS/SparkCar_Navigation/install/costmap_converter/include/costmap_converter/costmap_converter_interface.h: In member function ‘void costmap_converter::BaseCostmapToPolygons::startWorker(rclcpp::GenericRate<std::chrono::_V2::system_clock>::SharedPtr, nav2_costmap_2d::Costmap2D*, bool)’:
/home/jiaverso/Desktop/SparkCar_ROS2_WS/SparkCar_Navigation/install/costmap_converter/include/costmap_converter/costmap_converter_interface.h:197:41: warning: too many arguments for format [-Wformat-extra-args]
  197 |         RCLCPP_DEBUG(nh_->get_logger(), "costmap_converter", "Spinning up a thread for the CostmapToPolygons plugin");
      |                                         ^~~~~~~~~~~~~~~~~~~
/home/jiaverso/Desktop/SparkCar_ROS2_WS/SparkCar_Navigation/install/costmap_converter/include/costmap_converter/costmap_converter_interface.h: In member function ‘void costmap_converter::BaseCostmapToDynamicObstacles::loadStaticCostmapConverterPlugin(const string&, rclcpp::Node::SharedPtr)’:
/home/jiaverso/Desktop/SparkCar_ROS2_WS/SparkCar_Navigation/install/costmap_converter/include/costmap_converter/costmap_converter_interface.h:313:32: warning: format ‘%s’ expects argument of type ‘char*’, but argument 5 has type ‘const string’ {aka ‘const std::__cxx11::basic_string<char>’} [-Wformat=]
  313 |       RCLCPP_INFO(getLogger(), "CostmapToDynamicObstacles: underlying costmap conversion plugin for static obstacles %s loaded.", plugin_name);
      |                                ^~~~~~~~~~~~~~~~~~~~~~~~~~~~~~~~~~~~~~~~~~~~~~~~~~~~~~~~~~~~~~~~~~~~~~~~~~~~~~~~~~~~~~~~~~~~~~~~~
In file included from /home/jiaverso/Desktop/SparkCar_ROS2_WS/SparkCar_Navigation/src/teb_local_planner/teb_local_planner/include/teb_local_planner/teb_local_planner_ros.h:68,
                 from /home/jiaverso/Desktop/SparkCar_ROS2_WS/SparkCar_Navigation/src/teb_local_planner/teb_local_planner/src/teb_local_planner_ros.cpp:39:
/home/jiaverso/Desktop/SparkCar_ROS2_WS/SparkCar_Navigation/install/costmap_converter/include/costmap_converter/costmap_converter_interface.h:313:119: note: format string is defined here
  313 |       RCLCPP_INFO(getLogger(), "CostmapToDynamicObstacles: underlying costmap conversion plugin for static obstacles %s loaded.", plugin_name);
      |                                                                                                                      ~^
      |                                                                                                                       |
      |                                                                                                                       char*
[ 20%] Linking CXX shared library libteb_local_planner.so
[100%] Built target teb_local_planner
-- Install configuration: "Release"
-- Execute custom install script
-- Up-to-date symlink: /home/jiaverso/Desktop/SparkCar_ROS2_WS/SparkCar_Navigation/install/teb_local_planner/lib/libteb_local_planner.so
-- Up-to-date symlink: /home/jiaverso/Desktop/SparkCar_ROS2_WS/SparkCar_Navigation/install/teb_local_planner/include//teb_local_planner/distance_calculations.h
-- Up-to-date symlink: /home/jiaverso/Desktop/SparkCar_ROS2_WS/SparkCar_Navigation/install/teb_local_planner/include//teb_local_planner/equivalence_relations.h
-- Up-to-date symlink: /home/jiaverso/Desktop/SparkCar_ROS2_WS/SparkCar_Navigation/install/teb_local_planner/include//teb_local_planner/g2o_types/base_teb_edges.h
-- Up-to-date symlink: /home/jiaverso/Desktop/SparkCar_ROS2_WS/SparkCar_Navigation/install/teb_local_planner/include//teb_local_planner/g2o_types/edge_acceleration.h
-- Up-to-date symlink: /home/jiaverso/Desktop/SparkCar_ROS2_WS/SparkCar_Navigation/install/teb_local_planner/include//teb_local_planner/g2o_types/edge_dynamic_obstacle.h
-- Up-to-date symlink: /home/jiaverso/Desktop/SparkCar_ROS2_WS/SparkCar_Navigation/install/teb_local_planner/include//teb_local_planner/g2o_types/edge_kinematics.h
-- Up-to-date symlink: /home/jiaverso/Desktop/SparkCar_ROS2_WS/SparkCar_Navigation/install/teb_local_planner/include//teb_local_planner/g2o_types/edge_obstacle.h
-- Up-to-date symlink: /home/jiaverso/Desktop/SparkCar_ROS2_WS/SparkCar_Navigation/install/teb_local_planner/include//teb_local_planner/g2o_types/edge_prefer_rotdir.h
-- Up-to-date symlink: /home/jiaverso/Desktop/SparkCar_ROS2_WS/SparkCar_Navigation/install/teb_local_planner/include//teb_local_planner/g2o_types/edge_shortest_path.h
-- Up-to-date symlink: /home/jiaverso/Desktop/SparkCar_ROS2_WS/SparkCar_Navigation/install/teb_local_planner/include//teb_local_planner/g2o_types/edge_time_optimal.h
-- Up-to-date symlink: /home/jiaverso/Desktop/SparkCar_ROS2_WS/SparkCar_Navigation/install/teb_local_planner/include//teb_local_planner/g2o_types/edge_velocity.h
-- Up-to-date symlink: /home/jiaverso/Desktop/SparkCar_ROS2_WS/SparkCar_Navigation/install/teb_local_planner/include//teb_local_planner/g2o_types/edge_velocity_obstacle_ratio.h
-- Up-to-date symlink: /home/jiaverso/Desktop/SparkCar_ROS2_WS/SparkCar_Navigation/install/teb_local_planner/include//teb_local_planner/g2o_types/edge_via_point.h
-- Up-to-date symlink: /home/jiaverso/Desktop/SparkCar_ROS2_WS/SparkCar_Navigation/install/teb_local_planner/include//teb_local_planner/g2o_types/penalties.h
-- Up-to-date symlink: /home/jiaverso/Desktop/SparkCar_ROS2_WS/SparkCar_Navigation/install/teb_local_planner/include//teb_local_planner/g2o_types/vertex_pose.h
-- Up-to-date symlink: /home/jiaverso/Desktop/SparkCar_ROS2_WS/SparkCar_Navigation/install/teb_local_planner/include//teb_local_planner/g2o_types/vertex_timediff.h
-- Up-to-date symlink: /home/jiaverso/Desktop/SparkCar_ROS2_WS/SparkCar_Navigation/install/teb_local_planner/include//teb_local_planner/graph_search.h
-- Up-to-date symlink: /home/jiaverso/Desktop/SparkCar_ROS2_WS/SparkCar_Navigation/install/teb_local_planner/include//teb_local_planner/h_signature.h
-- Up-to-date symlink: /home/jiaverso/Desktop/SparkCar_ROS2_WS/SparkCar_Navigation/install/teb_local_planner/include//teb_local_planner/homotopy_class_planner.h
-- Up-to-date symlink: /home/jiaverso/Desktop/SparkCar_ROS2_WS/SparkCar_Navigation/install/teb_local_planner/include//teb_local_planner/homotopy_class_planner.hpp
-- Up-to-date symlink: /home/jiaverso/Desktop/SparkCar_ROS2_WS/SparkCar_Navigation/install/teb_local_planner/include//teb_local_planner/misc.h
-- Up-to-date symlink: /home/jiaverso/Desktop/SparkCar_ROS2_WS/SparkCar_Navigation/install/teb_local_planner/include//teb_local_planner/obstacles.h
-- Up-to-date symlink: /home/jiaverso/Desktop/SparkCar_ROS2_WS/SparkCar_Navigation/install/teb_local_planner/include//teb_local_planner/optimal_planner.h
-- Up-to-date symlink: /home/jiaverso/Desktop/SparkCar_ROS2_WS/SparkCar_Navigation/install/teb_local_planner/include//teb_local_planner/planner_interface.h
-- Up-to-date symlink: /home/jiaverso/Desktop/SparkCar_ROS2_WS/SparkCar_Navigation/install/teb_local_planner/include//teb_local_planner/pose_se2.h
-- Up-to-date symlink: /home/jiaverso/Desktop/SparkCar_ROS2_WS/SparkCar_Navigation/install/teb_local_planner/include//teb_local_planner/recovery_behaviors.h
-- Up-to-date symlink: /home/jiaverso/Desktop/SparkCar_ROS2_WS/SparkCar_Navigation/install/teb_local_planner/include//teb_local_planner/robot_footprint_model.h
-- Up-to-date symlink: /home/jiaverso/Desktop/SparkCar_ROS2_WS/SparkCar_Navigation/install/teb_local_planner/include//teb_local_planner/teb_config.h
-- Up-to-date symlink: /home/jiaverso/Desktop/SparkCar_ROS2_WS/SparkCar_Navigation/install/teb_local_planner/include//teb_local_planner/teb_local_planner_ros.h
-- Up-to-date symlink: /home/jiaverso/Desktop/SparkCar_ROS2_WS/SparkCar_Navigation/install/teb_local_planner/include//teb_local_planner/timed_elastic_band.h
-- Up-to-date symlink: /home/jiaverso/Desktop/SparkCar_ROS2_WS/SparkCar_Navigation/install/teb_local_planner/include//teb_local_planner/timed_elastic_band.hpp
-- Up-to-date symlink: /home/jiaverso/Desktop/SparkCar_ROS2_WS/SparkCar_Navigation/install/teb_local_planner/include//teb_local_planner/visualization.h
-- Up-to-date symlink: /home/jiaverso/Desktop/SparkCar_ROS2_WS/SparkCar_Navigation/install/teb_local_planner/include//teb_local_planner/visualization.hpp
-- Up-to-date symlink: /home/jiaverso/Desktop/SparkCar_ROS2_WS/SparkCar_Navigation/install/teb_local_planner/share/teb_local_planner_plugin.xml
-- Up-to-date symlink: /home/jiaverso/Desktop/SparkCar_ROS2_WS/SparkCar_Navigation/install/teb_local_planner/lib/teb_local_planner/cmd_vel_to_ackermann_drive.py
-- Up-to-date symlink: /home/jiaverso/Desktop/SparkCar_ROS2_WS/SparkCar_Navigation/install/teb_local_planner/share/teb_local_planner/params/teb_params.yaml
-- Up-to-date symlink: /home/jiaverso/Desktop/SparkCar_ROS2_WS/SparkCar_Navigation/install/teb_local_planner/share/teb_local_planner/environment/library_path.sh
-- Up-to-date symlink: /home/jiaverso/Desktop/SparkCar_ROS2_WS/SparkCar_Navigation/install/teb_local_planner/share/teb_local_planner/environment/library_path.dsv
-- Up-to-date symlink: /home/jiaverso/Desktop/SparkCar_ROS2_WS/SparkCar_Navigation/install/teb_local_planner/share/teb_local_planner//teb_local_planner_plugin.xml
-- Up-to-date symlink: /home/jiaverso/Desktop/SparkCar_ROS2_WS/SparkCar_Navigation/install/teb_local_planner/share/ament_index/resource_index/package_run_dependencies/teb_local_planner
-- Up-to-date symlink: /home/jiaverso/Desktop/SparkCar_ROS2_WS/SparkCar_Navigation/install/teb_local_planner/share/ament_index/resource_index/parent_prefix_path/teb_local_planner
-- Up-to-date symlink: /home/jiaverso/Desktop/SparkCar_ROS2_WS/SparkCar_Navigation/install/teb_local_planner/share/teb_local_planner/environment/ament_prefix_path.sh
-- Up-to-date symlink: /home/jiaverso/Desktop/SparkCar_ROS2_WS/SparkCar_Navigation/install/teb_local_planner/share/teb_local_planner/environment/ament_prefix_path.dsv
-- Up-to-date symlink: /home/jiaverso/Desktop/SparkCar_ROS2_WS/SparkCar_Navigation/install/teb_local_planner/share/teb_local_planner/environment/path.sh
-- Up-to-date symlink: /home/jiaverso/Desktop/SparkCar_ROS2_WS/SparkCar_Navigation/install/teb_local_planner/share/teb_local_planner/environment/path.dsv
-- Up-to-date symlink: /home/jiaverso/Desktop/SparkCar_ROS2_WS/SparkCar_Navigation/install/teb_local_planner/share/teb_local_planner/local_setup.bash
-- Up-to-date symlink: /home/jiaverso/Desktop/SparkCar_ROS2_WS/SparkCar_Navigation/install/teb_local_planner/share/teb_local_planner/local_setup.sh
-- Up-to-date symlink: /home/jiaverso/Desktop/SparkCar_ROS2_WS/SparkCar_Navigation/install/teb_local_planner/share/teb_local_planner/local_setup.zsh
-- Up-to-date symlink: /home/jiaverso/Desktop/SparkCar_ROS2_WS/SparkCar_Navigation/install/teb_local_planner/share/teb_local_planner/local_setup.dsv
-- Symlinking: /home/jiaverso/Desktop/SparkCar_ROS2_WS/SparkCar_Navigation/install/teb_local_planner/share/teb_local_planner/package.dsv
-- Up-to-date symlink: /home/jiaverso/Desktop/SparkCar_ROS2_WS/SparkCar_Navigation/install/teb_local_planner/share/ament_index/resource_index/packages/teb_local_planner
-- Up-to-date symlink: /home/jiaverso/Desktop/SparkCar_ROS2_WS/SparkCar_Navigation/install/teb_local_planner/share/ament_index/resource_index/nav2_core__pluginlib__plugin/teb_local_planner
-- Up-to-date symlink: /home/jiaverso/Desktop/SparkCar_ROS2_WS/SparkCar_Navigation/install/teb_local_planner/share/teb_local_planner/cmake/ament_cmake_export_include_directories-extras.cmake
-- Up-to-date symlink: /home/jiaverso/Desktop/SparkCar_ROS2_WS/SparkCar_Navigation/install/teb_local_planner/share/teb_local_planner/cmake/ament_cmake_export_libraries-extras.cmake
-- Up-to-date symlink: /home/jiaverso/Desktop/SparkCar_ROS2_WS/SparkCar_Navigation/install/teb_local_planner/share/teb_local_planner/cmake/ament_cmake_export_dependencies-extras.cmake
-- Up-to-date symlink: /home/jiaverso/Desktop/SparkCar_ROS2_WS/SparkCar_Navigation/install/teb_local_planner/share/teb_local_planner/cmake/teb_local_plannerConfig.cmake
-- Up-to-date symlink: /home/jiaverso/Desktop/SparkCar_ROS2_WS/SparkCar_Navigation/install/teb_local_planner/share/teb_local_planner/cmake/teb_local_plannerConfig-version.cmake
-- Up-to-date symlink: /home/jiaverso/Desktop/SparkCar_ROS2_WS/SparkCar_Navigation/install/teb_local_planner/share/teb_local_planner/package.xml
