-- The C compiler identification is GNU 11.4.0
-- The CXX compiler identification is GNU 11.4.0
-- Detecting C compiler ABI info
-- Detecting C compiler ABI info - done
-- Check for working C compiler: /usr/bin/cc - skipped
-- Detecting C compile features
-- Detecting C compile features - done
-- Detecting CXX compiler ABI info
-- Detecting CXX compiler ABI info - done
-- Check for working CXX compiler: /usr/bin/c++ - skipped
-- Detecting CXX compile features
-- Detecting CXX compile features - done
-- Found ament_cmake: 1.3.14 (/opt/ros/humble/share/ament_cmake/cmake)
-- Found Python3: /usr/bin/python3 (found version "3.10.12") found components: Interpreter 
-- Found sm_common: 1.0.0 (/home/orangepi/Desktop/SparkCar_ROS2_WS/SparkCar_Tools/install/sm_common/share/sm_common/cmake)
-- Found Boost: /usr/lib/aarch64-linux-gnu/cmake/Boost-1.74.0/BoostConfig.cmake (found version "1.74.0") found components: system filesystem 
-- Looking for pthread.h
-- Looking for pthread.h - found
-- Performing Test CMAKE_HAVE_LIBC_PTHREAD
-- Performing Test CMAKE_HAVE_LIBC_PTHREAD - Success
-- Found Threads: TRUE  
-- Configuring done
-- Generating done
-- Build files have been written to: /home/orangepi/Desktop/SparkCar_ROS2_WS/SparkCar_Tools/build/sm_matrix_archive
[ 50%] [32mBuilding CXX object CMakeFiles/sm_matrix_archive.dir/src/MatrixArchive.cpp.o[0m
In file included from [01m[K/usr/include/eigen3/Eigen/Core:214[m[K,
                 from [01m[K/home/orangepi/Desktop/SparkCar_ROS2_WS/SparkCar_Tools/src/Kalibr_ROS2/src/Schweizer-Messer/sm_matrix_archive/include/sm/MatrixArchive.hpp:10[m[K,
                 from [01m[K/home/orangepi/Desktop/SparkCar_ROS2_WS/SparkCar_Tools/src/Kalibr_ROS2/src/Schweizer-Messer/sm_matrix_archive/src/MatrixArchive.cpp:4[m[K:
[01m[K/usr/include/eigen3/Eigen/src/Core/arch/NEON/PacketMath.h:[m[K In function ‘[01m[KPacket Eigen::internal::pload(const typename Eigen::internal::unpacket_traits<T>::type*) [with Packet = Eigen::internal::eigen_packet_wrapper<int, 2>; typename Eigen::internal::unpacket_traits<T>::type = signed char][m[K’:
[01m[K/usr/include/eigen3/Eigen/src/Core/arch/NEON/PacketMath.h:1671:9:[m[K [01;35m[Kwarning: [m[K‘[01m[Kvoid* memcpy(void*, const void*, size_t)[m[K’ copying an object of non-trivial type ‘[01m[KEigen::internal::Packet4c[m[K’ {aka ‘[01m[Kstruct Eigen::internal::eigen_packet_wrapper<int, 2>[m[K’} from an array of ‘[01m[Kconst int8_t[m[K’ {aka ‘[01m[Kconst signed char[m[K’} [[01;35m[K]8;;https://gcc.gnu.org/onlinedocs/gcc/Warning-Options.html#index-Wclass-memaccess-Wclass-memaccess]8;;[m[K]
 1671 |   [01;35m[Kmemcpy(&res, from, sizeof(Packet4c))[m[K;
      |   [01;35m[K~~~~~~^~~~~~~~~~~~~~~~~~~~~~~~~~~~~~[m[K
In file included from [01m[K/usr/include/eigen3/Eigen/Core:172[m[K,
                 from [01m[K/home/orangepi/Desktop/SparkCar_ROS2_WS/SparkCar_Tools/src/Kalibr_ROS2/src/Schweizer-Messer/sm_matrix_archive/include/sm/MatrixArchive.hpp:10[m[K,
                 from [01m[K/home/orangepi/Desktop/SparkCar_ROS2_WS/SparkCar_Tools/src/Kalibr_ROS2/src/Schweizer-Messer/sm_matrix_archive/src/MatrixArchive.cpp:4[m[K:
[01m[K/usr/include/eigen3/Eigen/src/Core/GenericPacketMath.h:159:8:[m[K [01;36m[Knote: [m[K‘[01m[KEigen::internal::Packet4c[m[K’ {aka ‘[01m[Kstruct Eigen::internal::eigen_packet_wrapper<int, 2>[m[K’} declared here
  159 | struct [01;36m[Keigen_packet_wrapper[m[K
      |        [01;36m[K^~~~~~~~~~~~~~~~~~~~[m[K
In file included from [01m[K/usr/include/eigen3/Eigen/Core:214[m[K,
                 from [01m[K/home/orangepi/Desktop/SparkCar_ROS2_WS/SparkCar_Tools/src/Kalibr_ROS2/src/Schweizer-Messer/sm_matrix_archive/include/sm/MatrixArchive.hpp:10[m[K,
                 from [01m[K/home/orangepi/Desktop/SparkCar_ROS2_WS/SparkCar_Tools/src/Kalibr_ROS2/src/Schweizer-Messer/sm_matrix_archive/src/MatrixArchive.cpp:4[m[K:
[01m[K/usr/include/eigen3/Eigen/src/Core/arch/NEON/PacketMath.h:[m[K In function ‘[01m[KPacket Eigen::internal::ploadu(const typename Eigen::internal::unpacket_traits<T>::type*) [with Packet = Eigen::internal::eigen_packet_wrapper<int, 2>; typename Eigen::internal::unpacket_traits<T>::type = signed char][m[K’:
[01m[K/usr/include/eigen3/Eigen/src/Core/arch/NEON/PacketMath.h:1716:9:[m[K [01;35m[Kwarning: [m[K‘[01m[Kvoid* memcpy(void*, const void*, size_t)[m[K’ copying an object of non-trivial type ‘[01m[KEigen::internal::Packet4c[m[K’ {aka ‘[01m[Kstruct Eigen::internal::eigen_packet_wrapper<int, 2>[m[K’} from an array of ‘[01m[Kconst int8_t[m[K’ {aka ‘[01m[Kconst signed char[m[K’} [[01;35m[K]8;;https://gcc.gnu.org/onlinedocs/gcc/Warning-Options.html#index-Wclass-memaccess-Wclass-memaccess]8;;[m[K]
 1716 |   [01;35m[Kmemcpy(&res, from, sizeof(Packet4c))[m[K;
      |   [01;35m[K~~~~~~^~~~~~~~~~~~~~~~~~~~~~~~~~~~~~[m[K
In file included from [01m[K/usr/include/eigen3/Eigen/Core:172[m[K,
                 from [01m[K/home/orangepi/Desktop/SparkCar_ROS2_WS/SparkCar_Tools/src/Kalibr_ROS2/src/Schweizer-Messer/sm_matrix_archive/include/sm/MatrixArchive.hpp:10[m[K,
                 from [01m[K/home/orangepi/Desktop/SparkCar_ROS2_WS/SparkCar_Tools/src/Kalibr_ROS2/src/Schweizer-Messer/sm_matrix_archive/src/MatrixArchive.cpp:4[m[K:
[01m[K/usr/include/eigen3/Eigen/src/Core/GenericPacketMath.h:159:8:[m[K [01;36m[Knote: [m[K‘[01m[KEigen::internal::Packet4c[m[K’ {aka ‘[01m[Kstruct Eigen::internal::eigen_packet_wrapper<int, 2>[m[K’} declared here
  159 | struct [01;36m[Keigen_packet_wrapper[m[K
      |        [01;36m[K^~~~~~~~~~~~~~~~~~~~[m[K
[100%] [32m[1mLinking CXX static library libsm_matrix_archive.a[0m
[100%] Built target sm_matrix_archive
-- Install configuration: "Release"
-- Installing: /home/orangepi/Desktop/SparkCar_ROS2_WS/SparkCar_Tools/install/sm_matrix_archive/lib/libsm_matrix_archive.a
-- Installing: /home/orangepi/Desktop/SparkCar_ROS2_WS/SparkCar_Tools/install/sm_matrix_archive/include
-- Installing: /home/orangepi/Desktop/SparkCar_ROS2_WS/SparkCar_Tools/install/sm_matrix_archive/include/sm
-- Installing: /home/orangepi/Desktop/SparkCar_ROS2_WS/SparkCar_Tools/install/sm_matrix_archive/include/sm/MatrixArchive.hpp
-- Installing: /home/orangepi/Desktop/SparkCar_ROS2_WS/SparkCar_Tools/install/sm_matrix_archive/share/sm_matrix_archive/environment/library_path.sh
-- Installing: /home/orangepi/Desktop/SparkCar_ROS2_WS/SparkCar_Tools/install/sm_matrix_archive/share/sm_matrix_archive/environment/library_path.dsv
-- Installing: /home/orangepi/Desktop/SparkCar_ROS2_WS/SparkCar_Tools/install/sm_matrix_archive/share/ament_index/resource_index/package_run_dependencies/sm_matrix_archive
-- Installing: /home/orangepi/Desktop/SparkCar_ROS2_WS/SparkCar_Tools/install/sm_matrix_archive/share/ament_index/resource_index/parent_prefix_path/sm_matrix_archive
-- Installing: /home/orangepi/Desktop/SparkCar_ROS2_WS/SparkCar_Tools/install/sm_matrix_archive/share/sm_matrix_archive/environment/ament_prefix_path.sh
-- Installing: /home/orangepi/Desktop/SparkCar_ROS2_WS/SparkCar_Tools/install/sm_matrix_archive/share/sm_matrix_archive/environment/ament_prefix_path.dsv
-- Installing: /home/orangepi/Desktop/SparkCar_ROS2_WS/SparkCar_Tools/install/sm_matrix_archive/share/sm_matrix_archive/environment/path.sh
-- Installing: /home/orangepi/Desktop/SparkCar_ROS2_WS/SparkCar_Tools/install/sm_matrix_archive/share/sm_matrix_archive/environment/path.dsv
-- Installing: /home/orangepi/Desktop/SparkCar_ROS2_WS/SparkCar_Tools/install/sm_matrix_archive/share/sm_matrix_archive/local_setup.bash
-- Installing: /home/orangepi/Desktop/SparkCar_ROS2_WS/SparkCar_Tools/install/sm_matrix_archive/share/sm_matrix_archive/local_setup.sh
-- Installing: /home/orangepi/Desktop/SparkCar_ROS2_WS/SparkCar_Tools/install/sm_matrix_archive/share/sm_matrix_archive/local_setup.zsh
-- Installing: /home/orangepi/Desktop/SparkCar_ROS2_WS/SparkCar_Tools/install/sm_matrix_archive/share/sm_matrix_archive/local_setup.dsv
-- Installing: /home/orangepi/Desktop/SparkCar_ROS2_WS/SparkCar_Tools/install/sm_matrix_archive/share/sm_matrix_archive/package.dsv
-- Installing: /home/orangepi/Desktop/SparkCar_ROS2_WS/SparkCar_Tools/install/sm_matrix_archive/share/ament_index/resource_index/packages/sm_matrix_archive
-- Installing: /home/orangepi/Desktop/SparkCar_ROS2_WS/SparkCar_Tools/install/sm_matrix_archive/share/sm_matrix_archive/cmake/sm_matrix_archiveTargetsExport.cmake
-- Installing: /home/orangepi/Desktop/SparkCar_ROS2_WS/SparkCar_Tools/install/sm_matrix_archive/share/sm_matrix_archive/cmake/sm_matrix_archiveTargetsExport-release.cmake
-- Installing: /home/orangepi/Desktop/SparkCar_ROS2_WS/SparkCar_Tools/install/sm_matrix_archive/share/sm_matrix_archive/cmake/ament_cmake_export_targets-extras.cmake
-- Installing: /home/orangepi/Desktop/SparkCar_ROS2_WS/SparkCar_Tools/install/sm_matrix_archive/share/sm_matrix_archive/cmake/ament_cmake_export_dependencies-extras.cmake
-- Installing: /home/orangepi/Desktop/SparkCar_ROS2_WS/SparkCar_Tools/install/sm_matrix_archive/share/sm_matrix_archive/cmake/ament_cmake_export_include_directories-extras.cmake
-- Installing: /home/orangepi/Desktop/SparkCar_ROS2_WS/SparkCar_Tools/install/sm_matrix_archive/share/sm_matrix_archive/cmake/sm_matrix_archiveConfig.cmake
-- Installing: /home/orangepi/Desktop/SparkCar_ROS2_WS/SparkCar_Tools/install/sm_matrix_archive/share/sm_matrix_archive/cmake/sm_matrix_archiveConfig-version.cmake
-- Installing: /home/orangepi/Desktop/SparkCar_ROS2_WS/SparkCar_Tools/install/sm_matrix_archive/share/sm_matrix_archive/package.xml
