-- The C compiler identification is GNU 11.4.0
-- The CXX compiler identification is GNU 11.4.0
-- Detecting C compiler ABI info
-- Detecting C compiler ABI info - done
-- Check for working C compiler: /usr/bin/cc - skipped
-- Detecting C compile features
-- Detecting C compile features - done
-- Detecting CXX compiler ABI info
-- Detecting CXX compiler ABI info - done
-- Check for working CXX compiler: /usr/bin/c++ - skipped
-- Detecting CXX compile features
-- Detecting CXX compile features - done
-- Found ament_cmake: 1.3.14 (/opt/ros/humble/share/ament_cmake/cmake)
-- Found Python3: /usr/bin/python3 (found version "3.10.12") found components: Interpreter 
-- Found sm_common: 1.0.0 (/home/orangepi/Desktop/SparkCar_ROS2_WS/SparkCar_Tools/install/sm_common/share/sm_common/cmake)
-- Found Boost: /usr/lib/aarch64-linux-gnu/cmake/Boost-1.74.0/BoostConfig.cmake (found version "1.74.0") found components: system filesystem 
-- Looking for pthread.h
-- Looking for pthread.h - found
-- Performing Test CMAKE_HAVE_LIBC_PTHREAD
-- Performing Test CMAKE_HAVE_LIBC_PTHREAD - Success
-- Found Threads: TRUE  
-- Configuring done
-- Generating done
-- Build files have been written to: /home/orangepi/Desktop/SparkCar_ROS2_WS/SparkCar_Tools/build/sm_matrix_archive
[ 50%] [32mBuilding CXX object CMakeFiles/sm_matrix_archive.dir/src/MatrixArchive.cpp.o[0m
[100%] [32m[1mLinking CXX static library libsm_matrix_archive.a[0m
[100%] Built target sm_matrix_archive
-- Install configuration: "Release"
-- Installing: /home/orangepi/Desktop/SparkCar_ROS2_WS/SparkCar_Tools/install/sm_matrix_archive/lib/libsm_matrix_archive.a
-- Installing: /home/orangepi/Desktop/SparkCar_ROS2_WS/SparkCar_Tools/install/sm_matrix_archive/include
-- Installing: /home/orangepi/Desktop/SparkCar_ROS2_WS/SparkCar_Tools/install/sm_matrix_archive/include/sm
-- Installing: /home/orangepi/Desktop/SparkCar_ROS2_WS/SparkCar_Tools/install/sm_matrix_archive/include/sm/MatrixArchive.hpp
-- Installing: /home/orangepi/Desktop/SparkCar_ROS2_WS/SparkCar_Tools/install/sm_matrix_archive/share/sm_matrix_archive/environment/library_path.sh
-- Installing: /home/orangepi/Desktop/SparkCar_ROS2_WS/SparkCar_Tools/install/sm_matrix_archive/share/sm_matrix_archive/environment/library_path.dsv
-- Installing: /home/orangepi/Desktop/SparkCar_ROS2_WS/SparkCar_Tools/install/sm_matrix_archive/share/ament_index/resource_index/package_run_dependencies/sm_matrix_archive
-- Installing: /home/orangepi/Desktop/SparkCar_ROS2_WS/SparkCar_Tools/install/sm_matrix_archive/share/ament_index/resource_index/parent_prefix_path/sm_matrix_archive
-- Installing: /home/orangepi/Desktop/SparkCar_ROS2_WS/SparkCar_Tools/install/sm_matrix_archive/share/sm_matrix_archive/environment/ament_prefix_path.sh
-- Installing: /home/orangepi/Desktop/SparkCar_ROS2_WS/SparkCar_Tools/install/sm_matrix_archive/share/sm_matrix_archive/environment/ament_prefix_path.dsv
-- Installing: /home/orangepi/Desktop/SparkCar_ROS2_WS/SparkCar_Tools/install/sm_matrix_archive/share/sm_matrix_archive/environment/path.sh
-- Installing: /home/orangepi/Desktop/SparkCar_ROS2_WS/SparkCar_Tools/install/sm_matrix_archive/share/sm_matrix_archive/environment/path.dsv
-- Installing: /home/orangepi/Desktop/SparkCar_ROS2_WS/SparkCar_Tools/install/sm_matrix_archive/share/sm_matrix_archive/local_setup.bash
-- Installing: /home/orangepi/Desktop/SparkCar_ROS2_WS/SparkCar_Tools/install/sm_matrix_archive/share/sm_matrix_archive/local_setup.sh
-- Installing: /home/orangepi/Desktop/SparkCar_ROS2_WS/SparkCar_Tools/install/sm_matrix_archive/share/sm_matrix_archive/local_setup.zsh
-- Installing: /home/orangepi/Desktop/SparkCar_ROS2_WS/SparkCar_Tools/install/sm_matrix_archive/share/sm_matrix_archive/local_setup.dsv
-- Installing: /home/orangepi/Desktop/SparkCar_ROS2_WS/SparkCar_Tools/install/sm_matrix_archive/share/sm_matrix_archive/package.dsv
-- Installing: /home/orangepi/Desktop/SparkCar_ROS2_WS/SparkCar_Tools/install/sm_matrix_archive/share/ament_index/resource_index/packages/sm_matrix_archive
-- Installing: /home/orangepi/Desktop/SparkCar_ROS2_WS/SparkCar_Tools/install/sm_matrix_archive/share/sm_matrix_archive/cmake/sm_matrix_archiveTargetsExport.cmake
-- Installing: /home/orangepi/Desktop/SparkCar_ROS2_WS/SparkCar_Tools/install/sm_matrix_archive/share/sm_matrix_archive/cmake/sm_matrix_archiveTargetsExport-release.cmake
-- Installing: /home/orangepi/Desktop/SparkCar_ROS2_WS/SparkCar_Tools/install/sm_matrix_archive/share/sm_matrix_archive/cmake/ament_cmake_export_targets-extras.cmake
-- Installing: /home/orangepi/Desktop/SparkCar_ROS2_WS/SparkCar_Tools/install/sm_matrix_archive/share/sm_matrix_archive/cmake/ament_cmake_export_dependencies-extras.cmake
-- Installing: /home/orangepi/Desktop/SparkCar_ROS2_WS/SparkCar_Tools/install/sm_matrix_archive/share/sm_matrix_archive/cmake/ament_cmake_export_include_directories-extras.cmake
-- Installing: /home/orangepi/Desktop/SparkCar_ROS2_WS/SparkCar_Tools/install/sm_matrix_archive/share/sm_matrix_archive/cmake/sm_matrix_archiveConfig.cmake
-- Installing: /home/orangepi/Desktop/SparkCar_ROS2_WS/SparkCar_Tools/install/sm_matrix_archive/share/sm_matrix_archive/cmake/sm_matrix_archiveConfig-version.cmake
-- Installing: /home/orangepi/Desktop/SparkCar_ROS2_WS/SparkCar_Tools/install/sm_matrix_archive/share/sm_matrix_archive/package.xml
