-- The C compiler identification is GNU 11.4.0
-- The CXX compiler identification is GNU 11.4.0
-- Detecting C compiler ABI info
-- Detecting C compiler ABI info - done
-- Check for working C compiler: /usr/bin/cc - skipped
-- Detecting C compile features
-- Detecting C compile features - done
-- Detecting CXX compiler ABI info
-- Detecting CXX compiler ABI info - done
-- Check for working CXX compiler: /usr/bin/c++ - skipped
-- Detecting CXX compile features
-- Detecting CXX compile features - done
-- Found ament_cmake: 1.3.14 (/opt/ros/humble/share/ament_cmake/cmake)
-- Found Python3: /usr/bin/python3 (found version "3.10.12") found components: Interpreter 
-- Found sm_common: 1.0.0 (/home/orangepi/Desktop/SparkCar_ROS2_WS/SparkCar_Tools/install/sm_common/share/sm_common/cmake)
-- Found sm_eigen: 1.0.0 (/home/orangepi/Desktop/SparkCar_ROS2_WS/SparkCar_Tools/install/sm_eigen/share/sm_eigen/cmake)
-- Found sm_logging: 1.0.0 (/home/orangepi/Desktop/SparkCar_ROS2_WS/SparkCar_Tools/install/sm_logging/share/sm_logging/cmake)
-- Found sm_boost: 1.0.0 (/home/orangepi/Desktop/SparkCar_ROS2_WS/SparkCar_Tools/install/sm_boost/share/sm_boost/cmake)
-- Found aslam_backend: 1.0.0 (/home/orangepi/Desktop/SparkCar_ROS2_WS/SparkCar_Tools/install/aslam_backend/share/aslam_backend/cmake)
-- Found Boost: /usr/lib/aarch64-linux-gnu/cmake/Boost-1.74.0/BoostConfig.cmake (found version "1.74.0") found components: system thread filesystem serialization 
-- Configuring done
-- Generating done
-- Build files have been written to: /home/orangepi/Desktop/SparkCar_ROS2_WS/SparkCar_Tools/build/incremental_calibration
[  3%] [32mBuilding CXX object CMakeFiles/incremental_calibration.dir/src/base/Serializable.cpp.o[0m
[  7%] [32mBuilding CXX object CMakeFiles/incremental_calibration.dir/src/exceptions/Exception.cpp.o[0m
[ 11%] [32mBuilding CXX object CMakeFiles/incremental_calibration.dir/src/exceptions/InvalidOperationException.cpp.o[0m
[ 15%] [32mBuilding CXX object CMakeFiles/incremental_calibration.dir/src/exceptions/NullPointerException.cpp.o[0m
[ 19%] [32mBuilding CXX object CMakeFiles/incremental_calibration.dir/src/exceptions/SystemException.cpp.o[0m
[ 23%] [32mBuilding CXX object CMakeFiles/incremental_calibration.dir/src/statistics/NormalDistribution1v.cpp.o[0m
[ 26%] [32mBuilding CXX object CMakeFiles/incremental_calibration.dir/src/statistics/ChiSquareDistribution.cpp.o[0m
[ 30%] [32mBuilding CXX object CMakeFiles/incremental_calibration.dir/src/statistics/EstimatorMLNormal1v.cpp.o[0m
[ 34%] [32mBuilding CXX object CMakeFiles/incremental_calibration.dir/src/functions/IncompleteGammaPFunction.cpp.o[0m
[ 38%] [32mBuilding CXX object CMakeFiles/incremental_calibration.dir/src/functions/IncompleteGammaQFunction.cpp.o[0m
[ 42%] [32mBuilding CXX object CMakeFiles/incremental_calibration.dir/src/functions/LogFactorialFunction.cpp.o[0m
[ 46%] [32mBuilding CXX object CMakeFiles/incremental_calibration.dir/src/functions/LogGammaFunction.cpp.o[0m
[ 50%] [32mBuilding CXX object CMakeFiles/incremental_calibration.dir/src/core/IncrementalEstimator.cpp.o[0m
[ 53%] [32mBuilding CXX object CMakeFiles/incremental_calibration.dir/src/core/OptimizationProblem.cpp.o[0m
[ 57%] [32mBuilding CXX object CMakeFiles/incremental_calibration.dir/src/core/IncrementalOptimizationProblem.cpp.o[0m
[ 61%] [32mBuilding CXX object CMakeFiles/incremental_calibration.dir/src/core/LinearSolver.cpp.o[0m
[ 65%] [32mBuilding CXX object CMakeFiles/incremental_calibration.dir/src/core/LinearSolverOptions.cpp.o[0m
[ 69%] [32mBuilding CXX object CMakeFiles/incremental_calibration.dir/src/algorithms/marginalize.cpp.o[0m
[ 73%] [32mBuilding CXX object CMakeFiles/incremental_calibration.dir/src/algorithms/linalg.cpp.o[0m
[ 76%] [32mBuilding CXX object CMakeFiles/incremental_calibration.dir/src/base/Timer.cpp.o[0m
[ 80%] [32mBuilding CXX object CMakeFiles/incremental_calibration.dir/src/base/Threads.cpp.o[0m
[ 84%] [32mBuilding CXX object CMakeFiles/incremental_calibration.dir/src/base/Thread.cpp.o[0m
[ 88%] [32mBuilding CXX object CMakeFiles/incremental_calibration.dir/src/base/Mutex.cpp.o[0m
[ 92%] [32mBuilding CXX object CMakeFiles/incremental_calibration.dir/src/base/Condition.cpp.o[0m
[ 96%] [32mBuilding CXX object CMakeFiles/incremental_calibration.dir/src/base/Timestamp.cpp.o[0m
[100%] [32m[1mLinking CXX static library libincremental_calibration.a[0m
[100%] Built target incremental_calibration
-- Install configuration: "Release"
-- Installing: /home/orangepi/Desktop/SparkCar_ROS2_WS/SparkCar_Tools/install/incremental_calibration/lib/libincremental_calibration.a
-- Installing: /home/orangepi/Desktop/SparkCar_ROS2_WS/SparkCar_Tools/install/incremental_calibration/include
-- Installing: /home/orangepi/Desktop/SparkCar_ROS2_WS/SparkCar_Tools/install/incremental_calibration/include/aslam
-- Installing: /home/orangepi/Desktop/SparkCar_ROS2_WS/SparkCar_Tools/install/incremental_calibration/include/aslam/calibration
-- Installing: /home/orangepi/Desktop/SparkCar_ROS2_WS/SparkCar_Tools/install/incremental_calibration/include/aslam/calibration/statistics
-- Installing: /home/orangepi/Desktop/SparkCar_ROS2_WS/SparkCar_Tools/install/incremental_calibration/include/aslam/calibration/statistics/Distribution.h
-- Installing: /home/orangepi/Desktop/SparkCar_ROS2_WS/SparkCar_Tools/install/incremental_calibration/include/aslam/calibration/statistics/EstimatorMLNormalMv.tpp
-- Installing: /home/orangepi/Desktop/SparkCar_ROS2_WS/SparkCar_Tools/install/incremental_calibration/include/aslam/calibration/statistics/SampleDistribution.h
-- Installing: /home/orangepi/Desktop/SparkCar_ROS2_WS/SparkCar_Tools/install/incremental_calibration/include/aslam/calibration/statistics/EstimatorML.h
-- Installing: /home/orangepi/Desktop/SparkCar_ROS2_WS/SparkCar_Tools/install/incremental_calibration/include/aslam/calibration/statistics/HistogramMv.h
-- Installing: /home/orangepi/Desktop/SparkCar_ROS2_WS/SparkCar_Tools/install/incremental_calibration/include/aslam/calibration/statistics/ContinuousDistributionMv.tpp
-- Installing: /home/orangepi/Desktop/SparkCar_ROS2_WS/SparkCar_Tools/install/incremental_calibration/include/aslam/calibration/statistics/UniformDistribution1v.h
-- Installing: /home/orangepi/Desktop/SparkCar_ROS2_WS/SparkCar_Tools/install/incremental_calibration/include/aslam/calibration/statistics/UniformDistributionMv.tpp
-- Installing: /home/orangepi/Desktop/SparkCar_ROS2_WS/SparkCar_Tools/install/incremental_calibration/include/aslam/calibration/statistics/NormalDistribution1v.h
-- Installing: /home/orangepi/Desktop/SparkCar_ROS2_WS/SparkCar_Tools/install/incremental_calibration/include/aslam/calibration/statistics/EstimatorMLNormal1v.h
-- Installing: /home/orangepi/Desktop/SparkCar_ROS2_WS/SparkCar_Tools/install/incremental_calibration/include/aslam/calibration/statistics/SampleDistribution.tpp
-- Installing: /home/orangepi/Desktop/SparkCar_ROS2_WS/SparkCar_Tools/install/incremental_calibration/include/aslam/calibration/statistics/NormalDistribution.h
-- Installing: /home/orangepi/Desktop/SparkCar_ROS2_WS/SparkCar_Tools/install/incremental_calibration/include/aslam/calibration/statistics/ChiSquareDistribution.h
-- Installing: /home/orangepi/Desktop/SparkCar_ROS2_WS/SparkCar_Tools/install/incremental_calibration/include/aslam/calibration/statistics/ContinuousDistribution1v.h
-- Installing: /home/orangepi/Desktop/SparkCar_ROS2_WS/SparkCar_Tools/install/incremental_calibration/include/aslam/calibration/statistics/ContinuousDistribution1v.tpp
-- Installing: /home/orangepi/Desktop/SparkCar_ROS2_WS/SparkCar_Tools/install/incremental_calibration/include/aslam/calibration/statistics/HistogramMv.tpp
-- Installing: /home/orangepi/Desktop/SparkCar_ROS2_WS/SparkCar_Tools/install/incremental_calibration/include/aslam/calibration/statistics/UniformDistribution.h
-- Installing: /home/orangepi/Desktop/SparkCar_ROS2_WS/SparkCar_Tools/install/incremental_calibration/include/aslam/calibration/statistics/GammaDistribution.h
-- Installing: /home/orangepi/Desktop/SparkCar_ROS2_WS/SparkCar_Tools/install/incremental_calibration/include/aslam/calibration/statistics/Distribution.tpp
-- Installing: /home/orangepi/Desktop/SparkCar_ROS2_WS/SparkCar_Tools/install/incremental_calibration/include/aslam/calibration/statistics/Randomizer.tpp
-- Installing: /home/orangepi/Desktop/SparkCar_ROS2_WS/SparkCar_Tools/install/incremental_calibration/include/aslam/calibration/statistics/NormalDistributionMv.tpp
-- Installing: /home/orangepi/Desktop/SparkCar_ROS2_WS/SparkCar_Tools/install/incremental_calibration/include/aslam/calibration/statistics/DiscreteDistributionMv.tpp
-- Installing: /home/orangepi/Desktop/SparkCar_ROS2_WS/SparkCar_Tools/install/incremental_calibration/include/aslam/calibration/statistics/EstimatorMLNormalMv.h
-- Installing: /home/orangepi/Desktop/SparkCar_ROS2_WS/SparkCar_Tools/install/incremental_calibration/include/aslam/calibration/statistics/DiscreteDistribution1v.tpp
-- Installing: /home/orangepi/Desktop/SparkCar_ROS2_WS/SparkCar_Tools/install/incremental_calibration/include/aslam/calibration/statistics/UniformDistributionMv.h
-- Installing: /home/orangepi/Desktop/SparkCar_ROS2_WS/SparkCar_Tools/install/incremental_calibration/include/aslam/calibration/statistics/UniformDistribution1v.tpp
-- Installing: /home/orangepi/Desktop/SparkCar_ROS2_WS/SparkCar_Tools/install/incremental_calibration/include/aslam/calibration/statistics/Randomizer.h
-- Installing: /home/orangepi/Desktop/SparkCar_ROS2_WS/SparkCar_Tools/install/incremental_calibration/include/aslam/calibration/statistics/Histogram1v.tpp
-- Installing: /home/orangepi/Desktop/SparkCar_ROS2_WS/SparkCar_Tools/install/incremental_calibration/include/aslam/calibration/statistics/DiscreteDistributionMv.h
-- Installing: /home/orangepi/Desktop/SparkCar_ROS2_WS/SparkCar_Tools/install/incremental_calibration/include/aslam/calibration/statistics/Histogram1v.h
-- Installing: /home/orangepi/Desktop/SparkCar_ROS2_WS/SparkCar_Tools/install/incremental_calibration/include/aslam/calibration/statistics/NormalDistributionMv.h
-- Installing: /home/orangepi/Desktop/SparkCar_ROS2_WS/SparkCar_Tools/install/incremental_calibration/include/aslam/calibration/statistics/DiscreteDistribution.h
-- Installing: /home/orangepi/Desktop/SparkCar_ROS2_WS/SparkCar_Tools/install/incremental_calibration/include/aslam/calibration/statistics/ContinuousDistribution.h
-- Installing: /home/orangepi/Desktop/SparkCar_ROS2_WS/SparkCar_Tools/install/incremental_calibration/include/aslam/calibration/statistics/GammaDistribution.tpp
-- Installing: /home/orangepi/Desktop/SparkCar_ROS2_WS/SparkCar_Tools/install/incremental_calibration/include/aslam/calibration/statistics/DiscreteDistribution1v.h
-- Installing: /home/orangepi/Desktop/SparkCar_ROS2_WS/SparkCar_Tools/install/incremental_calibration/include/aslam/calibration/statistics/Histogram.h
-- Installing: /home/orangepi/Desktop/SparkCar_ROS2_WS/SparkCar_Tools/install/incremental_calibration/include/aslam/calibration/statistics/ContinuousDistributionMv.h
-- Installing: /home/orangepi/Desktop/SparkCar_ROS2_WS/SparkCar_Tools/install/incremental_calibration/include/aslam/calibration/utils
-- Installing: /home/orangepi/Desktop/SparkCar_ROS2_WS/SparkCar_Tools/install/incremental_calibration/include/aslam/calibration/utils/SsizeTSupport.h
-- Installing: /home/orangepi/Desktop/SparkCar_ROS2_WS/SparkCar_Tools/install/incremental_calibration/include/aslam/calibration/utils/OuterProduct.h
-- Installing: /home/orangepi/Desktop/SparkCar_ROS2_WS/SparkCar_Tools/install/incremental_calibration/include/aslam/calibration/utils/SizeTSupport.h
-- Installing: /home/orangepi/Desktop/SparkCar_ROS2_WS/SparkCar_Tools/install/incremental_calibration/include/aslam/calibration/utils/OuterProduct.tpp
-- Installing: /home/orangepi/Desktop/SparkCar_ROS2_WS/SparkCar_Tools/install/incremental_calibration/include/aslam/calibration/exceptions
-- Installing: /home/orangepi/Desktop/SparkCar_ROS2_WS/SparkCar_Tools/install/incremental_calibration/include/aslam/calibration/exceptions/BadArgumentException.h
-- Installing: /home/orangepi/Desktop/SparkCar_ROS2_WS/SparkCar_Tools/install/incremental_calibration/include/aslam/calibration/exceptions/SystemException.h
-- Installing: /home/orangepi/Desktop/SparkCar_ROS2_WS/SparkCar_Tools/install/incremental_calibration/include/aslam/calibration/exceptions/OutOfBoundException.h
-- Installing: /home/orangepi/Desktop/SparkCar_ROS2_WS/SparkCar_Tools/install/incremental_calibration/include/aslam/calibration/exceptions/Exception.h
-- Installing: /home/orangepi/Desktop/SparkCar_ROS2_WS/SparkCar_Tools/install/incremental_calibration/include/aslam/calibration/exceptions/NullPointerException.h
-- Installing: /home/orangepi/Desktop/SparkCar_ROS2_WS/SparkCar_Tools/install/incremental_calibration/include/aslam/calibration/exceptions/InvalidOperationException.h
-- Installing: /home/orangepi/Desktop/SparkCar_ROS2_WS/SparkCar_Tools/install/incremental_calibration/include/aslam/calibration/exceptions/BadArgumentException.tpp
-- Installing: /home/orangepi/Desktop/SparkCar_ROS2_WS/SparkCar_Tools/install/incremental_calibration/include/aslam/calibration/exceptions/ThreadsManagerException.h
-- Installing: /home/orangepi/Desktop/SparkCar_ROS2_WS/SparkCar_Tools/install/incremental_calibration/include/aslam/calibration/exceptions/OutOfBoundException.tpp
-- Installing: /home/orangepi/Desktop/SparkCar_ROS2_WS/SparkCar_Tools/install/incremental_calibration/include/aslam/calibration/exceptions/ThreadsManagerException.tpp
-- Installing: /home/orangepi/Desktop/SparkCar_ROS2_WS/SparkCar_Tools/install/incremental_calibration/include/aslam/calibration/data-structures
-- Installing: /home/orangepi/Desktop/SparkCar_ROS2_WS/SparkCar_Tools/install/incremental_calibration/include/aslam/calibration/data-structures/Grid.tpp
-- Installing: /home/orangepi/Desktop/SparkCar_ROS2_WS/SparkCar_Tools/install/incremental_calibration/include/aslam/calibration/data-structures/VectorDesignVariable.tpp
-- Installing: /home/orangepi/Desktop/SparkCar_ROS2_WS/SparkCar_Tools/install/incremental_calibration/include/aslam/calibration/data-structures/Grid.h
-- Installing: /home/orangepi/Desktop/SparkCar_ROS2_WS/SparkCar_Tools/install/incremental_calibration/include/aslam/calibration/data-structures/VectorDesignVariable.h
-- Installing: /home/orangepi/Desktop/SparkCar_ROS2_WS/SparkCar_Tools/install/incremental_calibration/include/aslam/calibration/functions
-- Installing: /home/orangepi/Desktop/SparkCar_ROS2_WS/SparkCar_Tools/install/incremental_calibration/include/aslam/calibration/functions/LogGammaFunction.tpp
-- Installing: /home/orangepi/Desktop/SparkCar_ROS2_WS/SparkCar_Tools/install/incremental_calibration/include/aslam/calibration/functions/Function.tpp
-- Installing: /home/orangepi/Desktop/SparkCar_ROS2_WS/SparkCar_Tools/install/incremental_calibration/include/aslam/calibration/functions/DiscreteFunctionMv.tpp
-- Installing: /home/orangepi/Desktop/SparkCar_ROS2_WS/SparkCar_Tools/install/incremental_calibration/include/aslam/calibration/functions/IncompleteGammaPFunction.h
-- Installing: /home/orangepi/Desktop/SparkCar_ROS2_WS/SparkCar_Tools/install/incremental_calibration/include/aslam/calibration/functions/ContinuousFunction1v.tpp
-- Installing: /home/orangepi/Desktop/SparkCar_ROS2_WS/SparkCar_Tools/install/incremental_calibration/include/aslam/calibration/functions/DiscreteFunction1v.h
-- Installing: /home/orangepi/Desktop/SparkCar_ROS2_WS/SparkCar_Tools/install/incremental_calibration/include/aslam/calibration/functions/IncompleteGammaQFunction.h
-- Installing: /home/orangepi/Desktop/SparkCar_ROS2_WS/SparkCar_Tools/install/incremental_calibration/include/aslam/calibration/functions/ContinuousFunction.h
-- Installing: /home/orangepi/Desktop/SparkCar_ROS2_WS/SparkCar_Tools/install/incremental_calibration/include/aslam/calibration/functions/DigammaFunction.tpp
-- Installing: /home/orangepi/Desktop/SparkCar_ROS2_WS/SparkCar_Tools/install/incremental_calibration/include/aslam/calibration/functions/DiscreteFunctionMv.h
-- Installing: /home/orangepi/Desktop/SparkCar_ROS2_WS/SparkCar_Tools/install/incremental_calibration/include/aslam/calibration/functions/DigammaFunction.h
-- Installing: /home/orangepi/Desktop/SparkCar_ROS2_WS/SparkCar_Tools/install/incremental_calibration/include/aslam/calibration/functions/LogFactorialFunction.h
-- Installing: /home/orangepi/Desktop/SparkCar_ROS2_WS/SparkCar_Tools/install/incremental_calibration/include/aslam/calibration/functions/ContinuousFunctionMv.h
-- Installing: /home/orangepi/Desktop/SparkCar_ROS2_WS/SparkCar_Tools/install/incremental_calibration/include/aslam/calibration/functions/DiscreteFunction1v.tpp
-- Installing: /home/orangepi/Desktop/SparkCar_ROS2_WS/SparkCar_Tools/install/incremental_calibration/include/aslam/calibration/functions/Function.h
-- Installing: /home/orangepi/Desktop/SparkCar_ROS2_WS/SparkCar_Tools/install/incremental_calibration/include/aslam/calibration/functions/ContinuousFunctionMv.tpp
-- Installing: /home/orangepi/Desktop/SparkCar_ROS2_WS/SparkCar_Tools/install/incremental_calibration/include/aslam/calibration/functions/ContinuousFunction1v.h
-- Installing: /home/orangepi/Desktop/SparkCar_ROS2_WS/SparkCar_Tools/install/incremental_calibration/include/aslam/calibration/functions/LogGammaFunction.h
-- Installing: /home/orangepi/Desktop/SparkCar_ROS2_WS/SparkCar_Tools/install/incremental_calibration/include/aslam/calibration/functions/DiscreteFunction.h
-- Installing: /home/orangepi/Desktop/SparkCar_ROS2_WS/SparkCar_Tools/install/incremental_calibration/include/aslam/calibration/algorithms
-- Installing: /home/orangepi/Desktop/SparkCar_ROS2_WS/SparkCar_Tools/install/incremental_calibration/include/aslam/calibration/algorithms/permute.tpp
-- Installing: /home/orangepi/Desktop/SparkCar_ROS2_WS/SparkCar_Tools/install/incremental_calibration/include/aslam/calibration/algorithms/marginalize.h
-- Installing: /home/orangepi/Desktop/SparkCar_ROS2_WS/SparkCar_Tools/install/incremental_calibration/include/aslam/calibration/algorithms/linalg.h
-- Installing: /home/orangepi/Desktop/SparkCar_ROS2_WS/SparkCar_Tools/install/incremental_calibration/include/aslam/calibration/algorithms/matrixOperations.tpp
-- Installing: /home/orangepi/Desktop/SparkCar_ROS2_WS/SparkCar_Tools/install/incremental_calibration/include/aslam/calibration/algorithms/permute.h
-- Installing: /home/orangepi/Desktop/SparkCar_ROS2_WS/SparkCar_Tools/install/incremental_calibration/include/aslam/calibration/algorithms/matrixOperations.h
-- Installing: /home/orangepi/Desktop/SparkCar_ROS2_WS/SparkCar_Tools/install/incremental_calibration/include/aslam/calibration/tpl
-- Installing: /home/orangepi/Desktop/SparkCar_ROS2_WS/SparkCar_Tools/install/incremental_calibration/include/aslam/calibration/tpl/IsReal.h
-- Installing: /home/orangepi/Desktop/SparkCar_ROS2_WS/SparkCar_Tools/install/incremental_calibration/include/aslam/calibration/tpl/IsInteger.h
-- Installing: /home/orangepi/Desktop/SparkCar_ROS2_WS/SparkCar_Tools/install/incremental_calibration/include/aslam/calibration/tpl/Or.h
-- Installing: /home/orangepi/Desktop/SparkCar_ROS2_WS/SparkCar_Tools/install/incremental_calibration/include/aslam/calibration/tpl/If.h
-- Installing: /home/orangepi/Desktop/SparkCar_ROS2_WS/SparkCar_Tools/install/incremental_calibration/include/aslam/calibration/tpl/IsNumeric.h
-- Installing: /home/orangepi/Desktop/SparkCar_ROS2_WS/SparkCar_Tools/install/incremental_calibration/include/aslam/calibration/tpl/IsVoid.h
-- Installing: /home/orangepi/Desktop/SparkCar_ROS2_WS/SparkCar_Tools/install/incremental_calibration/include/aslam/calibration/tpl/Boolean.h
-- Installing: /home/orangepi/Desktop/SparkCar_ROS2_WS/SparkCar_Tools/install/incremental_calibration/include/aslam/calibration/tpl/IfThenElse.h
-- Installing: /home/orangepi/Desktop/SparkCar_ROS2_WS/SparkCar_Tools/install/incremental_calibration/include/aslam/calibration/tpl/Equals.h
-- Installing: /home/orangepi/Desktop/SparkCar_ROS2_WS/SparkCar_Tools/install/incremental_calibration/include/aslam/calibration/tpl/Not.h
-- Installing: /home/orangepi/Desktop/SparkCar_ROS2_WS/SparkCar_Tools/install/incremental_calibration/include/aslam/calibration/tpl/And.h
-- Installing: /home/orangepi/Desktop/SparkCar_ROS2_WS/SparkCar_Tools/install/incremental_calibration/include/aslam/calibration/core
-- Installing: /home/orangepi/Desktop/SparkCar_ROS2_WS/SparkCar_Tools/install/incremental_calibration/include/aslam/calibration/core/IncrementalEstimator.h
-- Installing: /home/orangepi/Desktop/SparkCar_ROS2_WS/SparkCar_Tools/install/incremental_calibration/include/aslam/calibration/core/LinearSolverOptions.h
-- Installing: /home/orangepi/Desktop/SparkCar_ROS2_WS/SparkCar_Tools/install/incremental_calibration/include/aslam/calibration/core/IncrementalOptimizationProblem.h
-- Installing: /home/orangepi/Desktop/SparkCar_ROS2_WS/SparkCar_Tools/install/incremental_calibration/include/aslam/calibration/core/LinearSolver.h
-- Installing: /home/orangepi/Desktop/SparkCar_ROS2_WS/SparkCar_Tools/install/incremental_calibration/include/aslam/calibration/core/OptimizationProblem.h
-- Installing: /home/orangepi/Desktop/SparkCar_ROS2_WS/SparkCar_Tools/install/incremental_calibration/include/aslam/calibration/base
-- Installing: /home/orangepi/Desktop/SparkCar_ROS2_WS/SparkCar_Tools/install/incremental_calibration/include/aslam/calibration/base/Timer.h
-- Installing: /home/orangepi/Desktop/SparkCar_ROS2_WS/SparkCar_Tools/install/incremental_calibration/include/aslam/calibration/base/Singleton.h
-- Installing: /home/orangepi/Desktop/SparkCar_ROS2_WS/SparkCar_Tools/install/incremental_calibration/include/aslam/calibration/base/Mutex.h
-- Installing: /home/orangepi/Desktop/SparkCar_ROS2_WS/SparkCar_Tools/install/incremental_calibration/include/aslam/calibration/base/Threads.h
-- Installing: /home/orangepi/Desktop/SparkCar_ROS2_WS/SparkCar_Tools/install/incremental_calibration/include/aslam/calibration/base/Condition.h
-- Installing: /home/orangepi/Desktop/SparkCar_ROS2_WS/SparkCar_Tools/install/incremental_calibration/include/aslam/calibration/base/Singleton.tpp
-- Installing: /home/orangepi/Desktop/SparkCar_ROS2_WS/SparkCar_Tools/install/incremental_calibration/include/aslam/calibration/base/Timestamp.h
-- Installing: /home/orangepi/Desktop/SparkCar_ROS2_WS/SparkCar_Tools/install/incremental_calibration/include/aslam/calibration/base/Thread.h
-- Installing: /home/orangepi/Desktop/SparkCar_ROS2_WS/SparkCar_Tools/install/incremental_calibration/include/aslam/calibration/base/Serializable.h
-- Installing: /home/orangepi/Desktop/SparkCar_ROS2_WS/SparkCar_Tools/install/incremental_calibration/include/aslam/calibration/geometry
-- Installing: /home/orangepi/Desktop/SparkCar_ROS2_WS/SparkCar_Tools/install/incremental_calibration/include/aslam/calibration/geometry/Transformation2d.tpp
-- Installing: /home/orangepi/Desktop/SparkCar_ROS2_WS/SparkCar_Tools/install/incremental_calibration/include/aslam/calibration/geometry/Transformation2d.h
-- Installing: /home/orangepi/Desktop/SparkCar_ROS2_WS/SparkCar_Tools/install/incremental_calibration/include/aslam/calibration/geometry/Transformation3d.tpp
-- Installing: /home/orangepi/Desktop/SparkCar_ROS2_WS/SparkCar_Tools/install/incremental_calibration/include/aslam/calibration/geometry/Transformation3d.h
-- Installing: /home/orangepi/Desktop/SparkCar_ROS2_WS/SparkCar_Tools/install/incremental_calibration/include/aslam/calibration/geometry/Transformation.h
-- Installing: /home/orangepi/Desktop/SparkCar_ROS2_WS/SparkCar_Tools/install/incremental_calibration/share/incremental_calibration/environment/library_path.sh
-- Installing: /home/orangepi/Desktop/SparkCar_ROS2_WS/SparkCar_Tools/install/incremental_calibration/share/incremental_calibration/environment/library_path.dsv
-- Installing: /home/orangepi/Desktop/SparkCar_ROS2_WS/SparkCar_Tools/install/incremental_calibration/share/ament_index/resource_index/package_run_dependencies/incremental_calibration
-- Installing: /home/orangepi/Desktop/SparkCar_ROS2_WS/SparkCar_Tools/install/incremental_calibration/share/ament_index/resource_index/parent_prefix_path/incremental_calibration
-- Installing: /home/orangepi/Desktop/SparkCar_ROS2_WS/SparkCar_Tools/install/incremental_calibration/share/incremental_calibration/environment/ament_prefix_path.sh
-- Installing: /home/orangepi/Desktop/SparkCar_ROS2_WS/SparkCar_Tools/install/incremental_calibration/share/incremental_calibration/environment/ament_prefix_path.dsv
-- Installing: /home/orangepi/Desktop/SparkCar_ROS2_WS/SparkCar_Tools/install/incremental_calibration/share/incremental_calibration/environment/path.sh
-- Installing: /home/orangepi/Desktop/SparkCar_ROS2_WS/SparkCar_Tools/install/incremental_calibration/share/incremental_calibration/environment/path.dsv
-- Installing: /home/orangepi/Desktop/SparkCar_ROS2_WS/SparkCar_Tools/install/incremental_calibration/share/incremental_calibration/local_setup.bash
-- Installing: /home/orangepi/Desktop/SparkCar_ROS2_WS/SparkCar_Tools/install/incremental_calibration/share/incremental_calibration/local_setup.sh
-- Installing: /home/orangepi/Desktop/SparkCar_ROS2_WS/SparkCar_Tools/install/incremental_calibration/share/incremental_calibration/local_setup.zsh
-- Installing: /home/orangepi/Desktop/SparkCar_ROS2_WS/SparkCar_Tools/install/incremental_calibration/share/incremental_calibration/local_setup.dsv
-- Installing: /home/orangepi/Desktop/SparkCar_ROS2_WS/SparkCar_Tools/install/incremental_calibration/share/incremental_calibration/package.dsv
-- Installing: /home/orangepi/Desktop/SparkCar_ROS2_WS/SparkCar_Tools/install/incremental_calibration/share/ament_index/resource_index/packages/incremental_calibration
-- Installing: /home/orangepi/Desktop/SparkCar_ROS2_WS/SparkCar_Tools/install/incremental_calibration/share/incremental_calibration/cmake/incremental_calibrationTargetsExport.cmake
-- Installing: /home/orangepi/Desktop/SparkCar_ROS2_WS/SparkCar_Tools/install/incremental_calibration/share/incremental_calibration/cmake/incremental_calibrationTargetsExport-release.cmake
-- Installing: /home/orangepi/Desktop/SparkCar_ROS2_WS/SparkCar_Tools/install/incremental_calibration/share/incremental_calibration/cmake/ament_cmake_export_targets-extras.cmake
-- Installing: /home/orangepi/Desktop/SparkCar_ROS2_WS/SparkCar_Tools/install/incremental_calibration/share/incremental_calibration/cmake/ament_cmake_export_dependencies-extras.cmake
-- Installing: /home/orangepi/Desktop/SparkCar_ROS2_WS/SparkCar_Tools/install/incremental_calibration/share/incremental_calibration/cmake/ament_cmake_export_include_directories-extras.cmake
-- Installing: /home/orangepi/Desktop/SparkCar_ROS2_WS/SparkCar_Tools/install/incremental_calibration/share/incremental_calibration/cmake/incremental_calibrationConfig.cmake
-- Installing: /home/orangepi/Desktop/SparkCar_ROS2_WS/SparkCar_Tools/install/incremental_calibration/share/incremental_calibration/cmake/incremental_calibrationConfig-version.cmake
-- Installing: /home/orangepi/Desktop/SparkCar_ROS2_WS/SparkCar_Tools/install/incremental_calibration/share/incremental_calibration/package.xml
