[0.016s] Invoking command in '/home/orangepi/Desktop/SparkCar_ROS2_WS/SparkCar_Perception/build/realsense2_camera': AMENT_PREFIX_PATH=/home/orangepi/Desktop/SparkCar_ROS2_WS/SparkCar_Perception/install/realsense2_camera_msgs:${AMENT_PREFIX_PATH} CMAKE_PREFIX_PATH=/home/orangepi/Desktop/SparkCar_ROS2_WS/SparkCar_Perception/install/realsense2_camera_msgs:/opt/ros/humble LD_LIBRARY_PATH=/home/orangepi/Desktop/SparkCar_ROS2_WS/SparkCar_Perception/install/realsense2_camera_msgs/lib:${LD_LIBRARY_PATH} PYTHONPATH=/home/orangepi/Desktop/SparkCar_ROS2_WS/SparkCar_Perception/install/realsense2_camera_msgs/local/lib/python3.10/dist-packages:${PYTHONPATH} /usr/bin/cmake /home/orangepi/Desktop/SparkCar_ROS2_WS/SparkCar_Perception/src/realsense-ros/realsense2_camera -DCMAKE_INSTALL_PREFIX=/home/orangepi/Desktop/SparkCar_ROS2_WS/SparkCar_Perception/install/realsense2_camera
[0.177s] -- The C compiler identification is GNU 11.4.0
[0.314s] -- The CXX compiler identification is GNU 11.4.0
[0.328s] -- Detecting C compiler ABI info
[0.536s] -- Detecting C compiler ABI info - done
[0.553s] -- Check for working C compiler: /usr/bin/cc - skipped
[0.553s] -- Detecting C compile features
[0.553s] -- Detecting C compile features - done
[0.558s] -- Detecting CXX compiler ABI info
[0.776s] -- Detecting CXX compiler ABI info - done
[0.818s] -- Check for working CXX compiler: /usr/bin/c++ - skipped
[0.819s] -- Detecting CXX compile features
[0.821s] -- Detecting CXX compile features - done
[0.821s] -- Create Release Build.
[0.823s] -- Found ament_cmake: 1.3.14 (/opt/ros/humble/share/ament_cmake/cmake)
[1.135s] -- Found Python3: /usr/bin/python3 (found version "3.10.12") found components: Interpreter 
[1.370s] -- Found builtin_interfaces: 1.2.3 (/opt/ros/humble/share/builtin_interfaces/cmake)
[1.417s] -- Found rosidl_generator_c: 3.1.9 (/opt/ros/humble/share/rosidl_generator_c/cmake)
[1.424s] -- Found rosidl_adapter: 3.1.9 (/opt/ros/humble/share/rosidl_adapter/cmake)
[1.440s] -- Found rosidl_generator_cpp: 3.1.9 (/opt/ros/humble/share/rosidl_generator_cpp/cmake)
[1.454s] -- Using all available rosidl_typesupport_c: rosidl_typesupport_fastrtps_c;rosidl_typesupport_introspection_c
[1.477s] -- Using all available rosidl_typesupport_cpp: rosidl_typesupport_fastrtps_cpp;rosidl_typesupport_introspection_cpp
[1.498s] -- Found rclcpp: 16.0.19 (/opt/ros/humble/share/rclcpp/cmake)
[1.547s] -- Found rmw_implementation_cmake: 6.1.2 (/opt/ros/humble/share/rmw_implementation_cmake/cmake)
[1.550s] -- Found rmw_fastrtps_cpp: 6.2.10 (/opt/ros/humble/share/rmw_fastrtps_cpp/cmake)
[1.726s] -- Found OpenSSL: /usr/lib/aarch64-linux-gnu/libcrypto.so (found version "3.0.2")  
[1.752s] -- Found FastRTPS: /opt/ros/humble/include  
[1.813s] -- Using RMW implementation 'rmw_fastrtps_cpp' as default
[1.825s] -- Looking for pthread.h
[2.033s] -- Looking for pthread.h - found
[2.033s] -- Performing Test CMAKE_HAVE_LIBC_PTHREAD
[2.257s] -- Performing Test CMAKE_HAVE_LIBC_PTHREAD - Success
[2.259s] -- Found Threads: TRUE  
[2.342s] -- Found rclcpp_action: 16.0.19 (/opt/ros/humble/share/rclcpp_action/cmake)
[2.387s] -- Found realsense2_camera_msgs: 4.58.2 (/home/orangepi/Desktop/SparkCar_ROS2_WS/SparkCar_Perception/install/realsense2_camera_msgs/share/realsense2_camera_msgs/cmake)
[2.469s] -- Found std_srvs: 4.9.1 (/opt/ros/humble/share/std_srvs/cmake)
[2.497s] -- Found nav_msgs: 4.9.1 (/opt/ros/humble/share/nav_msgs/cmake)
[2.537s] -- Found tf2_ros: 0.25.20 (/opt/ros/humble/share/tf2_ros/cmake)
[2.632s] -- Found diagnostic_updater: 4.0.7 (/opt/ros/humble/share/diagnostic_updater/cmake)
[2.685s] -- Found OpenCV: /usr (found version "4.5.4") found components: core 
[2.687s] -- Found image_transport: 3.1.13 (/opt/ros/humble/share/image_transport/cmake)
[2.713s] -- Found cv_bridge: 3.2.1 (/opt/ros/humble/share/cv_bridge/cmake)
[2.727s] [33mCMake Warning at CMakeLists.txt:155 (find_package):
[2.727s]   By not providing "Findrealsense2.cmake" in CMAKE_MODULE_PATH this project
[2.727s]   has asked CMake to find a package configuration file provided by
[2.728s]   "realsense2", but CMake did not find one.
[2.728s] 
[2.728s]   Could not find a package configuration file provided by "realsense2"
[2.728s]   (requested version 2.58.0) with any of the following names:
[2.728s] 
[2.728s]     realsense2Config.cmake
[2.728s]     realsense2-config.cmake
[2.728s] 
[2.728s]   Add the installation prefix of "realsense2" to CMAKE_PREFIX_PATH or set
[2.728s]   "realsense2_DIR" to a directory containing one of the above files.  If
[2.728s]   "realsense2" provides a separate development package or SDK, be sure it has
[2.728s]   been installed.
[2.728s] 
[2.728s] [0m
[2.728s] -- Configuring incomplete, errors occurred!
[2.729s] See also "/home/orangepi/Desktop/SparkCar_ROS2_WS/SparkCar_Perception/build/realsense2_camera/CMakeFiles/CMakeOutput.log".
[2.729s] [31mCMake Error at CMakeLists.txt:160 (message):
[2.729s]   
[2.729s] 
[2.729s]   
[2.729s] 
[2.729s]    RealSense SDK 2.0 is missing, please install it from https://github.com/realsenseai/librealsense/releases
[2.729s] 
[2.729s]   
[2.729s] 
[2.729s] 
[2.729s] [0m
[2.758s] Invoked command in '/home/orangepi/Desktop/SparkCar_ROS2_WS/SparkCar_Perception/build/realsense2_camera' returned '1': AMENT_PREFIX_PATH=/home/orangepi/Desktop/SparkCar_ROS2_WS/SparkCar_Perception/install/realsense2_camera_msgs:${AMENT_PREFIX_PATH} CMAKE_PREFIX_PATH=/home/orangepi/Desktop/SparkCar_ROS2_WS/SparkCar_Perception/install/realsense2_camera_msgs:/opt/ros/humble LD_LIBRARY_PATH=/home/orangepi/Desktop/SparkCar_ROS2_WS/SparkCar_Perception/install/realsense2_camera_msgs/lib:${LD_LIBRARY_PATH} PYTHONPATH=/home/orangepi/Desktop/SparkCar_ROS2_WS/SparkCar_Perception/install/realsense2_camera_msgs/local/lib/python3.10/dist-packages:${PYTHONPATH} /usr/bin/cmake /home/orangepi/Desktop/SparkCar_ROS2_WS/SparkCar_Perception/src/realsense-ros/realsense2_camera -DCMAKE_INSTALL_PREFIX=/home/orangepi/Desktop/SparkCar_ROS2_WS/SparkCar_Perception/install/realsense2_camera
