Consolidate compiler generated dependencies of target target_follower_node
[ 50%] Building CXX object CMakeFiles/target_follower_node.dir/src/target_follower_node.cpp.o
[100%] Linking CXX executable target_follower_node
[100%] Built target target_follower_node
-- Install configuration: ""
-- Execute custom install script
-- Up-to-date symlink: /home/jiaverso/Desktop/SparkCar_ROS2_WS/SparkCar_Controller/install/target_follower/lib/target_follower/target_follower_node
-- Up-to-date symlink: /home/jiaverso/Desktop/SparkCar_ROS2_WS/SparkCar_Controller/install/target_follower/share/target_follower/README.md
-- Up-to-date symlink: /home/jiaverso/Desktop/SparkCar_ROS2_WS/SparkCar_Controller/install/target_follower/share/ament_index/resource_index/package_run_dependencies/target_follower
-- Up-to-date symlink: /home/jiaverso/Desktop/SparkCar_ROS2_WS/SparkCar_Controller/install/target_follower/share/ament_index/resource_index/parent_prefix_path/target_follower
-- Up-to-date symlink: /home/jiaverso/Desktop/SparkCar_ROS2_WS/SparkCar_Controller/install/target_follower/share/target_follower/environment/ament_prefix_path.sh
-- Up-to-date symlink: /home/jiaverso/Desktop/SparkCar_ROS2_WS/SparkCar_Controller/install/target_follower/share/target_follower/environment/ament_prefix_path.dsv
-- Up-to-date symlink: /home/jiaverso/Desktop/SparkCar_ROS2_WS/SparkCar_Controller/install/target_follower/share/target_follower/environment/path.sh
-- Up-to-date symlink: /home/jiaverso/Desktop/SparkCar_ROS2_WS/SparkCar_Controller/install/target_follower/share/target_follower/environment/path.dsv
-- Up-to-date symlink: /home/jiaverso/Desktop/SparkCar_ROS2_WS/SparkCar_Controller/install/target_follower/share/target_follower/local_setup.bash
-- Up-to-date symlink: /home/jiaverso/Desktop/SparkCar_ROS2_WS/SparkCar_Controller/install/target_follower/share/target_follower/local_setup.sh
-- Up-to-date symlink: /home/jiaverso/Desktop/SparkCar_ROS2_WS/SparkCar_Controller/install/target_follower/share/target_follower/local_setup.zsh
-- Up-to-date symlink: /home/jiaverso/Desktop/SparkCar_ROS2_WS/SparkCar_Controller/install/target_follower/share/target_follower/local_setup.dsv
-- Symlinking: /home/jiaverso/Desktop/SparkCar_ROS2_WS/SparkCar_Controller/install/target_follower/share/target_follower/package.dsv
-- Up-to-date symlink: /home/jiaverso/Desktop/SparkCar_ROS2_WS/SparkCar_Controller/install/target_follower/share/ament_index/resource_index/packages/target_follower
-- Up-to-date symlink: /home/jiaverso/Desktop/SparkCar_ROS2_WS/SparkCar_Controller/install/target_follower/share/target_follower/cmake/target_followerConfig.cmake
-- Up-to-date symlink: /home/jiaverso/Desktop/SparkCar_ROS2_WS/SparkCar_Controller/install/target_follower/share/target_follower/cmake/target_followerConfig-version.cmake
-- Up-to-date symlink: /home/jiaverso/Desktop/SparkCar_ROS2_WS/SparkCar_Controller/install/target_follower/share/target_follower/package.xml
-- Up-to-date: /home/jiaverso/Desktop/SparkCar_ROS2_WS/SparkCar_Controller/install/target_follower/share/target_follower/launch
-- Up-to-date: /home/jiaverso/Desktop/SparkCar_ROS2_WS/SparkCar_Controller/install/target_follower/share/target_follower/launch/target_follower.launch.py
-- Up-to-date: /home/jiaverso/Desktop/SparkCar_ROS2_WS/SparkCar_Controller/install/target_follower/share/target_follower/config
-- Up-to-date: /home/jiaverso/Desktop/SparkCar_ROS2_WS/SparkCar_Controller/install/target_follower/share/target_follower/config/target_follower.yaml
