-- Found ament_cmake: 1.3.14 (/opt/ros/humble/share/ament_cmake/cmake)
-- Found rclcpp: 16.0.19 (/opt/ros/humble/share/rclcpp/cmake)
-- Found rosidl_generator_c: 3.1.9 (/opt/ros/humble/share/rosidl_generator_c/cmake)
-- Found rosidl_adapter: 3.1.9 (/opt/ros/humble/share/rosidl_adapter/cmake)
-- Found rosidl_generator_cpp: 3.1.9 (/opt/ros/humble/share/rosidl_generator_cpp/cmake)
-- Using all available rosidl_typesupport_c: rosidl_typesupport_fastrtps_c;rosidl_typesupport_introspection_c
-- Using all available rosidl_typesupport_cpp: rosidl_typesupport_fastrtps_cpp;rosidl_typesupport_introspection_cpp
-- Found rmw_implementation_cmake: 6.1.2 (/opt/ros/humble/share/rmw_implementation_cmake/cmake)
-- Found rmw_fastrtps_cpp: 6.2.10 (/opt/ros/humble/share/rmw_fastrtps_cpp/cmake)
-- Using RMW implementation 'rmw_fastrtps_cpp' as default
-- Found geometry_msgs: 4.9.1 (/opt/ros/humble/share/geometry_msgs/cmake)
-- Found mavros_msgs: 2.14.0 (/opt/ros/humble/share/mavros_msgs/cmake)
-- Configuring done
-- Generating done
-- Build files have been written to: /home/orangepi/Desktop/SparkCar_ROS2_WS/SparkCar_Controller/build/mission_manager
[35m[1mConsolidate compiler generated dependencies of target apm_takeoff_node[0m
[ 50%] [32mBuilding CXX object CMakeFiles/apm_takeoff_node.dir/src/apm_takeoff_node.cpp.o[0m
[100%] [32m[1mLinking CXX executable apm_takeoff_node[0m
[100%] Built target apm_takeoff_node
-- Install configuration: ""
-- Installing: /home/orangepi/Desktop/SparkCar_ROS2_WS/SparkCar_Controller/install/mission_manager/lib/mission_manager/apm_takeoff_node
-- Set runtime path of "/home/orangepi/Desktop/SparkCar_ROS2_WS/SparkCar_Controller/install/mission_manager/lib/mission_manager/apm_takeoff_node" to ""
-- Installing: /home/orangepi/Desktop/SparkCar_ROS2_WS/SparkCar_Controller/install/mission_manager/share/mission_manager/config
-- Installing: /home/orangepi/Desktop/SparkCar_ROS2_WS/SparkCar_Controller/install/mission_manager/share/mission_manager/config/apm_takeoff.yaml
-- Installing: /home/orangepi/Desktop/SparkCar_ROS2_WS/SparkCar_Controller/install/mission_manager/share/mission_manager/launch
-- Installing: /home/orangepi/Desktop/SparkCar_ROS2_WS/SparkCar_Controller/install/mission_manager/share/mission_manager/launch/apm_takeoff.launch.py
-- Up-to-date: /home/orangepi/Desktop/SparkCar_ROS2_WS/SparkCar_Controller/install/mission_manager/share/ament_index/resource_index/package_run_dependencies/mission_manager
-- Installing: /home/orangepi/Desktop/SparkCar_ROS2_WS/SparkCar_Controller/install/mission_manager/share/ament_index/resource_index/parent_prefix_path/mission_manager
-- Up-to-date: /home/orangepi/Desktop/SparkCar_ROS2_WS/SparkCar_Controller/install/mission_manager/share/mission_manager/environment/ament_prefix_path.sh
-- Installing: /home/orangepi/Desktop/SparkCar_ROS2_WS/SparkCar_Controller/install/mission_manager/share/mission_manager/environment/ament_prefix_path.dsv
-- Up-to-date: /home/orangepi/Desktop/SparkCar_ROS2_WS/SparkCar_Controller/install/mission_manager/share/mission_manager/environment/path.sh
-- Installing: /home/orangepi/Desktop/SparkCar_ROS2_WS/SparkCar_Controller/install/mission_manager/share/mission_manager/environment/path.dsv
-- Up-to-date: /home/orangepi/Desktop/SparkCar_ROS2_WS/SparkCar_Controller/install/mission_manager/share/mission_manager/local_setup.bash
-- Up-to-date: /home/orangepi/Desktop/SparkCar_ROS2_WS/SparkCar_Controller/install/mission_manager/share/mission_manager/local_setup.sh
-- Up-to-date: /home/orangepi/Desktop/SparkCar_ROS2_WS/SparkCar_Controller/install/mission_manager/share/mission_manager/local_setup.zsh
-- Installing: /home/orangepi/Desktop/SparkCar_ROS2_WS/SparkCar_Controller/install/mission_manager/share/mission_manager/local_setup.dsv
-- Installing: /home/orangepi/Desktop/SparkCar_ROS2_WS/SparkCar_Controller/install/mission_manager/share/mission_manager/package.dsv
-- Up-to-date: /home/orangepi/Desktop/SparkCar_ROS2_WS/SparkCar_Controller/install/mission_manager/share/ament_index/resource_index/packages/mission_manager
-- Up-to-date: /home/orangepi/Desktop/SparkCar_ROS2_WS/SparkCar_Controller/install/mission_manager/share/mission_manager/cmake/mission_managerConfig.cmake
-- Up-to-date: /home/orangepi/Desktop/SparkCar_ROS2_WS/SparkCar_Controller/install/mission_manager/share/mission_manager/cmake/mission_managerConfig-version.cmake
-- Up-to-date: /home/orangepi/Desktop/SparkCar_ROS2_WS/SparkCar_Controller/install/mission_manager/share/mission_manager/package.xml
