[0.016s] Invoking command in '/home/jiaverso/Desktop/SparkCar_ROS2_WS/SparkCar_Perception/build/fastlio2': CMAKE_PREFIX_PATH=/home/jiaverso/Desktop/SparkCar_ROS2_WS/SparkCar_Perception/install/livox_ros_driver2:/home/jiaverso/Desktop/SparkCar_ROS2_WS/SparkCar_Perception/install/pgo:/home/jiaverso/Desktop/SparkCar_ROS2_WS/SparkCar_Perception/install/localizer:/home/jiaverso/Desktop/SparkCar_ROS2_WS/SparkCar_Perception/install/fastlio2:/home/jiaverso/Desktop/SparkCar_ROS2_WS/SparkCar_Perception/install/hba:/home/jiaverso/Desktop/SparkCar_ROS2_WS/SparkCar_Perception/install/interface:/home/jiaverso/Desktop/SparkCar_ROS2_WS/SparkCar_Tools/install/pcd2pgm:/opt/ros/humble /usr/bin/cmake --build /home/jiaverso/Desktop/SparkCar_ROS2_WS/SparkCar_Perception/build/fastlio2 -- -j8 -l8
[0.089s] [100%] Built target lio_node
[30.032s] Invoked command in '/home/jiaverso/Desktop/SparkCar_ROS2_WS/SparkCar_Perception/build/fastlio2' returned '0': CMAKE_PREFIX_PATH=/home/jiaverso/Desktop/SparkCar_ROS2_WS/SparkCar_Perception/install/livox_ros_driver2:/home/jiaverso/Desktop/SparkCar_ROS2_WS/SparkCar_Perception/install/pgo:/home/jiaverso/Desktop/SparkCar_ROS2_WS/SparkCar_Perception/install/localizer:/home/jiaverso/Desktop/SparkCar_ROS2_WS/SparkCar_Perception/install/fastlio2:/home/jiaverso/Desktop/SparkCar_ROS2_WS/SparkCar_Perception/install/hba:/home/jiaverso/Desktop/SparkCar_ROS2_WS/SparkCar_Perception/install/interface:/home/jiaverso/Desktop/SparkCar_ROS2_WS/SparkCar_Tools/install/pcd2pgm:/opt/ros/humble /usr/bin/cmake --build /home/jiaverso/Desktop/SparkCar_ROS2_WS/SparkCar_Perception/build/fastlio2 -- -j8 -l8
[30.046s] Invoking command in '/home/jiaverso/Desktop/SparkCar_ROS2_WS/SparkCar_Perception/build/fastlio2': CMAKE_PREFIX_PATH=/home/jiaverso/Desktop/SparkCar_ROS2_WS/SparkCar_Perception/install/livox_ros_driver2:/home/jiaverso/Desktop/SparkCar_ROS2_WS/SparkCar_Perception/install/pgo:/home/jiaverso/Desktop/SparkCar_ROS2_WS/SparkCar_Perception/install/localizer:/home/jiaverso/Desktop/SparkCar_ROS2_WS/SparkCar_Perception/install/fastlio2:/home/jiaverso/Desktop/SparkCar_ROS2_WS/SparkCar_Perception/install/hba:/home/jiaverso/Desktop/SparkCar_ROS2_WS/SparkCar_Perception/install/interface:/home/jiaverso/Desktop/SparkCar_ROS2_WS/SparkCar_Tools/install/pcd2pgm:/opt/ros/humble /usr/bin/cmake --install /home/jiaverso/Desktop/SparkCar_ROS2_WS/SparkCar_Perception/build/fastlio2
[30.054s] -- Install configuration: "Release"
[30.054s] -- Execute custom install script
[30.055s] -- Up-to-date symlink: /home/jiaverso/Desktop/SparkCar_ROS2_WS/SparkCar_Perception/install/fastlio2/lib/fastlio2/lio_node
[30.055s] -- Up-to-date symlink: /home/jiaverso/Desktop/SparkCar_ROS2_WS/SparkCar_Perception/install/fastlio2/share/fastlio2/launch/lio_launch.py
[30.057s] -- Up-to-date symlink: /home/jiaverso/Desktop/SparkCar_ROS2_WS/SparkCar_Perception/install/fastlio2/share/fastlio2/rviz/fastlio2.rviz
[30.057s] -- Up-to-date symlink: /home/jiaverso/Desktop/SparkCar_ROS2_WS/SparkCar_Perception/install/fastlio2/share/fastlio2/config/lio.yaml
[30.058s] -- Up-to-date symlink: /home/jiaverso/Desktop/SparkCar_ROS2_WS/SparkCar_Perception/install/fastlio2/share/ament_index/resource_index/package_run_dependencies/fastlio2
[30.058s] -- Up-to-date symlink: /home/jiaverso/Desktop/SparkCar_ROS2_WS/SparkCar_Perception/install/fastlio2/share/ament_index/resource_index/parent_prefix_path/fastlio2
[30.058s] -- Up-to-date symlink: /home/jiaverso/Desktop/SparkCar_ROS2_WS/SparkCar_Perception/install/fastlio2/share/fastlio2/environment/ament_prefix_path.sh
[30.058s] -- Up-to-date symlink: /home/jiaverso/Desktop/SparkCar_ROS2_WS/SparkCar_Perception/install/fastlio2/share/fastlio2/environment/ament_prefix_path.dsv
[30.058s] -- Up-to-date symlink: /home/jiaverso/Desktop/SparkCar_ROS2_WS/SparkCar_Perception/install/fastlio2/share/fastlio2/environment/path.sh
[30.058s] -- Up-to-date symlink: /home/jiaverso/Desktop/SparkCar_ROS2_WS/SparkCar_Perception/install/fastlio2/share/fastlio2/environment/path.dsv
[30.058s] -- Up-to-date symlink: /home/jiaverso/Desktop/SparkCar_ROS2_WS/SparkCar_Perception/install/fastlio2/share/fastlio2/local_setup.bash
[30.059s] -- Up-to-date symlink: /home/jiaverso/Desktop/SparkCar_ROS2_WS/SparkCar_Perception/install/fastlio2/share/fastlio2/local_setup.sh
[30.059s] -- Up-to-date symlink: /home/jiaverso/Desktop/SparkCar_ROS2_WS/SparkCar_Perception/install/fastlio2/share/fastlio2/local_setup.zsh
[30.059s] -- Up-to-date symlink: /home/jiaverso/Desktop/SparkCar_ROS2_WS/SparkCar_Perception/install/fastlio2/share/fastlio2/local_setup.dsv
[30.059s] -- Symlinking: /home/jiaverso/Desktop/SparkCar_ROS2_WS/SparkCar_Perception/install/fastlio2/share/fastlio2/package.dsv
[30.069s] -- Up-to-date symlink: /home/jiaverso/Desktop/SparkCar_ROS2_WS/SparkCar_Perception/install/fastlio2/share/ament_index/resource_index/packages/fastlio2
[30.069s] -- Up-to-date symlink: /home/jiaverso/Desktop/SparkCar_ROS2_WS/SparkCar_Perception/install/fastlio2/share/fastlio2/cmake/fastlio2Config.cmake
[30.070s] -- Up-to-date symlink: /home/jiaverso/Desktop/SparkCar_ROS2_WS/SparkCar_Perception/install/fastlio2/share/fastlio2/cmake/fastlio2Config-version.cmake
[30.070s] -- Up-to-date symlink: /home/jiaverso/Desktop/SparkCar_ROS2_WS/SparkCar_Perception/install/fastlio2/share/fastlio2/package.xml
[30.071s] Invoked command in '/home/jiaverso/Desktop/SparkCar_ROS2_WS/SparkCar_Perception/build/fastlio2' returned '0': CMAKE_PREFIX_PATH=/home/jiaverso/Desktop/SparkCar_ROS2_WS/SparkCar_Perception/install/livox_ros_driver2:/home/jiaverso/Desktop/SparkCar_ROS2_WS/SparkCar_Perception/install/pgo:/home/jiaverso/Desktop/SparkCar_ROS2_WS/SparkCar_Perception/install/localizer:/home/jiaverso/Desktop/SparkCar_ROS2_WS/SparkCar_Perception/install/fastlio2:/home/jiaverso/Desktop/SparkCar_ROS2_WS/SparkCar_Perception/install/hba:/home/jiaverso/Desktop/SparkCar_ROS2_WS/SparkCar_Perception/install/interface:/home/jiaverso/Desktop/SparkCar_ROS2_WS/SparkCar_Tools/install/pcd2pgm:/opt/ros/humble /usr/bin/cmake --install /home/jiaverso/Desktop/SparkCar_ROS2_WS/SparkCar_Perception/build/fastlio2
