In file included from /opt/ros/humble/include/pluginlib/pluginlib/class_loader_imp.hpp:57,
                 from /opt/ros/humble/include/pluginlib/pluginlib/class_loader.hpp:334,
                 from /home/jiaverso/Desktop/SparkCar_ROS2_WS/SparkCar_Navigation/src/teb_local_planner/teb_local_planner/include/teb_local_planner/teb_local_planner_ros.h:42,
                 from /home/jiaverso/Desktop/SparkCar_ROS2_WS/SparkCar_Navigation/src/teb_local_planner/teb_local_planner/src/teb_local_planner_ros.cpp:39:
/home/jiaverso/Desktop/SparkCar_ROS2_WS/SparkCar_Navigation/install/costmap_converter/include/costmap_converter/costmap_converter_interface.h: In member function ‘void costmap_converter::BaseCostmapToPolygons::startWorker(rclcpp::GenericRate<std::chrono::_V2::system_clock>::SharedPtr, nav2_costmap_2d::Costmap2D*, bool)’:
/home/jiaverso/Desktop/SparkCar_ROS2_WS/SparkCar_Navigation/install/costmap_converter/include/costmap_converter/costmap_converter_interface.h:197:41: warning: too many arguments for format [-Wformat-extra-args]
  197 |         RCLCPP_DEBUG(nh_->get_logger(), "costmap_converter", "Spinning up a thread for the CostmapToPolygons plugin");
      |                                         ^~~~~~~~~~~~~~~~~~~
/home/jiaverso/Desktop/SparkCar_ROS2_WS/SparkCar_Navigation/install/costmap_converter/include/costmap_converter/costmap_converter_interface.h: In member function ‘void costmap_converter::BaseCostmapToDynamicObstacles::loadStaticCostmapConverterPlugin(const string&, rclcpp::Node::SharedPtr)’:
/home/jiaverso/Desktop/SparkCar_ROS2_WS/SparkCar_Navigation/install/costmap_converter/include/costmap_converter/costmap_converter_interface.h:313:32: warning: format ‘%s’ expects argument of type ‘char*’, but argument 5 has type ‘const string’ {aka ‘const std::__cxx11::basic_string<char>’} [-Wformat=]
  313 |       RCLCPP_INFO(getLogger(), "CostmapToDynamicObstacles: underlying costmap conversion plugin for static obstacles %s loaded.", plugin_name);
      |                                ^~~~~~~~~~~~~~~~~~~~~~~~~~~~~~~~~~~~~~~~~~~~~~~~~~~~~~~~~~~~~~~~~~~~~~~~~~~~~~~~~~~~~~~~~~~~~~~~~
In file included from /home/jiaverso/Desktop/SparkCar_ROS2_WS/SparkCar_Navigation/src/teb_local_planner/teb_local_planner/include/teb_local_planner/teb_local_planner_ros.h:68,
                 from /home/jiaverso/Desktop/SparkCar_ROS2_WS/SparkCar_Navigation/src/teb_local_planner/teb_local_planner/src/teb_local_planner_ros.cpp:39:
/home/jiaverso/Desktop/SparkCar_ROS2_WS/SparkCar_Navigation/install/costmap_converter/include/costmap_converter/costmap_converter_interface.h:313:119: note: format string is defined here
  313 |       RCLCPP_INFO(getLogger(), "CostmapToDynamicObstacles: underlying costmap conversion plugin for static obstacles %s loaded.", plugin_name);
      |                                                                                                                      ~^
      |                                                                                                                       |
      |                                                                                                                       char*
/home/jiaverso/Desktop/SparkCar_ROS2_WS/SparkCar_Navigation/src/teb_local_planner/teb_local_planner/src/teb_local_planner_ros.cpp: In member function ‘void teb_local_planner::TebLocalPlannerROS::initialize(rclcpp_lifecycle::LifecycleNode::SharedPtr)’:
/home/jiaverso/Desktop/SparkCar_ROS2_WS/SparkCar_Navigation/src/teb_local_planner/teb_local_planner/src/teb_local_planner_ros.cpp:166:113: error: too few arguments to function ‘void nav2_costmap_2d::calculateMinAndMaxDistances(const std::vector<geometry_msgs::msg::Point_<std::allocator<void> > >&, double&, double&)’
  166 |     std::tie(robot_inscribed_radius_, robot_circumscribed_radius) = nav2_costmap_2d::calculateMinAndMaxDistances(footprint_spec_);
      |                                                                     ~~~~~~~~~~~~~~~~~~~~~~~~~~~~~~~~~~~~~~~~~~~~^~~~~~~~~~~~~~~~~
In file included from /opt/ros/humble/include/nav2_costmap_2d/nav2_costmap_2d/costmap_2d_ros.hpp:49,
                 from /opt/ros/humble/include/nav2_core/controller.hpp:42,
                 from /home/jiaverso/Desktop/SparkCar_ROS2_WS/SparkCar_Navigation/src/teb_local_planner/teb_local_planner/include/teb_local_planner/teb_local_planner_ros.h:47,
                 from /home/jiaverso/Desktop/SparkCar_ROS2_WS/SparkCar_Navigation/src/teb_local_planner/teb_local_planner/src/teb_local_planner_ros.cpp:39:
/opt/ros/humble/include/nav2_costmap_2d/nav2_costmap_2d/footprint.hpp:61:6: note: declared here
   61 | void calculateMinAndMaxDistances(
      |      ^~~~~~~~~~~~~~~~~~~~~~~~~~~
/home/jiaverso/Desktop/SparkCar_ROS2_WS/SparkCar_Navigation/src/teb_local_planner/teb_local_planner/src/teb_local_planner_ros.cpp: In member function ‘virtual geometry_msgs::msg::TwistStamped teb_local_planner::TebLocalPlannerROS::computeVelocityCommands(const PoseStamped&, const Twist&, nav2_core::GoalChecker*)’:
/home/jiaverso/Desktop/SparkCar_ROS2_WS/SparkCar_Navigation/src/teb_local_planner/teb_local_planner/src/teb_local_planner_ros.cpp:404:115: error: too few arguments to function ‘void nav2_costmap_2d::calculateMinAndMaxDistances(const std::vector<geometry_msgs::msg::Point_<std::allocator<void> > >&, double&, double&)’
  404 |       std::tie(robot_inscribed_radius_, robot_circumscribed_radius) = nav2_costmap_2d::calculateMinAndMaxDistances(updated_footprint_spec_);
      |                                                                       ~~~~~~~~~~~~~~~~~~~~~~~~~~~~~~~~~~~~~~~~~~~~^~~~~~~~~~~~~~~~~~~~~~~~~
In file included from /opt/ros/humble/include/nav2_costmap_2d/nav2_costmap_2d/costmap_2d_ros.hpp:49,
                 from /opt/ros/humble/include/nav2_core/controller.hpp:42,
                 from /home/jiaverso/Desktop/SparkCar_ROS2_WS/SparkCar_Navigation/src/teb_local_planner/teb_local_planner/include/teb_local_planner/teb_local_planner_ros.h:47,
                 from /home/jiaverso/Desktop/SparkCar_ROS2_WS/SparkCar_Navigation/src/teb_local_planner/teb_local_planner/src/teb_local_planner_ros.cpp:39:
/opt/ros/humble/include/nav2_costmap_2d/nav2_costmap_2d/footprint.hpp:61:6: note: declared here
   61 | void calculateMinAndMaxDistances(
      |      ^~~~~~~~~~~~~~~~~~~~~~~~~~~
gmake[2]: *** [CMakeFiles/teb_local_planner.dir/build.make:174: CMakeFiles/teb_local_planner.dir/src/teb_local_planner_ros.cpp.o] Error 1
gmake[1]: *** [CMakeFiles/Makefile2:137: CMakeFiles/teb_local_planner.dir/all] Error 2
gmake: *** [Makefile:146: all] Error 2
