[0.045s] Invoking command in '/home/orangepi/Desktop/SparkCar_ROS2_WS/SparkCar_Perception/build/global_fusion': CMAKE_PREFIX_PATH=${CMAKE_PREFIX_PATH}:/opt/ros/humble /usr/bin/cmake /home/orangepi/Desktop/SparkCar_ROS2_WS/SparkCar_Perception/src/VINS-Fusion-ROS2/global_fusion -DCMAKE_INSTALL_PREFIX=/home/orangepi/Desktop/SparkCar_ROS2_WS/SparkCar_Perception/install/global_fusion
[0.094s] -- Found ament_cmake: 1.3.14 (/opt/ros/humble/share/ament_cmake/cmake)
[0.461s] -- Override CMake install command with custom implementation using symlinks instead of copying resources
[0.471s] -- Found rclcpp: 16.0.19 (/opt/ros/humble/share/rclcpp/cmake)
[0.508s] -- Found rosidl_generator_c: 3.1.9 (/opt/ros/humble/share/rosidl_generator_c/cmake)
[0.511s] -- Found rosidl_adapter: 3.1.9 (/opt/ros/humble/share/rosidl_adapter/cmake)
[0.519s] -- Found rosidl_generator_cpp: 3.1.9 (/opt/ros/humble/share/rosidl_generator_cpp/cmake)
[0.535s] -- Using all available rosidl_typesupport_c: rosidl_typesupport_fastrtps_c;rosidl_typesupport_introspection_c
[0.554s] -- Using all available rosidl_typesupport_cpp: rosidl_typesupport_fastrtps_cpp;rosidl_typesupport_introspection_cpp
[0.602s] -- Found rmw_implementation_cmake: 6.1.2 (/opt/ros/humble/share/rmw_implementation_cmake/cmake)
[0.605s] -- Found rmw_fastrtps_cpp: 6.2.10 (/opt/ros/humble/share/rmw_fastrtps_cpp/cmake)
[0.794s] -- Using RMW implementation 'rmw_fastrtps_cpp' as default
[0.876s] -- Found rclpy: 3.3.21 (/opt/ros/humble/share/rclpy/cmake)
[0.876s] -- Found sensor_msgs: 4.9.1 (/opt/ros/humble/share/sensor_msgs/cmake)
[0.918s] -- Found nav_msgs: 4.9.1 (/opt/ros/humble/share/nav_msgs/cmake)
[0.999s] -- Found visualization_msgs: 4.9.1 (/opt/ros/humble/share/visualization_msgs/cmake)
[1.257s] -- Found AMD headers in: /usr/include/suitesparse
[1.257s] -- Found AMD library: /usr/lib/aarch64-linux-gnu/libamd.so
[1.258s] -- Found CAMD headers in: /usr/include/suitesparse
[1.258s] -- Found CAMD library: /usr/lib/aarch64-linux-gnu/libcamd.so
[1.259s] -- Found CCOLAMD headers in: /usr/include/suitesparse
[1.259s] -- Found CCOLAMD library: /usr/lib/aarch64-linux-gnu/libccolamd.so
[1.259s] -- Found CHOLMOD headers in: /usr/include/suitesparse
[1.260s] -- Found CHOLMOD library: /usr/lib/aarch64-linux-gnu/libcholmod.so
[1.260s] -- Found COLAMD headers in: /usr/include/suitesparse
[1.260s] -- Found COLAMD library: /usr/lib/aarch64-linux-gnu/libcolamd.so
[1.261s] -- Found SPQR headers in: /usr/include/suitesparse
[1.261s] -- Found SPQR library: /usr/lib/aarch64-linux-gnu/libspqr.so
[1.262s] -- Found Config headers in: /usr/include/suitesparse
[1.262s] -- Found Config library: /usr/lib/aarch64-linux-gnu/libsuitesparseconfig.so
[1.262s] -- Found Intel Thread Building Blocks (TBB) library (2021.5 / ) include location: . Assuming SuiteSparseQR was compiled with TBB.
[1.263s] -- Adding librt to SuiteSparse_config libraries (required on Linux & Unix [not OSX] if SuiteSparse is compiled with timing).
[1.270s] -- Could NOT find METIS (missing: METIS_INCLUDE_DIR METIS_LIBRARY) 
[1.272s] -- Found required Ceres dependency: Eigen version 3.4.0 in /usr/share/eigen3/cmake
[1.275s] -- Found required Ceres dependency: glog
[1.276s] -- Found required Ceres dependency: gflags
[1.276s] -- Found Ceres version: 2.1.0 installed in: /home/orangepi/.local/ceres-2.1 with components: [EigenSparse, SparseLinearAlgebraLibrary, LAPACK, SuiteSparse, CXSparse, SchurSpecializations, Multithreading]
[1.279s] [0mCMake Deprecation Warning at ThirdParty/GeographicLib/CMakeLists.txt:19 (cmake_minimum_required):
[1.279s]   Compatibility with CMake < 2.8.12 will be removed from a future version of
[1.279s]   CMake.
[1.279s] 
[1.279s]   Update the VERSION argument <min> value or use a ...<max> suffix to tell
[1.279s]   CMake that the project does not need compatibility with older versions.
[1.279s] 
[1.279s] [0m
[1.438s] -- Configuring done
[1.529s] -- Generating done
[1.577s] -- Build files have been written to: /home/orangepi/Desktop/SparkCar_ROS2_WS/SparkCar_Perception/build/global_fusion
[1.661s] Invoked command in '/home/orangepi/Desktop/SparkCar_ROS2_WS/SparkCar_Perception/build/global_fusion' returned '0': CMAKE_PREFIX_PATH=${CMAKE_PREFIX_PATH}:/opt/ros/humble /usr/bin/cmake /home/orangepi/Desktop/SparkCar_ROS2_WS/SparkCar_Perception/src/VINS-Fusion-ROS2/global_fusion -DCMAKE_INSTALL_PREFIX=/home/orangepi/Desktop/SparkCar_ROS2_WS/SparkCar_Perception/install/global_fusion
[1.671s] Invoking command in '/home/orangepi/Desktop/SparkCar_ROS2_WS/SparkCar_Perception/build/global_fusion': CMAKE_PREFIX_PATH=${CMAKE_PREFIX_PATH}:/opt/ros/humble /usr/bin/cmake --build /home/orangepi/Desktop/SparkCar_ROS2_WS/SparkCar_Perception/build/global_fusion -- -j8 -l8
[1.755s] [35m[1mConsolidate compiler generated dependencies of target libGeographiccc[0m
[1.883s] [ 57%] Built target libGeographiccc
[1.922s] [35m[1mConsolidate compiler generated dependencies of target global_fusion_node[0m
[2.061s] [100%] Built target global_fusion_node
[2.121s] Invoked command in '/home/orangepi/Desktop/SparkCar_ROS2_WS/SparkCar_Perception/build/global_fusion' returned '0': CMAKE_PREFIX_PATH=${CMAKE_PREFIX_PATH}:/opt/ros/humble /usr/bin/cmake --build /home/orangepi/Desktop/SparkCar_ROS2_WS/SparkCar_Perception/build/global_fusion -- -j8 -l8
[2.122s] Invoking command in '/home/orangepi/Desktop/SparkCar_ROS2_WS/SparkCar_Perception/build/global_fusion': CMAKE_PREFIX_PATH=${CMAKE_PREFIX_PATH}:/opt/ros/humble /usr/bin/cmake --install /home/orangepi/Desktop/SparkCar_ROS2_WS/SparkCar_Perception/build/global_fusion
[2.149s] -- Install configuration: "Release"
[2.152s] -- Execute custom install script
[2.152s] -- Up-to-date symlink: /home/orangepi/Desktop/SparkCar_ROS2_WS/SparkCar_Perception/install/global_fusion/lib/global_fusion/global_fusion_node
[2.153s] -- Up-to-date symlink: /home/orangepi/Desktop/SparkCar_ROS2_WS/SparkCar_Perception/install/global_fusion/bin/global_fusion_node
[2.153s] -- Up-to-date symlink: /home/orangepi/Desktop/SparkCar_ROS2_WS/SparkCar_Perception/install/global_fusion/lib/global_fusion/global_fusion_node
[2.156s] -- Up-to-date symlink: /home/orangepi/Desktop/SparkCar_ROS2_WS/SparkCar_Perception/install/global_fusion/share/ament_index/resource_index/package_run_dependencies/global_fusion
[2.157s] -- Up-to-date symlink: /home/orangepi/Desktop/SparkCar_ROS2_WS/SparkCar_Perception/install/global_fusion/share/ament_index/resource_index/parent_prefix_path/global_fusion
[2.157s] -- Up-to-date symlink: /home/orangepi/Desktop/SparkCar_ROS2_WS/SparkCar_Perception/install/global_fusion/share/global_fusion/environment/ament_prefix_path.sh
[2.157s] -- Up-to-date symlink: /home/orangepi/Desktop/SparkCar_ROS2_WS/SparkCar_Perception/install/global_fusion/share/global_fusion/environment/ament_prefix_path.dsv
[2.157s] -- Up-to-date symlink: /home/orangepi/Desktop/SparkCar_ROS2_WS/SparkCar_Perception/install/global_fusion/share/global_fusion/environment/path.sh
[2.158s] -- Up-to-date symlink: /home/orangepi/Desktop/SparkCar_ROS2_WS/SparkCar_Perception/install/global_fusion/share/global_fusion/environment/path.dsv
[2.158s] -- Up-to-date symlink: /home/orangepi/Desktop/SparkCar_ROS2_WS/SparkCar_Perception/install/global_fusion/share/global_fusion/local_setup.bash
[2.158s] -- Up-to-date symlink: /home/orangepi/Desktop/SparkCar_ROS2_WS/SparkCar_Perception/install/global_fusion/share/global_fusion/local_setup.sh
[2.158s] -- Up-to-date symlink: /home/orangepi/Desktop/SparkCar_ROS2_WS/SparkCar_Perception/install/global_fusion/share/global_fusion/local_setup.zsh
[2.158s] -- Up-to-date symlink: /home/orangepi/Desktop/SparkCar_ROS2_WS/SparkCar_Perception/install/global_fusion/share/global_fusion/local_setup.dsv
[2.158s] -- Symlinking: /home/orangepi/Desktop/SparkCar_ROS2_WS/SparkCar_Perception/install/global_fusion/share/global_fusion/package.dsv
[2.238s] -- Up-to-date symlink: /home/orangepi/Desktop/SparkCar_ROS2_WS/SparkCar_Perception/install/global_fusion/share/ament_index/resource_index/packages/global_fusion
[2.239s] -- Up-to-date symlink: /home/orangepi/Desktop/SparkCar_ROS2_WS/SparkCar_Perception/install/global_fusion/share/global_fusion/cmake/global_fusionConfig.cmake
[2.239s] -- Up-to-date symlink: /home/orangepi/Desktop/SparkCar_ROS2_WS/SparkCar_Perception/install/global_fusion/share/global_fusion/cmake/global_fusionConfig-version.cmake
[2.239s] -- Up-to-date symlink: /home/orangepi/Desktop/SparkCar_ROS2_WS/SparkCar_Perception/install/global_fusion/share/global_fusion/package.xml
[2.246s] Invoked command in '/home/orangepi/Desktop/SparkCar_ROS2_WS/SparkCar_Perception/build/global_fusion' returned '0': CMAKE_PREFIX_PATH=${CMAKE_PREFIX_PATH}:/opt/ros/humble /usr/bin/cmake --install /home/orangepi/Desktop/SparkCar_ROS2_WS/SparkCar_Perception/build/global_fusion
