-- The C compiler identification is GNU 11.4.0
-- The CXX compiler identification is GNU 11.4.0
-- Detecting C compiler ABI info
-- Detecting C compiler ABI info - done
-- Check for working C compiler: /usr/bin/cc - skipped
-- Detecting C compile features
-- Detecting C compile features - done
-- Detecting CXX compiler ABI info
-- Detecting CXX compiler ABI info - done
-- Check for working CXX compiler: /usr/bin/c++ - skipped
-- Detecting CXX compile features
-- Detecting CXX compile features - done
-- Found ament_cmake: 1.3.14 (/opt/ros/humble/share/ament_cmake/cmake)
-- Found Python3: /usr/bin/python3 (found version "3.10.12") found components: Interpreter 
-- Found sm_common: 1.0.0 (/home/orangepi/Desktop/SparkCar_ROS2_WS/SparkCar_Tools/install/sm_common/share/sm_common/cmake)
-- Found numpy_eigen: 1.0.0 (/home/orangepi/Desktop/SparkCar_ROS2_WS/SparkCar_Tools/install/numpy_eigen/share/numpy_eigen/cmake)
-- Found sm_kinematics: 1.0.0 (/home/orangepi/Desktop/SparkCar_ROS2_WS/SparkCar_Tools/install/sm_kinematics/share/sm_kinematics/cmake)
-- Found sm_timing: 1.0.0 (/home/orangepi/Desktop/SparkCar_ROS2_WS/SparkCar_Tools/install/sm_timing/share/sm_timing/cmake)
-- Found sm_logging: 1.0.0 (/home/orangepi/Desktop/SparkCar_ROS2_WS/SparkCar_Tools/install/sm_logging/share/sm_logging/cmake)
-- Found sm_matrix_archive: 1.0.0 (/home/orangepi/Desktop/SparkCar_ROS2_WS/SparkCar_Tools/install/sm_matrix_archive/share/sm_matrix_archive/cmake)
-- Found sm_property_tree: 1.0.0 (/home/orangepi/Desktop/SparkCar_ROS2_WS/SparkCar_Tools/install/sm_property_tree/share/sm_property_tree/cmake)
-- Found python_module: 1.0.0 (/home/orangepi/Desktop/SparkCar_ROS2_WS/SparkCar_Tools/install/python_module/share/python_module/cmake)
-- Found Boost: /usr/lib/aarch64-linux-gnu/cmake/Boost-1.74.0/BoostConfig.cmake (found version "1.74.0") found components: system serialization python thread filesystem regex 
-- Found Python3: /usr/include/python3.10 (found version "3.10.12") found components: Development NumPy Interpreter Development.Module Development.Embed 
-- Configuring done
-- Generating done
-- Build files have been written to: /home/orangepi/Desktop/SparkCar_ROS2_WS/SparkCar_Tools/build/sm_python
[  5%] [32mBuilding CXX object CMakeFiles/sm_python.dir/src/module.cpp.o[0m
In file included from [01m[K/usr/include/boost/smart_ptr/detail/sp_thread_sleep.hpp:22[m[K,
                 from [01m[K/usr/include/boost/smart_ptr/detail/yield_k.hpp:23[m[K,
                 from [01m[K/usr/include/boost/smart_ptr/detail/spinlock_gcc_atomic.hpp:14[m[K,
                 from [01m[K/usr/include/boost/smart_ptr/detail/spinlock.hpp:42[m[K,
                 from [01m[K/usr/include/boost/smart_ptr/detail/spinlock_pool.hpp:25[m[K,
                 from [01m[K/usr/include/boost/smart_ptr/shared_ptr.hpp:29[m[K,
                 from [01m[K/usr/include/boost/shared_ptr.hpp:17[m[K,
                 from [01m[K/usr/include/boost/python/converter/shared_ptr_to_python.hpp:12[m[K,
                 from [01m[K/usr/include/boost/python/converter/arg_to_python.hpp:15[m[K,
                 from [01m[K/usr/include/boost/python/call.hpp:15[m[K,
                 from [01m[K/usr/include/boost/python/object_core.hpp:14[m[K,
                 from [01m[K/usr/include/boost/python/args.hpp:22[m[K,
                 from [01m[K/usr/include/boost/python.hpp:11[m[K,
                 from [01m[K/home/orangepi/Desktop/SparkCar_ROS2_WS/SparkCar_Tools/install/numpy_eigen/include/numpy_eigen/boost_python_headers.hpp:24[m[K,
                 from [01m[K/home/orangepi/Desktop/SparkCar_ROS2_WS/SparkCar_Tools/src/Kalibr_ROS2/src/Schweizer-Messer/sm_python/src/module.cpp:1[m[K:
[01m[K/usr/include/boost/bind.hpp:36:1:[m[K [01;36m[Knote: [m[K‘[01m[K#pragma message: The practice of declaring the Bind placeholders (_1, _2, ...) in the global namespace is deprecated. Please use <boost/bind/bind.hpp> + using namespace boost::placeholders, or define BOOST_BIND_GLOBAL_PLACEHOLDERS to retain the current behavior.[m[K’
   36 | [01;36m[KBOOST_PRAGMA_MESSAGE[m[K(
      | [01;36m[K^~~~~~~~~~~~~~~~~~~~[m[K
[01m[K/usr/include/boost/detail/iterator.hpp:13:1:[m[K [01;36m[Knote: [m[K‘[01m[K#pragma message: This header is deprecated. Use <iterator> instead.[m[K’
   13 | [01;36m[KBOOST_HEADER_DEPRECATED[m[K("<iterator>")
      | [01;36m[K^~~~~~~~~~~~~~~~~~~~~~~[m[K
[ 10%] [32mBuilding CXX object CMakeFiles/sm_python.dir/src/exportTransformation.cpp.o[0m
In file included from [01m[K/usr/include/boost/smart_ptr/detail/sp_thread_sleep.hpp:22[m[K,
                 from [01m[K/usr/include/boost/smart_ptr/detail/yield_k.hpp:23[m[K,
                 from [01m[K/usr/include/boost/smart_ptr/detail/spinlock_gcc_atomic.hpp:14[m[K,
                 from [01m[K/usr/include/boost/smart_ptr/detail/spinlock.hpp:42[m[K,
                 from [01m[K/usr/include/boost/smart_ptr/detail/spinlock_pool.hpp:25[m[K,
                 from [01m[K/usr/include/boost/smart_ptr/shared_ptr.hpp:29[m[K,
                 from [01m[K/usr/include/boost/shared_ptr.hpp:17[m[K,
                 from [01m[K/usr/include/boost/python/converter/shared_ptr_to_python.hpp:12[m[K,
                 from [01m[K/usr/include/boost/python/converter/arg_to_python.hpp:15[m[K,
                 from [01m[K/usr/include/boost/python/call.hpp:15[m[K,
                 from [01m[K/usr/include/boost/python/object_core.hpp:14[m[K,
                 from [01m[K/usr/include/boost/python/args.hpp:22[m[K,
                 from [01m[K/usr/include/boost/python.hpp:11[m[K,
                 from [01m[K/home/orangepi/Desktop/SparkCar_ROS2_WS/SparkCar_Tools/install/numpy_eigen/include/numpy_eigen/boost_python_headers.hpp:24[m[K,
                 from [01m[K/home/orangepi/Desktop/SparkCar_ROS2_WS/SparkCar_Tools/src/Kalibr_ROS2/src/Schweizer-Messer/sm_python/src/exportTransformation.cpp:1[m[K:
[01m[K/usr/include/boost/bind.hpp:36:1:[m[K [01;36m[Knote: [m[K‘[01m[K#pragma message: The practice of declaring the Bind placeholders (_1, _2, ...) in the global namespace is deprecated. Please use <boost/bind/bind.hpp> + using namespace boost::placeholders, or define BOOST_BIND_GLOBAL_PLACEHOLDERS to retain the current behavior.[m[K’
   36 | [01;36m[KBOOST_PRAGMA_MESSAGE[m[K(
      | [01;36m[K^~~~~~~~~~~~~~~~~~~~[m[K
[01m[K/usr/include/boost/detail/iterator.hpp:13:1:[m[K [01;36m[Knote: [m[K‘[01m[K#pragma message: This header is deprecated. Use <iterator> instead.[m[K’
   13 | [01;36m[KBOOST_HEADER_DEPRECATED[m[K("<iterator>")
      | [01;36m[K^~~~~~~~~~~~~~~~~~~~~~~[m[K
[ 15%] [32mBuilding CXX object CMakeFiles/sm_python.dir/src/exportHomogeneousPoint.cpp.o[0m
In file included from [01m[K/usr/include/boost/smart_ptr/detail/sp_thread_sleep.hpp:22[m[K,
                 from [01m[K/usr/include/boost/smart_ptr/detail/yield_k.hpp:23[m[K,
                 from [01m[K/usr/include/boost/smart_ptr/detail/spinlock_gcc_atomic.hpp:14[m[K,
                 from [01m[K/usr/include/boost/smart_ptr/detail/spinlock.hpp:42[m[K,
                 from [01m[K/usr/include/boost/smart_ptr/detail/spinlock_pool.hpp:25[m[K,
                 from [01m[K/usr/include/boost/smart_ptr/shared_ptr.hpp:29[m[K,
                 from [01m[K/usr/include/boost/shared_ptr.hpp:17[m[K,
                 from [01m[K/usr/include/boost/python/converter/shared_ptr_to_python.hpp:12[m[K,
                 from [01m[K/usr/include/boost/python/converter/arg_to_python.hpp:15[m[K,
                 from [01m[K/usr/include/boost/python/call.hpp:15[m[K,
                 from [01m[K/usr/include/boost/python/object_core.hpp:14[m[K,
                 from [01m[K/usr/include/boost/python/args.hpp:22[m[K,
                 from [01m[K/usr/include/boost/python.hpp:11[m[K,
                 from [01m[K/home/orangepi/Desktop/SparkCar_ROS2_WS/SparkCar_Tools/install/numpy_eigen/include/numpy_eigen/boost_python_headers.hpp:24[m[K,
                 from [01m[K/home/orangepi/Desktop/SparkCar_ROS2_WS/SparkCar_Tools/src/Kalibr_ROS2/src/Schweizer-Messer/sm_python/src/exportHomogeneousPoint.cpp:1[m[K:
[01m[K/usr/include/boost/bind.hpp:36:1:[m[K [01;36m[Knote: [m[K‘[01m[K#pragma message: The practice of declaring the Bind placeholders (_1, _2, ...) in the global namespace is deprecated. Please use <boost/bind/bind.hpp> + using namespace boost::placeholders, or define BOOST_BIND_GLOBAL_PLACEHOLDERS to retain the current behavior.[m[K’
   36 | [01;36m[KBOOST_PRAGMA_MESSAGE[m[K(
      | [01;36m[K^~~~~~~~~~~~~~~~~~~~[m[K
[01m[K/usr/include/boost/detail/iterator.hpp:13:1:[m[K [01;36m[Knote: [m[K‘[01m[K#pragma message: This header is deprecated. Use <iterator> instead.[m[K’
   13 | [01;36m[KBOOST_HEADER_DEPRECATED[m[K("<iterator>")
      | [01;36m[K^~~~~~~~~~~~~~~~~~~~~~~[m[K
[ 21%] [32mBuilding CXX object CMakeFiles/sm_python.dir/src/exportTimestampCorrector.cpp.o[0m
In file included from [01m[K/usr/include/boost/smart_ptr/detail/sp_thread_sleep.hpp:22[m[K,
                 from [01m[K/usr/include/boost/smart_ptr/detail/yield_k.hpp:23[m[K,
                 from [01m[K/usr/include/boost/smart_ptr/detail/spinlock_gcc_atomic.hpp:14[m[K,
                 from [01m[K/usr/include/boost/smart_ptr/detail/spinlock.hpp:42[m[K,
                 from [01m[K/usr/include/boost/smart_ptr/detail/spinlock_pool.hpp:25[m[K,
                 from [01m[K/usr/include/boost/smart_ptr/shared_ptr.hpp:29[m[K,
                 from [01m[K/usr/include/boost/shared_ptr.hpp:17[m[K,
                 from [01m[K/usr/include/boost/python/converter/shared_ptr_to_python.hpp:12[m[K,
                 from [01m[K/usr/include/boost/python/converter/arg_to_python.hpp:15[m[K,
                 from [01m[K/usr/include/boost/python/call.hpp:15[m[K,
                 from [01m[K/usr/include/boost/python/object_core.hpp:14[m[K,
                 from [01m[K/usr/include/boost/python/args.hpp:22[m[K,
                 from [01m[K/usr/include/boost/python.hpp:11[m[K,
                 from [01m[K/home/orangepi/Desktop/SparkCar_ROS2_WS/SparkCar_Tools/install/numpy_eigen/include/numpy_eigen/boost_python_headers.hpp:24[m[K,
                 from [01m[K/home/orangepi/Desktop/SparkCar_ROS2_WS/SparkCar_Tools/src/Kalibr_ROS2/src/Schweizer-Messer/sm_python/src/exportTimestampCorrector.cpp:1[m[K:
[01m[K/usr/include/boost/bind.hpp:36:1:[m[K [01;36m[Knote: [m[K‘[01m[K#pragma message: The practice of declaring the Bind placeholders (_1, _2, ...) in the global namespace is deprecated. Please use <boost/bind/bind.hpp> + using namespace boost::placeholders, or define BOOST_BIND_GLOBAL_PLACEHOLDERS to retain the current behavior.[m[K’
   36 | [01;36m[KBOOST_PRAGMA_MESSAGE[m[K(
      | [01;36m[K^~~~~~~~~~~~~~~~~~~~[m[K
[01m[K/usr/include/boost/detail/iterator.hpp:13:1:[m[K [01;36m[Knote: [m[K‘[01m[K#pragma message: This header is deprecated. Use <iterator> instead.[m[K’
   13 | [01;36m[KBOOST_HEADER_DEPRECATED[m[K("<iterator>")
      | [01;36m[K^~~~~~~~~~~~~~~~~~~~~~~[m[K
[ 26%] [32mBuilding CXX object CMakeFiles/sm_python.dir/src/exportPropertyTree.cpp.o[0m
In file included from [01m[K/usr/include/boost/smart_ptr/detail/sp_thread_sleep.hpp:22[m[K,
                 from [01m[K/usr/include/boost/smart_ptr/detail/yield_k.hpp:23[m[K,
                 from [01m[K/usr/include/boost/smart_ptr/detail/spinlock_gcc_atomic.hpp:14[m[K,
                 from [01m[K/usr/include/boost/smart_ptr/detail/spinlock.hpp:42[m[K,
                 from [01m[K/usr/include/boost/smart_ptr/detail/spinlock_pool.hpp:25[m[K,
                 from [01m[K/usr/include/boost/smart_ptr/shared_ptr.hpp:29[m[K,
                 from [01m[K/usr/include/boost/shared_ptr.hpp:17[m[K,
                 from [01m[K/usr/include/boost/python/converter/shared_ptr_to_python.hpp:12[m[K,
                 from [01m[K/usr/include/boost/python/converter/arg_to_python.hpp:15[m[K,
                 from [01m[K/usr/include/boost/python/call.hpp:15[m[K,
                 from [01m[K/usr/include/boost/python/object_core.hpp:14[m[K,
                 from [01m[K/usr/include/boost/python/args.hpp:22[m[K,
                 from [01m[K/usr/include/boost/python.hpp:11[m[K,
                 from [01m[K/home/orangepi/Desktop/SparkCar_ROS2_WS/SparkCar_Tools/install/numpy_eigen/include/numpy_eigen/boost_python_headers.hpp:24[m[K,
                 from [01m[K/home/orangepi/Desktop/SparkCar_ROS2_WS/SparkCar_Tools/src/Kalibr_ROS2/src/Schweizer-Messer/sm_python/src/exportPropertyTree.cpp:1[m[K:
[01m[K/usr/include/boost/bind.hpp:36:1:[m[K [01;36m[Knote: [m[K‘[01m[K#pragma message: The practice of declaring the Bind placeholders (_1, _2, ...) in the global namespace is deprecated. Please use <boost/bind/bind.hpp> + using namespace boost::placeholders, or define BOOST_BIND_GLOBAL_PLACEHOLDERS to retain the current behavior.[m[K’
   36 | [01;36m[KBOOST_PRAGMA_MESSAGE[m[K(
      | [01;36m[K^~~~~~~~~~~~~~~~~~~~[m[K
[01m[K/usr/include/boost/detail/iterator.hpp:13:1:[m[K [01;36m[Knote: [m[K‘[01m[K#pragma message: This header is deprecated. Use <iterator> instead.[m[K’
   13 | [01;36m[KBOOST_HEADER_DEPRECATED[m[K("<iterator>")
      | [01;36m[K^~~~~~~~~~~~~~~~~~~~~~~[m[K
[ 31%] [32mBuilding CXX object CMakeFiles/sm_python.dir/src/exportEigen.cpp.o[0m
In file included from [01m[K/usr/include/boost/smart_ptr/detail/sp_thread_sleep.hpp:22[m[K,
                 from [01m[K/usr/include/boost/smart_ptr/detail/yield_k.hpp:23[m[K,
                 from [01m[K/usr/include/boost/smart_ptr/detail/spinlock_gcc_atomic.hpp:14[m[K,
                 from [01m[K/usr/include/boost/smart_ptr/detail/spinlock.hpp:42[m[K,
                 from [01m[K/usr/include/boost/smart_ptr/detail/spinlock_pool.hpp:25[m[K,
                 from [01m[K/usr/include/boost/smart_ptr/shared_ptr.hpp:29[m[K,
                 from [01m[K/usr/include/boost/shared_ptr.hpp:17[m[K,
                 from [01m[K/usr/include/boost/python/converter/shared_ptr_to_python.hpp:12[m[K,
                 from [01m[K/usr/include/boost/python/converter/arg_to_python.hpp:15[m[K,
                 from [01m[K/usr/include/boost/python/call.hpp:15[m[K,
                 from [01m[K/usr/include/boost/python/object_core.hpp:14[m[K,
                 from [01m[K/usr/include/boost/python/args.hpp:22[m[K,
                 from [01m[K/usr/include/boost/python.hpp:11[m[K,
                 from [01m[K/home/orangepi/Desktop/SparkCar_ROS2_WS/SparkCar_Tools/install/numpy_eigen/include/numpy_eigen/boost_python_headers.hpp:24[m[K,
                 from [01m[K/home/orangepi/Desktop/SparkCar_ROS2_WS/SparkCar_Tools/src/Kalibr_ROS2/src/Schweizer-Messer/sm_python/src/exportEigen.cpp:1[m[K:
[01m[K/usr/include/boost/bind.hpp:36:1:[m[K [01;36m[Knote: [m[K‘[01m[K#pragma message: The practice of declaring the Bind placeholders (_1, _2, ...) in the global namespace is deprecated. Please use <boost/bind/bind.hpp> + using namespace boost::placeholders, or define BOOST_BIND_GLOBAL_PLACEHOLDERS to retain the current behavior.[m[K’
   36 | [01;36m[KBOOST_PRAGMA_MESSAGE[m[K(
      | [01;36m[K^~~~~~~~~~~~~~~~~~~~[m[K
[01m[K/usr/include/boost/detail/iterator.hpp:13:1:[m[K [01;36m[Knote: [m[K‘[01m[K#pragma message: This header is deprecated. Use <iterator> instead.[m[K’
   13 | [01;36m[KBOOST_HEADER_DEPRECATED[m[K("<iterator>")
      | [01;36m[K^~~~~~~~~~~~~~~~~~~~~~~[m[K
[ 36%] [32mBuilding CXX object CMakeFiles/sm_python.dir/src/exportUncertainVector.cpp.o[0m
In file included from [01m[K/usr/include/boost/smart_ptr/detail/sp_thread_sleep.hpp:22[m[K,
                 from [01m[K/usr/include/boost/smart_ptr/detail/yield_k.hpp:23[m[K,
                 from [01m[K/usr/include/boost/smart_ptr/detail/spinlock_gcc_atomic.hpp:14[m[K,
                 from [01m[K/usr/include/boost/smart_ptr/detail/spinlock.hpp:42[m[K,
                 from [01m[K/usr/include/boost/smart_ptr/detail/spinlock_pool.hpp:25[m[K,
                 from [01m[K/usr/include/boost/smart_ptr/shared_ptr.hpp:29[m[K,
                 from [01m[K/usr/include/boost/shared_ptr.hpp:17[m[K,
                 from [01m[K/usr/include/boost/python/converter/shared_ptr_to_python.hpp:12[m[K,
                 from [01m[K/usr/include/boost/python/converter/arg_to_python.hpp:15[m[K,
                 from [01m[K/usr/include/boost/python/call.hpp:15[m[K,
                 from [01m[K/usr/include/boost/python/object_core.hpp:14[m[K,
                 from [01m[K/usr/include/boost/python/args.hpp:22[m[K,
                 from [01m[K/usr/include/boost/python.hpp:11[m[K,
                 from [01m[K/home/orangepi/Desktop/SparkCar_ROS2_WS/SparkCar_Tools/install/numpy_eigen/include/numpy_eigen/boost_python_headers.hpp:24[m[K,
                 from [01m[K/home/orangepi/Desktop/SparkCar_ROS2_WS/SparkCar_Tools/src/Kalibr_ROS2/src/Schweizer-Messer/sm_python/src/exportUncertainVector.cpp:1[m[K:
[01m[K/usr/include/boost/bind.hpp:36:1:[m[K [01;36m[Knote: [m[K‘[01m[K#pragma message: The practice of declaring the Bind placeholders (_1, _2, ...) in the global namespace is deprecated. Please use <boost/bind/bind.hpp> + using namespace boost::placeholders, or define BOOST_BIND_GLOBAL_PLACEHOLDERS to retain the current behavior.[m[K’
   36 | [01;36m[KBOOST_PRAGMA_MESSAGE[m[K(
      | [01;36m[K^~~~~~~~~~~~~~~~~~~~[m[K
[01m[K/usr/include/boost/detail/iterator.hpp:13:1:[m[K [01;36m[Knote: [m[K‘[01m[K#pragma message: This header is deprecated. Use <iterator> instead.[m[K’
   13 | [01;36m[KBOOST_HEADER_DEPRECATED[m[K("<iterator>")
      | [01;36m[K^~~~~~~~~~~~~~~~~~~~~~~[m[K
[ 42%] [32mBuilding CXX object CMakeFiles/sm_python.dir/src/exportMatrixArchive.cpp.o[0m
[ 47%] [32mBuilding CXX object CMakeFiles/sm_python.dir/src/export_homogeneous.cpp.o[0m
[ 52%] [32mBuilding CXX object CMakeFiles/sm_python.dir/src/export_quaternion_algebra.cpp.o[0m
[ 57%] [32mBuilding CXX object CMakeFiles/sm_python.dir/src/export_transformations.cpp.o[0m
[ 63%] [32mBuilding CXX object CMakeFiles/sm_python.dir/src/export_rotations.cpp.o[0m
In file included from [01m[K/usr/include/boost/smart_ptr/detail/sp_thread_sleep.hpp:22[m[K,
                 from [01m[K/usr/include/boost/smart_ptr/detail/yield_k.hpp:23[m[K,
                 from [01m[K/usr/include/boost/smart_ptr/detail/spinlock_gcc_atomic.hpp:14[m[K,
                 from [01m[K/usr/include/boost/smart_ptr/detail/spinlock.hpp:42[m[K,
                 from [01m[K/usr/include/boost/smart_ptr/detail/spinlock_pool.hpp:25[m[K,
                 from [01m[K/usr/include/boost/smart_ptr/shared_ptr.hpp:29[m[K,
                 from [01m[K/usr/include/boost/shared_ptr.hpp:17[m[K,
                 from [01m[K/usr/include/boost/python/converter/shared_ptr_to_python.hpp:12[m[K,
                 from [01m[K/usr/include/boost/python/converter/arg_to_python.hpp:15[m[K,
                 from [01m[K/usr/include/boost/python/call.hpp:15[m[K,
                 from [01m[K/usr/include/boost/python/object_core.hpp:14[m[K,
                 from [01m[K/usr/include/boost/python/args.hpp:22[m[K,
                 from [01m[K/usr/include/boost/python.hpp:11[m[K,
                 from [01m[K/home/orangepi/Desktop/SparkCar_ROS2_WS/SparkCar_Tools/install/numpy_eigen/include/numpy_eigen/boost_python_headers.hpp:24[m[K,
                 from [01m[K/home/orangepi/Desktop/SparkCar_ROS2_WS/SparkCar_Tools/src/Kalibr_ROS2/src/Schweizer-Messer/sm_python/src/exportMatrixArchive.cpp:1[m[K:
[01m[K/usr/include/boost/bind.hpp:36:1:[m[K [01;36m[Knote: [m[K‘[01m[K#pragma message: The practice of declaring the Bind placeholders (_1, _2, ...) in the global namespace is deprecated. Please use <boost/bind/bind.hpp> + using namespace boost::placeholders, or define BOOST_BIND_GLOBAL_PLACEHOLDERS to retain the current behavior.[m[K’
   36 | [01;36m[KBOOST_PRAGMA_MESSAGE[m[K(
      | [01;36m[K^~~~~~~~~~~~~~~~~~~~[m[K
[01m[K/usr/include/boost/detail/iterator.hpp:13:1:[m[K [01;36m[Knote: [m[K‘[01m[K#pragma message: This header is deprecated. Use <iterator> instead.[m[K’
   13 | [01;36m[KBOOST_HEADER_DEPRECATED[m[K("<iterator>")
      | [01;36m[K^~~~~~~~~~~~~~~~~~~~~~~[m[K
In file included from [01m[K/usr/include/boost/smart_ptr/detail/sp_thread_sleep.hpp:22[m[K,
                 from [01m[K/usr/include/boost/smart_ptr/detail/yield_k.hpp:23[m[K,
                 from [01m[K/usr/include/boost/smart_ptr/detail/spinlock_gcc_atomic.hpp:14[m[K,
                 from [01m[K/usr/include/boost/smart_ptr/detail/spinlock.hpp:42[m[K,
                 from [01m[K/usr/include/boost/smart_ptr/detail/spinlock_pool.hpp:25[m[K,
                 from [01m[K/usr/include/boost/smart_ptr/shared_ptr.hpp:29[m[K,
                 from [01m[K/usr/include/boost/shared_ptr.hpp:17[m[K,
                 from [01m[K/usr/include/boost/python/converter/shared_ptr_to_python.hpp:12[m[K,
                 from [01m[K/usr/include/boost/python/converter/arg_to_python.hpp:15[m[K,
                 from [01m[K/usr/include/boost/python/call.hpp:15[m[K,
                 from [01m[K/usr/include/boost/python/object_core.hpp:14[m[K,
                 from [01m[K/usr/include/boost/python/args.hpp:22[m[K,
                 from [01m[K/usr/include/boost/python.hpp:11[m[K,
                 from [01m[K/home/orangepi/Desktop/SparkCar_ROS2_WS/SparkCar_Tools/install/numpy_eigen/include/numpy_eigen/boost_python_headers.hpp:24[m[K,
                 from [01m[K/home/orangepi/Desktop/SparkCar_ROS2_WS/SparkCar_Tools/src/Kalibr_ROS2/src/Schweizer-Messer/sm_python/src/export_homogeneous.cpp:1[m[K:
[01m[K/usr/include/boost/bind.hpp:36:1:[m[K [01;36m[Knote: [m[K‘[01m[K#pragma message: The practice of declaring the Bind placeholders (_1, _2, ...) in the global namespace is deprecated. Please use <boost/bind/bind.hpp> + using namespace boost::placeholders, or define BOOST_BIND_GLOBAL_PLACEHOLDERS to retain the current behavior.[m[K’
   36 | [01;36m[KBOOST_PRAGMA_MESSAGE[m[K(
      | [01;36m[K^~~~~~~~~~~~~~~~~~~~[m[K
[01m[K/usr/include/boost/detail/iterator.hpp:13:1:[m[K [01;36m[Knote: [m[K‘[01m[K#pragma message: This header is deprecated. Use <iterator> instead.[m[K’
   13 | [01;36m[KBOOST_HEADER_DEPRECATED[m[K("<iterator>")
      | [01;36m[K^~~~~~~~~~~~~~~~~~~~~~~[m[K
In file included from [01m[K/usr/include/boost/smart_ptr/detail/sp_thread_sleep.hpp:22[m[K,
                 from [01m[K/usr/include/boost/smart_ptr/detail/yield_k.hpp:23[m[K,
                 from [01m[K/usr/include/boost/smart_ptr/detail/spinlock_gcc_atomic.hpp:14[m[K,
                 from [01m[K/usr/include/boost/smart_ptr/detail/spinlock.hpp:42[m[K,
                 from [01m[K/usr/include/boost/smart_ptr/detail/spinlock_pool.hpp:25[m[K,
                 from [01m[K/usr/include/boost/smart_ptr/shared_ptr.hpp:29[m[K,
                 from [01m[K/usr/include/boost/shared_ptr.hpp:17[m[K,
                 from [01m[K/usr/include/boost/python/converter/shared_ptr_to_python.hpp:12[m[K,
                 from [01m[K/usr/include/boost/python/converter/arg_to_python.hpp:15[m[K,
                 from [01m[K/usr/include/boost/python/call.hpp:15[m[K,
                 from [01m[K/usr/include/boost/python/object_core.hpp:14[m[K,
                 from [01m[K/usr/include/boost/python/args.hpp:22[m[K,
                 from [01m[K/usr/include/boost/python.hpp:11[m[K,
                 from [01m[K/home/orangepi/Desktop/SparkCar_ROS2_WS/SparkCar_Tools/install/numpy_eigen/include/numpy_eigen/boost_python_headers.hpp:24[m[K,
                 from [01m[K/home/orangepi/Desktop/SparkCar_ROS2_WS/SparkCar_Tools/src/Kalibr_ROS2/src/Schweizer-Messer/sm_python/src/export_quaternion_algebra.cpp:1[m[K:
[01m[K/usr/include/boost/bind.hpp:36:1:[m[K [01;36m[Knote: [m[K‘[01m[K#pragma message: The practice of declaring the Bind placeholders (_1, _2, ...) in the global namespace is deprecated. Please use <boost/bind/bind.hpp> + using namespace boost::placeholders, or define BOOST_BIND_GLOBAL_PLACEHOLDERS to retain the current behavior.[m[K’
   36 | [01;36m[KBOOST_PRAGMA_MESSAGE[m[K(
      | [01;36m[K^~~~~~~~~~~~~~~~~~~~[m[K
[01m[K/usr/include/boost/detail/iterator.hpp:13:1:[m[K [01;36m[Knote: [m[K‘[01m[K#pragma message: This header is deprecated. Use <iterator> instead.[m[K’
   13 | [01;36m[KBOOST_HEADER_DEPRECATED[m[K("<iterator>")
      | [01;36m[K^~~~~~~~~~~~~~~~~~~~~~~[m[K
In file included from [01m[K/usr/include/boost/smart_ptr/detail/sp_thread_sleep.hpp:22[m[K,
                 from [01m[K/usr/include/boost/smart_ptr/detail/yield_k.hpp:23[m[K,
                 from [01m[K/usr/include/boost/smart_ptr/detail/spinlock_gcc_atomic.hpp:14[m[K,
                 from [01m[K/usr/include/boost/smart_ptr/detail/spinlock.hpp:42[m[K,
                 from [01m[K/usr/include/boost/smart_ptr/detail/spinlock_pool.hpp:25[m[K,
                 from [01m[K/usr/include/boost/smart_ptr/shared_ptr.hpp:29[m[K,
                 from [01m[K/usr/include/boost/shared_ptr.hpp:17[m[K,
                 from [01m[K/usr/include/boost/python/converter/shared_ptr_to_python.hpp:12[m[K,
                 from [01m[K/usr/include/boost/python/converter/arg_to_python.hpp:15[m[K,
                 from [01m[K/usr/include/boost/python/call.hpp:15[m[K,
                 from [01m[K/usr/include/boost/python/object_core.hpp:14[m[K,
                 from [01m[K/usr/include/boost/python/args.hpp:22[m[K,
                 from [01m[K/usr/include/boost/python.hpp:11[m[K,
                 from [01m[K/home/orangepi/Desktop/SparkCar_ROS2_WS/SparkCar_Tools/install/numpy_eigen/include/numpy_eigen/boost_python_headers.hpp:24[m[K,
                 from [01m[K/home/orangepi/Desktop/SparkCar_ROS2_WS/SparkCar_Tools/src/Kalibr_ROS2/src/Schweizer-Messer/sm_python/src/export_transformations.cpp:1[m[K:
[01m[K/usr/include/boost/bind.hpp:36:1:[m[K [01;36m[Knote: [m[K‘[01m[K#pragma message: The practice of declaring the Bind placeholders (_1, _2, ...) in the global namespace is deprecated. Please use <boost/bind/bind.hpp> + using namespace boost::placeholders, or define BOOST_BIND_GLOBAL_PLACEHOLDERS to retain the current behavior.[m[K’
   36 | [01;36m[KBOOST_PRAGMA_MESSAGE[m[K(
      | [01;36m[K^~~~~~~~~~~~~~~~~~~~[m[K
[01m[K/usr/include/boost/detail/iterator.hpp:13:1:[m[K [01;36m[Knote: [m[K‘[01m[K#pragma message: This header is deprecated. Use <iterator> instead.[m[K’
   13 | [01;36m[KBOOST_HEADER_DEPRECATED[m[K("<iterator>")
      | [01;36m[K^~~~~~~~~~~~~~~~~~~~~~~[m[K
In file included from [01m[K/usr/include/boost/smart_ptr/detail/sp_thread_sleep.hpp:22[m[K,
                 from [01m[K/usr/include/boost/smart_ptr/detail/yield_k.hpp:23[m[K,
                 from [01m[K/usr/include/boost/smart_ptr/detail/spinlock_gcc_atomic.hpp:14[m[K,
                 from [01m[K/usr/include/boost/smart_ptr/detail/spinlock.hpp:42[m[K,
                 from [01m[K/usr/include/boost/smart_ptr/detail/spinlock_pool.hpp:25[m[K,
                 from [01m[K/usr/include/boost/smart_ptr/shared_ptr.hpp:29[m[K,
                 from [01m[K/usr/include/boost/shared_ptr.hpp:17[m[K,
                 from [01m[K/usr/include/boost/python/converter/shared_ptr_to_python.hpp:12[m[K,
                 from [01m[K/usr/include/boost/python/converter/arg_to_python.hpp:15[m[K,
                 from [01m[K/usr/include/boost/python/call.hpp:15[m[K,
                 from [01m[K/usr/include/boost/python/object_core.hpp:14[m[K,
                 from [01m[K/usr/include/boost/python/args.hpp:22[m[K,
                 from [01m[K/usr/include/boost/python.hpp:11[m[K,
                 from [01m[K/home/orangepi/Desktop/SparkCar_ROS2_WS/SparkCar_Tools/install/numpy_eigen/include/numpy_eigen/boost_python_headers.hpp:24[m[K,
                 from [01m[K/home/orangepi/Desktop/SparkCar_ROS2_WS/SparkCar_Tools/src/Kalibr_ROS2/src/Schweizer-Messer/sm_python/src/export_rotations.cpp:1[m[K:
[01m[K/usr/include/boost/bind.hpp:36:1:[m[K [01;36m[Knote: [m[K‘[01m[K#pragma message: The practice of declaring the Bind placeholders (_1, _2, ...) in the global namespace is deprecated. Please use <boost/bind/bind.hpp> + using namespace boost::placeholders, or define BOOST_BIND_GLOBAL_PLACEHOLDERS to retain the current behavior.[m[K’
   36 | [01;36m[KBOOST_PRAGMA_MESSAGE[m[K(
      | [01;36m[K^~~~~~~~~~~~~~~~~~~~[m[K
[01m[K/usr/include/boost/detail/iterator.hpp:13:1:[m[K [01;36m[Knote: [m[K‘[01m[K#pragma message: This header is deprecated. Use <iterator> instead.[m[K’
   13 | [01;36m[KBOOST_HEADER_DEPRECATED[m[K("<iterator>")
      | [01;36m[K^~~~~~~~~~~~~~~~~~~~~~~[m[K
[ 68%] [32mBuilding CXX object CMakeFiles/sm_python.dir/src/random.cpp.o[0m
In file included from [01m[K/usr/include/boost/smart_ptr/detail/sp_thread_sleep.hpp:22[m[K,
                 from [01m[K/usr/include/boost/smart_ptr/detail/yield_k.hpp:23[m[K,
                 from [01m[K/usr/include/boost/smart_ptr/detail/spinlock_gcc_atomic.hpp:14[m[K,
                 from [01m[K/usr/include/boost/smart_ptr/detail/spinlock.hpp:42[m[K,
                 from [01m[K/usr/include/boost/smart_ptr/detail/spinlock_pool.hpp:25[m[K,
                 from [01m[K/usr/include/boost/smart_ptr/shared_ptr.hpp:29[m[K,
                 from [01m[K/usr/include/boost/shared_ptr.hpp:17[m[K,
                 from [01m[K/usr/include/boost/python/converter/shared_ptr_to_python.hpp:12[m[K,
                 from [01m[K/usr/include/boost/python/converter/arg_to_python.hpp:15[m[K,
                 from [01m[K/usr/include/boost/python/call.hpp:15[m[K,
                 from [01m[K/usr/include/boost/python/object_core.hpp:14[m[K,
                 from [01m[K/usr/include/boost/python/args.hpp:22[m[K,
                 from [01m[K/usr/include/boost/python.hpp:11[m[K,
                 from [01m[K/home/orangepi/Desktop/SparkCar_ROS2_WS/SparkCar_Tools/install/numpy_eigen/include/numpy_eigen/boost_python_headers.hpp:24[m[K,
                 from [01m[K/home/orangepi/Desktop/SparkCar_ROS2_WS/SparkCar_Tools/src/Kalibr_ROS2/src/Schweizer-Messer/sm_python/src/random.cpp:1[m[K:
[01m[K/usr/include/boost/bind.hpp:36:1:[m[K [01;36m[Knote: [m[K‘[01m[K#pragma message: The practice of declaring the Bind placeholders (_1, _2, ...) in the global namespace is deprecated. Please use <boost/bind/bind.hpp> + using namespace boost::placeholders, or define BOOST_BIND_GLOBAL_PLACEHOLDERS to retain the current behavior.[m[K’
   36 | [01;36m[KBOOST_PRAGMA_MESSAGE[m[K(
      | [01;36m[K^~~~~~~~~~~~~~~~~~~~[m[K
[01m[K/usr/include/boost/detail/iterator.hpp:13:1:[m[K [01;36m[Knote: [m[K‘[01m[K#pragma message: This header is deprecated. Use <iterator> instead.[m[K’
   13 | [01;36m[KBOOST_HEADER_DEPRECATED[m[K("<iterator>")
      | [01;36m[K^~~~~~~~~~~~~~~~~~~~~~~[m[K
[ 73%] [32mBuilding CXX object CMakeFiles/sm_python.dir/src/exportNsecTime.cpp.o[0m
In file included from [01m[K/usr/include/boost/smart_ptr/detail/sp_thread_sleep.hpp:22[m[K,
                 from [01m[K/usr/include/boost/smart_ptr/detail/yield_k.hpp:23[m[K,
                 from [01m[K/usr/include/boost/smart_ptr/detail/spinlock_gcc_atomic.hpp:14[m[K,
                 from [01m[K/usr/include/boost/smart_ptr/detail/spinlock.hpp:42[m[K,
                 from [01m[K/usr/include/boost/smart_ptr/detail/spinlock_pool.hpp:25[m[K,
                 from [01m[K/usr/include/boost/smart_ptr/shared_ptr.hpp:29[m[K,
                 from [01m[K/usr/include/boost/shared_ptr.hpp:17[m[K,
                 from [01m[K/usr/include/boost/python/converter/shared_ptr_to_python.hpp:12[m[K,
                 from [01m[K/usr/include/boost/python/converter/arg_to_python.hpp:15[m[K,
                 from [01m[K/usr/include/boost/python/call.hpp:15[m[K,
                 from [01m[K/usr/include/boost/python/object_core.hpp:14[m[K,
                 from [01m[K/usr/include/boost/python/args.hpp:22[m[K,
                 from [01m[K/usr/include/boost/python.hpp:11[m[K,
                 from [01m[K/home/orangepi/Desktop/SparkCar_ROS2_WS/SparkCar_Tools/install/numpy_eigen/include/numpy_eigen/boost_python_headers.hpp:24[m[K,
                 from [01m[K/home/orangepi/Desktop/SparkCar_ROS2_WS/SparkCar_Tools/src/Kalibr_ROS2/src/Schweizer-Messer/sm_python/src/exportNsecTime.cpp:1[m[K:
[01m[K/usr/include/boost/bind.hpp:36:1:[m[K [01;36m[Knote: [m[K‘[01m[K#pragma message: The practice of declaring the Bind placeholders (_1, _2, ...) in the global namespace is deprecated. Please use <boost/bind/bind.hpp> + using namespace boost::placeholders, or define BOOST_BIND_GLOBAL_PLACEHOLDERS to retain the current behavior.[m[K’
   36 | [01;36m[KBOOST_PRAGMA_MESSAGE[m[K(
      | [01;36m[K^~~~~~~~~~~~~~~~~~~~[m[K
[01m[K/usr/include/boost/detail/iterator.hpp:13:1:[m[K [01;36m[Knote: [m[K‘[01m[K#pragma message: This header is deprecated. Use <iterator> instead.[m[K’
   13 | [01;36m[KBOOST_HEADER_DEPRECATED[m[K("<iterator>")
      | [01;36m[K^~~~~~~~~~~~~~~~~~~~~~~[m[K
[ 78%] [32mBuilding CXX object CMakeFiles/sm_python.dir/src/Logging.cpp.o[0m
In file included from [01m[K/usr/include/boost/smart_ptr/detail/sp_thread_sleep.hpp:22[m[K,
                 from [01m[K/usr/include/boost/smart_ptr/detail/yield_k.hpp:23[m[K,
                 from [01m[K/usr/include/boost/smart_ptr/detail/spinlock_gcc_atomic.hpp:14[m[K,
                 from [01m[K/usr/include/boost/smart_ptr/detail/spinlock.hpp:42[m[K,
                 from [01m[K/usr/include/boost/smart_ptr/detail/spinlock_pool.hpp:25[m[K,
                 from [01m[K/usr/include/boost/smart_ptr/shared_ptr.hpp:29[m[K,
                 from [01m[K/usr/include/boost/shared_ptr.hpp:17[m[K,
                 from [01m[K/usr/include/boost/python/converter/shared_ptr_to_python.hpp:12[m[K,
                 from [01m[K/usr/include/boost/python/converter/arg_to_python.hpp:15[m[K,
                 from [01m[K/usr/include/boost/python/call.hpp:15[m[K,
                 from [01m[K/usr/include/boost/python/object_core.hpp:14[m[K,
                 from [01m[K/usr/include/boost/python/args.hpp:22[m[K,
                 from [01m[K/usr/include/boost/python.hpp:11[m[K,
                 from [01m[K/home/orangepi/Desktop/SparkCar_ROS2_WS/SparkCar_Tools/install/numpy_eigen/include/numpy_eigen/boost_python_headers.hpp:24[m[K,
                 from [01m[K/home/orangepi/Desktop/SparkCar_ROS2_WS/SparkCar_Tools/src/Kalibr_ROS2/src/Schweizer-Messer/sm_python/src/Logging.cpp:1[m[K:
[01m[K/usr/include/boost/bind.hpp:36:1:[m[K [01;36m[Knote: [m[K‘[01m[K#pragma message: The practice of declaring the Bind placeholders (_1, _2, ...) in the global namespace is deprecated. Please use <boost/bind/bind.hpp> + using namespace boost::placeholders, or define BOOST_BIND_GLOBAL_PLACEHOLDERS to retain the current behavior.[m[K’
   36 | [01;36m[KBOOST_PRAGMA_MESSAGE[m[K(
      | [01;36m[K^~~~~~~~~~~~~~~~~~~~[m[K
[01m[K/usr/include/boost/detail/iterator.hpp:13:1:[m[K [01;36m[Knote: [m[K‘[01m[K#pragma message: This header is deprecated. Use <iterator> instead.[m[K’
   13 | [01;36m[KBOOST_HEADER_DEPRECATED[m[K("<iterator>")
      | [01;36m[K^~~~~~~~~~~~~~~~~~~~~~~[m[K
[ 84%] [32mBuilding CXX object CMakeFiles/sm_python.dir/src/export_eigen_property_tree.cpp.o[0m
In file included from [01m[K/usr/include/boost/smart_ptr/detail/sp_thread_sleep.hpp:22[m[K,
                 from [01m[K/usr/include/boost/smart_ptr/detail/yield_k.hpp:23[m[K,
                 from [01m[K/usr/include/boost/smart_ptr/detail/spinlock_gcc_atomic.hpp:14[m[K,
                 from [01m[K/usr/include/boost/smart_ptr/detail/spinlock.hpp:42[m[K,
                 from [01m[K/usr/include/boost/smart_ptr/detail/spinlock_pool.hpp:25[m[K,
                 from [01m[K/usr/include/boost/smart_ptr/shared_ptr.hpp:29[m[K,
                 from [01m[K/usr/include/boost/shared_ptr.hpp:17[m[K,
                 from [01m[K/usr/include/boost/python/converter/shared_ptr_to_python.hpp:12[m[K,
                 from [01m[K/usr/include/boost/python/converter/arg_to_python.hpp:15[m[K,
                 from [01m[K/usr/include/boost/python/call.hpp:15[m[K,
                 from [01m[K/usr/include/boost/python/object_core.hpp:14[m[K,
                 from [01m[K/usr/include/boost/python/args.hpp:22[m[K,
                 from [01m[K/usr/include/boost/python.hpp:11[m[K,
                 from [01m[K/home/orangepi/Desktop/SparkCar_ROS2_WS/SparkCar_Tools/install/numpy_eigen/include/numpy_eigen/boost_python_headers.hpp:24[m[K,
                 from [01m[K/home/orangepi/Desktop/SparkCar_ROS2_WS/SparkCar_Tools/src/Kalibr_ROS2/src/Schweizer-Messer/sm_python/src/export_eigen_property_tree.cpp:1[m[K:
[01m[K/usr/include/boost/bind.hpp:36:1:[m[K [01;36m[Knote: [m[K‘[01m[K#pragma message: The practice of declaring the Bind placeholders (_1, _2, ...) in the global namespace is deprecated. Please use <boost/bind/bind.hpp> + using namespace boost::placeholders, or define BOOST_BIND_GLOBAL_PLACEHOLDERS to retain the current behavior.[m[K’
   36 | [01;36m[KBOOST_PRAGMA_MESSAGE[m[K(
      | [01;36m[K^~~~~~~~~~~~~~~~~~~~[m[K
[01m[K/usr/include/boost/detail/iterator.hpp:13:1:[m[K [01;36m[Knote: [m[K‘[01m[K#pragma message: This header is deprecated. Use <iterator> instead.[m[K’
   13 | [01;36m[KBOOST_HEADER_DEPRECATED[m[K("<iterator>")
      | [01;36m[K^~~~~~~~~~~~~~~~~~~~~~~[m[K
[ 89%] [32mBuilding CXX object CMakeFiles/sm_python.dir/src/export_kinematics_property_tree.cpp.o[0m
[ 94%] [32mBuilding CXX object CMakeFiles/sm_python.dir/src/export_rotational_kinematics.cpp.o[0m
In file included from [01m[K/usr/include/boost/smart_ptr/detail/sp_thread_sleep.hpp:22[m[K,
                 from [01m[K/usr/include/boost/smart_ptr/detail/yield_k.hpp:23[m[K,
                 from [01m[K/usr/include/boost/smart_ptr/detail/spinlock_gcc_atomic.hpp:14[m[K,
                 from [01m[K/usr/include/boost/smart_ptr/detail/spinlock.hpp:42[m[K,
                 from [01m[K/usr/include/boost/smart_ptr/detail/spinlock_pool.hpp:25[m[K,
                 from [01m[K/usr/include/boost/smart_ptr/shared_ptr.hpp:29[m[K,
                 from [01m[K/usr/include/boost/shared_ptr.hpp:17[m[K,
                 from [01m[K/usr/include/boost/python/converter/shared_ptr_to_python.hpp:12[m[K,
                 from [01m[K/usr/include/boost/python/converter/arg_to_python.hpp:15[m[K,
                 from [01m[K/usr/include/boost/python/call.hpp:15[m[K,
                 from [01m[K/usr/include/boost/python/object_core.hpp:14[m[K,
                 from [01m[K/usr/include/boost/python/args.hpp:22[m[K,
                 from [01m[K/usr/include/boost/python.hpp:11[m[K,
                 from [01m[K/home/orangepi/Desktop/SparkCar_ROS2_WS/SparkCar_Tools/install/numpy_eigen/include/numpy_eigen/boost_python_headers.hpp:24[m[K,
                 from [01m[K/home/orangepi/Desktop/SparkCar_ROS2_WS/SparkCar_Tools/src/Kalibr_ROS2/src/Schweizer-Messer/sm_python/src/export_rotational_kinematics.cpp:1[m[K:
[01m[K/usr/include/boost/bind.hpp:36:1:[m[K [01;36m[Knote: [m[K‘[01m[K#pragma message: The practice of declaring the Bind placeholders (_1, _2, ...) in the global namespace is deprecated. Please use <boost/bind/bind.hpp> + using namespace boost::placeholders, or define BOOST_BIND_GLOBAL_PLACEHOLDERS to retain the current behavior.[m[K’
   36 | [01;36m[KBOOST_PRAGMA_MESSAGE[m[K(
      | [01;36m[K^~~~~~~~~~~~~~~~~~~~[m[K
[01m[K/usr/include/boost/detail/iterator.hpp:13:1:[m[K [01;36m[Knote: [m[K‘[01m[K#pragma message: This header is deprecated. Use <iterator> instead.[m[K’
   13 | [01;36m[KBOOST_HEADER_DEPRECATED[m[K("<iterator>")
      | [01;36m[K^~~~~~~~~~~~~~~~~~~~~~~[m[K
In file included from [01m[K/usr/include/boost/smart_ptr/detail/sp_thread_sleep.hpp:22[m[K,
                 from [01m[K/usr/include/boost/smart_ptr/detail/yield_k.hpp:23[m[K,
                 from [01m[K/usr/include/boost/smart_ptr/detail/spinlock_gcc_atomic.hpp:14[m[K,
                 from [01m[K/usr/include/boost/smart_ptr/detail/spinlock.hpp:42[m[K,
                 from [01m[K/usr/include/boost/smart_ptr/detail/spinlock_pool.hpp:25[m[K,
                 from [01m[K/usr/include/boost/smart_ptr/shared_ptr.hpp:29[m[K,
                 from [01m[K/usr/include/boost/shared_ptr.hpp:17[m[K,
                 from [01m[K/usr/include/boost/python/converter/shared_ptr_to_python.hpp:12[m[K,
                 from [01m[K/usr/include/boost/python/converter/arg_to_python.hpp:15[m[K,
                 from [01m[K/usr/include/boost/python/call.hpp:15[m[K,
                 from [01m[K/usr/include/boost/python/object_core.hpp:14[m[K,
                 from [01m[K/usr/include/boost/python/args.hpp:22[m[K,
                 from [01m[K/usr/include/boost/python.hpp:11[m[K,
                 from [01m[K/home/orangepi/Desktop/SparkCar_ROS2_WS/SparkCar_Tools/install/numpy_eigen/include/numpy_eigen/boost_python_headers.hpp:24[m[K,
                 from [01m[K/home/orangepi/Desktop/SparkCar_ROS2_WS/SparkCar_Tools/src/Kalibr_ROS2/src/Schweizer-Messer/sm_python/src/export_kinematics_property_tree.cpp:1[m[K:
[01m[K/usr/include/boost/bind.hpp:36:1:[m[K [01;36m[Knote: [m[K‘[01m[K#pragma message: The practice of declaring the Bind placeholders (_1, _2, ...) in the global namespace is deprecated. Please use <boost/bind/bind.hpp> + using namespace boost::placeholders, or define BOOST_BIND_GLOBAL_PLACEHOLDERS to retain the current behavior.[m[K’
   36 | [01;36m[KBOOST_PRAGMA_MESSAGE[m[K(
      | [01;36m[K^~~~~~~~~~~~~~~~~~~~[m[K
[01m[K/usr/include/boost/detail/iterator.hpp:13:1:[m[K [01;36m[Knote: [m[K‘[01m[K#pragma message: This header is deprecated. Use <iterator> instead.[m[K’
   13 | [01;36m[KBOOST_HEADER_DEPRECATED[m[K("<iterator>")
      | [01;36m[K^~~~~~~~~~~~~~~~~~~~~~~[m[K
[100%] [32m[1mLinking CXX shared library libsm_python.so[0m
[100%] Built target sm_python
[100%] Built target ament_cmake_python_copy_sm
running egg_info
creating sm.egg-info
writing sm.egg-info/PKG-INFO
writing dependency_links to sm.egg-info/dependency_links.txt
writing top-level names to sm.egg-info/top_level.txt
writing manifest file 'sm.egg-info/SOURCES.txt'
reading manifest file 'sm.egg-info/SOURCES.txt'
writing manifest file 'sm.egg-info/SOURCES.txt'
[100%] Built target ament_cmake_python_build_sm_egg
-- Install configuration: "Release"
-- Installing: /home/orangepi/Desktop/SparkCar_ROS2_WS/SparkCar_Tools/install/sm_python/share/sm_python/environment/pythonpath.sh
-- Installing: /home/orangepi/Desktop/SparkCar_ROS2_WS/SparkCar_Tools/install/sm_python/share/sm_python/environment/pythonpath.dsv
-- Installing: /home/orangepi/Desktop/SparkCar_ROS2_WS/SparkCar_Tools/install/sm_python/local/lib/python3.10/dist-packages/sm-1.0.0-py3.10.egg-info
-- Installing: /home/orangepi/Desktop/SparkCar_ROS2_WS/SparkCar_Tools/install/sm_python/local/lib/python3.10/dist-packages/sm-1.0.0-py3.10.egg-info/dependency_links.txt
-- Installing: /home/orangepi/Desktop/SparkCar_ROS2_WS/SparkCar_Tools/install/sm_python/local/lib/python3.10/dist-packages/sm-1.0.0-py3.10.egg-info/SOURCES.txt
-- Installing: /home/orangepi/Desktop/SparkCar_ROS2_WS/SparkCar_Tools/install/sm_python/local/lib/python3.10/dist-packages/sm-1.0.0-py3.10.egg-info/PKG-INFO
-- Installing: /home/orangepi/Desktop/SparkCar_ROS2_WS/SparkCar_Tools/install/sm_python/local/lib/python3.10/dist-packages/sm-1.0.0-py3.10.egg-info/top_level.txt
-- Installing: /home/orangepi/Desktop/SparkCar_ROS2_WS/SparkCar_Tools/install/sm_python/local/lib/python3.10/dist-packages/sm
-- Installing: /home/orangepi/Desktop/SparkCar_ROS2_WS/SparkCar_Tools/install/sm_python/local/lib/python3.10/dist-packages/sm/plotCoordinateFrame.py
-- Installing: /home/orangepi/Desktop/SparkCar_ROS2_WS/SparkCar_Tools/install/sm_python/local/lib/python3.10/dist-packages/sm/saveFigTight.py
-- Installing: /home/orangepi/Desktop/SparkCar_ROS2_WS/SparkCar_Tools/install/sm_python/local/lib/python3.10/dist-packages/sm/experiments
-- Installing: /home/orangepi/Desktop/SparkCar_ROS2_WS/SparkCar_Tools/install/sm_python/local/lib/python3.10/dist-packages/sm/experiments/__init__.py
-- Installing: /home/orangepi/Desktop/SparkCar_ROS2_WS/SparkCar_Tools/install/sm_python/local/lib/python3.10/dist-packages/sm/__init__.py
-- Installing: /home/orangepi/Desktop/SparkCar_ROS2_WS/SparkCar_Tools/install/sm_python/local/lib/python3.10/dist-packages/sm/PlotCollection.py
-- Installing: /home/orangepi/Desktop/SparkCar_ROS2_WS/SparkCar_Tools/install/sm_python/local/lib/python3.10/dist-packages/sm/Progress.py
Listing '/home/orangepi/Desktop/SparkCar_ROS2_WS/SparkCar_Tools/install/sm_python/local/lib/python3.10/dist-packages/sm'...
Compiling '/home/orangepi/Desktop/SparkCar_ROS2_WS/SparkCar_Tools/install/sm_python/local/lib/python3.10/dist-packages/sm/PlotCollection.py'...
Compiling '/home/orangepi/Desktop/SparkCar_ROS2_WS/SparkCar_Tools/install/sm_python/local/lib/python3.10/dist-packages/sm/Progress.py'...
Compiling '/home/orangepi/Desktop/SparkCar_ROS2_WS/SparkCar_Tools/install/sm_python/local/lib/python3.10/dist-packages/sm/__init__.py'...
Listing '/home/orangepi/Desktop/SparkCar_ROS2_WS/SparkCar_Tools/install/sm_python/local/lib/python3.10/dist-packages/sm/experiments'...
Compiling '/home/orangepi/Desktop/SparkCar_ROS2_WS/SparkCar_Tools/install/sm_python/local/lib/python3.10/dist-packages/sm/experiments/__init__.py'...
Compiling '/home/orangepi/Desktop/SparkCar_ROS2_WS/SparkCar_Tools/install/sm_python/local/lib/python3.10/dist-packages/sm/plotCoordinateFrame.py'...
Compiling '/home/orangepi/Desktop/SparkCar_ROS2_WS/SparkCar_Tools/install/sm_python/local/lib/python3.10/dist-packages/sm/saveFigTight.py'...
-- Installing: /home/orangepi/Desktop/SparkCar_ROS2_WS/SparkCar_Tools/install/sm_python/local/lib/python3.10/dist-packages/sm/libsm_python.so
-- Installing: /home/orangepi/Desktop/SparkCar_ROS2_WS/SparkCar_Tools/install/sm_python/include
-- Installing: /home/orangepi/Desktop/SparkCar_ROS2_WS/SparkCar_Tools/install/sm_python/include/sm
-- Installing: /home/orangepi/Desktop/SparkCar_ROS2_WS/SparkCar_Tools/install/sm_python/include/sm/python
-- Installing: /home/orangepi/Desktop/SparkCar_ROS2_WS/SparkCar_Tools/install/sm_python/include/sm/python/unique_register_ptr_to_python.hpp
-- Installing: /home/orangepi/Desktop/SparkCar_ROS2_WS/SparkCar_Tools/install/sm_python/include/sm/python/Id.hpp
-- Installing: /home/orangepi/Desktop/SparkCar_ROS2_WS/SparkCar_Tools/install/sm_python/include/sm/python/stl_converters.hpp
-- Installing: /home/orangepi/Desktop/SparkCar_ROS2_WS/SparkCar_Tools/install/sm_python/include/sm/python/boost_serialization_pickle.hpp
-- Installing: /home/orangepi/Desktop/SparkCar_ROS2_WS/SparkCar_Tools/install/sm_python/share/ament_index/resource_index/package_run_dependencies/sm_python
-- Installing: /home/orangepi/Desktop/SparkCar_ROS2_WS/SparkCar_Tools/install/sm_python/share/ament_index/resource_index/parent_prefix_path/sm_python
-- Installing: /home/orangepi/Desktop/SparkCar_ROS2_WS/SparkCar_Tools/install/sm_python/share/sm_python/environment/ament_prefix_path.sh
-- Installing: /home/orangepi/Desktop/SparkCar_ROS2_WS/SparkCar_Tools/install/sm_python/share/sm_python/environment/ament_prefix_path.dsv
-- Installing: /home/orangepi/Desktop/SparkCar_ROS2_WS/SparkCar_Tools/install/sm_python/share/sm_python/environment/path.sh
-- Installing: /home/orangepi/Desktop/SparkCar_ROS2_WS/SparkCar_Tools/install/sm_python/share/sm_python/environment/path.dsv
-- Installing: /home/orangepi/Desktop/SparkCar_ROS2_WS/SparkCar_Tools/install/sm_python/share/sm_python/local_setup.bash
-- Installing: /home/orangepi/Desktop/SparkCar_ROS2_WS/SparkCar_Tools/install/sm_python/share/sm_python/local_setup.sh
-- Installing: /home/orangepi/Desktop/SparkCar_ROS2_WS/SparkCar_Tools/install/sm_python/share/sm_python/local_setup.zsh
-- Installing: /home/orangepi/Desktop/SparkCar_ROS2_WS/SparkCar_Tools/install/sm_python/share/sm_python/local_setup.dsv
-- Installing: /home/orangepi/Desktop/SparkCar_ROS2_WS/SparkCar_Tools/install/sm_python/share/sm_python/package.dsv
-- Installing: /home/orangepi/Desktop/SparkCar_ROS2_WS/SparkCar_Tools/install/sm_python/share/ament_index/resource_index/packages/sm_python
-- Installing: /home/orangepi/Desktop/SparkCar_ROS2_WS/SparkCar_Tools/install/sm_python/share/sm_python/cmake/ament_cmake_export_dependencies-extras.cmake
-- Installing: /home/orangepi/Desktop/SparkCar_ROS2_WS/SparkCar_Tools/install/sm_python/share/sm_python/cmake/ament_cmake_export_include_directories-extras.cmake
-- Installing: /home/orangepi/Desktop/SparkCar_ROS2_WS/SparkCar_Tools/install/sm_python/share/sm_python/cmake/sm_pythonConfig.cmake
-- Installing: /home/orangepi/Desktop/SparkCar_ROS2_WS/SparkCar_Tools/install/sm_python/share/sm_python/cmake/sm_pythonConfig-version.cmake
-- Installing: /home/orangepi/Desktop/SparkCar_ROS2_WS/SparkCar_Tools/install/sm_python/share/sm_python/package.xml
