-- The C compiler identification is GNU 11.4.0
-- The CXX compiler identification is GNU 11.4.0
-- Detecting C compiler ABI info
-- Detecting C compiler ABI info - done
-- Check for working C compiler: /usr/bin/cc - skipped
-- Detecting C compile features
-- Detecting C compile features - done
-- Detecting CXX compiler ABI info
-- Detecting CXX compiler ABI info - done
-- Check for working CXX compiler: /usr/bin/c++ - skipped
-- Detecting CXX compile features
-- Detecting CXX compile features - done
-- Found ament_cmake: 1.3.14 (/opt/ros/humble/share/ament_cmake/cmake)
-- Found Python3: /usr/bin/python3 (found version "3.10.12") found components: Interpreter 
-- Found sm_common: 1.0.0 (/home/orangepi/Desktop/SparkCar_ROS2_WS/SparkCar_Tools/install/sm_common/share/sm_common/cmake)
-- Found numpy_eigen: 1.0.0 (/home/orangepi/Desktop/SparkCar_ROS2_WS/SparkCar_Tools/install/numpy_eigen/share/numpy_eigen/cmake)
-- Found sm_kinematics: 1.0.0 (/home/orangepi/Desktop/SparkCar_ROS2_WS/SparkCar_Tools/install/sm_kinematics/share/sm_kinematics/cmake)
-- Found sm_timing: 1.0.0 (/home/orangepi/Desktop/SparkCar_ROS2_WS/SparkCar_Tools/install/sm_timing/share/sm_timing/cmake)
-- Found sm_logging: 1.0.0 (/home/orangepi/Desktop/SparkCar_ROS2_WS/SparkCar_Tools/install/sm_logging/share/sm_logging/cmake)
-- Found sm_matrix_archive: 1.0.0 (/home/orangepi/Desktop/SparkCar_ROS2_WS/SparkCar_Tools/install/sm_matrix_archive/share/sm_matrix_archive/cmake)
-- Found sm_property_tree: 1.0.0 (/home/orangepi/Desktop/SparkCar_ROS2_WS/SparkCar_Tools/install/sm_property_tree/share/sm_property_tree/cmake)
-- Found python_module: 1.0.0 (/home/orangepi/Desktop/SparkCar_ROS2_WS/SparkCar_Tools/install/python_module/share/python_module/cmake)
-- Found Boost: /usr/lib/aarch64-linux-gnu/cmake/Boost-1.74.0/BoostConfig.cmake (found version "1.74.0") found components: system serialization python thread filesystem regex 
-- Found Python3: /usr/include/python3.10 (found version "3.10.12") found components: Development NumPy Interpreter Development.Module Development.Embed 
-- Configuring done
-- Generating done
-- Build files have been written to: /home/orangepi/Desktop/SparkCar_ROS2_WS/SparkCar_Tools/build/sm_python
[  5%] [32mBuilding CXX object CMakeFiles/sm_python.dir/src/module.cpp.o[0m
[ 10%] [32mBuilding CXX object CMakeFiles/sm_python.dir/src/exportTransformation.cpp.o[0m
[ 15%] [32mBuilding CXX object CMakeFiles/sm_python.dir/src/exportHomogeneousPoint.cpp.o[0m
[ 21%] [32mBuilding CXX object CMakeFiles/sm_python.dir/src/exportTimestampCorrector.cpp.o[0m
[ 26%] [32mBuilding CXX object CMakeFiles/sm_python.dir/src/exportPropertyTree.cpp.o[0m
[ 31%] [32mBuilding CXX object CMakeFiles/sm_python.dir/src/exportEigen.cpp.o[0m
[ 36%] [32mBuilding CXX object CMakeFiles/sm_python.dir/src/exportUncertainVector.cpp.o[0m
[ 42%] [32mBuilding CXX object CMakeFiles/sm_python.dir/src/exportMatrixArchive.cpp.o[0m
[ 47%] [32mBuilding CXX object CMakeFiles/sm_python.dir/src/export_homogeneous.cpp.o[0m
[ 52%] [32mBuilding CXX object CMakeFiles/sm_python.dir/src/export_quaternion_algebra.cpp.o[0m
[ 57%] [32mBuilding CXX object CMakeFiles/sm_python.dir/src/export_transformations.cpp.o[0m
[ 63%] [32mBuilding CXX object CMakeFiles/sm_python.dir/src/export_rotations.cpp.o[0m
[ 68%] [32mBuilding CXX object CMakeFiles/sm_python.dir/src/random.cpp.o[0m
[ 73%] [32mBuilding CXX object CMakeFiles/sm_python.dir/src/exportNsecTime.cpp.o[0m
[ 78%] [32mBuilding CXX object CMakeFiles/sm_python.dir/src/Logging.cpp.o[0m
[ 84%] [32mBuilding CXX object CMakeFiles/sm_python.dir/src/export_eigen_property_tree.cpp.o[0m
[ 89%] [32mBuilding CXX object CMakeFiles/sm_python.dir/src/export_kinematics_property_tree.cpp.o[0m
[ 94%] [32mBuilding CXX object CMakeFiles/sm_python.dir/src/export_rotational_kinematics.cpp.o[0m
[100%] [32m[1mLinking CXX shared library libsm_python.so[0m
[100%] Built target sm_python
[100%] Built target ament_cmake_python_copy_sm
running egg_info
creating sm.egg-info
writing sm.egg-info/PKG-INFO
writing dependency_links to sm.egg-info/dependency_links.txt
writing top-level names to sm.egg-info/top_level.txt
writing manifest file 'sm.egg-info/SOURCES.txt'
reading manifest file 'sm.egg-info/SOURCES.txt'
writing manifest file 'sm.egg-info/SOURCES.txt'
[100%] Built target ament_cmake_python_build_sm_egg
-- Install configuration: "Release"
-- Installing: /home/orangepi/Desktop/SparkCar_ROS2_WS/SparkCar_Tools/install/sm_python/share/sm_python/environment/pythonpath.sh
-- Installing: /home/orangepi/Desktop/SparkCar_ROS2_WS/SparkCar_Tools/install/sm_python/share/sm_python/environment/pythonpath.dsv
-- Installing: /home/orangepi/Desktop/SparkCar_ROS2_WS/SparkCar_Tools/install/sm_python/local/lib/python3.10/dist-packages/sm-1.0.0-py3.10.egg-info
-- Installing: /home/orangepi/Desktop/SparkCar_ROS2_WS/SparkCar_Tools/install/sm_python/local/lib/python3.10/dist-packages/sm-1.0.0-py3.10.egg-info/dependency_links.txt
-- Installing: /home/orangepi/Desktop/SparkCar_ROS2_WS/SparkCar_Tools/install/sm_python/local/lib/python3.10/dist-packages/sm-1.0.0-py3.10.egg-info/SOURCES.txt
-- Installing: /home/orangepi/Desktop/SparkCar_ROS2_WS/SparkCar_Tools/install/sm_python/local/lib/python3.10/dist-packages/sm-1.0.0-py3.10.egg-info/PKG-INFO
-- Installing: /home/orangepi/Desktop/SparkCar_ROS2_WS/SparkCar_Tools/install/sm_python/local/lib/python3.10/dist-packages/sm-1.0.0-py3.10.egg-info/top_level.txt
-- Installing: /home/orangepi/Desktop/SparkCar_ROS2_WS/SparkCar_Tools/install/sm_python/local/lib/python3.10/dist-packages/sm
-- Installing: /home/orangepi/Desktop/SparkCar_ROS2_WS/SparkCar_Tools/install/sm_python/local/lib/python3.10/dist-packages/sm/plotCoordinateFrame.py
-- Installing: /home/orangepi/Desktop/SparkCar_ROS2_WS/SparkCar_Tools/install/sm_python/local/lib/python3.10/dist-packages/sm/saveFigTight.py
-- Installing: /home/orangepi/Desktop/SparkCar_ROS2_WS/SparkCar_Tools/install/sm_python/local/lib/python3.10/dist-packages/sm/experiments
-- Installing: /home/orangepi/Desktop/SparkCar_ROS2_WS/SparkCar_Tools/install/sm_python/local/lib/python3.10/dist-packages/sm/experiments/__init__.py
-- Installing: /home/orangepi/Desktop/SparkCar_ROS2_WS/SparkCar_Tools/install/sm_python/local/lib/python3.10/dist-packages/sm/__init__.py
-- Installing: /home/orangepi/Desktop/SparkCar_ROS2_WS/SparkCar_Tools/install/sm_python/local/lib/python3.10/dist-packages/sm/PlotCollection.py
-- Installing: /home/orangepi/Desktop/SparkCar_ROS2_WS/SparkCar_Tools/install/sm_python/local/lib/python3.10/dist-packages/sm/Progress.py
Listing '/home/orangepi/Desktop/SparkCar_ROS2_WS/SparkCar_Tools/install/sm_python/local/lib/python3.10/dist-packages/sm'...
Compiling '/home/orangepi/Desktop/SparkCar_ROS2_WS/SparkCar_Tools/install/sm_python/local/lib/python3.10/dist-packages/sm/PlotCollection.py'...
Compiling '/home/orangepi/Desktop/SparkCar_ROS2_WS/SparkCar_Tools/install/sm_python/local/lib/python3.10/dist-packages/sm/Progress.py'...
Compiling '/home/orangepi/Desktop/SparkCar_ROS2_WS/SparkCar_Tools/install/sm_python/local/lib/python3.10/dist-packages/sm/__init__.py'...
Listing '/home/orangepi/Desktop/SparkCar_ROS2_WS/SparkCar_Tools/install/sm_python/local/lib/python3.10/dist-packages/sm/experiments'...
Compiling '/home/orangepi/Desktop/SparkCar_ROS2_WS/SparkCar_Tools/install/sm_python/local/lib/python3.10/dist-packages/sm/experiments/__init__.py'...
Compiling '/home/orangepi/Desktop/SparkCar_ROS2_WS/SparkCar_Tools/install/sm_python/local/lib/python3.10/dist-packages/sm/plotCoordinateFrame.py'...
Compiling '/home/orangepi/Desktop/SparkCar_ROS2_WS/SparkCar_Tools/install/sm_python/local/lib/python3.10/dist-packages/sm/saveFigTight.py'...
-- Installing: /home/orangepi/Desktop/SparkCar_ROS2_WS/SparkCar_Tools/install/sm_python/local/lib/python3.10/dist-packages/sm/libsm_python.so
-- Installing: /home/orangepi/Desktop/SparkCar_ROS2_WS/SparkCar_Tools/install/sm_python/include
-- Installing: /home/orangepi/Desktop/SparkCar_ROS2_WS/SparkCar_Tools/install/sm_python/include/sm
-- Installing: /home/orangepi/Desktop/SparkCar_ROS2_WS/SparkCar_Tools/install/sm_python/include/sm/python
-- Installing: /home/orangepi/Desktop/SparkCar_ROS2_WS/SparkCar_Tools/install/sm_python/include/sm/python/unique_register_ptr_to_python.hpp
-- Installing: /home/orangepi/Desktop/SparkCar_ROS2_WS/SparkCar_Tools/install/sm_python/include/sm/python/Id.hpp
-- Installing: /home/orangepi/Desktop/SparkCar_ROS2_WS/SparkCar_Tools/install/sm_python/include/sm/python/stl_converters.hpp
-- Installing: /home/orangepi/Desktop/SparkCar_ROS2_WS/SparkCar_Tools/install/sm_python/include/sm/python/boost_serialization_pickle.hpp
-- Installing: /home/orangepi/Desktop/SparkCar_ROS2_WS/SparkCar_Tools/install/sm_python/share/ament_index/resource_index/package_run_dependencies/sm_python
-- Installing: /home/orangepi/Desktop/SparkCar_ROS2_WS/SparkCar_Tools/install/sm_python/share/ament_index/resource_index/parent_prefix_path/sm_python
-- Installing: /home/orangepi/Desktop/SparkCar_ROS2_WS/SparkCar_Tools/install/sm_python/share/sm_python/environment/ament_prefix_path.sh
-- Installing: /home/orangepi/Desktop/SparkCar_ROS2_WS/SparkCar_Tools/install/sm_python/share/sm_python/environment/ament_prefix_path.dsv
-- Installing: /home/orangepi/Desktop/SparkCar_ROS2_WS/SparkCar_Tools/install/sm_python/share/sm_python/environment/path.sh
-- Installing: /home/orangepi/Desktop/SparkCar_ROS2_WS/SparkCar_Tools/install/sm_python/share/sm_python/environment/path.dsv
-- Installing: /home/orangepi/Desktop/SparkCar_ROS2_WS/SparkCar_Tools/install/sm_python/share/sm_python/local_setup.bash
-- Installing: /home/orangepi/Desktop/SparkCar_ROS2_WS/SparkCar_Tools/install/sm_python/share/sm_python/local_setup.sh
-- Installing: /home/orangepi/Desktop/SparkCar_ROS2_WS/SparkCar_Tools/install/sm_python/share/sm_python/local_setup.zsh
-- Installing: /home/orangepi/Desktop/SparkCar_ROS2_WS/SparkCar_Tools/install/sm_python/share/sm_python/local_setup.dsv
-- Installing: /home/orangepi/Desktop/SparkCar_ROS2_WS/SparkCar_Tools/install/sm_python/share/sm_python/package.dsv
-- Installing: /home/orangepi/Desktop/SparkCar_ROS2_WS/SparkCar_Tools/install/sm_python/share/ament_index/resource_index/packages/sm_python
-- Installing: /home/orangepi/Desktop/SparkCar_ROS2_WS/SparkCar_Tools/install/sm_python/share/sm_python/cmake/ament_cmake_export_dependencies-extras.cmake
-- Installing: /home/orangepi/Desktop/SparkCar_ROS2_WS/SparkCar_Tools/install/sm_python/share/sm_python/cmake/ament_cmake_export_include_directories-extras.cmake
-- Installing: /home/orangepi/Desktop/SparkCar_ROS2_WS/SparkCar_Tools/install/sm_python/share/sm_python/cmake/sm_pythonConfig.cmake
-- Installing: /home/orangepi/Desktop/SparkCar_ROS2_WS/SparkCar_Tools/install/sm_python/share/sm_python/cmake/sm_pythonConfig-version.cmake
-- Installing: /home/orangepi/Desktop/SparkCar_ROS2_WS/SparkCar_Tools/install/sm_python/share/sm_python/package.xml
