[0.010s] Invoking command in '/home/jiaverso/Desktop/SparkCar_ROS2_WS/SparkCar_Controller/build/target_follower': CMAKE_PREFIX_PATH=${CMAKE_PREFIX_PATH}:/opt/ros/humble /usr/bin/cmake --build /home/jiaverso/Desktop/SparkCar_ROS2_WS/SparkCar_Controller/build/target_follower -- -j8 -l8
[0.045s] Consolidate compiler generated dependencies of target target_follower_node
[0.055s] [ 50%] Building CXX object CMakeFiles/target_follower_node.dir/src/target_follower_node.cpp.o
[7.939s] [100%] Linking CXX executable target_follower_node
[8.303s] [100%] Built target target_follower_node
[30.022s] Invoked command in '/home/jiaverso/Desktop/SparkCar_ROS2_WS/SparkCar_Controller/build/target_follower' returned '0': CMAKE_PREFIX_PATH=${CMAKE_PREFIX_PATH}:/opt/ros/humble /usr/bin/cmake --build /home/jiaverso/Desktop/SparkCar_ROS2_WS/SparkCar_Controller/build/target_follower -- -j8 -l8
[30.030s] Invoking command in '/home/jiaverso/Desktop/SparkCar_ROS2_WS/SparkCar_Controller/build/target_follower': CMAKE_PREFIX_PATH=${CMAKE_PREFIX_PATH}:/opt/ros/humble /usr/bin/cmake --install /home/jiaverso/Desktop/SparkCar_ROS2_WS/SparkCar_Controller/build/target_follower
[30.035s] -- Install configuration: ""
[30.035s] -- Execute custom install script
[30.036s] -- Up-to-date symlink: /home/jiaverso/Desktop/SparkCar_ROS2_WS/SparkCar_Controller/install/target_follower/lib/target_follower/target_follower_node
[30.036s] -- Up-to-date symlink: /home/jiaverso/Desktop/SparkCar_ROS2_WS/SparkCar_Controller/install/target_follower/share/target_follower/README.md
[30.036s] -- Up-to-date symlink: /home/jiaverso/Desktop/SparkCar_ROS2_WS/SparkCar_Controller/install/target_follower/share/ament_index/resource_index/package_run_dependencies/target_follower
[30.036s] -- Up-to-date symlink: /home/jiaverso/Desktop/SparkCar_ROS2_WS/SparkCar_Controller/install/target_follower/share/ament_index/resource_index/parent_prefix_path/target_follower
[30.036s] -- Up-to-date symlink: /home/jiaverso/Desktop/SparkCar_ROS2_WS/SparkCar_Controller/install/target_follower/share/target_follower/environment/ament_prefix_path.sh
[30.036s] -- Up-to-date symlink: /home/jiaverso/Desktop/SparkCar_ROS2_WS/SparkCar_Controller/install/target_follower/share/target_follower/environment/ament_prefix_path.dsv
[30.037s] -- Up-to-date symlink: /home/jiaverso/Desktop/SparkCar_ROS2_WS/SparkCar_Controller/install/target_follower/share/target_follower/environment/path.sh
[30.037s] -- Up-to-date symlink: /home/jiaverso/Desktop/SparkCar_ROS2_WS/SparkCar_Controller/install/target_follower/share/target_follower/environment/path.dsv
[30.037s] -- Up-to-date symlink: /home/jiaverso/Desktop/SparkCar_ROS2_WS/SparkCar_Controller/install/target_follower/share/target_follower/local_setup.bash
[30.037s] -- Up-to-date symlink: /home/jiaverso/Desktop/SparkCar_ROS2_WS/SparkCar_Controller/install/target_follower/share/target_follower/local_setup.sh
[30.037s] -- Up-to-date symlink: /home/jiaverso/Desktop/SparkCar_ROS2_WS/SparkCar_Controller/install/target_follower/share/target_follower/local_setup.zsh
[30.037s] -- Up-to-date symlink: /home/jiaverso/Desktop/SparkCar_ROS2_WS/SparkCar_Controller/install/target_follower/share/target_follower/local_setup.dsv
[30.037s] -- Symlinking: /home/jiaverso/Desktop/SparkCar_ROS2_WS/SparkCar_Controller/install/target_follower/share/target_follower/package.dsv
[30.044s] -- Up-to-date symlink: /home/jiaverso/Desktop/SparkCar_ROS2_WS/SparkCar_Controller/install/target_follower/share/ament_index/resource_index/packages/target_follower
[30.045s] -- Up-to-date symlink: /home/jiaverso/Desktop/SparkCar_ROS2_WS/SparkCar_Controller/install/target_follower/share/target_follower/cmake/target_followerConfig.cmake
[30.045s] -- Up-to-date symlink: /home/jiaverso/Desktop/SparkCar_ROS2_WS/SparkCar_Controller/install/target_follower/share/target_follower/cmake/target_followerConfig-version.cmake
[30.045s] -- Up-to-date symlink: /home/jiaverso/Desktop/SparkCar_ROS2_WS/SparkCar_Controller/install/target_follower/share/target_follower/package.xml
[30.045s] -- Up-to-date: /home/jiaverso/Desktop/SparkCar_ROS2_WS/SparkCar_Controller/install/target_follower/share/target_follower/launch
[30.045s] -- Up-to-date: /home/jiaverso/Desktop/SparkCar_ROS2_WS/SparkCar_Controller/install/target_follower/share/target_follower/launch/target_follower.launch.py
[30.045s] -- Up-to-date: /home/jiaverso/Desktop/SparkCar_ROS2_WS/SparkCar_Controller/install/target_follower/share/target_follower/config
[30.045s] -- Installing: /home/jiaverso/Desktop/SparkCar_ROS2_WS/SparkCar_Controller/install/target_follower/share/target_follower/config/target_follower.yaml
[30.046s] Invoked command in '/home/jiaverso/Desktop/SparkCar_ROS2_WS/SparkCar_Controller/build/target_follower' returned '0': CMAKE_PREFIX_PATH=${CMAKE_PREFIX_PATH}:/opt/ros/humble /usr/bin/cmake --install /home/jiaverso/Desktop/SparkCar_ROS2_WS/SparkCar_Controller/build/target_follower
