[0.032s] Invoking command in '/home/orangepi/Desktop/SparkCar_ROS2_WS/SparkCar_Perception/build/benchmark_publisher': CMAKE_PREFIX_PATH=/opt/ros/humble /usr/bin/cmake --build /home/orangepi/Desktop/SparkCar_ROS2_WS/SparkCar_Perception/build/benchmark_publisher -- -j8 -l8
[0.190s] [100%] Built target benchmark_publisher
[0.232s] Invoked command in '/home/orangepi/Desktop/SparkCar_ROS2_WS/SparkCar_Perception/build/benchmark_publisher' returned '0': CMAKE_PREFIX_PATH=/opt/ros/humble /usr/bin/cmake --build /home/orangepi/Desktop/SparkCar_ROS2_WS/SparkCar_Perception/build/benchmark_publisher -- -j8 -l8
[0.233s] Invoking command in '/home/orangepi/Desktop/SparkCar_ROS2_WS/SparkCar_Perception/build/benchmark_publisher': CMAKE_PREFIX_PATH=/opt/ros/humble /usr/bin/cmake --install /home/orangepi/Desktop/SparkCar_ROS2_WS/SparkCar_Perception/build/benchmark_publisher
[0.242s] -- Install configuration: "Release"
[0.243s] -- Execute custom install script
[0.243s] -- Up-to-date symlink: /home/orangepi/Desktop/SparkCar_ROS2_WS/SparkCar_Perception/install/benchmark_publisher/lib/benchmark_publisher/benchmark_publisher
[0.248s] -- Up-to-date symlink: /home/orangepi/Desktop/SparkCar_ROS2_WS/SparkCar_Perception/install/benchmark_publisher/share/benchmark_publisher/launch/benchmark_publisher.launch.py
[0.249s] -- Up-to-date symlink: /home/orangepi/Desktop/SparkCar_ROS2_WS/SparkCar_Perception/install/benchmark_publisher/share/benchmark_publisher/config/MH_01_easy/data.csv
[0.249s] -- Up-to-date symlink: /home/orangepi/Desktop/SparkCar_ROS2_WS/SparkCar_Perception/install/benchmark_publisher/share/benchmark_publisher/config/MH_02_easy/data.csv
[0.249s] -- Up-to-date symlink: /home/orangepi/Desktop/SparkCar_ROS2_WS/SparkCar_Perception/install/benchmark_publisher/share/benchmark_publisher/config/MH_03_medium/data.csv
[0.250s] -- Up-to-date symlink: /home/orangepi/Desktop/SparkCar_ROS2_WS/SparkCar_Perception/install/benchmark_publisher/share/benchmark_publisher/config/MH_04_difficult/data.csv
[0.250s] -- Up-to-date symlink: /home/orangepi/Desktop/SparkCar_ROS2_WS/SparkCar_Perception/install/benchmark_publisher/share/benchmark_publisher/config/MH_05_difficult/data.csv
[0.250s] -- Up-to-date symlink: /home/orangepi/Desktop/SparkCar_ROS2_WS/SparkCar_Perception/install/benchmark_publisher/share/benchmark_publisher/config/V1_01_easy/data.csv
[0.250s] -- Up-to-date symlink: /home/orangepi/Desktop/SparkCar_ROS2_WS/SparkCar_Perception/install/benchmark_publisher/share/benchmark_publisher/config/V1_02_medium/data.csv
[0.250s] -- Up-to-date symlink: /home/orangepi/Desktop/SparkCar_ROS2_WS/SparkCar_Perception/install/benchmark_publisher/share/benchmark_publisher/config/V1_03_difficult/data.csv
[0.250s] -- Up-to-date symlink: /home/orangepi/Desktop/SparkCar_ROS2_WS/SparkCar_Perception/install/benchmark_publisher/share/benchmark_publisher/config/V2_01_easy/data.csv
[0.250s] -- Up-to-date symlink: /home/orangepi/Desktop/SparkCar_ROS2_WS/SparkCar_Perception/install/benchmark_publisher/share/benchmark_publisher/config/V2_02_medium/data.csv
[0.250s] -- Up-to-date symlink: /home/orangepi/Desktop/SparkCar_ROS2_WS/SparkCar_Perception/install/benchmark_publisher/share/benchmark_publisher/config/V2_03_difficult/data.csv
[0.251s] -- Up-to-date symlink: /home/orangepi/Desktop/SparkCar_ROS2_WS/SparkCar_Perception/install/benchmark_publisher/share/ament_index/resource_index/package_run_dependencies/benchmark_publisher
[0.251s] -- Up-to-date symlink: /home/orangepi/Desktop/SparkCar_ROS2_WS/SparkCar_Perception/install/benchmark_publisher/share/ament_index/resource_index/parent_prefix_path/benchmark_publisher
[0.251s] -- Up-to-date symlink: /home/orangepi/Desktop/SparkCar_ROS2_WS/SparkCar_Perception/install/benchmark_publisher/share/benchmark_publisher/environment/ament_prefix_path.sh
[0.251s] -- Up-to-date symlink: /home/orangepi/Desktop/SparkCar_ROS2_WS/SparkCar_Perception/install/benchmark_publisher/share/benchmark_publisher/environment/ament_prefix_path.dsv
[0.251s] -- Up-to-date symlink: /home/orangepi/Desktop/SparkCar_ROS2_WS/SparkCar_Perception/install/benchmark_publisher/share/benchmark_publisher/environment/path.sh
[0.252s] -- Up-to-date symlink: /home/orangepi/Desktop/SparkCar_ROS2_WS/SparkCar_Perception/install/benchmark_publisher/share/benchmark_publisher/environment/path.dsv
[0.252s] -- Up-to-date symlink: /home/orangepi/Desktop/SparkCar_ROS2_WS/SparkCar_Perception/install/benchmark_publisher/share/benchmark_publisher/local_setup.bash
[0.252s] -- Up-to-date symlink: /home/orangepi/Desktop/SparkCar_ROS2_WS/SparkCar_Perception/install/benchmark_publisher/share/benchmark_publisher/local_setup.sh
[0.252s] -- Up-to-date symlink: /home/orangepi/Desktop/SparkCar_ROS2_WS/SparkCar_Perception/install/benchmark_publisher/share/benchmark_publisher/local_setup.zsh
[0.252s] -- Up-to-date symlink: /home/orangepi/Desktop/SparkCar_ROS2_WS/SparkCar_Perception/install/benchmark_publisher/share/benchmark_publisher/local_setup.dsv
[0.253s] -- Symlinking: /home/orangepi/Desktop/SparkCar_ROS2_WS/SparkCar_Perception/install/benchmark_publisher/share/benchmark_publisher/package.dsv
[0.294s] -- Up-to-date symlink: /home/orangepi/Desktop/SparkCar_ROS2_WS/SparkCar_Perception/install/benchmark_publisher/share/ament_index/resource_index/packages/benchmark_publisher
[0.295s] -- Up-to-date symlink: /home/orangepi/Desktop/SparkCar_ROS2_WS/SparkCar_Perception/install/benchmark_publisher/share/benchmark_publisher/cmake/benchmark_publisherConfig.cmake
[0.295s] -- Up-to-date symlink: /home/orangepi/Desktop/SparkCar_ROS2_WS/SparkCar_Perception/install/benchmark_publisher/share/benchmark_publisher/cmake/benchmark_publisherConfig-version.cmake
[0.296s] -- Up-to-date symlink: /home/orangepi/Desktop/SparkCar_ROS2_WS/SparkCar_Perception/install/benchmark_publisher/share/benchmark_publisher/package.xml
[0.322s] Invoked command in '/home/orangepi/Desktop/SparkCar_ROS2_WS/SparkCar_Perception/build/benchmark_publisher' returned '0': CMAKE_PREFIX_PATH=/opt/ros/humble /usr/bin/cmake --install /home/orangepi/Desktop/SparkCar_ROS2_WS/SparkCar_Perception/build/benchmark_publisher
