-- The C compiler identification is GNU 11.4.0
-- The CXX compiler identification is GNU 11.4.0
-- Detecting C compiler ABI info
-- Detecting C compiler ABI info - done
-- Check for working C compiler: /usr/bin/cc - skipped
-- Detecting C compile features
-- Detecting C compile features - done
-- Detecting CXX compiler ABI info
-- Detecting CXX compiler ABI info - done
-- Check for working CXX compiler: /usr/bin/c++ - skipped
-- Detecting CXX compile features
-- Detecting CXX compile features - done
-- Found ament_cmake: 1.3.14 (/opt/ros/humble/share/ament_cmake/cmake)
-- Found Python3: /usr/bin/python3 (found version "3.10.12") found components: Interpreter 
-- Found sm_common: 1.0.0 (/home/orangepi/Desktop/SparkCar_ROS2_WS/SparkCar_Tools/install/sm_common/share/sm_common/cmake)
-- Found aslam_cameras: 1.0.0 (/home/orangepi/Desktop/SparkCar_ROS2_WS/SparkCar_Tools/install/aslam_cameras/share/aslam_cameras/cmake)
-- Found Boost: /usr/lib/aarch64-linux-gnu/cmake/Boost-1.74.0/BoostConfig.cmake (found version "1.74.0") found components: system serialization filesystem thread 
-- Configuring done
-- Generating done
-- Build files have been written to: /home/orangepi/Desktop/SparkCar_ROS2_WS/SparkCar_Tools/build/aslam_imgproc
[ 33%] [32mBuilding CXX object CMakeFiles/aslam_imgproc.dir/src/UndistorterBase.cpp.o[0m
[ 66%] [32mBuilding CXX object CMakeFiles/aslam_imgproc.dir/src/calculateOverlappingFov.cpp.o[0m
[100%] [32m[1mLinking CXX static library libaslam_imgproc.a[0m
[100%] Built target aslam_imgproc
-- Install configuration: "Release"
-- Installing: /home/orangepi/Desktop/SparkCar_ROS2_WS/SparkCar_Tools/install/aslam_imgproc/lib/libaslam_imgproc.a
-- Installing: /home/orangepi/Desktop/SparkCar_ROS2_WS/SparkCar_Tools/install/aslam_imgproc/include
-- Installing: /home/orangepi/Desktop/SparkCar_ROS2_WS/SparkCar_Tools/install/aslam_imgproc/include/aslam
-- Installing: /home/orangepi/Desktop/SparkCar_ROS2_WS/SparkCar_Tools/install/aslam_imgproc/include/aslam/calculateOverlappingFov.hpp
-- Installing: /home/orangepi/Desktop/SparkCar_ROS2_WS/SparkCar_Tools/install/aslam_imgproc/include/aslam/OmniUndistorter.hpp
-- Installing: /home/orangepi/Desktop/SparkCar_ROS2_WS/SparkCar_Tools/install/aslam_imgproc/include/aslam/PinholeUndistorter.hpp
-- Installing: /home/orangepi/Desktop/SparkCar_ROS2_WS/SparkCar_Tools/install/aslam_imgproc/include/aslam/NullUndistorter.hpp
-- Installing: /home/orangepi/Desktop/SparkCar_ROS2_WS/SparkCar_Tools/install/aslam_imgproc/include/aslam/UndistorterBase.hpp
-- Installing: /home/orangepi/Desktop/SparkCar_ROS2_WS/SparkCar_Tools/install/aslam_imgproc/include/aslam/implementation
-- Installing: /home/orangepi/Desktop/SparkCar_ROS2_WS/SparkCar_Tools/install/aslam_imgproc/include/aslam/implementation/calculateOverlappingFov.hpp
-- Installing: /home/orangepi/Desktop/SparkCar_ROS2_WS/SparkCar_Tools/install/aslam_imgproc/include/aslam/implementation/aslamcv_helper.hpp
-- Installing: /home/orangepi/Desktop/SparkCar_ROS2_WS/SparkCar_Tools/install/aslam_imgproc/include/aslam/implementation/OmniUndistorter.hpp
-- Installing: /home/orangepi/Desktop/SparkCar_ROS2_WS/SparkCar_Tools/install/aslam_imgproc/include/aslam/implementation/PinholeUndistorter.hpp
-- Installing: /home/orangepi/Desktop/SparkCar_ROS2_WS/SparkCar_Tools/install/aslam_imgproc/include/aslam/implementation/NullUndistorter.hpp
-- Installing: /home/orangepi/Desktop/SparkCar_ROS2_WS/SparkCar_Tools/install/aslam_imgproc/share/aslam_imgproc/environment/library_path.sh
-- Installing: /home/orangepi/Desktop/SparkCar_ROS2_WS/SparkCar_Tools/install/aslam_imgproc/share/aslam_imgproc/environment/library_path.dsv
-- Installing: /home/orangepi/Desktop/SparkCar_ROS2_WS/SparkCar_Tools/install/aslam_imgproc/share/ament_index/resource_index/package_run_dependencies/aslam_imgproc
-- Installing: /home/orangepi/Desktop/SparkCar_ROS2_WS/SparkCar_Tools/install/aslam_imgproc/share/ament_index/resource_index/parent_prefix_path/aslam_imgproc
-- Installing: /home/orangepi/Desktop/SparkCar_ROS2_WS/SparkCar_Tools/install/aslam_imgproc/share/aslam_imgproc/environment/ament_prefix_path.sh
-- Installing: /home/orangepi/Desktop/SparkCar_ROS2_WS/SparkCar_Tools/install/aslam_imgproc/share/aslam_imgproc/environment/ament_prefix_path.dsv
-- Installing: /home/orangepi/Desktop/SparkCar_ROS2_WS/SparkCar_Tools/install/aslam_imgproc/share/aslam_imgproc/environment/path.sh
-- Installing: /home/orangepi/Desktop/SparkCar_ROS2_WS/SparkCar_Tools/install/aslam_imgproc/share/aslam_imgproc/environment/path.dsv
-- Installing: /home/orangepi/Desktop/SparkCar_ROS2_WS/SparkCar_Tools/install/aslam_imgproc/share/aslam_imgproc/local_setup.bash
-- Installing: /home/orangepi/Desktop/SparkCar_ROS2_WS/SparkCar_Tools/install/aslam_imgproc/share/aslam_imgproc/local_setup.sh
-- Installing: /home/orangepi/Desktop/SparkCar_ROS2_WS/SparkCar_Tools/install/aslam_imgproc/share/aslam_imgproc/local_setup.zsh
-- Installing: /home/orangepi/Desktop/SparkCar_ROS2_WS/SparkCar_Tools/install/aslam_imgproc/share/aslam_imgproc/local_setup.dsv
-- Installing: /home/orangepi/Desktop/SparkCar_ROS2_WS/SparkCar_Tools/install/aslam_imgproc/share/aslam_imgproc/package.dsv
-- Installing: /home/orangepi/Desktop/SparkCar_ROS2_WS/SparkCar_Tools/install/aslam_imgproc/share/ament_index/resource_index/packages/aslam_imgproc
-- Installing: /home/orangepi/Desktop/SparkCar_ROS2_WS/SparkCar_Tools/install/aslam_imgproc/share/aslam_imgproc/cmake/aslam_imgprocTargetsExport.cmake
-- Installing: /home/orangepi/Desktop/SparkCar_ROS2_WS/SparkCar_Tools/install/aslam_imgproc/share/aslam_imgproc/cmake/aslam_imgprocTargetsExport-release.cmake
-- Installing: /home/orangepi/Desktop/SparkCar_ROS2_WS/SparkCar_Tools/install/aslam_imgproc/share/aslam_imgproc/cmake/ament_cmake_export_targets-extras.cmake
-- Installing: /home/orangepi/Desktop/SparkCar_ROS2_WS/SparkCar_Tools/install/aslam_imgproc/share/aslam_imgproc/cmake/ament_cmake_export_include_directories-extras.cmake
-- Installing: /home/orangepi/Desktop/SparkCar_ROS2_WS/SparkCar_Tools/install/aslam_imgproc/share/aslam_imgproc/cmake/aslam_imgprocConfig.cmake
-- Installing: /home/orangepi/Desktop/SparkCar_ROS2_WS/SparkCar_Tools/install/aslam_imgproc/share/aslam_imgproc/cmake/aslam_imgprocConfig-version.cmake
-- Installing: /home/orangepi/Desktop/SparkCar_ROS2_WS/SparkCar_Tools/install/aslam_imgproc/share/aslam_imgproc/package.xml
