[  1%] Built target interface__rs
[  3%] Built target interface__cpp
[ 14%] Built target interface__rosidl_generator_c
[ 14%] Built target ament_cmake_python_copy_interface
[ 25%] Built target interface__rosidl_typesupport_introspection_cpp
[ 35%] Built target interface__rosidl_typesupport_fastrtps_cpp
[ 46%] Built target interface__rosidl_typesupport_cpp
[ 57%] Built target interface__rosidl_typesupport_introspection_c
[ 68%] Built target interface__rosidl_typesupport_c
[ 79%] Built target interface__rosidl_typesupport_fastrtps_c
[ 79%] Built target interface
[ 81%] Built target interface__py
[ 90%] Built target interface__rosidl_generator_py
[ 93%] Built target interface__rosidl_typesupport_fastrtps_c__pyext
[ 98%] Built target interface__rosidl_typesupport_c__pyext
[100%] Built target interface__rosidl_typesupport_introspection_c__pyext
running egg_info
writing interface.egg-info/PKG-INFO
writing dependency_links to interface.egg-info/dependency_links.txt
writing top-level names to interface.egg-info/top_level.txt
reading manifest file 'interface.egg-info/SOURCES.txt'
