[0.028s] Invoking command in '/home/jiaverso/Desktop/SparkCar_ROS2_WS/SparkCar_Perception/build/interface': CMAKE_PREFIX_PATH=${CMAKE_PREFIX_PATH}:/opt/ros/humble /usr/bin/cmake --build /home/jiaverso/Desktop/SparkCar_ROS2_WS/SparkCar_Perception/build/interface -- -j8 -l8
[0.095s] [  1%] Built target interface__rs
[0.099s] [  3%] Built target interface__cpp
[0.108s] [ 14%] Built target interface__rosidl_generator_c
[0.164s] [ 14%] Built target ament_cmake_python_copy_interface
[0.203s] [ 25%] Built target interface__rosidl_typesupport_introspection_cpp
[0.203s] [ 35%] Built target interface__rosidl_typesupport_fastrtps_cpp
[0.209s] [ 46%] Built target interface__rosidl_typesupport_cpp
[0.227s] [ 57%] Built target interface__rosidl_typesupport_introspection_c
[0.227s] [ 68%] Built target interface__rosidl_typesupport_c
[0.254s] [ 79%] Built target interface__rosidl_typesupport_fastrtps_c
[0.314s] [ 79%] Built target interface
[0.376s] [ 81%] Built target interface__py
[0.447s] [ 90%] Built target interface__rosidl_generator_py
[0.509s] [ 93%] Built target interface__rosidl_typesupport_fastrtps_c__pyext
[0.517s] [ 98%] Built target interface__rosidl_typesupport_c__pyext
[0.521s] [100%] Built target interface__rosidl_typesupport_introspection_c__pyext
[0.646s] running egg_info
[0.664s] writing interface.egg-info/PKG-INFO
[0.665s] writing dependency_links to interface.egg-info/dependency_links.txt
[0.666s] writing top-level names to interface.egg-info/top_level.txt
[0.723s] reading manifest file 'interface.egg-info/SOURCES.txt'
[0.743s] Traceback (most recent call last):
[0.744s]   File "/home/jiaverso/Desktop/SparkCar_ROS2_WS/SparkCar_Perception/build/interface/ament_cmake_python/interface/setup.py", line 4, in <module>
[0.744s]     setup(
[0.744s]   File "/home/jiaverso/.local/lib/python3.10/site-packages/setuptools/__init__.py", line 117, in setup
[0.744s]     return distutils.core.setup(**attrs)
[0.744s]   File "/home/jiaverso/.local/lib/python3.10/site-packages/setuptools/_distutils/core.py", line 186, in setup
[0.744s]     return run_commands(dist)
[0.744s]   File "/home/jiaverso/.local/lib/python3.10/site-packages/setuptools/_distutils/core.py", line 202, in run_commands
[0.745s]     dist.run_commands()
[0.746s]   File "/home/jiaverso/.local/lib/python3.10/site-packages/setuptools/_distutils/dist.py", line 1002, in run_commands
[0.746s]     self.run_command(cmd)
[0.746s]   File "/home/jiaverso/.local/lib/python3.10/site-packages/setuptools/dist.py", line 1104, in run_command
[0.746s]     super().run_command(command)
[0.746s]   File "/home/jiaverso/.local/lib/python3.10/site-packages/setuptools/_distutils/dist.py", line 1021, in run_command
[0.746s]     cmd_obj.run()
[0.746s]   File "/home/jiaverso/.local/lib/python3.10/site-packages/setuptools/command/egg_info.py", line 312, in run
[0.746s]     self.find_sources()
[0.746s]   File "/home/jiaverso/.local/lib/python3.10/site-packages/setuptools/command/egg_info.py", line 320, in find_sources
[0.746s]     mm.run()
[0.746s]   File "/home/jiaverso/.local/lib/python3.10/site-packages/setuptools/command/egg_info.py", line 548, in run
[0.746s]     self.prune_file_list()
[0.746s]   File "/home/jiaverso/.local/lib/python3.10/site-packages/setuptools/command/sdist.py", line 162, in prune_file_list
[0.747s]     super().prune_file_list()
[0.747s]   File "/home/jiaverso/.local/lib/python3.10/site-packages/setuptools/_distutils/command/sdist.py", line 386, in prune_file_list
[0.748s]     base_dir = self.distribution.get_fullname()
[0.748s]   File "/home/jiaverso/.local/lib/python3.10/site-packages/setuptools/_core_metadata.py", line 275, in get_fullname
[0.748s]     return _distribution_fullname(self.get_name(), self.get_version())
[0.748s]   File "/home/jiaverso/.local/lib/python3.10/site-packages/setuptools/_core_metadata.py", line 293, in _distribution_fullname
[0.748s]     canonicalize_version(version, strip_trailing_zero=False),
[0.748s] TypeError: canonicalize_version() got an unexpected keyword argument 'strip_trailing_zero'
[0.784s] gmake[2]: *** [CMakeFiles/ament_cmake_python_build_interface_egg.dir/build.make:70: CMakeFiles/ament_cmake_python_build_interface_egg] Error 1
[0.784s] gmake[1]: *** [CMakeFiles/Makefile2:466: CMakeFiles/ament_cmake_python_build_interface_egg.dir/all] Error 2
[0.785s] gmake: *** [Makefile:146: all] Error 2
[0.792s] Invoked command in '/home/jiaverso/Desktop/SparkCar_ROS2_WS/SparkCar_Perception/build/interface' returned '2': CMAKE_PREFIX_PATH=${CMAKE_PREFIX_PATH}:/opt/ros/humble /usr/bin/cmake --build /home/jiaverso/Desktop/SparkCar_ROS2_WS/SparkCar_Perception/build/interface -- -j8 -l8
