[0.045s] Invoking command in '/home/orangepi/Desktop/SparkCar_ROS2_WS/SparkCar_Tools/build/sm_random': CMAKE_PREFIX_PATH=${CMAKE_PREFIX_PATH}:/opt/ros/humble /usr/bin/cmake /home/orangepi/Desktop/SparkCar_ROS2_WS/SparkCar_Tools/src/Kalibr_ROS2/src/Schweizer-Messer/sm_random -DCMAKE_BUILD_TYPE=Release -DCMAKE_INSTALL_PREFIX=/home/orangepi/Desktop/SparkCar_ROS2_WS/SparkCar_Tools/install/sm_random
[0.209s] -- The C compiler identification is GNU 11.4.0
[0.342s] -- The CXX compiler identification is GNU 11.4.0
[0.357s] -- Detecting C compiler ABI info
[0.586s] -- Detecting C compiler ABI info - done
[0.594s] -- Check for working C compiler: /usr/bin/cc - skipped
[0.595s] -- Detecting C compile features
[0.596s] -- Detecting C compile features - done
[0.600s] -- Detecting CXX compiler ABI info
[0.733s] -- Detecting CXX compiler ABI info - done
[0.748s] -- Check for working CXX compiler: /usr/bin/c++ - skipped
[0.749s] -- Detecting CXX compile features
[0.750s] -- Detecting CXX compile features - done
[0.754s] -- Found ament_cmake: 1.3.14 (/opt/ros/humble/share/ament_cmake/cmake)
[1.142s] -- Found Python3: /usr/bin/python3 (found version "3.10.12") found components: Interpreter 
[1.409s] -- Configuring done
[1.413s] -- Generating done
[1.416s] -- Build files have been written to: /home/orangepi/Desktop/SparkCar_ROS2_WS/SparkCar_Tools/build/sm_random
[1.432s] Invoked command in '/home/orangepi/Desktop/SparkCar_ROS2_WS/SparkCar_Tools/build/sm_random' returned '0': CMAKE_PREFIX_PATH=${CMAKE_PREFIX_PATH}:/opt/ros/humble /usr/bin/cmake /home/orangepi/Desktop/SparkCar_ROS2_WS/SparkCar_Tools/src/Kalibr_ROS2/src/Schweizer-Messer/sm_random -DCMAKE_BUILD_TYPE=Release -DCMAKE_INSTALL_PREFIX=/home/orangepi/Desktop/SparkCar_ROS2_WS/SparkCar_Tools/install/sm_random
[1.433s] Invoking command in '/home/orangepi/Desktop/SparkCar_ROS2_WS/SparkCar_Tools/build/sm_random': CMAKE_PREFIX_PATH=${CMAKE_PREFIX_PATH}:/opt/ros/humble /usr/bin/cmake --build /home/orangepi/Desktop/SparkCar_ROS2_WS/SparkCar_Tools/build/sm_random -- -j8 -l8
[1.599s] [ 50%] [32mBuilding CXX object CMakeFiles/sm_random.dir/src/random.cpp.o[0m
[10.549s] [100%] [32m[1mLinking CXX static library libsm_random.a[0m
[10.866s] [100%] Built target sm_random
[10.933s] Invoked command in '/home/orangepi/Desktop/SparkCar_ROS2_WS/SparkCar_Tools/build/sm_random' returned '0': CMAKE_PREFIX_PATH=${CMAKE_PREFIX_PATH}:/opt/ros/humble /usr/bin/cmake --build /home/orangepi/Desktop/SparkCar_ROS2_WS/SparkCar_Tools/build/sm_random -- -j8 -l8
[10.934s] Invoking command in '/home/orangepi/Desktop/SparkCar_ROS2_WS/SparkCar_Tools/build/sm_random': CMAKE_PREFIX_PATH=${CMAKE_PREFIX_PATH}:/opt/ros/humble /usr/bin/cmake --install /home/orangepi/Desktop/SparkCar_ROS2_WS/SparkCar_Tools/build/sm_random
[12.313s] -- Install configuration: "Release"
[12.313s] -- Installing: /home/orangepi/Desktop/SparkCar_ROS2_WS/SparkCar_Tools/install/sm_random/lib/libsm_random.a
[12.313s] -- Installing: /home/orangepi/Desktop/SparkCar_ROS2_WS/SparkCar_Tools/install/sm_random/include
[12.313s] -- Installing: /home/orangepi/Desktop/SparkCar_ROS2_WS/SparkCar_Tools/install/sm_random/include/sm
[12.313s] -- Installing: /home/orangepi/Desktop/SparkCar_ROS2_WS/SparkCar_Tools/install/sm_random/include/sm/random.hpp
[12.313s] -- Installing: /home/orangepi/Desktop/SparkCar_ROS2_WS/SparkCar_Tools/install/sm_random/share/sm_random/environment/library_path.sh
[12.313s] -- Installing: /home/orangepi/Desktop/SparkCar_ROS2_WS/SparkCar_Tools/install/sm_random/share/sm_random/environment/library_path.dsv
[12.313s] -- Installing: /home/orangepi/Desktop/SparkCar_ROS2_WS/SparkCar_Tools/install/sm_random/share/ament_index/resource_index/package_run_dependencies/sm_random
[12.313s] -- Installing: /home/orangepi/Desktop/SparkCar_ROS2_WS/SparkCar_Tools/install/sm_random/share/ament_index/resource_index/parent_prefix_path/sm_random
[12.314s] -- Installing: /home/orangepi/Desktop/SparkCar_ROS2_WS/SparkCar_Tools/install/sm_random/share/sm_random/environment/ament_prefix_path.sh
[12.314s] -- Installing: /home/orangepi/Desktop/SparkCar_ROS2_WS/SparkCar_Tools/install/sm_random/share/sm_random/environment/ament_prefix_path.dsv
[12.314s] -- Installing: /home/orangepi/Desktop/SparkCar_ROS2_WS/SparkCar_Tools/install/sm_random/share/sm_random/environment/path.sh
[12.314s] -- Installing: /home/orangepi/Desktop/SparkCar_ROS2_WS/SparkCar_Tools/install/sm_random/share/sm_random/environment/path.dsv
[12.314s] -- Installing: /home/orangepi/Desktop/SparkCar_ROS2_WS/SparkCar_Tools/install/sm_random/share/sm_random/local_setup.bash
[12.314s] -- Installing: /home/orangepi/Desktop/SparkCar_ROS2_WS/SparkCar_Tools/install/sm_random/share/sm_random/local_setup.sh
[12.314s] -- Installing: /home/orangepi/Desktop/SparkCar_ROS2_WS/SparkCar_Tools/install/sm_random/share/sm_random/local_setup.zsh
[12.314s] -- Installing: /home/orangepi/Desktop/SparkCar_ROS2_WS/SparkCar_Tools/install/sm_random/share/sm_random/local_setup.dsv
[12.314s] -- Installing: /home/orangepi/Desktop/SparkCar_ROS2_WS/SparkCar_Tools/install/sm_random/share/sm_random/package.dsv
[12.314s] -- Installing: /home/orangepi/Desktop/SparkCar_ROS2_WS/SparkCar_Tools/install/sm_random/share/ament_index/resource_index/packages/sm_random
[12.314s] -- Installing: /home/orangepi/Desktop/SparkCar_ROS2_WS/SparkCar_Tools/install/sm_random/share/sm_random/cmake/sm_randomTargetsExport.cmake
[12.314s] -- Installing: /home/orangepi/Desktop/SparkCar_ROS2_WS/SparkCar_Tools/install/sm_random/share/sm_random/cmake/sm_randomTargetsExport-release.cmake
[12.314s] -- Installing: /home/orangepi/Desktop/SparkCar_ROS2_WS/SparkCar_Tools/install/sm_random/share/sm_random/cmake/ament_cmake_export_targets-extras.cmake
[12.314s] -- Installing: /home/orangepi/Desktop/SparkCar_ROS2_WS/SparkCar_Tools/install/sm_random/share/sm_random/cmake/ament_cmake_export_include_directories-extras.cmake
[12.314s] -- Installing: /home/orangepi/Desktop/SparkCar_ROS2_WS/SparkCar_Tools/install/sm_random/share/sm_random/cmake/sm_randomConfig.cmake
[12.314s] -- Installing: /home/orangepi/Desktop/SparkCar_ROS2_WS/SparkCar_Tools/install/sm_random/share/sm_random/cmake/sm_randomConfig-version.cmake
[12.315s] -- Installing: /home/orangepi/Desktop/SparkCar_ROS2_WS/SparkCar_Tools/install/sm_random/share/sm_random/package.xml
[12.359s] Invoked command in '/home/orangepi/Desktop/SparkCar_ROS2_WS/SparkCar_Tools/build/sm_random' returned '0': CMAKE_PREFIX_PATH=${CMAKE_PREFIX_PATH}:/opt/ros/humble /usr/bin/cmake --install /home/orangepi/Desktop/SparkCar_ROS2_WS/SparkCar_Tools/build/sm_random
