[0.014s] Invoking command in '/home/jiaverso/Desktop/SparkCar_ROS2_WS/SparkCar_Navigation/build/teb_local_planner': AMENT_PREFIX_PATH=/home/jiaverso/Desktop/SparkCar_ROS2_WS/SparkCar_Navigation/install/teb_msgs:/home/jiaverso/Desktop/SparkCar_ROS2_WS/SparkCar_Navigation/install/costmap_converter:/home/jiaverso/Desktop/SparkCar_ROS2_WS/SparkCar_Navigation/install/costmap_converter_msgs:${AMENT_PREFIX_PATH} CMAKE_PREFIX_PATH=/home/jiaverso/Desktop/SparkCar_ROS2_WS/SparkCar_Navigation/install/teb_msgs:/home/jiaverso/Desktop/SparkCar_ROS2_WS/SparkCar_Navigation/install/costmap_converter:/home/jiaverso/Desktop/SparkCar_ROS2_WS/SparkCar_Navigation/install/costmap_converter_msgs:/home/jiaverso/Desktop/SparkCar_ROS2_WS/SparkCar_Perception/install/realsense2_description:/home/jiaverso/Desktop/SparkCar_ROS2_WS/SparkCar_Perception/install/realsense2_camera:/home/jiaverso/Desktop/SparkCar_ROS2_WS/SparkCar_Perception/install/realsense2_camera_msgs:/home/jiaverso/Desktop/SparkCar_ROS2_WS/SparkCar_Perception/install/pgo:/home/jiaverso/Desktop/SparkCar_ROS2_WS/SparkCar_Perception/install/localizer:/home/jiaverso/Desktop/SparkCar_ROS2_WS/SparkCar_Perception/install/fastlio2:/home/jiaverso/Desktop/SparkCar_ROS2_WS/SparkCar_Perception/install/livox_ros_driver2:/home/jiaverso/Desktop/SparkCar_ROS2_WS/SparkCar_Perception/install/hba:/home/jiaverso/Desktop/SparkCar_ROS2_WS/SparkCar_Perception/install/interface:/home/jiaverso/Desktop/SparkCar_ROS2_WS/SparkCar_Tools/install/pcd2pgm:/opt/ros/humble LD_LIBRARY_PATH=/home/jiaverso/Desktop/SparkCar_ROS2_WS/SparkCar_Navigation/install/teb_msgs/lib:/home/jiaverso/Desktop/SparkCar_ROS2_WS/SparkCar_Navigation/install/costmap_converter/lib:/home/jiaverso/Desktop/SparkCar_ROS2_WS/SparkCar_Navigation/install/costmap_converter_msgs/lib:${LD_LIBRARY_PATH} PATH=/home/jiaverso/Desktop/SparkCar_ROS2_WS/SparkCar_Navigation/install/costmap_converter/bin:${PATH} PYTHONPATH=/home/jiaverso/Desktop/SparkCar_ROS2_WS/SparkCar_Navigation/install/teb_msgs/local/lib/python3.10/dist-packages:/home/jiaverso/Desktop/SparkCar_ROS2_WS/SparkCar_Navigation/install/costmap_converter_msgs/local/lib/python3.10/dist-packages:${PYTHONPATH} /usr/bin/cmake /home/jiaverso/Desktop/SparkCar_ROS2_WS/SparkCar_Navigation/src/teb_local_planner/teb_local_planner -DCMAKE_INSTALL_PREFIX=/home/jiaverso/Desktop/SparkCar_ROS2_WS/SparkCar_Navigation/install/teb_local_planner
[0.023s] -- Found ament_cmake: 1.3.14 (/opt/ros/humble/share/ament_cmake/cmake)
[0.126s] -- Override CMake install command with custom implementation using symlinks instead of copying resources
[0.135s] -- Found costmap_converter: 0.1.2 (/home/jiaverso/Desktop/SparkCar_ROS2_WS/SparkCar_Navigation/install/costmap_converter/share/costmap_converter/cmake)
[0.177s] -- Found rosidl_generator_c: 3.1.9 (/opt/ros/humble/share/rosidl_generator_c/cmake)
[0.181s] -- Found rosidl_adapter: 3.1.9 (/opt/ros/humble/share/rosidl_adapter/cmake)
[0.190s] -- Found rosidl_generator_cpp: 3.1.9 (/opt/ros/humble/share/rosidl_generator_cpp/cmake)
[0.204s] -- Using all available rosidl_typesupport_c: rosidl_typesupport_fastrtps_c;rosidl_typesupport_introspection_c
[0.220s] -- Using all available rosidl_typesupport_cpp: rosidl_typesupport_fastrtps_cpp;rosidl_typesupport_introspection_cpp
[0.383s] -- Found rmw_implementation_cmake: 6.1.2 (/opt/ros/humble/share/rmw_implementation_cmake/cmake)
[0.385s] -- Found rmw_fastrtps_cpp: 6.2.10 (/opt/ros/humble/share/rmw_fastrtps_cpp/cmake)
[0.494s] -- Using RMW implementation 'rmw_fastrtps_cpp' as default
[0.639s] -- Ensuring Eigen3 include directory is part of orocos-kdl CMake target
[0.726s] -- Found dwb_critics: 1.1.20 (/opt/ros/humble/share/dwb_critics/cmake)
[0.874s] -- Found teb_msgs: 0.0.1 (/home/jiaverso/Desktop/SparkCar_ROS2_WS/SparkCar_Navigation/install/teb_msgs/share/teb_msgs/cmake)
[0.905s] -- Found tf2_eigen: 0.25.20 (/opt/ros/humble/share/tf2_eigen/cmake)
[0.909s] -- System: Linux-6.8.0-124-generic
[0.909s] -- /opt/ros/humble/share/tinyxml2_vendor/cmake/Modules;/opt/ros/humble/share/eigen3_cmake_module/cmake/Modules;/opt/ros/humble/share/fastrtps_cmake_module/cmake/Modules;/home/jiaverso/Desktop/SparkCar_ROS2_WS/SparkCar_Navigation/src/teb_local_planner/teb_local_planner/cmake_modules
[0.912s] -- Found SuiteSparse
[0.912s] -- Searching for g2o ...
[0.912s] -- Found g2o headers in: /opt/ros/humble/include/g2o
[0.912s] -- Found libg2o: /opt/ros/humble/lib/x86_64-linux-gnu/libg2o_csparse_extension.so;/opt/ros/humble/lib/x86_64-linux-gnu/libg2o_core.so;/opt/ros/humble/lib/x86_64-linux-gnu/libg2o_stuff.so;/opt/ros/humble/lib/x86_64-linux-gnu/libg2o_types_slam2d.so;/opt/ros/humble/lib/x86_64-linux-gnu/libg2o_types_slam3d.so;/opt/ros/humble/lib/x86_64-linux-gnu/libg2o_solver_cholmod.so;/opt/ros/humble/lib/x86_64-linux-gnu/libg2o_solver_pcg.so;/opt/ros/humble/lib/x86_64-linux-gnu/libg2o_solver_csparse.so;/opt/ros/humble/lib/x86_64-linux-gnu/libg2o_incremental.so
[2.685s] -- Found ament_cmake_gtest: 1.3.14 (/opt/ros/humble/share/ament_cmake_gtest/cmake)
[2.741s] -- Configuring done
[2.791s] -- Generating done
[2.798s] -- Build files have been written to: /home/jiaverso/Desktop/SparkCar_ROS2_WS/SparkCar_Navigation/build/teb_local_planner
[2.807s] Invoked command in '/home/jiaverso/Desktop/SparkCar_ROS2_WS/SparkCar_Navigation/build/teb_local_planner' returned '0': AMENT_PREFIX_PATH=/home/jiaverso/Desktop/SparkCar_ROS2_WS/SparkCar_Navigation/install/teb_msgs:/home/jiaverso/Desktop/SparkCar_ROS2_WS/SparkCar_Navigation/install/costmap_converter:/home/jiaverso/Desktop/SparkCar_ROS2_WS/SparkCar_Navigation/install/costmap_converter_msgs:${AMENT_PREFIX_PATH} CMAKE_PREFIX_PATH=/home/jiaverso/Desktop/SparkCar_ROS2_WS/SparkCar_Navigation/install/teb_msgs:/home/jiaverso/Desktop/SparkCar_ROS2_WS/SparkCar_Navigation/install/costmap_converter:/home/jiaverso/Desktop/SparkCar_ROS2_WS/SparkCar_Navigation/install/costmap_converter_msgs:/home/jiaverso/Desktop/SparkCar_ROS2_WS/SparkCar_Perception/install/realsense2_description:/home/jiaverso/Desktop/SparkCar_ROS2_WS/SparkCar_Perception/install/realsense2_camera:/home/jiaverso/Desktop/SparkCar_ROS2_WS/SparkCar_Perception/install/realsense2_camera_msgs:/home/jiaverso/Desktop/SparkCar_ROS2_WS/SparkCar_Perception/install/pgo:/home/jiaverso/Desktop/SparkCar_ROS2_WS/SparkCar_Perception/install/localizer:/home/jiaverso/Desktop/SparkCar_ROS2_WS/SparkCar_Perception/install/fastlio2:/home/jiaverso/Desktop/SparkCar_ROS2_WS/SparkCar_Perception/install/livox_ros_driver2:/home/jiaverso/Desktop/SparkCar_ROS2_WS/SparkCar_Perception/install/hba:/home/jiaverso/Desktop/SparkCar_ROS2_WS/SparkCar_Perception/install/interface:/home/jiaverso/Desktop/SparkCar_ROS2_WS/SparkCar_Tools/install/pcd2pgm:/opt/ros/humble LD_LIBRARY_PATH=/home/jiaverso/Desktop/SparkCar_ROS2_WS/SparkCar_Navigation/install/teb_msgs/lib:/home/jiaverso/Desktop/SparkCar_ROS2_WS/SparkCar_Navigation/install/costmap_converter/lib:/home/jiaverso/Desktop/SparkCar_ROS2_WS/SparkCar_Navigation/install/costmap_converter_msgs/lib:${LD_LIBRARY_PATH} PATH=/home/jiaverso/Desktop/SparkCar_ROS2_WS/SparkCar_Navigation/install/costmap_converter/bin:${PATH} PYTHONPATH=/home/jiaverso/Desktop/SparkCar_ROS2_WS/SparkCar_Navigation/install/teb_msgs/local/lib/python3.10/dist-packages:/home/jiaverso/Desktop/SparkCar_ROS2_WS/SparkCar_Navigation/install/costmap_converter_msgs/local/lib/python3.10/dist-packages:${PYTHONPATH} /usr/bin/cmake /home/jiaverso/Desktop/SparkCar_ROS2_WS/SparkCar_Navigation/src/teb_local_planner/teb_local_planner -DCMAKE_INSTALL_PREFIX=/home/jiaverso/Desktop/SparkCar_ROS2_WS/SparkCar_Navigation/install/teb_local_planner
[2.809s] Invoking command in '/home/jiaverso/Desktop/SparkCar_ROS2_WS/SparkCar_Navigation/build/teb_local_planner': AMENT_PREFIX_PATH=/home/jiaverso/Desktop/SparkCar_ROS2_WS/SparkCar_Navigation/install/teb_msgs:/home/jiaverso/Desktop/SparkCar_ROS2_WS/SparkCar_Navigation/install/costmap_converter:/home/jiaverso/Desktop/SparkCar_ROS2_WS/SparkCar_Navigation/install/costmap_converter_msgs:${AMENT_PREFIX_PATH} CMAKE_PREFIX_PATH=/home/jiaverso/Desktop/SparkCar_ROS2_WS/SparkCar_Navigation/install/teb_msgs:/home/jiaverso/Desktop/SparkCar_ROS2_WS/SparkCar_Navigation/install/costmap_converter:/home/jiaverso/Desktop/SparkCar_ROS2_WS/SparkCar_Navigation/install/costmap_converter_msgs:/home/jiaverso/Desktop/SparkCar_ROS2_WS/SparkCar_Perception/install/realsense2_description:/home/jiaverso/Desktop/SparkCar_ROS2_WS/SparkCar_Perception/install/realsense2_camera:/home/jiaverso/Desktop/SparkCar_ROS2_WS/SparkCar_Perception/install/realsense2_camera_msgs:/home/jiaverso/Desktop/SparkCar_ROS2_WS/SparkCar_Perception/install/pgo:/home/jiaverso/Desktop/SparkCar_ROS2_WS/SparkCar_Perception/install/localizer:/home/jiaverso/Desktop/SparkCar_ROS2_WS/SparkCar_Perception/install/fastlio2:/home/jiaverso/Desktop/SparkCar_ROS2_WS/SparkCar_Perception/install/livox_ros_driver2:/home/jiaverso/Desktop/SparkCar_ROS2_WS/SparkCar_Perception/install/hba:/home/jiaverso/Desktop/SparkCar_ROS2_WS/SparkCar_Perception/install/interface:/home/jiaverso/Desktop/SparkCar_ROS2_WS/SparkCar_Tools/install/pcd2pgm:/opt/ros/humble LD_LIBRARY_PATH=/home/jiaverso/Desktop/SparkCar_ROS2_WS/SparkCar_Navigation/install/teb_msgs/lib:/home/jiaverso/Desktop/SparkCar_ROS2_WS/SparkCar_Navigation/install/costmap_converter/lib:/home/jiaverso/Desktop/SparkCar_ROS2_WS/SparkCar_Navigation/install/costmap_converter_msgs/lib:${LD_LIBRARY_PATH} PATH=/home/jiaverso/Desktop/SparkCar_ROS2_WS/SparkCar_Navigation/install/costmap_converter/bin:${PATH} PYTHONPATH=/home/jiaverso/Desktop/SparkCar_ROS2_WS/SparkCar_Navigation/install/teb_msgs/local/lib/python3.10/dist-packages:/home/jiaverso/Desktop/SparkCar_ROS2_WS/SparkCar_Navigation/install/costmap_converter_msgs/local/lib/python3.10/dist-packages:${PYTHONPATH} /usr/bin/cmake --build /home/jiaverso/Desktop/SparkCar_ROS2_WS/SparkCar_Navigation/build/teb_local_planner -- -j8 -l8
[2.856s] [35m[1mConsolidate compiler generated dependencies of target teb_local_planner[0m
[2.917s] [100%] Built target teb_local_planner
[2.931s] Invoked command in '/home/jiaverso/Desktop/SparkCar_ROS2_WS/SparkCar_Navigation/build/teb_local_planner' returned '0': AMENT_PREFIX_PATH=/home/jiaverso/Desktop/SparkCar_ROS2_WS/SparkCar_Navigation/install/teb_msgs:/home/jiaverso/Desktop/SparkCar_ROS2_WS/SparkCar_Navigation/install/costmap_converter:/home/jiaverso/Desktop/SparkCar_ROS2_WS/SparkCar_Navigation/install/costmap_converter_msgs:${AMENT_PREFIX_PATH} CMAKE_PREFIX_PATH=/home/jiaverso/Desktop/SparkCar_ROS2_WS/SparkCar_Navigation/install/teb_msgs:/home/jiaverso/Desktop/SparkCar_ROS2_WS/SparkCar_Navigation/install/costmap_converter:/home/jiaverso/Desktop/SparkCar_ROS2_WS/SparkCar_Navigation/install/costmap_converter_msgs:/home/jiaverso/Desktop/SparkCar_ROS2_WS/SparkCar_Perception/install/realsense2_description:/home/jiaverso/Desktop/SparkCar_ROS2_WS/SparkCar_Perception/install/realsense2_camera:/home/jiaverso/Desktop/SparkCar_ROS2_WS/SparkCar_Perception/install/realsense2_camera_msgs:/home/jiaverso/Desktop/SparkCar_ROS2_WS/SparkCar_Perception/install/pgo:/home/jiaverso/Desktop/SparkCar_ROS2_WS/SparkCar_Perception/install/localizer:/home/jiaverso/Desktop/SparkCar_ROS2_WS/SparkCar_Perception/install/fastlio2:/home/jiaverso/Desktop/SparkCar_ROS2_WS/SparkCar_Perception/install/livox_ros_driver2:/home/jiaverso/Desktop/SparkCar_ROS2_WS/SparkCar_Perception/install/hba:/home/jiaverso/Desktop/SparkCar_ROS2_WS/SparkCar_Perception/install/interface:/home/jiaverso/Desktop/SparkCar_ROS2_WS/SparkCar_Tools/install/pcd2pgm:/opt/ros/humble LD_LIBRARY_PATH=/home/jiaverso/Desktop/SparkCar_ROS2_WS/SparkCar_Navigation/install/teb_msgs/lib:/home/jiaverso/Desktop/SparkCar_ROS2_WS/SparkCar_Navigation/install/costmap_converter/lib:/home/jiaverso/Desktop/SparkCar_ROS2_WS/SparkCar_Navigation/install/costmap_converter_msgs/lib:${LD_LIBRARY_PATH} PATH=/home/jiaverso/Desktop/SparkCar_ROS2_WS/SparkCar_Navigation/install/costmap_converter/bin:${PATH} PYTHONPATH=/home/jiaverso/Desktop/SparkCar_ROS2_WS/SparkCar_Navigation/install/teb_msgs/local/lib/python3.10/dist-packages:/home/jiaverso/Desktop/SparkCar_ROS2_WS/SparkCar_Navigation/install/costmap_converter_msgs/local/lib/python3.10/dist-packages:${PYTHONPATH} /usr/bin/cmake --build /home/jiaverso/Desktop/SparkCar_ROS2_WS/SparkCar_Navigation/build/teb_local_planner -- -j8 -l8
[2.934s] Invoking command in '/home/jiaverso/Desktop/SparkCar_ROS2_WS/SparkCar_Navigation/build/teb_local_planner': AMENT_PREFIX_PATH=/home/jiaverso/Desktop/SparkCar_ROS2_WS/SparkCar_Navigation/install/teb_msgs:/home/jiaverso/Desktop/SparkCar_ROS2_WS/SparkCar_Navigation/install/costmap_converter:/home/jiaverso/Desktop/SparkCar_ROS2_WS/SparkCar_Navigation/install/costmap_converter_msgs:${AMENT_PREFIX_PATH} CMAKE_PREFIX_PATH=/home/jiaverso/Desktop/SparkCar_ROS2_WS/SparkCar_Navigation/install/teb_msgs:/home/jiaverso/Desktop/SparkCar_ROS2_WS/SparkCar_Navigation/install/costmap_converter:/home/jiaverso/Desktop/SparkCar_ROS2_WS/SparkCar_Navigation/install/costmap_converter_msgs:/home/jiaverso/Desktop/SparkCar_ROS2_WS/SparkCar_Perception/install/realsense2_description:/home/jiaverso/Desktop/SparkCar_ROS2_WS/SparkCar_Perception/install/realsense2_camera:/home/jiaverso/Desktop/SparkCar_ROS2_WS/SparkCar_Perception/install/realsense2_camera_msgs:/home/jiaverso/Desktop/SparkCar_ROS2_WS/SparkCar_Perception/install/pgo:/home/jiaverso/Desktop/SparkCar_ROS2_WS/SparkCar_Perception/install/localizer:/home/jiaverso/Desktop/SparkCar_ROS2_WS/SparkCar_Perception/install/fastlio2:/home/jiaverso/Desktop/SparkCar_ROS2_WS/SparkCar_Perception/install/livox_ros_driver2:/home/jiaverso/Desktop/SparkCar_ROS2_WS/SparkCar_Perception/install/hba:/home/jiaverso/Desktop/SparkCar_ROS2_WS/SparkCar_Perception/install/interface:/home/jiaverso/Desktop/SparkCar_ROS2_WS/SparkCar_Tools/install/pcd2pgm:/opt/ros/humble LD_LIBRARY_PATH=/home/jiaverso/Desktop/SparkCar_ROS2_WS/SparkCar_Navigation/install/teb_msgs/lib:/home/jiaverso/Desktop/SparkCar_ROS2_WS/SparkCar_Navigation/install/costmap_converter/lib:/home/jiaverso/Desktop/SparkCar_ROS2_WS/SparkCar_Navigation/install/costmap_converter_msgs/lib:${LD_LIBRARY_PATH} PATH=/home/jiaverso/Desktop/SparkCar_ROS2_WS/SparkCar_Navigation/install/costmap_converter/bin:${PATH} PYTHONPATH=/home/jiaverso/Desktop/SparkCar_ROS2_WS/SparkCar_Navigation/install/teb_msgs/local/lib/python3.10/dist-packages:/home/jiaverso/Desktop/SparkCar_ROS2_WS/SparkCar_Navigation/install/costmap_converter_msgs/local/lib/python3.10/dist-packages:${PYTHONPATH} /usr/bin/cmake --install /home/jiaverso/Desktop/SparkCar_ROS2_WS/SparkCar_Navigation/build/teb_local_planner
[2.949s] -- Install configuration: "Release"
[2.950s] -- Execute custom install script
[2.951s] -- Up-to-date symlink: /home/jiaverso/Desktop/SparkCar_ROS2_WS/SparkCar_Navigation/install/teb_local_planner/lib/libteb_local_planner.so
[2.952s] -- Up-to-date symlink: /home/jiaverso/Desktop/SparkCar_ROS2_WS/SparkCar_Navigation/install/teb_local_planner/include//teb_local_planner/distance_calculations.h
[2.952s] -- Up-to-date symlink: /home/jiaverso/Desktop/SparkCar_ROS2_WS/SparkCar_Navigation/install/teb_local_planner/include//teb_local_planner/equivalence_relations.h
[2.953s] -- Up-to-date symlink: /home/jiaverso/Desktop/SparkCar_ROS2_WS/SparkCar_Navigation/install/teb_local_planner/include//teb_local_planner/g2o_types/base_teb_edges.h
[2.953s] -- Up-to-date symlink: /home/jiaverso/Desktop/SparkCar_ROS2_WS/SparkCar_Navigation/install/teb_local_planner/include//teb_local_planner/g2o_types/edge_acceleration.h
[2.953s] -- Up-to-date symlink: /home/jiaverso/Desktop/SparkCar_ROS2_WS/SparkCar_Navigation/install/teb_local_planner/include//teb_local_planner/g2o_types/edge_dynamic_obstacle.h
[2.953s] -- Up-to-date symlink: /home/jiaverso/Desktop/SparkCar_ROS2_WS/SparkCar_Navigation/install/teb_local_planner/include//teb_local_planner/g2o_types/edge_kinematics.h
[2.953s] -- Up-to-date symlink: /home/jiaverso/Desktop/SparkCar_ROS2_WS/SparkCar_Navigation/install/teb_local_planner/include//teb_local_planner/g2o_types/edge_obstacle.h
[2.954s] -- Up-to-date symlink: /home/jiaverso/Desktop/SparkCar_ROS2_WS/SparkCar_Navigation/install/teb_local_planner/include//teb_local_planner/g2o_types/edge_prefer_rotdir.h
[2.954s] -- Up-to-date symlink: /home/jiaverso/Desktop/SparkCar_ROS2_WS/SparkCar_Navigation/install/teb_local_planner/include//teb_local_planner/g2o_types/edge_shortest_path.h
[2.954s] -- Up-to-date symlink: /home/jiaverso/Desktop/SparkCar_ROS2_WS/SparkCar_Navigation/install/teb_local_planner/include//teb_local_planner/g2o_types/edge_time_optimal.h
[2.954s] -- Up-to-date symlink: /home/jiaverso/Desktop/SparkCar_ROS2_WS/SparkCar_Navigation/install/teb_local_planner/include//teb_local_planner/g2o_types/edge_velocity.h
[2.955s] -- Up-to-date symlink: /home/jiaverso/Desktop/SparkCar_ROS2_WS/SparkCar_Navigation/install/teb_local_planner/include//teb_local_planner/g2o_types/edge_velocity_obstacle_ratio.h
[2.955s] -- Up-to-date symlink: /home/jiaverso/Desktop/SparkCar_ROS2_WS/SparkCar_Navigation/install/teb_local_planner/include//teb_local_planner/g2o_types/edge_via_point.h
[2.955s] -- Up-to-date symlink: /home/jiaverso/Desktop/SparkCar_ROS2_WS/SparkCar_Navigation/install/teb_local_planner/include//teb_local_planner/g2o_types/penalties.h
[2.955s] -- Up-to-date symlink: /home/jiaverso/Desktop/SparkCar_ROS2_WS/SparkCar_Navigation/install/teb_local_planner/include//teb_local_planner/g2o_types/vertex_pose.h
[2.955s] -- Up-to-date symlink: /home/jiaverso/Desktop/SparkCar_ROS2_WS/SparkCar_Navigation/install/teb_local_planner/include//teb_local_planner/g2o_types/vertex_timediff.h
[2.956s] -- Up-to-date symlink: /home/jiaverso/Desktop/SparkCar_ROS2_WS/SparkCar_Navigation/install/teb_local_planner/include//teb_local_planner/graph_search.h
[2.956s] -- Up-to-date symlink: /home/jiaverso/Desktop/SparkCar_ROS2_WS/SparkCar_Navigation/install/teb_local_planner/include//teb_local_planner/h_signature.h
[2.956s] -- Up-to-date symlink: /home/jiaverso/Desktop/SparkCar_ROS2_WS/SparkCar_Navigation/install/teb_local_planner/include//teb_local_planner/homotopy_class_planner.h
[2.957s] -- Up-to-date symlink: /home/jiaverso/Desktop/SparkCar_ROS2_WS/SparkCar_Navigation/install/teb_local_planner/include//teb_local_planner/homotopy_class_planner.hpp
[2.958s] -- Up-to-date symlink: /home/jiaverso/Desktop/SparkCar_ROS2_WS/SparkCar_Navigation/install/teb_local_planner/include//teb_local_planner/misc.h
[2.958s] -- Up-to-date symlink: /home/jiaverso/Desktop/SparkCar_ROS2_WS/SparkCar_Navigation/install/teb_local_planner/include//teb_local_planner/obstacles.h
[2.958s] -- Up-to-date symlink: /home/jiaverso/Desktop/SparkCar_ROS2_WS/SparkCar_Navigation/install/teb_local_planner/include//teb_local_planner/optimal_planner.h
[2.959s] -- Up-to-date symlink: /home/jiaverso/Desktop/SparkCar_ROS2_WS/SparkCar_Navigation/install/teb_local_planner/include//teb_local_planner/planner_interface.h
[2.959s] -- Up-to-date symlink: /home/jiaverso/Desktop/SparkCar_ROS2_WS/SparkCar_Navigation/install/teb_local_planner/include//teb_local_planner/pose_se2.h
[2.959s] -- Up-to-date symlink: /home/jiaverso/Desktop/SparkCar_ROS2_WS/SparkCar_Navigation/install/teb_local_planner/include//teb_local_planner/recovery_behaviors.h
[2.959s] -- Up-to-date symlink: /home/jiaverso/Desktop/SparkCar_ROS2_WS/SparkCar_Navigation/install/teb_local_planner/include//teb_local_planner/robot_footprint_model.h
[2.960s] -- Up-to-date symlink: /home/jiaverso/Desktop/SparkCar_ROS2_WS/SparkCar_Navigation/install/teb_local_planner/include//teb_local_planner/teb_config.h
[2.960s] -- Up-to-date symlink: /home/jiaverso/Desktop/SparkCar_ROS2_WS/SparkCar_Navigation/install/teb_local_planner/include//teb_local_planner/teb_local_planner_ros.h
[2.960s] -- Up-to-date symlink: /home/jiaverso/Desktop/SparkCar_ROS2_WS/SparkCar_Navigation/install/teb_local_planner/include//teb_local_planner/timed_elastic_band.h
[2.961s] -- Up-to-date symlink: /home/jiaverso/Desktop/SparkCar_ROS2_WS/SparkCar_Navigation/install/teb_local_planner/include//teb_local_planner/timed_elastic_band.hpp
[2.961s] -- Up-to-date symlink: /home/jiaverso/Desktop/SparkCar_ROS2_WS/SparkCar_Navigation/install/teb_local_planner/include//teb_local_planner/visualization.h
[2.961s] -- Up-to-date symlink: /home/jiaverso/Desktop/SparkCar_ROS2_WS/SparkCar_Navigation/install/teb_local_planner/include//teb_local_planner/visualization.hpp
[2.962s] -- Up-to-date symlink: /home/jiaverso/Desktop/SparkCar_ROS2_WS/SparkCar_Navigation/install/teb_local_planner/share/teb_local_planner_plugin.xml
[2.962s] -- Up-to-date symlink: /home/jiaverso/Desktop/SparkCar_ROS2_WS/SparkCar_Navigation/install/teb_local_planner/lib/teb_local_planner/cmd_vel_to_ackermann_drive.py
[2.963s] -- Up-to-date symlink: /home/jiaverso/Desktop/SparkCar_ROS2_WS/SparkCar_Navigation/install/teb_local_planner/share/teb_local_planner/params/teb_params.yaml
[2.963s] -- Up-to-date symlink: /home/jiaverso/Desktop/SparkCar_ROS2_WS/SparkCar_Navigation/install/teb_local_planner/share/teb_local_planner/environment/library_path.sh
[2.963s] -- Up-to-date symlink: /home/jiaverso/Desktop/SparkCar_ROS2_WS/SparkCar_Navigation/install/teb_local_planner/share/teb_local_planner/environment/library_path.dsv
[2.963s] -- Up-to-date symlink: /home/jiaverso/Desktop/SparkCar_ROS2_WS/SparkCar_Navigation/install/teb_local_planner/share/teb_local_planner//teb_local_planner_plugin.xml
[2.964s] -- Up-to-date symlink: /home/jiaverso/Desktop/SparkCar_ROS2_WS/SparkCar_Navigation/install/teb_local_planner/share/ament_index/resource_index/package_run_dependencies/teb_local_planner
[2.964s] -- Up-to-date symlink: /home/jiaverso/Desktop/SparkCar_ROS2_WS/SparkCar_Navigation/install/teb_local_planner/share/ament_index/resource_index/parent_prefix_path/teb_local_planner
[2.964s] -- Up-to-date symlink: /home/jiaverso/Desktop/SparkCar_ROS2_WS/SparkCar_Navigation/install/teb_local_planner/share/teb_local_planner/environment/ament_prefix_path.sh
[2.964s] -- Up-to-date symlink: /home/jiaverso/Desktop/SparkCar_ROS2_WS/SparkCar_Navigation/install/teb_local_planner/share/teb_local_planner/environment/ament_prefix_path.dsv
[2.965s] -- Up-to-date symlink: /home/jiaverso/Desktop/SparkCar_ROS2_WS/SparkCar_Navigation/install/teb_local_planner/share/teb_local_planner/environment/path.sh
[2.965s] -- Up-to-date symlink: /home/jiaverso/Desktop/SparkCar_ROS2_WS/SparkCar_Navigation/install/teb_local_planner/share/teb_local_planner/environment/path.dsv
[2.965s] -- Up-to-date symlink: /home/jiaverso/Desktop/SparkCar_ROS2_WS/SparkCar_Navigation/install/teb_local_planner/share/teb_local_planner/local_setup.bash
[2.965s] -- Up-to-date symlink: /home/jiaverso/Desktop/SparkCar_ROS2_WS/SparkCar_Navigation/install/teb_local_planner/share/teb_local_planner/local_setup.sh
[2.966s] -- Up-to-date symlink: /home/jiaverso/Desktop/SparkCar_ROS2_WS/SparkCar_Navigation/install/teb_local_planner/share/teb_local_planner/local_setup.zsh
[2.966s] -- Up-to-date symlink: /home/jiaverso/Desktop/SparkCar_ROS2_WS/SparkCar_Navigation/install/teb_local_planner/share/teb_local_planner/local_setup.dsv
[2.966s] -- Symlinking: /home/jiaverso/Desktop/SparkCar_ROS2_WS/SparkCar_Navigation/install/teb_local_planner/share/teb_local_planner/package.dsv
[2.975s] -- Up-to-date symlink: /home/jiaverso/Desktop/SparkCar_ROS2_WS/SparkCar_Navigation/install/teb_local_planner/share/ament_index/resource_index/packages/teb_local_planner
[2.975s] -- Up-to-date symlink: /home/jiaverso/Desktop/SparkCar_ROS2_WS/SparkCar_Navigation/install/teb_local_planner/share/ament_index/resource_index/nav2_core__pluginlib__plugin/teb_local_planner
[2.975s] -- Up-to-date symlink: /home/jiaverso/Desktop/SparkCar_ROS2_WS/SparkCar_Navigation/install/teb_local_planner/share/teb_local_planner/cmake/ament_cmake_export_include_directories-extras.cmake
[2.975s] -- Up-to-date symlink: /home/jiaverso/Desktop/SparkCar_ROS2_WS/SparkCar_Navigation/install/teb_local_planner/share/teb_local_planner/cmake/ament_cmake_export_libraries-extras.cmake
[2.975s] -- Up-to-date symlink: /home/jiaverso/Desktop/SparkCar_ROS2_WS/SparkCar_Navigation/install/teb_local_planner/share/teb_local_planner/cmake/ament_cmake_export_dependencies-extras.cmake
[2.975s] -- Up-to-date symlink: /home/jiaverso/Desktop/SparkCar_ROS2_WS/SparkCar_Navigation/install/teb_local_planner/share/teb_local_planner/cmake/teb_local_plannerConfig.cmake
[2.975s] -- Up-to-date symlink: /home/jiaverso/Desktop/SparkCar_ROS2_WS/SparkCar_Navigation/install/teb_local_planner/share/teb_local_planner/cmake/teb_local_plannerConfig-version.cmake
[2.975s] -- Up-to-date symlink: /home/jiaverso/Desktop/SparkCar_ROS2_WS/SparkCar_Navigation/install/teb_local_planner/share/teb_local_planner/package.xml
[2.977s] Invoked command in '/home/jiaverso/Desktop/SparkCar_ROS2_WS/SparkCar_Navigation/build/teb_local_planner' returned '0': AMENT_PREFIX_PATH=/home/jiaverso/Desktop/SparkCar_ROS2_WS/SparkCar_Navigation/install/teb_msgs:/home/jiaverso/Desktop/SparkCar_ROS2_WS/SparkCar_Navigation/install/costmap_converter:/home/jiaverso/Desktop/SparkCar_ROS2_WS/SparkCar_Navigation/install/costmap_converter_msgs:${AMENT_PREFIX_PATH} CMAKE_PREFIX_PATH=/home/jiaverso/Desktop/SparkCar_ROS2_WS/SparkCar_Navigation/install/teb_msgs:/home/jiaverso/Desktop/SparkCar_ROS2_WS/SparkCar_Navigation/install/costmap_converter:/home/jiaverso/Desktop/SparkCar_ROS2_WS/SparkCar_Navigation/install/costmap_converter_msgs:/home/jiaverso/Desktop/SparkCar_ROS2_WS/SparkCar_Perception/install/realsense2_description:/home/jiaverso/Desktop/SparkCar_ROS2_WS/SparkCar_Perception/install/realsense2_camera:/home/jiaverso/Desktop/SparkCar_ROS2_WS/SparkCar_Perception/install/realsense2_camera_msgs:/home/jiaverso/Desktop/SparkCar_ROS2_WS/SparkCar_Perception/install/pgo:/home/jiaverso/Desktop/SparkCar_ROS2_WS/SparkCar_Perception/install/localizer:/home/jiaverso/Desktop/SparkCar_ROS2_WS/SparkCar_Perception/install/fastlio2:/home/jiaverso/Desktop/SparkCar_ROS2_WS/SparkCar_Perception/install/livox_ros_driver2:/home/jiaverso/Desktop/SparkCar_ROS2_WS/SparkCar_Perception/install/hba:/home/jiaverso/Desktop/SparkCar_ROS2_WS/SparkCar_Perception/install/interface:/home/jiaverso/Desktop/SparkCar_ROS2_WS/SparkCar_Tools/install/pcd2pgm:/opt/ros/humble LD_LIBRARY_PATH=/home/jiaverso/Desktop/SparkCar_ROS2_WS/SparkCar_Navigation/install/teb_msgs/lib:/home/jiaverso/Desktop/SparkCar_ROS2_WS/SparkCar_Navigation/install/costmap_converter/lib:/home/jiaverso/Desktop/SparkCar_ROS2_WS/SparkCar_Navigation/install/costmap_converter_msgs/lib:${LD_LIBRARY_PATH} PATH=/home/jiaverso/Desktop/SparkCar_ROS2_WS/SparkCar_Navigation/install/costmap_converter/bin:${PATH} PYTHONPATH=/home/jiaverso/Desktop/SparkCar_ROS2_WS/SparkCar_Navigation/install/teb_msgs/local/lib/python3.10/dist-packages:/home/jiaverso/Desktop/SparkCar_ROS2_WS/SparkCar_Navigation/install/costmap_converter_msgs/local/lib/python3.10/dist-packages:${PYTHONPATH} /usr/bin/cmake --install /home/jiaverso/Desktop/SparkCar_ROS2_WS/SparkCar_Navigation/build/teb_local_planner
