[ 14%] Built target scancontext
Consolidate compiler generated dependencies of target lio_node
[ 35%] Building CXX object CMakeFiles/lio_node.dir/src/map_builder/ieskf.cpp.o
[ 35%] Building CXX object CMakeFiles/lio_node.dir/src/map_builder/commons.cpp.o
[ 35%] Building CXX object CMakeFiles/lio_node.dir/src/map_builder/imu_processor.cpp.o
[ 42%] Building CXX object CMakeFiles/lio_node.dir/src/map_builder/map_builder.cpp.o
[ 50%] Building CXX object CMakeFiles/lio_node.dir/src/lio_node.cpp.o
[ 57%] Building CXX object CMakeFiles/lio_node.dir/src/loop_closure/keyframe_manager.cpp.o
[ 64%] Building CXX object CMakeFiles/lio_node.dir/src/loop_closure/loop_detector.cpp.o
[ 71%] Building CXX object CMakeFiles/lio_node.dir/src/map_builder/lidar_processor.cpp.o
[ 78%] Building CXX object CMakeFiles/lio_node.dir/src/loop_closure/pose_graph_optimizer.cpp.o
/home/jiaverso/Desktop/SparkCar_ROS2_WS/SparkCar_Perception/src/fastlio2_ros2/fastlio2/src/loop_closure/pose_graph_optimizer.cpp: In member function ‘bool PoseGraphOptimizer::getLatestCorrection(size_t, const M3D&, const V3D&, M3D&, V3D&)’:
/home/jiaverso/Desktop/SparkCar_ROS2_WS/SparkCar_Perception/src/fastlio2_ros2/fastlio2/src/loop_closure/pose_graph_optimizer.cpp:238:58: warning: unused parameter ‘current_rotation’ [-Wunused-parameter]
  238 |                                               const M3D& current_rotation,
      |                                               ~~~~~~~~~~~^~~~~~~~~~~~~~~~
/home/jiaverso/Desktop/SparkCar_ROS2_WS/SparkCar_Perception/src/fastlio2_ros2/fastlio2/src/loop_closure/pose_graph_optimizer.cpp:239:58: warning: unused parameter ‘current_position’ [-Wunused-parameter]
  239 |                                               const V3D& current_position,
      |                                               ~~~~~~~~~~~^~~~~~~~~~~~~~~~
[ 85%] Linking CXX executable lio_node
[100%] Built target lio_node
-- Install configuration: "Release"
-- Up-to-date: /home/jiaverso/Desktop/SparkCar_ROS2_WS/SparkCar_Perception/install/fastlio2/share/fastlio2/launch
-- Up-to-date: /home/jiaverso/Desktop/SparkCar_ROS2_WS/SparkCar_Perception/install/fastlio2/share/fastlio2/launch/lio_launch.py
-- Up-to-date: /home/jiaverso/Desktop/SparkCar_ROS2_WS/SparkCar_Perception/install/fastlio2/share/fastlio2/launch/__pycache__
-- Up-to-date: /home/jiaverso/Desktop/SparkCar_ROS2_WS/SparkCar_Perception/install/fastlio2/share/fastlio2/launch/__pycache__/lio_launch.cpython-310.pyc
-- Up-to-date: /home/jiaverso/Desktop/SparkCar_ROS2_WS/SparkCar_Perception/install/fastlio2/share/fastlio2/rviz
-- Up-to-date: /home/jiaverso/Desktop/SparkCar_ROS2_WS/SparkCar_Perception/install/fastlio2/share/fastlio2/rviz/fastlio2.rviz
-- Up-to-date: /home/jiaverso/Desktop/SparkCar_ROS2_WS/SparkCar_Perception/install/fastlio2/share/fastlio2/config
-- Up-to-date: /home/jiaverso/Desktop/SparkCar_ROS2_WS/SparkCar_Perception/install/fastlio2/share/fastlio2/config/lio.yaml
-- Installing: /home/jiaverso/Desktop/SparkCar_ROS2_WS/SparkCar_Perception/install/fastlio2/share/fastlio2/package.dsv
-- Up-to-date: /home/jiaverso/Desktop/SparkCar_ROS2_WS/SparkCar_Perception/install/fastlio2/share/fastlio2/package.xml
