-- The C compiler identification is GNU 11.4.0
-- The CXX compiler identification is GNU 11.4.0
-- Detecting C compiler ABI info
-- Detecting C compiler ABI info - done
-- Check for working C compiler: /usr/bin/cc - skipped
-- Detecting C compile features
-- Detecting C compile features - done
-- Detecting CXX compiler ABI info
-- Detecting CXX compiler ABI info - done
-- Check for working CXX compiler: /usr/bin/c++ - skipped
-- Detecting CXX compile features
-- Detecting CXX compile features - done
-- Found ament_cmake: 1.3.14 (/opt/ros/humble/share/ament_cmake/cmake)
-- Found Python3: /usr/bin/python3 (found version "3.10.12") found components: Interpreter 
-- Found OpenCV: /usr (found version "4.5.4") 
-- Configuring done
-- Generating done
-- Build files have been written to: /home/orangepi/Desktop/SparkCar_ROS2_WS/SparkCar_Tools/build/ethz_apriltag2
[  6%] [32mBuilding CXX object CMakeFiles/ethz_apriltag2.dir/src/Edge.cc.o[0m
[ 13%] [32mBuilding CXX object CMakeFiles/ethz_apriltag2.dir/src/FloatImage.cc.o[0m
[ 20%] [32mBuilding CXX object CMakeFiles/ethz_apriltag2.dir/src/GLine2D.cc.o[0m
[ 33%] [32mBuilding CXX object CMakeFiles/ethz_apriltag2.dir/src/GLineSegment2D.cc.o[0m
[ 33%] [32mBuilding CXX object CMakeFiles/ethz_apriltag2.dir/src/GrayModel.cc.o[0m
[ 46%] [32mBuilding CXX object CMakeFiles/ethz_apriltag2.dir/src/Gaussian.cc.o[0m
[ 46%] [32mBuilding CXX object CMakeFiles/ethz_apriltag2.dir/src/Homography33.cc.o[0m
[ 53%] [32mBuilding CXX object CMakeFiles/ethz_apriltag2.dir/src/MathUtil.cc.o[0m
[ 60%] [32mBuilding CXX object CMakeFiles/ethz_apriltag2.dir/src/Quad.cc.o[0m
[ 66%] [32mBuilding CXX object CMakeFiles/ethz_apriltag2.dir/src/Segment.cc.o[0m
[ 73%] [32mBuilding CXX object CMakeFiles/ethz_apriltag2.dir/src/TagDetection.cc.o[0m
[ 80%] [32mBuilding CXX object CMakeFiles/ethz_apriltag2.dir/src/TagDetector.cc.o[0m
[ 86%] [32mBuilding CXX object CMakeFiles/ethz_apriltag2.dir/src/TagFamily.cc.o[0m
[ 93%] [32mBuilding CXX object CMakeFiles/ethz_apriltag2.dir/src/UnionFindSimple.cc.o[0m
[100%] [32m[1mLinking CXX static library libethz_apriltag2.a[0m
[100%] Built target ethz_apriltag2
-- Install configuration: "Release"
-- Installing: /home/orangepi/Desktop/SparkCar_ROS2_WS/SparkCar_Tools/install/ethz_apriltag2/lib/libethz_apriltag2.a
-- Installing: /home/orangepi/Desktop/SparkCar_ROS2_WS/SparkCar_Tools/install/ethz_apriltag2/include
-- Installing: /home/orangepi/Desktop/SparkCar_ROS2_WS/SparkCar_Tools/install/ethz_apriltag2/include/apriltags
-- Installing: /home/orangepi/Desktop/SparkCar_ROS2_WS/SparkCar_Tools/install/ethz_apriltag2/include/apriltags/Segment.h
-- Installing: /home/orangepi/Desktop/SparkCar_ROS2_WS/SparkCar_Tools/install/ethz_apriltag2/include/apriltags/UnionFindSimple.h
-- Installing: /home/orangepi/Desktop/SparkCar_ROS2_WS/SparkCar_Tools/install/ethz_apriltag2/include/apriltags/Gridder.h
-- Installing: /home/orangepi/Desktop/SparkCar_ROS2_WS/SparkCar_Tools/install/ethz_apriltag2/include/apriltags/Tag16h5_other.h
-- Installing: /home/orangepi/Desktop/SparkCar_ROS2_WS/SparkCar_Tools/install/ethz_apriltag2/include/apriltags/GLine2D.h
-- Installing: /home/orangepi/Desktop/SparkCar_ROS2_WS/SparkCar_Tools/install/ethz_apriltag2/include/apriltags/Gaussian.h
-- Installing: /home/orangepi/Desktop/SparkCar_ROS2_WS/SparkCar_Tools/install/ethz_apriltag2/include/apriltags/Tag16h5.h
-- Installing: /home/orangepi/Desktop/SparkCar_ROS2_WS/SparkCar_Tools/install/ethz_apriltag2/include/apriltags/Tag25h7.h
-- Installing: /home/orangepi/Desktop/SparkCar_ROS2_WS/SparkCar_Tools/install/ethz_apriltag2/include/apriltags/Tag36h11_other.h
-- Installing: /home/orangepi/Desktop/SparkCar_ROS2_WS/SparkCar_Tools/install/ethz_apriltag2/include/apriltags/TagDetection.h
-- Installing: /home/orangepi/Desktop/SparkCar_ROS2_WS/SparkCar_Tools/install/ethz_apriltag2/include/apriltags/Tag36h9.h
-- Installing: /home/orangepi/Desktop/SparkCar_ROS2_WS/SparkCar_Tools/install/ethz_apriltag2/include/apriltags/GLineSegment2D.h
-- Installing: /home/orangepi/Desktop/SparkCar_ROS2_WS/SparkCar_Tools/install/ethz_apriltag2/include/apriltags/pch.h
-- Installing: /home/orangepi/Desktop/SparkCar_ROS2_WS/SparkCar_Tools/install/ethz_apriltag2/include/apriltags/FloatImage.h
-- Installing: /home/orangepi/Desktop/SparkCar_ROS2_WS/SparkCar_Tools/install/ethz_apriltag2/include/apriltags/Tag36h11.h
-- Installing: /home/orangepi/Desktop/SparkCar_ROS2_WS/SparkCar_Tools/install/ethz_apriltag2/include/apriltags/TagFamily.h
-- Installing: /home/orangepi/Desktop/SparkCar_ROS2_WS/SparkCar_Tools/install/ethz_apriltag2/include/apriltags/TagDetector.h
-- Installing: /home/orangepi/Desktop/SparkCar_ROS2_WS/SparkCar_Tools/install/ethz_apriltag2/include/apriltags/Homography33.h
-- Installing: /home/orangepi/Desktop/SparkCar_ROS2_WS/SparkCar_Tools/install/ethz_apriltag2/include/apriltags/XYWeight.h
-- Installing: /home/orangepi/Desktop/SparkCar_ROS2_WS/SparkCar_Tools/install/ethz_apriltag2/include/apriltags/GrayModel.h
-- Installing: /home/orangepi/Desktop/SparkCar_ROS2_WS/SparkCar_Tools/install/ethz_apriltag2/include/apriltags/Quad.h
-- Installing: /home/orangepi/Desktop/SparkCar_ROS2_WS/SparkCar_Tools/install/ethz_apriltag2/include/apriltags/Edge.h
-- Installing: /home/orangepi/Desktop/SparkCar_ROS2_WS/SparkCar_Tools/install/ethz_apriltag2/include/apriltags/Tag25h9.h
-- Installing: /home/orangepi/Desktop/SparkCar_ROS2_WS/SparkCar_Tools/install/ethz_apriltag2/include/apriltags/MathUtil.h
-- Installing: /home/orangepi/Desktop/SparkCar_ROS2_WS/SparkCar_Tools/install/ethz_apriltag2/share/ethz_apriltag2/environment/library_path.sh
-- Installing: /home/orangepi/Desktop/SparkCar_ROS2_WS/SparkCar_Tools/install/ethz_apriltag2/share/ethz_apriltag2/environment/library_path.dsv
-- Installing: /home/orangepi/Desktop/SparkCar_ROS2_WS/SparkCar_Tools/install/ethz_apriltag2/share/ament_index/resource_index/package_run_dependencies/ethz_apriltag2
-- Installing: /home/orangepi/Desktop/SparkCar_ROS2_WS/SparkCar_Tools/install/ethz_apriltag2/share/ament_index/resource_index/parent_prefix_path/ethz_apriltag2
-- Installing: /home/orangepi/Desktop/SparkCar_ROS2_WS/SparkCar_Tools/install/ethz_apriltag2/share/ethz_apriltag2/environment/ament_prefix_path.sh
-- Installing: /home/orangepi/Desktop/SparkCar_ROS2_WS/SparkCar_Tools/install/ethz_apriltag2/share/ethz_apriltag2/environment/ament_prefix_path.dsv
-- Installing: /home/orangepi/Desktop/SparkCar_ROS2_WS/SparkCar_Tools/install/ethz_apriltag2/share/ethz_apriltag2/environment/path.sh
-- Installing: /home/orangepi/Desktop/SparkCar_ROS2_WS/SparkCar_Tools/install/ethz_apriltag2/share/ethz_apriltag2/environment/path.dsv
-- Installing: /home/orangepi/Desktop/SparkCar_ROS2_WS/SparkCar_Tools/install/ethz_apriltag2/share/ethz_apriltag2/local_setup.bash
-- Installing: /home/orangepi/Desktop/SparkCar_ROS2_WS/SparkCar_Tools/install/ethz_apriltag2/share/ethz_apriltag2/local_setup.sh
-- Installing: /home/orangepi/Desktop/SparkCar_ROS2_WS/SparkCar_Tools/install/ethz_apriltag2/share/ethz_apriltag2/local_setup.zsh
-- Installing: /home/orangepi/Desktop/SparkCar_ROS2_WS/SparkCar_Tools/install/ethz_apriltag2/share/ethz_apriltag2/local_setup.dsv
-- Installing: /home/orangepi/Desktop/SparkCar_ROS2_WS/SparkCar_Tools/install/ethz_apriltag2/share/ethz_apriltag2/package.dsv
-- Installing: /home/orangepi/Desktop/SparkCar_ROS2_WS/SparkCar_Tools/install/ethz_apriltag2/share/ament_index/resource_index/packages/ethz_apriltag2
-- Installing: /home/orangepi/Desktop/SparkCar_ROS2_WS/SparkCar_Tools/install/ethz_apriltag2/share/ethz_apriltag2/cmake/ethz_apriltag2TargetsExport.cmake
-- Installing: /home/orangepi/Desktop/SparkCar_ROS2_WS/SparkCar_Tools/install/ethz_apriltag2/share/ethz_apriltag2/cmake/ethz_apriltag2TargetsExport-release.cmake
-- Installing: /home/orangepi/Desktop/SparkCar_ROS2_WS/SparkCar_Tools/install/ethz_apriltag2/share/ethz_apriltag2/cmake/ament_cmake_export_targets-extras.cmake
-- Installing: /home/orangepi/Desktop/SparkCar_ROS2_WS/SparkCar_Tools/install/ethz_apriltag2/share/ethz_apriltag2/cmake/ament_cmake_export_dependencies-extras.cmake
-- Installing: /home/orangepi/Desktop/SparkCar_ROS2_WS/SparkCar_Tools/install/ethz_apriltag2/share/ethz_apriltag2/cmake/ament_cmake_export_include_directories-extras.cmake
-- Installing: /home/orangepi/Desktop/SparkCar_ROS2_WS/SparkCar_Tools/install/ethz_apriltag2/share/ethz_apriltag2/cmake/ethz_apriltag2Config.cmake
-- Installing: /home/orangepi/Desktop/SparkCar_ROS2_WS/SparkCar_Tools/install/ethz_apriltag2/share/ethz_apriltag2/cmake/ethz_apriltag2Config-version.cmake
-- Installing: /home/orangepi/Desktop/SparkCar_ROS2_WS/SparkCar_Tools/install/ethz_apriltag2/share/ethz_apriltag2/package.xml
