-- The C compiler identification is GNU 11.4.0
-- The CXX compiler identification is GNU 11.4.0
-- Detecting C compiler ABI info
-- Detecting C compiler ABI info - done
-- Check for working C compiler: /usr/bin/cc - skipped
-- Detecting C compile features
-- Detecting C compile features - done
-- Detecting CXX compiler ABI info
-- Detecting CXX compiler ABI info - done
-- Check for working CXX compiler: /usr/bin/c++ - skipped
-- Detecting CXX compile features
-- Detecting CXX compile features - done
-- Found ament_cmake: 1.3.14 (/opt/ros/humble/share/ament_cmake/cmake)
-- Found Python3: /usr/bin/python3 (found version "3.10.12") found components: Interpreter 
-- Found rclcpp: 16.0.19 (/opt/ros/humble/share/rclcpp/cmake)
-- Found rosidl_generator_c: 3.1.9 (/opt/ros/humble/share/rosidl_generator_c/cmake)
-- Found rosidl_adapter: 3.1.9 (/opt/ros/humble/share/rosidl_adapter/cmake)
-- Found rosidl_generator_cpp: 3.1.9 (/opt/ros/humble/share/rosidl_generator_cpp/cmake)
-- Using all available rosidl_typesupport_c: rosidl_typesupport_fastrtps_c;rosidl_typesupport_introspection_c
-- Using all available rosidl_typesupport_cpp: rosidl_typesupport_fastrtps_cpp;rosidl_typesupport_introspection_cpp
-- Found rmw_implementation_cmake: 6.1.2 (/opt/ros/humble/share/rmw_implementation_cmake/cmake)
-- Found rmw_fastrtps_cpp: 6.2.10 (/opt/ros/humble/share/rmw_fastrtps_cpp/cmake)
-- Found OpenSSL: /usr/lib/aarch64-linux-gnu/libcrypto.so (found version "3.0.2")  
-- Found FastRTPS: /opt/ros/humble/include  
-- Using RMW implementation 'rmw_fastrtps_cpp' as default
-- Looking for pthread.h
-- Looking for pthread.h - found
-- Performing Test CMAKE_HAVE_LIBC_PTHREAD
-- Performing Test CMAKE_HAVE_LIBC_PTHREAD - Success
-- Found Threads: TRUE  
-- Found image_transport: 3.1.13 (/opt/ros/humble/share/image_transport/cmake)
-- Found cv_bridge: 3.2.1 (/opt/ros/humble/share/cv_bridge/cmake)
-- Found camera_model: 0.0.0 (/home/orangepi/Desktop/SparkCar_ROS2_WS/SparkCar_Perception/install/camera_model/share/camera_model/cmake)
-- Found OpenCV: /usr (found suitable version "4.5.4", minimum required is "4") 
-- Found visualization_msgs: 4.9.1 (/opt/ros/humble/share/visualization_msgs/cmake)
-- Found nav_msgs: 4.9.1 (/opt/ros/humble/share/nav_msgs/cmake)
-- Configuring done
-- Generating done
-- Build files have been written to: /home/orangepi/Desktop/SparkCar_ROS2_WS/SparkCar_Perception/build/ar_demo
[ 50%] [32mBuilding CXX object CMakeFiles/ar_demo_node.dir/src/ar_demo_node.cpp.o[0m
In file included from [01m[K/home/orangepi/Desktop/SparkCar_ROS2_WS/SparkCar_Perception/src/VINS-MONO-ROS2/ar_demo/src/ar_demo_node.cpp:11[m[K:
[01m[K/opt/ros/humble/include/image_transport/image_transport/image_transport.h:32:89:[m[K [01;36m[Knote: [m[K‘[01m[K#pragma message: Warning: This header is deprecated. Use 'image_transport.hpp' instead[m[K’
   32 | #pragma message ("Warning: This header is deprecated. Use 'image_transport.hpp' instead"[01;36m[K)[m[K
      |                                                                                         [01;36m[K^[m[K
[01m[K/home/orangepi/Desktop/SparkCar_ROS2_WS/SparkCar_Perception/src/VINS-MONO-ROS2/ar_demo/src/ar_demo_node.cpp:[m[K In function ‘[01m[Kvoid axis_generate(visualization_msgs::msg::Marker&, Eigen::Vector3d&, int)[m[K’:
[01m[K/home/orangepi/Desktop/SparkCar_ROS2_WS/SparkCar_Perception/src/VINS-MONO-ROS2/ar_demo/src/ar_demo_node.cpp:71:44:[m[K [01;31m[Kerror: [m[Kno matching function for call to ‘[01m[Krclcpp::Duration::Duration(int)[m[K’
   71 |     line_list.lifetime = rclcpp::Duration(0[01;31m[K)[m[K;
      |                                            [01;31m[K^[m[K
In file included from [01m[K/opt/ros/humble/include/rclcpp/rclcpp/qos.hpp:20[m[K,
                 from [01m[K/opt/ros/humble/include/rclcpp/rclcpp/node_interfaces/node_graph_interface.hpp:33[m[K,
                 from [01m[K/opt/ros/humble/include/rclcpp/rclcpp/client.hpp:42[m[K,
                 from [01m[K/opt/ros/humble/include/rclcpp/rclcpp/callback_group.hpp:24[m[K,
                 from [01m[K/opt/ros/humble/include/rclcpp/rclcpp/any_executable.hpp:20[m[K,
                 from [01m[K/opt/ros/humble/include/rclcpp/rclcpp/memory_strategy.hpp:25[m[K,
                 from [01m[K/opt/ros/humble/include/rclcpp/rclcpp/memory_strategies.hpp:18[m[K,
                 from [01m[K/opt/ros/humble/include/rclcpp/rclcpp/executor_options.hpp:20[m[K,
                 from [01m[K/opt/ros/humble/include/rclcpp/rclcpp/executor.hpp:37[m[K,
                 from [01m[K/opt/ros/humble/include/rclcpp/rclcpp/executors/multi_threaded_executor.hpp:25[m[K,
                 from [01m[K/opt/ros/humble/include/rclcpp/rclcpp/executors.hpp:21[m[K,
                 from [01m[K/opt/ros/humble/include/rclcpp/rclcpp/rclcpp.hpp:155[m[K,
                 from [01m[K/home/orangepi/Desktop/SparkCar_ROS2_WS/SparkCar_Perception/src/VINS-MONO-ROS2/ar_demo/src/ar_demo_node.cpp:1[m[K:
[01m[K/opt/ros/humble/include/rclcpp/rclcpp/duration.hpp:48:3:[m[K [01;36m[Knote: [m[Kcandidate: ‘[01m[Ktemplate<class Rep, class Period> rclcpp::Duration::Duration(const std::chrono::duration<_Rep1, _Period1>&)[m[K’
   48 |   [01;36m[KDuration[m[K(const std::chrono::duration<Rep, Period> & duration)  // NOLINT(runtime/explicit)
      |   [01;36m[K^~~~~~~~[m[K
[01m[K/opt/ros/humble/include/rclcpp/rclcpp/duration.hpp:48:3:[m[K [01;36m[Knote: [m[K  template argument deduction/substitution failed:
[01m[K/home/orangepi/Desktop/SparkCar_ROS2_WS/SparkCar_Perception/src/VINS-MONO-ROS2/ar_demo/src/ar_demo_node.cpp:71:44:[m[K [01;36m[Knote: [m[K  mismatched types ‘[01m[Kconst std::chrono::duration<_Rep1, _Period1>[m[K’ and ‘[01m[Kint[m[K’
   71 |     line_list.lifetime = rclcpp::Duration(0[01;36m[K)[m[K;
      |                                            [01;36m[K^[m[K
In file included from [01m[K/opt/ros/humble/include/rclcpp/rclcpp/qos.hpp:20[m[K,
                 from [01m[K/opt/ros/humble/include/rclcpp/rclcpp/node_interfaces/node_graph_interface.hpp:33[m[K,
                 from [01m[K/opt/ros/humble/include/rclcpp/rclcpp/client.hpp:42[m[K,
                 from [01m[K/opt/ros/humble/include/rclcpp/rclcpp/callback_group.hpp:24[m[K,
                 from [01m[K/opt/ros/humble/include/rclcpp/rclcpp/any_executable.hpp:20[m[K,
                 from [01m[K/opt/ros/humble/include/rclcpp/rclcpp/memory_strategy.hpp:25[m[K,
                 from [01m[K/opt/ros/humble/include/rclcpp/rclcpp/memory_strategies.hpp:18[m[K,
                 from [01m[K/opt/ros/humble/include/rclcpp/rclcpp/executor_options.hpp:20[m[K,
                 from [01m[K/opt/ros/humble/include/rclcpp/rclcpp/executor.hpp:37[m[K,
                 from [01m[K/opt/ros/humble/include/rclcpp/rclcpp/executors/multi_threaded_executor.hpp:25[m[K,
                 from [01m[K/opt/ros/humble/include/rclcpp/rclcpp/executors.hpp:21[m[K,
                 from [01m[K/opt/ros/humble/include/rclcpp/rclcpp/rclcpp.hpp:155[m[K,
                 from [01m[K/home/orangepi/Desktop/SparkCar_ROS2_WS/SparkCar_Perception/src/VINS-MONO-ROS2/ar_demo/src/ar_demo_node.cpp:1[m[K:
[01m[K/opt/ros/humble/include/rclcpp/rclcpp/duration.hpp:151:3:[m[K [01;36m[Knote: [m[Kcandidate: ‘[01m[Krclcpp::Duration::Duration()[m[K’
  151 |   [01;36m[KDuration[m[K() = default;
      |   [01;36m[K^~~~~~~~[m[K
[01m[K/opt/ros/humble/include/rclcpp/rclcpp/duration.hpp:151:3:[m[K [01;36m[Knote: [m[K  candidate expects 0 arguments, 1 provided
[01m[K/opt/ros/humble/include/rclcpp/rclcpp/duration.hpp:61:3:[m[K [01;36m[Knote: [m[Kcandidate: ‘[01m[Krclcpp::Duration::Duration(const rclcpp::Duration&)[m[K’
   61 |   [01;36m[KDuration[m[K(const Duration & rhs);
      |   [01;36m[K^~~~~~~~[m[K
[01m[K/opt/ros/humble/include/rclcpp/rclcpp/duration.hpp:61:29:[m[K [01;36m[Knote: [m[K  no known conversion for argument 1 from ‘[01m[Kint[m[K’ to ‘[01m[Kconst rclcpp::Duration&[m[K’
   61 |   Duration([01;36m[Kconst Duration & rhs[m[K);
      |            [01;36m[K~~~~~~~~~~~~~~~~~^~~[m[K
[01m[K/opt/ros/humble/include/rclcpp/rclcpp/duration.hpp:59:12:[m[K [01;36m[Knote: [m[Kcandidate: ‘[01m[Krclcpp::Duration::Duration(const rcl_duration_t&)[m[K’
   59 |   explicit [01;36m[KDuration[m[K(const rcl_duration_t & duration);
      |            [01;36m[K^~~~~~~~[m[K
[01m[K/opt/ros/humble/include/rclcpp/rclcpp/duration.hpp:59:44:[m[K [01;36m[Knote: [m[K  no known conversion for argument 1 from ‘[01m[Kint[m[K’ to ‘[01m[Kconst rcl_duration_t&[m[K’ {aka ‘[01m[Kconst rcl_duration_s&[m[K’}
   59 |   explicit Duration([01;36m[Kconst rcl_duration_t & duration[m[K);
      |                     [01;36m[K~~~~~~~~~~~~~~~~~~~~~~~^~~~~~~~[m[K
[01m[K/opt/ros/humble/include/rclcpp/rclcpp/duration.hpp:53:3:[m[K [01;36m[Knote: [m[Kcandidate: ‘[01m[Krclcpp::Duration::Duration(const Duration&)[m[K’
   53 |   [01;36m[KDuration[m[K(const builtin_interfaces::msg::Duration & duration_msg);  // NOLINT(runtime/explicit)
      |   [01;36m[K^~~~~~~~[m[K
[01m[K/opt/ros/humble/include/rclcpp/rclcpp/duration.hpp:53:54:[m[K [01;36m[Knote: [m[K  no known conversion for argument 1 from ‘[01m[Kint[m[K’ to ‘[01m[Kconst Duration&[m[K’ {aka ‘[01m[Kconst builtin_interfaces::msg::Duration_<std::allocator<void> >&[m[K’}
   53 |   Duration([01;36m[Kconst builtin_interfaces::msg::Duration & duration_msg[m[K);  // NOLINT(runtime/explicit)
      |            [01;36m[K~~~~~~~~~~~~~~~~~~~~~~~~~~~~~~~~~~~~~~~~~~^~~~~~~~~~~~[m[K
[01m[K/opt/ros/humble/include/rclcpp/rclcpp/duration.hpp:42:12:[m[K [01;36m[Knote: [m[Kcandidate: ‘[01m[Krclcpp::Duration::Duration(std::chrono::nanoseconds)[m[K’
   42 |   explicit [01;36m[KDuration[m[K(std::chrono::nanoseconds nanoseconds);
      |            [01;36m[K^~~~~~~~[m[K
[01m[K/opt/ros/humble/include/rclcpp/rclcpp/duration.hpp:42:46:[m[K [01;36m[Knote: [m[K  no known conversion for argument 1 from ‘[01m[Kint[m[K’ to ‘[01m[Kstd::chrono::nanoseconds[m[K’ {aka ‘[01m[Kstd::chrono::duration<long int, std::ratio<1, 1000000000> >[m[K’}
   42 |   explicit Duration([01;36m[Kstd::chrono::nanoseconds nanoseconds[m[K);
      |                     [01;36m[K~~~~~~~~~~~~~~~~~~~~~~~~~^~~~~~~~~~~[m[K
[01m[K/opt/ros/humble/include/rclcpp/rclcpp/duration.hpp:39:3:[m[K [01;36m[Knote: [m[Kcandidate: ‘[01m[Krclcpp::Duration::Duration(int32_t, uint32_t)[m[K’
   39 |   [01;36m[KDuration[m[K(int32_t seconds, uint32_t nanoseconds);
      |   [01;36m[K^~~~~~~~[m[K
[01m[K/opt/ros/humble/include/rclcpp/rclcpp/duration.hpp:39:3:[m[K [01;36m[Knote: [m[K  candidate expects 2 arguments, 1 provided
[01m[K/home/orangepi/Desktop/SparkCar_ROS2_WS/SparkCar_Perception/src/VINS-MONO-ROS2/ar_demo/src/ar_demo_node.cpp:[m[K In function ‘[01m[Kvoid cube_generate(visualization_msgs::msg::Marker&, Eigen::Vector3d&, int)[m[K’:
[01m[K/home/orangepi/Desktop/SparkCar_ROS2_WS/SparkCar_Perception/src/VINS-MONO-ROS2/ar_demo/src/ar_demo_node.cpp:127:41:[m[K [01;31m[Kerror: [m[Kno matching function for call to ‘[01m[Krclcpp::Duration::Duration(int)[m[K’
  127 |     marker.lifetime = rclcpp::Duration(0[01;31m[K)[m[K;
      |                                         [01;31m[K^[m[K
In file included from [01m[K/opt/ros/humble/include/rclcpp/rclcpp/qos.hpp:20[m[K,
                 from [01m[K/opt/ros/humble/include/rclcpp/rclcpp/node_interfaces/node_graph_interface.hpp:33[m[K,
                 from [01m[K/opt/ros/humble/include/rclcpp/rclcpp/client.hpp:42[m[K,
                 from [01m[K/opt/ros/humble/include/rclcpp/rclcpp/callback_group.hpp:24[m[K,
                 from [01m[K/opt/ros/humble/include/rclcpp/rclcpp/any_executable.hpp:20[m[K,
                 from [01m[K/opt/ros/humble/include/rclcpp/rclcpp/memory_strategy.hpp:25[m[K,
                 from [01m[K/opt/ros/humble/include/rclcpp/rclcpp/memory_strategies.hpp:18[m[K,
                 from [01m[K/opt/ros/humble/include/rclcpp/rclcpp/executor_options.hpp:20[m[K,
                 from [01m[K/opt/ros/humble/include/rclcpp/rclcpp/executor.hpp:37[m[K,
                 from [01m[K/opt/ros/humble/include/rclcpp/rclcpp/executors/multi_threaded_executor.hpp:25[m[K,
                 from [01m[K/opt/ros/humble/include/rclcpp/rclcpp/executors.hpp:21[m[K,
                 from [01m[K/opt/ros/humble/include/rclcpp/rclcpp/rclcpp.hpp:155[m[K,
                 from [01m[K/home/orangepi/Desktop/SparkCar_ROS2_WS/SparkCar_Perception/src/VINS-MONO-ROS2/ar_demo/src/ar_demo_node.cpp:1[m[K:
[01m[K/opt/ros/humble/include/rclcpp/rclcpp/duration.hpp:48:3:[m[K [01;36m[Knote: [m[Kcandidate: ‘[01m[Ktemplate<class Rep, class Period> rclcpp::Duration::Duration(const std::chrono::duration<_Rep1, _Period1>&)[m[K’
   48 |   [01;36m[KDuration[m[K(const std::chrono::duration<Rep, Period> & duration)  // NOLINT(runtime/explicit)
      |   [01;36m[K^~~~~~~~[m[K
[01m[K/opt/ros/humble/include/rclcpp/rclcpp/duration.hpp:48:3:[m[K [01;36m[Knote: [m[K  template argument deduction/substitution failed:
[01m[K/home/orangepi/Desktop/SparkCar_ROS2_WS/SparkCar_Perception/src/VINS-MONO-ROS2/ar_demo/src/ar_demo_node.cpp:127:41:[m[K [01;36m[Knote: [m[K  mismatched types ‘[01m[Kconst std::chrono::duration<_Rep1, _Period1>[m[K’ and ‘[01m[Kint[m[K’
  127 |     marker.lifetime = rclcpp::Duration(0[01;36m[K)[m[K;
      |                                         [01;36m[K^[m[K
In file included from [01m[K/opt/ros/humble/include/rclcpp/rclcpp/qos.hpp:20[m[K,
                 from [01m[K/opt/ros/humble/include/rclcpp/rclcpp/node_interfaces/node_graph_interface.hpp:33[m[K,
                 from [01m[K/opt/ros/humble/include/rclcpp/rclcpp/client.hpp:42[m[K,
                 from [01m[K/opt/ros/humble/include/rclcpp/rclcpp/callback_group.hpp:24[m[K,
                 from [01m[K/opt/ros/humble/include/rclcpp/rclcpp/any_executable.hpp:20[m[K,
                 from [01m[K/opt/ros/humble/include/rclcpp/rclcpp/memory_strategy.hpp:25[m[K,
                 from [01m[K/opt/ros/humble/include/rclcpp/rclcpp/memory_strategies.hpp:18[m[K,
                 from [01m[K/opt/ros/humble/include/rclcpp/rclcpp/executor_options.hpp:20[m[K,
                 from [01m[K/opt/ros/humble/include/rclcpp/rclcpp/executor.hpp:37[m[K,
                 from [01m[K/opt/ros/humble/include/rclcpp/rclcpp/executors/multi_threaded_executor.hpp:25[m[K,
                 from [01m[K/opt/ros/humble/include/rclcpp/rclcpp/executors.hpp:21[m[K,
                 from [01m[K/opt/ros/humble/include/rclcpp/rclcpp/rclcpp.hpp:155[m[K,
                 from [01m[K/home/orangepi/Desktop/SparkCar_ROS2_WS/SparkCar_Perception/src/VINS-MONO-ROS2/ar_demo/src/ar_demo_node.cpp:1[m[K:
[01m[K/opt/ros/humble/include/rclcpp/rclcpp/duration.hpp:151:3:[m[K [01;36m[Knote: [m[Kcandidate: ‘[01m[Krclcpp::Duration::Duration()[m[K’
  151 |   [01;36m[KDuration[m[K() = default;
      |   [01;36m[K^~~~~~~~[m[K
[01m[K/opt/ros/humble/include/rclcpp/rclcpp/duration.hpp:151:3:[m[K [01;36m[Knote: [m[K  candidate expects 0 arguments, 1 provided
[01m[K/opt/ros/humble/include/rclcpp/rclcpp/duration.hpp:61:3:[m[K [01;36m[Knote: [m[Kcandidate: ‘[01m[Krclcpp::Duration::Duration(const rclcpp::Duration&)[m[K’
   61 |   [01;36m[KDuration[m[K(const Duration & rhs);
      |   [01;36m[K^~~~~~~~[m[K
[01m[K/opt/ros/humble/include/rclcpp/rclcpp/duration.hpp:61:29:[m[K [01;36m[Knote: [m[K  no known conversion for argument 1 from ‘[01m[Kint[m[K’ to ‘[01m[Kconst rclcpp::Duration&[m[K’
   61 |   Duration([01;36m[Kconst Duration & rhs[m[K);
      |            [01;36m[K~~~~~~~~~~~~~~~~~^~~[m[K
[01m[K/opt/ros/humble/include/rclcpp/rclcpp/duration.hpp:59:12:[m[K [01;36m[Knote: [m[Kcandidate: ‘[01m[Krclcpp::Duration::Duration(const rcl_duration_t&)[m[K’
   59 |   explicit [01;36m[KDuration[m[K(const rcl_duration_t & duration);
      |            [01;36m[K^~~~~~~~[m[K
[01m[K/opt/ros/humble/include/rclcpp/rclcpp/duration.hpp:59:44:[m[K [01;36m[Knote: [m[K  no known conversion for argument 1 from ‘[01m[Kint[m[K’ to ‘[01m[Kconst rcl_duration_t&[m[K’ {aka ‘[01m[Kconst rcl_duration_s&[m[K’}
   59 |   explicit Duration([01;36m[Kconst rcl_duration_t & duration[m[K);
      |                     [01;36m[K~~~~~~~~~~~~~~~~~~~~~~~^~~~~~~~[m[K
[01m[K/opt/ros/humble/include/rclcpp/rclcpp/duration.hpp:53:3:[m[K [01;36m[Knote: [m[Kcandidate: ‘[01m[Krclcpp::Duration::Duration(const Duration&)[m[K’
   53 |   [01;36m[KDuration[m[K(const builtin_interfaces::msg::Duration & duration_msg);  // NOLINT(runtime/explicit)
      |   [01;36m[K^~~~~~~~[m[K
[01m[K/opt/ros/humble/include/rclcpp/rclcpp/duration.hpp:53:54:[m[K [01;36m[Knote: [m[K  no known conversion for argument 1 from ‘[01m[Kint[m[K’ to ‘[01m[Kconst Duration&[m[K’ {aka ‘[01m[Kconst builtin_interfaces::msg::Duration_<std::allocator<void> >&[m[K’}
   53 |   Duration([01;36m[Kconst builtin_interfaces::msg::Duration & duration_msg[m[K);  // NOLINT(runtime/explicit)
      |            [01;36m[K~~~~~~~~~~~~~~~~~~~~~~~~~~~~~~~~~~~~~~~~~~^~~~~~~~~~~~[m[K
[01m[K/opt/ros/humble/include/rclcpp/rclcpp/duration.hpp:42:12:[m[K [01;36m[Knote: [m[Kcandidate: ‘[01m[Krclcpp::Duration::Duration(std::chrono::nanoseconds)[m[K’
   42 |   explicit [01;36m[KDuration[m[K(std::chrono::nanoseconds nanoseconds);
      |            [01;36m[K^~~~~~~~[m[K
[01m[K/opt/ros/humble/include/rclcpp/rclcpp/duration.hpp:42:46:[m[K [01;36m[Knote: [m[K  no known conversion for argument 1 from ‘[01m[Kint[m[K’ to ‘[01m[Kstd::chrono::nanoseconds[m[K’ {aka ‘[01m[Kstd::chrono::duration<long int, std::ratio<1, 1000000000> >[m[K’}
   42 |   explicit Duration([01;36m[Kstd::chrono::nanoseconds nanoseconds[m[K);
      |                     [01;36m[K~~~~~~~~~~~~~~~~~~~~~~~~~^~~~~~~~~~~[m[K
[01m[K/opt/ros/humble/include/rclcpp/rclcpp/duration.hpp:39:3:[m[K [01;36m[Knote: [m[Kcandidate: ‘[01m[Krclcpp::Duration::Duration(int32_t, uint32_t)[m[K’
   39 |   [01;36m[KDuration[m[K(int32_t seconds, uint32_t nanoseconds);
      |   [01;36m[K^~~~~~~~[m[K
[01m[K/opt/ros/humble/include/rclcpp/rclcpp/duration.hpp:39:3:[m[K [01;36m[Knote: [m[K  candidate expects 2 arguments, 1 provided
[01m[K/home/orangepi/Desktop/SparkCar_ROS2_WS/SparkCar_Perception/src/VINS-MONO-ROS2/ar_demo/src/ar_demo_node.cpp:[m[K At global scope:
[01m[K/home/orangepi/Desktop/SparkCar_ROS2_WS/SparkCar_Perception/src/VINS-MONO-ROS2/ar_demo/src/ar_demo_node.cpp:351:113:[m[K [01;35m[Kwarning: [m[K‘[01m[Knav_msgs::msg::Odometry_<std::allocator<void> >::ConstPtr[m[K’ is deprecated [[01;35m[K]8;;https://gcc.gnu.org/onlinedocs/gcc/Warning-Options.html#index-Wdeprecated-declarations-Wdeprecated-declarations]8;;[m[K]
  351 | void callback(const sensor_msgs::msg::Image::SharedPtr img_msg, const nav_msgs::msg::Odometry::ConstPtr pose_msg[01;35m[K)[m[K
      |                                                                                                                 [01;35m[K^[m[K
In file included from [01m[K/opt/ros/humble/include/nav_msgs/nav_msgs/msg/odometry.hpp:7[m[K,
                 from [01m[K/home/orangepi/Desktop/SparkCar_ROS2_WS/SparkCar_Perception/src/VINS-MONO-ROS2/ar_demo/src/ar_demo_node.cpp:5[m[K:
[01m[K/opt/ros/humble/include/nav_msgs/nav_msgs/msg/detail/odometry__struct.hpp:147:5:[m[K [01;36m[Knote: [m[Kdeclared here
  147 |     [01;36m[KConstPtr[m[K;
      |     [01;36m[K^~~~~~~~[m[K
gmake[2]: *** [CMakeFiles/ar_demo_node.dir/build.make:76: CMakeFiles/ar_demo_node.dir/src/ar_demo_node.cpp.o] Error 1
gmake[1]: *** [CMakeFiles/Makefile2:137: CMakeFiles/ar_demo_node.dir/all] Error 2
gmake: *** [Makefile:146: all] Error 2
