[0.031s] Invoking command in '/home/orangepi/Desktop/SparkCar_ROS2_WS/SparkCar_Perception/build/ar_demo': AMENT_PREFIX_PATH=/home/orangepi/Desktop/SparkCar_ROS2_WS/SparkCar_Perception/install/camera_model:${AMENT_PREFIX_PATH} CMAKE_PREFIX_PATH=/home/orangepi/Desktop/SparkCar_ROS2_WS/SparkCar_Perception/install/camera_model:/opt/ros/humble LD_LIBRARY_PATH=/home/orangepi/Desktop/SparkCar_ROS2_WS/SparkCar_Perception/install/camera_model/lib:${LD_LIBRARY_PATH} PATH=/home/orangepi/Desktop/SparkCar_ROS2_WS/SparkCar_Perception/install/camera_model/bin:${PATH} /usr/bin/cmake /home/orangepi/Desktop/SparkCar_ROS2_WS/SparkCar_Perception/src/VINS-MONO-ROS2/ar_demo -DCMAKE_INSTALL_PREFIX=/home/orangepi/Desktop/SparkCar_ROS2_WS/SparkCar_Perception/install/ar_demo
[0.185s] -- The C compiler identification is GNU 11.4.0
[0.324s] -- The CXX compiler identification is GNU 11.4.0
[0.347s] -- Detecting C compiler ABI info
[0.544s] -- Detecting C compiler ABI info - done
[0.556s] -- Check for working C compiler: /usr/bin/cc - skipped
[0.557s] -- Detecting C compile features
[0.557s] -- Detecting C compile features - done
[0.562s] -- Detecting CXX compiler ABI info
[0.752s] -- Detecting CXX compiler ABI info - done
[0.793s] -- Check for working CXX compiler: /usr/bin/c++ - skipped
[0.794s] -- Detecting CXX compile features
[0.796s] -- Detecting CXX compile features - done
[0.804s] -- Found ament_cmake: 1.3.14 (/opt/ros/humble/share/ament_cmake/cmake)
[1.086s] -- Found Python3: /usr/bin/python3 (found version "3.10.12") found components: Interpreter 
[1.248s] -- Found rclcpp: 16.0.19 (/opt/ros/humble/share/rclcpp/cmake)
[1.298s] -- Found rosidl_generator_c: 3.1.9 (/opt/ros/humble/share/rosidl_generator_c/cmake)
[1.305s] -- Found rosidl_adapter: 3.1.9 (/opt/ros/humble/share/rosidl_adapter/cmake)
[1.316s] -- Found rosidl_generator_cpp: 3.1.9 (/opt/ros/humble/share/rosidl_generator_cpp/cmake)
[1.333s] -- Using all available rosidl_typesupport_c: rosidl_typesupport_fastrtps_c;rosidl_typesupport_introspection_c
[1.356s] -- Using all available rosidl_typesupport_cpp: rosidl_typesupport_fastrtps_cpp;rosidl_typesupport_introspection_cpp
[1.417s] -- Found rmw_implementation_cmake: 6.1.2 (/opt/ros/humble/share/rmw_implementation_cmake/cmake)
[1.420s] -- Found rmw_fastrtps_cpp: 6.2.10 (/opt/ros/humble/share/rmw_fastrtps_cpp/cmake)
[1.597s] -- Found OpenSSL: /usr/lib/aarch64-linux-gnu/libcrypto.so (found version "3.0.2")  
[1.644s] -- Found FastRTPS: /opt/ros/humble/include  
[1.714s] -- Using RMW implementation 'rmw_fastrtps_cpp' as default
[1.725s] -- Looking for pthread.h
[1.926s] -- Looking for pthread.h - found
[1.927s] -- Performing Test CMAKE_HAVE_LIBC_PTHREAD
[2.116s] -- Performing Test CMAKE_HAVE_LIBC_PTHREAD - Success
[2.118s] -- Found Threads: TRUE  
[2.208s] -- Found image_transport: 3.1.13 (/opt/ros/humble/share/image_transport/cmake)
[2.313s] -- Found cv_bridge: 3.2.1 (/opt/ros/humble/share/cv_bridge/cmake)
[2.330s] -- Found camera_model: 0.0.0 (/home/orangepi/Desktop/SparkCar_ROS2_WS/SparkCar_Perception/install/camera_model/share/camera_model/cmake)
[2.340s] -- Found OpenCV: /usr (found suitable version "4.5.4", minimum required is "4") 
[2.341s] -- Found visualization_msgs: 4.9.1 (/opt/ros/humble/share/visualization_msgs/cmake)
[2.376s] -- Found nav_msgs: 4.9.1 (/opt/ros/humble/share/nav_msgs/cmake)
[2.601s] -- Configuring done
[2.622s] -- Generating done
[2.630s] -- Build files have been written to: /home/orangepi/Desktop/SparkCar_ROS2_WS/SparkCar_Perception/build/ar_demo
[2.652s] Invoked command in '/home/orangepi/Desktop/SparkCar_ROS2_WS/SparkCar_Perception/build/ar_demo' returned '0': AMENT_PREFIX_PATH=/home/orangepi/Desktop/SparkCar_ROS2_WS/SparkCar_Perception/install/camera_model:${AMENT_PREFIX_PATH} CMAKE_PREFIX_PATH=/home/orangepi/Desktop/SparkCar_ROS2_WS/SparkCar_Perception/install/camera_model:/opt/ros/humble LD_LIBRARY_PATH=/home/orangepi/Desktop/SparkCar_ROS2_WS/SparkCar_Perception/install/camera_model/lib:${LD_LIBRARY_PATH} PATH=/home/orangepi/Desktop/SparkCar_ROS2_WS/SparkCar_Perception/install/camera_model/bin:${PATH} /usr/bin/cmake /home/orangepi/Desktop/SparkCar_ROS2_WS/SparkCar_Perception/src/VINS-MONO-ROS2/ar_demo -DCMAKE_INSTALL_PREFIX=/home/orangepi/Desktop/SparkCar_ROS2_WS/SparkCar_Perception/install/ar_demo
[2.655s] Invoking command in '/home/orangepi/Desktop/SparkCar_ROS2_WS/SparkCar_Perception/build/ar_demo': AMENT_PREFIX_PATH=/home/orangepi/Desktop/SparkCar_ROS2_WS/SparkCar_Perception/install/camera_model:${AMENT_PREFIX_PATH} CMAKE_PREFIX_PATH=/home/orangepi/Desktop/SparkCar_ROS2_WS/SparkCar_Perception/install/camera_model:/opt/ros/humble LD_LIBRARY_PATH=/home/orangepi/Desktop/SparkCar_ROS2_WS/SparkCar_Perception/install/camera_model/lib:${LD_LIBRARY_PATH} PATH=/home/orangepi/Desktop/SparkCar_ROS2_WS/SparkCar_Perception/install/camera_model/bin:${PATH} /usr/bin/cmake --build /home/orangepi/Desktop/SparkCar_ROS2_WS/SparkCar_Perception/build/ar_demo -- -j8 -l8
[2.807s] [ 50%] [32mBuilding CXX object CMakeFiles/ar_demo_node.dir/src/ar_demo_node.cpp.o[0m
[23.789s] In file included from [01m[K/home/orangepi/Desktop/SparkCar_ROS2_WS/SparkCar_Perception/src/VINS-MONO-ROS2/ar_demo/src/ar_demo_node.cpp:11[m[K:
[23.789s] [01m[K/opt/ros/humble/include/image_transport/image_transport/image_transport.h:32:89:[m[K [01;36m[Knote: [m[K‘[01m[K#pragma message: Warning: This header is deprecated. Use 'image_transport.hpp' instead[m[K’
[23.789s]    32 | #pragma message ("Warning: This header is deprecated. Use 'image_transport.hpp' instead"[01;36m[K)[m[K
[23.789s]       |                                                                                         [01;36m[K^[m[K
[29.531s] [01m[K/home/orangepi/Desktop/SparkCar_ROS2_WS/SparkCar_Perception/src/VINS-MONO-ROS2/ar_demo/src/ar_demo_node.cpp:[m[K In function ‘[01m[Kvoid axis_generate(visualization_msgs::msg::Marker&, Eigen::Vector3d&, int)[m[K’:
[29.531s] [01m[K/home/orangepi/Desktop/SparkCar_ROS2_WS/SparkCar_Perception/src/VINS-MONO-ROS2/ar_demo/src/ar_demo_node.cpp:71:44:[m[K [01;31m[Kerror: [m[Kno matching function for call to ‘[01m[Krclcpp::Duration::Duration(int)[m[K’
[29.531s]    71 |     line_list.lifetime = rclcpp::Duration(0[01;31m[K)[m[K;
[29.532s]       |                                            [01;31m[K^[m[K
[29.532s] In file included from [01m[K/opt/ros/humble/include/rclcpp/rclcpp/qos.hpp:20[m[K,
[29.532s]                  from [01m[K/opt/ros/humble/include/rclcpp/rclcpp/node_interfaces/node_graph_interface.hpp:33[m[K,
[29.532s]                  from [01m[K/opt/ros/humble/include/rclcpp/rclcpp/client.hpp:42[m[K,
[29.532s]                  from [01m[K/opt/ros/humble/include/rclcpp/rclcpp/callback_group.hpp:24[m[K,
[29.532s]                  from [01m[K/opt/ros/humble/include/rclcpp/rclcpp/any_executable.hpp:20[m[K,
[29.533s]                  from [01m[K/opt/ros/humble/include/rclcpp/rclcpp/memory_strategy.hpp:25[m[K,
[29.533s]                  from [01m[K/opt/ros/humble/include/rclcpp/rclcpp/memory_strategies.hpp:18[m[K,
[29.533s]                  from [01m[K/opt/ros/humble/include/rclcpp/rclcpp/executor_options.hpp:20[m[K,
[29.533s]                  from [01m[K/opt/ros/humble/include/rclcpp/rclcpp/executor.hpp:37[m[K,
[29.533s]                  from [01m[K/opt/ros/humble/include/rclcpp/rclcpp/executors/multi_threaded_executor.hpp:25[m[K,
[29.533s]                  from [01m[K/opt/ros/humble/include/rclcpp/rclcpp/executors.hpp:21[m[K,
[29.533s]                  from [01m[K/opt/ros/humble/include/rclcpp/rclcpp/rclcpp.hpp:155[m[K,
[29.533s]                  from [01m[K/home/orangepi/Desktop/SparkCar_ROS2_WS/SparkCar_Perception/src/VINS-MONO-ROS2/ar_demo/src/ar_demo_node.cpp:1[m[K:
[29.533s] [01m[K/opt/ros/humble/include/rclcpp/rclcpp/duration.hpp:48:3:[m[K [01;36m[Knote: [m[Kcandidate: ‘[01m[Ktemplate<class Rep, class Period> rclcpp::Duration::Duration(const std::chrono::duration<_Rep1, _Period1>&)[m[K’
[29.533s]    48 |   [01;36m[KDuration[m[K(const std::chrono::duration<Rep, Period> & duration)  // NOLINT(runtime/explicit)
[29.533s]       |   [01;36m[K^~~~~~~~[m[K
[29.533s] [01m[K/opt/ros/humble/include/rclcpp/rclcpp/duration.hpp:48:3:[m[K [01;36m[Knote: [m[K  template argument deduction/substitution failed:
[29.533s] [01m[K/home/orangepi/Desktop/SparkCar_ROS2_WS/SparkCar_Perception/src/VINS-MONO-ROS2/ar_demo/src/ar_demo_node.cpp:71:44:[m[K [01;36m[Knote: [m[K  mismatched types ‘[01m[Kconst std::chrono::duration<_Rep1, _Period1>[m[K’ and ‘[01m[Kint[m[K’
[29.533s]    71 |     line_list.lifetime = rclcpp::Duration(0[01;36m[K)[m[K;
[29.533s]       |                                            [01;36m[K^[m[K
[29.534s] In file included from [01m[K/opt/ros/humble/include/rclcpp/rclcpp/qos.hpp:20[m[K,
[29.534s]                  from [01m[K/opt/ros/humble/include/rclcpp/rclcpp/node_interfaces/node_graph_interface.hpp:33[m[K,
[29.534s]                  from [01m[K/opt/ros/humble/include/rclcpp/rclcpp/client.hpp:42[m[K,
[29.534s]                  from [01m[K/opt/ros/humble/include/rclcpp/rclcpp/callback_group.hpp:24[m[K,
[29.534s]                  from [01m[K/opt/ros/humble/include/rclcpp/rclcpp/any_executable.hpp:20[m[K,
[29.534s]                  from [01m[K/opt/ros/humble/include/rclcpp/rclcpp/memory_strategy.hpp:25[m[K,
[29.534s]                  from [01m[K/opt/ros/humble/include/rclcpp/rclcpp/memory_strategies.hpp:18[m[K,
[29.534s]                  from [01m[K/opt/ros/humble/include/rclcpp/rclcpp/executor_options.hpp:20[m[K,
[29.534s]                  from [01m[K/opt/ros/humble/include/rclcpp/rclcpp/executor.hpp:37[m[K,
[29.534s]                  from [01m[K/opt/ros/humble/include/rclcpp/rclcpp/executors/multi_threaded_executor.hpp:25[m[K,
[29.534s]                  from [01m[K/opt/ros/humble/include/rclcpp/rclcpp/executors.hpp:21[m[K,
[29.534s]                  from [01m[K/opt/ros/humble/include/rclcpp/rclcpp/rclcpp.hpp:155[m[K,
[29.534s]                  from [01m[K/home/orangepi/Desktop/SparkCar_ROS2_WS/SparkCar_Perception/src/VINS-MONO-ROS2/ar_demo/src/ar_demo_node.cpp:1[m[K:
[29.534s] [01m[K/opt/ros/humble/include/rclcpp/rclcpp/duration.hpp:151:3:[m[K [01;36m[Knote: [m[Kcandidate: ‘[01m[Krclcpp::Duration::Duration()[m[K’
[29.534s]   151 |   [01;36m[KDuration[m[K() = default;
[29.535s]       |   [01;36m[K^~~~~~~~[m[K
[29.535s] [01m[K/opt/ros/humble/include/rclcpp/rclcpp/duration.hpp:151:3:[m[K [01;36m[Knote: [m[K  candidate expects 0 arguments, 1 provided
[29.536s] [01m[K/opt/ros/humble/include/rclcpp/rclcpp/duration.hpp:61:3:[m[K [01;36m[Knote: [m[Kcandidate: ‘[01m[Krclcpp::Duration::Duration(const rclcpp::Duration&)[m[K’
[29.536s]    61 |   [01;36m[KDuration[m[K(const Duration & rhs);
[29.536s]       |   [01;36m[K^~~~~~~~[m[K
[29.536s] [01m[K/opt/ros/humble/include/rclcpp/rclcpp/duration.hpp:61:29:[m[K [01;36m[Knote: [m[K  no known conversion for argument 1 from ‘[01m[Kint[m[K’ to ‘[01m[Kconst rclcpp::Duration&[m[K’
[29.536s]    61 |   Duration([01;36m[Kconst Duration & rhs[m[K);
[29.536s]       |            [01;36m[K~~~~~~~~~~~~~~~~~^~~[m[K
[29.536s] [01m[K/opt/ros/humble/include/rclcpp/rclcpp/duration.hpp:59:12:[m[K [01;36m[Knote: [m[Kcandidate: ‘[01m[Krclcpp::Duration::Duration(const rcl_duration_t&)[m[K’
[29.537s]    59 |   explicit [01;36m[KDuration[m[K(const rcl_duration_t & duration);
[29.537s]       |            [01;36m[K^~~~~~~~[m[K
[29.537s] [01m[K/opt/ros/humble/include/rclcpp/rclcpp/duration.hpp:59:44:[m[K [01;36m[Knote: [m[K  no known conversion for argument 1 from ‘[01m[Kint[m[K’ to ‘[01m[Kconst rcl_duration_t&[m[K’ {aka ‘[01m[Kconst rcl_duration_s&[m[K’}
[29.537s]    59 |   explicit Duration([01;36m[Kconst rcl_duration_t & duration[m[K);
[29.537s]       |                     [01;36m[K~~~~~~~~~~~~~~~~~~~~~~~^~~~~~~~[m[K
[29.537s] [01m[K/opt/ros/humble/include/rclcpp/rclcpp/duration.hpp:53:3:[m[K [01;36m[Knote: [m[Kcandidate: ‘[01m[Krclcpp::Duration::Duration(const Duration&)[m[K’
[29.537s]    53 |   [01;36m[KDuration[m[K(const builtin_interfaces::msg::Duration & duration_msg);  // NOLINT(runtime/explicit)
[29.537s]       |   [01;36m[K^~~~~~~~[m[K
[29.537s] [01m[K/opt/ros/humble/include/rclcpp/rclcpp/duration.hpp:53:54:[m[K [01;36m[Knote: [m[K  no known conversion for argument 1 from ‘[01m[Kint[m[K’ to ‘[01m[Kconst Duration&[m[K’ {aka ‘[01m[Kconst builtin_interfaces::msg::Duration_<std::allocator<void> >&[m[K’}
[29.537s]    53 |   Duration([01;36m[Kconst builtin_interfaces::msg::Duration & duration_msg[m[K);  // NOLINT(runtime/explicit)
[29.537s]       |            [01;36m[K~~~~~~~~~~~~~~~~~~~~~~~~~~~~~~~~~~~~~~~~~~^~~~~~~~~~~~[m[K
[29.537s] [01m[K/opt/ros/humble/include/rclcpp/rclcpp/duration.hpp:42:12:[m[K [01;36m[Knote: [m[Kcandidate: ‘[01m[Krclcpp::Duration::Duration(std::chrono::nanoseconds)[m[K’
[29.537s]    42 |   explicit [01;36m[KDuration[m[K(std::chrono::nanoseconds nanoseconds);
[29.537s]       |            [01;36m[K^~~~~~~~[m[K
[29.537s] [01m[K/opt/ros/humble/include/rclcpp/rclcpp/duration.hpp:42:46:[m[K [01;36m[Knote: [m[K  no known conversion for argument 1 from ‘[01m[Kint[m[K’ to ‘[01m[Kstd::chrono::nanoseconds[m[K’ {aka ‘[01m[Kstd::chrono::duration<long int, std::ratio<1, 1000000000> >[m[K’}
[29.538s]    42 |   explicit Duration([01;36m[Kstd::chrono::nanoseconds nanoseconds[m[K);
[29.538s]       |                     [01;36m[K~~~~~~~~~~~~~~~~~~~~~~~~~^~~~~~~~~~~[m[K
[29.538s] [01m[K/opt/ros/humble/include/rclcpp/rclcpp/duration.hpp:39:3:[m[K [01;36m[Knote: [m[Kcandidate: ‘[01m[Krclcpp::Duration::Duration(int32_t, uint32_t)[m[K’
[29.538s]    39 |   [01;36m[KDuration[m[K(int32_t seconds, uint32_t nanoseconds);
[29.538s]       |   [01;36m[K^~~~~~~~[m[K
[29.538s] [01m[K/opt/ros/humble/include/rclcpp/rclcpp/duration.hpp:39:3:[m[K [01;36m[Knote: [m[K  candidate expects 2 arguments, 1 provided
[29.543s] [01m[K/home/orangepi/Desktop/SparkCar_ROS2_WS/SparkCar_Perception/src/VINS-MONO-ROS2/ar_demo/src/ar_demo_node.cpp:[m[K In function ‘[01m[Kvoid cube_generate(visualization_msgs::msg::Marker&, Eigen::Vector3d&, int)[m[K’:
[29.543s] [01m[K/home/orangepi/Desktop/SparkCar_ROS2_WS/SparkCar_Perception/src/VINS-MONO-ROS2/ar_demo/src/ar_demo_node.cpp:127:41:[m[K [01;31m[Kerror: [m[Kno matching function for call to ‘[01m[Krclcpp::Duration::Duration(int)[m[K’
[29.543s]   127 |     marker.lifetime = rclcpp::Duration(0[01;31m[K)[m[K;
[29.543s]       |                                         [01;31m[K^[m[K
[29.543s] In file included from [01m[K/opt/ros/humble/include/rclcpp/rclcpp/qos.hpp:20[m[K,
[29.543s]                  from [01m[K/opt/ros/humble/include/rclcpp/rclcpp/node_interfaces/node_graph_interface.hpp:33[m[K,
[29.544s]                  from [01m[K/opt/ros/humble/include/rclcpp/rclcpp/client.hpp:42[m[K,
[29.544s]                  from [01m[K/opt/ros/humble/include/rclcpp/rclcpp/callback_group.hpp:24[m[K,
[29.544s]                  from [01m[K/opt/ros/humble/include/rclcpp/rclcpp/any_executable.hpp:20[m[K,
[29.544s]                  from [01m[K/opt/ros/humble/include/rclcpp/rclcpp/memory_strategy.hpp:25[m[K,
[29.544s]                  from [01m[K/opt/ros/humble/include/rclcpp/rclcpp/memory_strategies.hpp:18[m[K,
[29.544s]                  from [01m[K/opt/ros/humble/include/rclcpp/rclcpp/executor_options.hpp:20[m[K,
[29.544s]                  from [01m[K/opt/ros/humble/include/rclcpp/rclcpp/executor.hpp:37[m[K,
[29.544s]                  from [01m[K/opt/ros/humble/include/rclcpp/rclcpp/executors/multi_threaded_executor.hpp:25[m[K,
[29.544s]                  from [01m[K/opt/ros/humble/include/rclcpp/rclcpp/executors.hpp:21[m[K,
[29.544s]                  from [01m[K/opt/ros/humble/include/rclcpp/rclcpp/rclcpp.hpp:155[m[K,
[29.544s]                  from [01m[K/home/orangepi/Desktop/SparkCar_ROS2_WS/SparkCar_Perception/src/VINS-MONO-ROS2/ar_demo/src/ar_demo_node.cpp:1[m[K:
[29.544s] [01m[K/opt/ros/humble/include/rclcpp/rclcpp/duration.hpp:48:3:[m[K [01;36m[Knote: [m[Kcandidate: ‘[01m[Ktemplate<class Rep, class Period> rclcpp::Duration::Duration(const std::chrono::duration<_Rep1, _Period1>&)[m[K’
[29.544s]    48 |   [01;36m[KDuration[m[K(const std::chrono::duration<Rep, Period> & duration)  // NOLINT(runtime/explicit)
[29.544s]       |   [01;36m[K^~~~~~~~[m[K
[29.544s] [01m[K/opt/ros/humble/include/rclcpp/rclcpp/duration.hpp:48:3:[m[K [01;36m[Knote: [m[K  template argument deduction/substitution failed:
[29.545s] [01m[K/home/orangepi/Desktop/SparkCar_ROS2_WS/SparkCar_Perception/src/VINS-MONO-ROS2/ar_demo/src/ar_demo_node.cpp:127:41:[m[K [01;36m[Knote: [m[K  mismatched types ‘[01m[Kconst std::chrono::duration<_Rep1, _Period1>[m[K’ and ‘[01m[Kint[m[K’
[29.545s]   127 |     marker.lifetime = rclcpp::Duration(0[01;36m[K)[m[K;
[29.545s]       |                                         [01;36m[K^[m[K
[29.545s] In file included from [01m[K/opt/ros/humble/include/rclcpp/rclcpp/qos.hpp:20[m[K,
[29.545s]                  from [01m[K/opt/ros/humble/include/rclcpp/rclcpp/node_interfaces/node_graph_interface.hpp:33[m[K,
[29.545s]                  from [01m[K/opt/ros/humble/include/rclcpp/rclcpp/client.hpp:42[m[K,
[29.545s]                  from [01m[K/opt/ros/humble/include/rclcpp/rclcpp/callback_group.hpp:24[m[K,
[29.545s]                  from [01m[K/opt/ros/humble/include/rclcpp/rclcpp/any_executable.hpp:20[m[K,
[29.545s]                  from [01m[K/opt/ros/humble/include/rclcpp/rclcpp/memory_strategy.hpp:25[m[K,
[29.545s]                  from [01m[K/opt/ros/humble/include/rclcpp/rclcpp/memory_strategies.hpp:18[m[K,
[29.545s]                  from [01m[K/opt/ros/humble/include/rclcpp/rclcpp/executor_options.hpp:20[m[K,
[29.545s]                  from [01m[K/opt/ros/humble/include/rclcpp/rclcpp/executor.hpp:37[m[K,
[29.545s]                  from [01m[K/opt/ros/humble/include/rclcpp/rclcpp/executors/multi_threaded_executor.hpp:25[m[K,
[29.545s]                  from [01m[K/opt/ros/humble/include/rclcpp/rclcpp/executors.hpp:21[m[K,
[29.545s]                  from [01m[K/opt/ros/humble/include/rclcpp/rclcpp/rclcpp.hpp:155[m[K,
[29.546s]                  from [01m[K/home/orangepi/Desktop/SparkCar_ROS2_WS/SparkCar_Perception/src/VINS-MONO-ROS2/ar_demo/src/ar_demo_node.cpp:1[m[K:
[29.546s] [01m[K/opt/ros/humble/include/rclcpp/rclcpp/duration.hpp:151:3:[m[K [01;36m[Knote: [m[Kcandidate: ‘[01m[Krclcpp::Duration::Duration()[m[K’
[29.546s]   151 |   [01;36m[KDuration[m[K() = default;
[29.546s]       |   [01;36m[K^~~~~~~~[m[K
[29.546s] [01m[K/opt/ros/humble/include/rclcpp/rclcpp/duration.hpp:151:3:[m[K [01;36m[Knote: [m[K  candidate expects 0 arguments, 1 provided
[29.546s] [01m[K/opt/ros/humble/include/rclcpp/rclcpp/duration.hpp:61:3:[m[K [01;36m[Knote: [m[Kcandidate: ‘[01m[Krclcpp::Duration::Duration(const rclcpp::Duration&)[m[K’
[29.546s]    61 |   [01;36m[KDuration[m[K(const Duration & rhs);
[29.546s]       |   [01;36m[K^~~~~~~~[m[K
[29.546s] [01m[K/opt/ros/humble/include/rclcpp/rclcpp/duration.hpp:61:29:[m[K [01;36m[Knote: [m[K  no known conversion for argument 1 from ‘[01m[Kint[m[K’ to ‘[01m[Kconst rclcpp::Duration&[m[K’
[29.546s]    61 |   Duration([01;36m[Kconst Duration & rhs[m[K);
[29.546s]       |            [01;36m[K~~~~~~~~~~~~~~~~~^~~[m[K
[29.546s] [01m[K/opt/ros/humble/include/rclcpp/rclcpp/duration.hpp:59:12:[m[K [01;36m[Knote: [m[Kcandidate: ‘[01m[Krclcpp::Duration::Duration(const rcl_duration_t&)[m[K’
[29.546s]    59 |   explicit [01;36m[KDuration[m[K(const rcl_duration_t & duration);
[29.546s]       |            [01;36m[K^~~~~~~~[m[K
[29.546s] [01m[K/opt/ros/humble/include/rclcpp/rclcpp/duration.hpp:59:44:[m[K [01;36m[Knote: [m[K  no known conversion for argument 1 from ‘[01m[Kint[m[K’ to ‘[01m[Kconst rcl_duration_t&[m[K’ {aka ‘[01m[Kconst rcl_duration_s&[m[K’}
[29.546s]    59 |   explicit Duration([01;36m[Kconst rcl_duration_t & duration[m[K);
[29.547s]       |                     [01;36m[K~~~~~~~~~~~~~~~~~~~~~~~^~~~~~~~[m[K
[29.547s] [01m[K/opt/ros/humble/include/rclcpp/rclcpp/duration.hpp:53:3:[m[K [01;36m[Knote: [m[Kcandidate: ‘[01m[Krclcpp::Duration::Duration(const Duration&)[m[K’
[29.547s]    53 |   [01;36m[KDuration[m[K(const builtin_interfaces::msg::Duration & duration_msg);  // NOLINT(runtime/explicit)
[29.547s]       |   [01;36m[K^~~~~~~~[m[K
[29.547s] [01m[K/opt/ros/humble/include/rclcpp/rclcpp/duration.hpp:53:54:[m[K [01;36m[Knote: [m[K  no known conversion for argument 1 from ‘[01m[Kint[m[K’ to ‘[01m[Kconst Duration&[m[K’ {aka ‘[01m[Kconst builtin_interfaces::msg::Duration_<std::allocator<void> >&[m[K’}
[29.547s]    53 |   Duration([01;36m[Kconst builtin_interfaces::msg::Duration & duration_msg[m[K);  // NOLINT(runtime/explicit)
[29.547s]       |            [01;36m[K~~~~~~~~~~~~~~~~~~~~~~~~~~~~~~~~~~~~~~~~~~^~~~~~~~~~~~[m[K
[29.547s] [01m[K/opt/ros/humble/include/rclcpp/rclcpp/duration.hpp:42:12:[m[K [01;36m[Knote: [m[Kcandidate: ‘[01m[Krclcpp::Duration::Duration(std::chrono::nanoseconds)[m[K’
[29.547s]    42 |   explicit [01;36m[KDuration[m[K(std::chrono::nanoseconds nanoseconds);
[29.547s]       |            [01;36m[K^~~~~~~~[m[K
[29.547s] [01m[K/opt/ros/humble/include/rclcpp/rclcpp/duration.hpp:42:46:[m[K [01;36m[Knote: [m[K  no known conversion for argument 1 from ‘[01m[Kint[m[K’ to ‘[01m[Kstd::chrono::nanoseconds[m[K’ {aka ‘[01m[Kstd::chrono::duration<long int, std::ratio<1, 1000000000> >[m[K’}
[29.547s]    42 |   explicit Duration([01;36m[Kstd::chrono::nanoseconds nanoseconds[m[K);
[29.547s]       |                     [01;36m[K~~~~~~~~~~~~~~~~~~~~~~~~~^~~~~~~~~~~[m[K
[29.547s] [01m[K/opt/ros/humble/include/rclcpp/rclcpp/duration.hpp:39:3:[m[K [01;36m[Knote: [m[Kcandidate: ‘[01m[Krclcpp::Duration::Duration(int32_t, uint32_t)[m[K’
[29.547s]    39 |   [01;36m[KDuration[m[K(int32_t seconds, uint32_t nanoseconds);
[29.548s]       |   [01;36m[K^~~~~~~~[m[K
[29.548s] [01m[K/opt/ros/humble/include/rclcpp/rclcpp/duration.hpp:39:3:[m[K [01;36m[Knote: [m[K  candidate expects 2 arguments, 1 provided
[29.725s] [01m[K/home/orangepi/Desktop/SparkCar_ROS2_WS/SparkCar_Perception/src/VINS-MONO-ROS2/ar_demo/src/ar_demo_node.cpp:[m[K At global scope:
[29.725s] [01m[K/home/orangepi/Desktop/SparkCar_ROS2_WS/SparkCar_Perception/src/VINS-MONO-ROS2/ar_demo/src/ar_demo_node.cpp:351:113:[m[K [01;35m[Kwarning: [m[K‘[01m[Knav_msgs::msg::Odometry_<std::allocator<void> >::ConstPtr[m[K’ is deprecated [[01;35m[K]8;;https://gcc.gnu.org/onlinedocs/gcc/Warning-Options.html#index-Wdeprecated-declarations-Wdeprecated-declarations]8;;[m[K]
[29.725s]   351 | void callback(const sensor_msgs::msg::Image::SharedPtr img_msg, const nav_msgs::msg::Odometry::ConstPtr pose_msg[01;35m[K)[m[K
[29.725s]       |                                                                                                                 [01;35m[K^[m[K
[29.725s] In file included from [01m[K/opt/ros/humble/include/nav_msgs/nav_msgs/msg/odometry.hpp:7[m[K,
[29.725s]                  from [01m[K/home/orangepi/Desktop/SparkCar_ROS2_WS/SparkCar_Perception/src/VINS-MONO-ROS2/ar_demo/src/ar_demo_node.cpp:5[m[K:
[29.725s] [01m[K/opt/ros/humble/include/nav_msgs/nav_msgs/msg/detail/odometry__struct.hpp:147:5:[m[K [01;36m[Knote: [m[Kdeclared here
[29.725s]   147 |     [01;36m[KConstPtr[m[K;
[29.725s]       |     [01;36m[K^~~~~~~~[m[K
[61.310s] gmake[2]: *** [CMakeFiles/ar_demo_node.dir/build.make:76: CMakeFiles/ar_demo_node.dir/src/ar_demo_node.cpp.o] Error 1
[61.311s] gmake[1]: *** [CMakeFiles/Makefile2:137: CMakeFiles/ar_demo_node.dir/all] Error 2
[61.314s] gmake: *** [Makefile:146: all] Error 2
[61.325s] Invoked command in '/home/orangepi/Desktop/SparkCar_ROS2_WS/SparkCar_Perception/build/ar_demo' returned '2': AMENT_PREFIX_PATH=/home/orangepi/Desktop/SparkCar_ROS2_WS/SparkCar_Perception/install/camera_model:${AMENT_PREFIX_PATH} CMAKE_PREFIX_PATH=/home/orangepi/Desktop/SparkCar_ROS2_WS/SparkCar_Perception/install/camera_model:/opt/ros/humble LD_LIBRARY_PATH=/home/orangepi/Desktop/SparkCar_ROS2_WS/SparkCar_Perception/install/camera_model/lib:${LD_LIBRARY_PATH} PATH=/home/orangepi/Desktop/SparkCar_ROS2_WS/SparkCar_Perception/install/camera_model/bin:${PATH} /usr/bin/cmake --build /home/orangepi/Desktop/SparkCar_ROS2_WS/SparkCar_Perception/build/ar_demo -- -j8 -l8
