-- The C compiler identification is GNU 11.4.0
-- The CXX compiler identification is GNU 11.4.0
-- Detecting C compiler ABI info
-- Detecting C compiler ABI info - done
-- Check for working C compiler: /usr/bin/cc - skipped
-- Detecting C compile features
-- Detecting C compile features - done
-- Detecting CXX compiler ABI info
-- Detecting CXX compiler ABI info - done
-- Check for working CXX compiler: /usr/bin/c++ - skipped
-- Detecting CXX compile features
-- Detecting CXX compile features - done
-- Found ament_cmake: 1.3.14 (/opt/ros/humble/share/ament_cmake/cmake)
-- Found Python3: /usr/bin/python3 (found version "3.10.12") found components: Interpreter 
-- Found numpy_eigen: 1.0.0 (/home/orangepi/Desktop/SparkCar_ROS2_WS/SparkCar_Tools/install/numpy_eigen/share/numpy_eigen/cmake)
-- Found sm_python: 1.0.0 (/home/orangepi/Desktop/SparkCar_ROS2_WS/SparkCar_Tools/install/sm_python/share/sm_python/cmake)
-- Found aslam_backend: 1.0.0 (/home/orangepi/Desktop/SparkCar_ROS2_WS/SparkCar_Tools/install/aslam_backend/share/aslam_backend/cmake)
-- Found aslam_backend_expressions: 1.0.0 (/home/orangepi/Desktop/SparkCar_ROS2_WS/SparkCar_Tools/install/aslam_backend_expressions/share/aslam_backend_expressions/cmake)
-- Found aslam_cameras: 1.0.0 (/home/orangepi/Desktop/SparkCar_ROS2_WS/SparkCar_Tools/install/aslam_cameras/share/aslam_cameras/cmake)
-- Found aslam_cv_backend: 1.0.0 (/home/orangepi/Desktop/SparkCar_ROS2_WS/SparkCar_Tools/install/aslam_cv_backend/share/aslam_cv_backend/cmake)
-- Found aslam_cv_serialization: 1.0.0 (/home/orangepi/Desktop/SparkCar_ROS2_WS/SparkCar_Tools/install/aslam_cv_serialization/share/aslam_cv_serialization/cmake)
-- Found aslam_imgproc: 1.0.0 (/home/orangepi/Desktop/SparkCar_ROS2_WS/SparkCar_Tools/install/aslam_imgproc/share/aslam_imgproc/cmake)
-- Found aslam_splines: 1.0.0 (/home/orangepi/Desktop/SparkCar_ROS2_WS/SparkCar_Tools/install/aslam_splines/share/aslam_splines/cmake)
-- Found bsplines: 1.0.0 (/home/orangepi/Desktop/SparkCar_ROS2_WS/SparkCar_Tools/install/bsplines/share/bsplines/cmake)
-- Found Boost: /usr/lib/aarch64-linux-gnu/cmake/Boost-1.74.0/BoostConfig.cmake (found version "1.74.0") found components: system serialization python thread filesystem regex 
-- Found Python3: /usr/include/python3.10 (found version "3.10.12") found components: Development NumPy Interpreter Development.Module Development.Embed 
-- Found OpenCV: /usr (found version "4.5.4") 
-- Configuring done
-- Generating done
-- Build files have been written to: /home/orangepi/Desktop/SparkCar_ROS2_WS/SparkCar_Tools/build/aslam_cv_python
[  7%] [32mBuilding CXX object CMakeFiles/aslam_cv_python.dir/src/module.cpp.o[0m
[ 15%] [32mBuilding CXX object CMakeFiles/aslam_cv_python.dir/src/CameraGeometries.cpp.o[0m
[ 15%] Built target ament_cmake_python_copy_aslam_cv
[ 23%] [32mBuilding CXX object CMakeFiles/aslam_cv_python.dir/src/CameraShutters.cpp.o[0m
[ 30%] [32mBuilding CXX object CMakeFiles/aslam_cv_python.dir/src/CameraProjections.cpp.o[0m
[ 38%] [32mBuilding CXX object CMakeFiles/aslam_cv_python.dir/src/Frame.cpp.o[0m
In file included from [01m[K/usr/include/boost/smart_ptr/detail/sp_thread_sleep.hpp:22[m[K,
                 from [01m[K/usr/include/boost/smart_ptr/detail/yield_k.hpp:23[m[K,
                 from [01m[K/usr/include/boost/smart_ptr/detail/spinlock_gcc_atomic.hpp:14[m[K,
                 from [01m[K/usr/include/boost/smart_ptr/detail/spinlock.hpp:42[m[K,
                 from [01m[K/usr/include/boost/smart_ptr/detail/spinlock_pool.hpp:25[m[K,
                 from [01m[K/usr/include/boost/smart_ptr/shared_ptr.hpp:29[m[K,
                 from [01m[K/usr/include/boost/shared_ptr.hpp:17[m[K,
                 from [01m[K/usr/include/boost/python/converter/shared_ptr_to_python.hpp:12[m[K,
                 from [01m[K/usr/include/boost/python/converter/arg_to_python.hpp:15[m[K,
                 from [01m[K/usr/include/boost/python/call.hpp:15[m[K,
                 from [01m[K/usr/include/boost/python/object_core.hpp:14[m[K,
                 from [01m[K/usr/include/boost/python/args.hpp:22[m[K,
                 from [01m[K/usr/include/boost/python.hpp:11[m[K,
                 from [01m[K/home/orangepi/Desktop/SparkCar_ROS2_WS/SparkCar_Tools/install/numpy_eigen/include/numpy_eigen/boost_python_headers.hpp:24[m[K,
                 from [01m[K/home/orangepi/Desktop/SparkCar_ROS2_WS/SparkCar_Tools/src/Kalibr_ROS2/src/aslam_cv/aslam_cv_python/src/CameraGeometries.cpp:1[m[K:
[01m[K/usr/include/boost/bind.hpp:36:1:[m[K [01;36m[Knote: [m[K‘[01m[K#pragma message: The practice of declaring the Bind placeholders (_1, _2, ...) in the global namespace is deprecated. Please use <boost/bind/bind.hpp> + using namespace boost::placeholders, or define BOOST_BIND_GLOBAL_PLACEHOLDERS to retain the current behavior.[m[K’
   36 | [01;36m[KBOOST_PRAGMA_MESSAGE[m[K(
      | [01;36m[K^~~~~~~~~~~~~~~~~~~~[m[K
[01m[K/usr/include/boost/detail/iterator.hpp:13:1:[m[K [01;36m[Knote: [m[K‘[01m[K#pragma message: This header is deprecated. Use <iterator> instead.[m[K’
   13 | [01;36m[KBOOST_HEADER_DEPRECATED[m[K("<iterator>")
      | [01;36m[K^~~~~~~~~~~~~~~~~~~~~~~[m[K
In file included from [01m[K/usr/include/boost/smart_ptr/detail/sp_thread_sleep.hpp:22[m[K,
                 from [01m[K/usr/include/boost/smart_ptr/detail/yield_k.hpp:23[m[K,
                 from [01m[K/usr/include/boost/smart_ptr/detail/spinlock_gcc_atomic.hpp:14[m[K,
                 from [01m[K/usr/include/boost/smart_ptr/detail/spinlock.hpp:42[m[K,
                 from [01m[K/usr/include/boost/smart_ptr/detail/spinlock_pool.hpp:25[m[K,
                 from [01m[K/usr/include/boost/smart_ptr/shared_ptr.hpp:29[m[K,
                 from [01m[K/usr/include/boost/shared_ptr.hpp:17[m[K,
                 from [01m[K/usr/include/boost/python/converter/shared_ptr_to_python.hpp:12[m[K,
                 from [01m[K/usr/include/boost/python/converter/arg_to_python.hpp:15[m[K,
                 from [01m[K/usr/include/boost/python/call.hpp:15[m[K,
                 from [01m[K/usr/include/boost/python/object_core.hpp:14[m[K,
                 from [01m[K/usr/include/boost/python/args.hpp:22[m[K,
                 from [01m[K/usr/include/boost/python.hpp:11[m[K,
                 from [01m[K/home/orangepi/Desktop/SparkCar_ROS2_WS/SparkCar_Tools/install/numpy_eigen/include/numpy_eigen/boost_python_headers.hpp:24[m[K,
                 from [01m[K/home/orangepi/Desktop/SparkCar_ROS2_WS/SparkCar_Tools/src/Kalibr_ROS2/src/aslam_cv/aslam_cv_python/src/module.cpp:3[m[K:
[01m[K/usr/include/boost/bind.hpp:36:1:[m[K [01;36m[Knote: [m[K‘[01m[K#pragma message: The practice of declaring the Bind placeholders (_1, _2, ...) in the global namespace is deprecated. Please use <boost/bind/bind.hpp> + using namespace boost::placeholders, or define BOOST_BIND_GLOBAL_PLACEHOLDERS to retain the current behavior.[m[K’
   36 | [01;36m[KBOOST_PRAGMA_MESSAGE[m[K(
      | [01;36m[K^~~~~~~~~~~~~~~~~~~~[m[K
[01m[K/usr/include/boost/detail/iterator.hpp:13:1:[m[K [01;36m[Knote: [m[K‘[01m[K#pragma message: This header is deprecated. Use <iterator> instead.[m[K’
   13 | [01;36m[KBOOST_HEADER_DEPRECATED[m[K("<iterator>")
      | [01;36m[K^~~~~~~~~~~~~~~~~~~~~~~[m[K
In file included from [01m[K/usr/include/boost/smart_ptr/detail/sp_thread_sleep.hpp:22[m[K,
                 from [01m[K/usr/include/boost/smart_ptr/detail/yield_k.hpp:23[m[K,
                 from [01m[K/usr/include/boost/smart_ptr/detail/spinlock_gcc_atomic.hpp:14[m[K,
                 from [01m[K/usr/include/boost/smart_ptr/detail/spinlock.hpp:42[m[K,
                 from [01m[K/usr/include/boost/smart_ptr/detail/spinlock_pool.hpp:25[m[K,
                 from [01m[K/usr/include/boost/smart_ptr/shared_ptr.hpp:29[m[K,
                 from [01m[K/usr/include/boost/shared_ptr.hpp:17[m[K,
                 from [01m[K/usr/include/boost/python/converter/shared_ptr_to_python.hpp:12[m[K,
                 from [01m[K/usr/include/boost/python/converter/arg_to_python.hpp:15[m[K,
                 from [01m[K/usr/include/boost/python/call.hpp:15[m[K,
                 from [01m[K/usr/include/boost/python/object_core.hpp:14[m[K,
                 from [01m[K/usr/include/boost/python/args.hpp:22[m[K,
                 from [01m[K/usr/include/boost/python.hpp:11[m[K,
                 from [01m[K/home/orangepi/Desktop/SparkCar_ROS2_WS/SparkCar_Tools/install/numpy_eigen/include/numpy_eigen/boost_python_headers.hpp:24[m[K,
                 from [01m[K/home/orangepi/Desktop/SparkCar_ROS2_WS/SparkCar_Tools/src/Kalibr_ROS2/src/aslam_cv/aslam_cv_python/src/CameraShutters.cpp:1[m[K:
[01m[K/usr/include/boost/bind.hpp:36:1:[m[K [01;36m[Knote: [m[K‘[01m[K#pragma message: The practice of declaring the Bind placeholders (_1, _2, ...) in the global namespace is deprecated. Please use <boost/bind/bind.hpp> + using namespace boost::placeholders, or define BOOST_BIND_GLOBAL_PLACEHOLDERS to retain the current behavior.[m[K’
   36 | [01;36m[KBOOST_PRAGMA_MESSAGE[m[K(
      | [01;36m[K^~~~~~~~~~~~~~~~~~~~[m[K
[01m[K/usr/include/boost/detail/iterator.hpp:13:1:[m[K [01;36m[Knote: [m[K‘[01m[K#pragma message: This header is deprecated. Use <iterator> instead.[m[K’
   13 | [01;36m[KBOOST_HEADER_DEPRECATED[m[K("<iterator>")
      | [01;36m[K^~~~~~~~~~~~~~~~~~~~~~~[m[K
In file included from [01m[K/usr/include/boost/smart_ptr/detail/sp_thread_sleep.hpp:22[m[K,
                 from [01m[K/usr/include/boost/smart_ptr/detail/yield_k.hpp:23[m[K,
                 from [01m[K/usr/include/boost/smart_ptr/detail/spinlock_gcc_atomic.hpp:14[m[K,
                 from [01m[K/usr/include/boost/smart_ptr/detail/spinlock.hpp:42[m[K,
                 from [01m[K/usr/include/boost/smart_ptr/detail/spinlock_pool.hpp:25[m[K,
                 from [01m[K/usr/include/boost/smart_ptr/shared_ptr.hpp:29[m[K,
                 from [01m[K/usr/include/boost/shared_ptr.hpp:17[m[K,
                 from [01m[K/usr/include/boost/python/converter/shared_ptr_to_python.hpp:12[m[K,
                 from [01m[K/usr/include/boost/python/converter/arg_to_python.hpp:15[m[K,
                 from [01m[K/usr/include/boost/python/call.hpp:15[m[K,
                 from [01m[K/usr/include/boost/python/object_core.hpp:14[m[K,
                 from [01m[K/usr/include/boost/python/args.hpp:22[m[K,
                 from [01m[K/usr/include/boost/python.hpp:11[m[K,
                 from [01m[K/home/orangepi/Desktop/SparkCar_ROS2_WS/SparkCar_Tools/install/numpy_eigen/include/numpy_eigen/boost_python_headers.hpp:24[m[K,
                 from [01m[K/home/orangepi/Desktop/SparkCar_ROS2_WS/SparkCar_Tools/src/Kalibr_ROS2/src/aslam_cv/aslam_cv_python/src/Frame.cpp:1[m[K:
[01m[K/usr/include/boost/bind.hpp:36:1:[m[K [01;36m[Knote: [m[K‘[01m[K#pragma message: The practice of declaring the Bind placeholders (_1, _2, ...) in the global namespace is deprecated. Please use <boost/bind/bind.hpp> + using namespace boost::placeholders, or define BOOST_BIND_GLOBAL_PLACEHOLDERS to retain the current behavior.[m[K’
   36 | [01;36m[KBOOST_PRAGMA_MESSAGE[m[K(
      | [01;36m[K^~~~~~~~~~~~~~~~~~~~[m[K
[01m[K/usr/include/boost/detail/iterator.hpp:13:1:[m[K [01;36m[Knote: [m[K‘[01m[K#pragma message: This header is deprecated. Use <iterator> instead.[m[K’
   13 | [01;36m[KBOOST_HEADER_DEPRECATED[m[K("<iterator>")
      | [01;36m[K^~~~~~~~~~~~~~~~~~~~~~~[m[K
In file included from [01m[K/usr/include/boost/smart_ptr/detail/sp_thread_sleep.hpp:22[m[K,
                 from [01m[K/usr/include/boost/smart_ptr/detail/yield_k.hpp:23[m[K,
                 from [01m[K/usr/include/boost/smart_ptr/detail/spinlock_gcc_atomic.hpp:14[m[K,
                 from [01m[K/usr/include/boost/smart_ptr/detail/spinlock.hpp:42[m[K,
                 from [01m[K/usr/include/boost/smart_ptr/detail/spinlock_pool.hpp:25[m[K,
                 from [01m[K/usr/include/boost/smart_ptr/shared_ptr.hpp:29[m[K,
                 from [01m[K/usr/include/boost/shared_ptr.hpp:17[m[K,
                 from [01m[K/usr/include/boost/python/converter/shared_ptr_to_python.hpp:12[m[K,
                 from [01m[K/usr/include/boost/python/converter/arg_to_python.hpp:15[m[K,
                 from [01m[K/usr/include/boost/python/call.hpp:15[m[K,
                 from [01m[K/usr/include/boost/python/object_core.hpp:14[m[K,
                 from [01m[K/usr/include/boost/python/args.hpp:22[m[K,
                 from [01m[K/usr/include/boost/python.hpp:11[m[K,
                 from [01m[K/home/orangepi/Desktop/SparkCar_ROS2_WS/SparkCar_Tools/install/numpy_eigen/include/numpy_eigen/boost_python_headers.hpp:24[m[K,
                 from [01m[K/home/orangepi/Desktop/SparkCar_ROS2_WS/SparkCar_Tools/src/Kalibr_ROS2/src/aslam_cv/aslam_cv_python/src/CameraProjections.cpp:1[m[K:
[01m[K/usr/include/boost/bind.hpp:36:1:[m[K [01;36m[Knote: [m[K‘[01m[K#pragma message: The practice of declaring the Bind placeholders (_1, _2, ...) in the global namespace is deprecated. Please use <boost/bind/bind.hpp> + using namespace boost::placeholders, or define BOOST_BIND_GLOBAL_PLACEHOLDERS to retain the current behavior.[m[K’
   36 | [01;36m[KBOOST_PRAGMA_MESSAGE[m[K(
      | [01;36m[K^~~~~~~~~~~~~~~~~~~~[m[K
[01m[K/usr/include/boost/detail/iterator.hpp:13:1:[m[K [01;36m[Knote: [m[K‘[01m[K#pragma message: This header is deprecated. Use <iterator> instead.[m[K’
   13 | [01;36m[KBOOST_HEADER_DEPRECATED[m[K("<iterator>")
      | [01;36m[K^~~~~~~~~~~~~~~~~~~~~~~[m[K
[01m[K/home/orangepi/Desktop/SparkCar_ROS2_WS/SparkCar_Tools/src/Kalibr_ROS2/src/aslam_cv/aslam_cv_python/src/CameraProjections.cpp:[m[K In function ‘[01m[Kboost::python::tuple distort2(const D*, Eigen::Vector2d) [with D = aslam::cameras::FovDistortion][m[K’:
[01m[K/home/orangepi/Desktop/SparkCar_ROS2_WS/SparkCar_Tools/src/Kalibr_ROS2/src/aslam_cv/aslam_cv_python/src/CameraProjections.cpp:35:22:[m[K [01;35m[Kwarning: [m[K‘[01m[KJ[m[K’ may be used uninitialized [[01;35m[K]8;;https://gcc.gnu.org/onlinedocs/gcc/Warning-Options.html#index-Wmaybe-uninitialized-Wmaybe-uninitialized]8;;[m[K]
   35 |   [01;35m[Kdistortion->distort(k, J)[m[K;
      |   [01;35m[K~~~~~~~~~~~~~~~~~~~^~~~~~[m[K
In file included from [01m[K/home/orangepi/Desktop/SparkCar_ROS2_WS/SparkCar_Tools/install/aslam_cameras/include/aslam/cameras/FovDistortion.hpp:154[m[K,
                 from [01m[K/home/orangepi/Desktop/SparkCar_ROS2_WS/SparkCar_Tools/src/Kalibr_ROS2/src/aslam_cv/aslam_cv_python/src/CameraProjections.cpp:8[m[K:
[01m[K/home/orangepi/Desktop/SparkCar_ROS2_WS/SparkCar_Tools/install/aslam_cameras/include/aslam/cameras/implementation/FovDistortion.hpp:20:6:[m[K [01;36m[Knote: [m[Kby argument 3 of type ‘[01m[Kconst Eigen::MatrixBase<Eigen::Matrix<double, 2, 2> >&[m[K’ to ‘[01m[Kvoid aslam::cameras::FovDistortion::distort(const Eigen::MatrixBase<Derived>&, const Eigen::MatrixBase<U>&) const [with DERIVED_Y = Eigen::Matrix<double, 2, 1>; DERIVED_JY = Eigen::Matrix<double, 2, 2>][m[K’ declared here
   20 | void [01;36m[KFovDistortion[m[K::distort(
      |      [01;36m[K^~~~~~~~~~~~~[m[K
[01m[K/home/orangepi/Desktop/SparkCar_ROS2_WS/SparkCar_Tools/src/Kalibr_ROS2/src/aslam_cv/aslam_cv_python/src/CameraProjections.cpp:34:19:[m[K [01;36m[Knote: [m[K‘[01m[KJ[m[K’ declared here
   34 |   Eigen::Matrix2d [01;36m[KJ[m[K;
      |                   [01;36m[K^[m[K
[01m[K/home/orangepi/Desktop/SparkCar_ROS2_WS/SparkCar_Tools/src/Kalibr_ROS2/src/aslam_cv/aslam_cv_python/src/CameraProjections.cpp:[m[K In function ‘[01m[Kboost::python::tuple distort2(const D*, Eigen::Vector2d) [with D = aslam::cameras::EquidistantDistortion][m[K’:
[01m[K/home/orangepi/Desktop/SparkCar_ROS2_WS/SparkCar_Tools/src/Kalibr_ROS2/src/aslam_cv/aslam_cv_python/src/CameraProjections.cpp:35:22:[m[K [01;35m[Kwarning: [m[K‘[01m[KJ[m[K’ may be used uninitialized [[01;35m[K]8;;https://gcc.gnu.org/onlinedocs/gcc/Warning-Options.html#index-Wmaybe-uninitialized-Wmaybe-uninitialized]8;;[m[K]
   35 |   [01;35m[Kdistortion->distort(k, J)[m[K;
      |   [01;35m[K~~~~~~~~~~~~~~~~~~~^~~~~~[m[K
In file included from [01m[K/home/orangepi/Desktop/SparkCar_ROS2_WS/SparkCar_Tools/install/aslam_cameras/include/aslam/cameras/EquidistantDistortion.hpp:180[m[K,
                 from [01m[K/home/orangepi/Desktop/SparkCar_ROS2_WS/SparkCar_Tools/src/Kalibr_ROS2/src/aslam_cv/aslam_cv_python/src/CameraProjections.cpp:7[m[K:
[01m[K/home/orangepi/Desktop/SparkCar_ROS2_WS/SparkCar_Tools/install/aslam_cameras/include/aslam/cameras/implementation/EquidistantDistortion.hpp:32:6:[m[K [01;36m[Knote: [m[Kby argument 3 of type ‘[01m[Kconst Eigen::MatrixBase<Eigen::Matrix<double, 2, 2> >&[m[K’ to ‘[01m[Kvoid aslam::cameras::EquidistantDistortion::distort(const Eigen::MatrixBase<Derived>&, const Eigen::MatrixBase<U>&) const [with DERIVED_Y = Eigen::Matrix<double, 2, 1>; DERIVED_JY = Eigen::Matrix<double, 2, 2>][m[K’ declared here
   32 | void [01;36m[KEquidistantDistortion[m[K::distort(
      |      [01;36m[K^~~~~~~~~~~~~~~~~~~~~[m[K
[01m[K/home/orangepi/Desktop/SparkCar_ROS2_WS/SparkCar_Tools/src/Kalibr_ROS2/src/aslam_cv/aslam_cv_python/src/CameraProjections.cpp:34:19:[m[K [01;36m[Knote: [m[K‘[01m[KJ[m[K’ declared here
   34 |   Eigen::Matrix2d [01;36m[KJ[m[K;
      |                   [01;36m[K^[m[K
[ 46%] [32mBuilding CXX object CMakeFiles/aslam_cv_python.dir/src/OmniUndistorter.cpp.o[0m
[ 53%] [32mBuilding CXX object CMakeFiles/aslam_cv_python.dir/src/Undistorters.cpp.o[0m
[ 61%] [32mBuilding CXX object CMakeFiles/aslam_cv_python.dir/src/GridCalibration.cpp.o[0m
[ 69%] [32mBuilding CXX object CMakeFiles/aslam_cv_python.dir/src/Frontend.cpp.o[0m
In file included from [01m[K/usr/include/boost/smart_ptr/detail/sp_thread_sleep.hpp:22[m[K,
                 from [01m[K/usr/include/boost/smart_ptr/detail/yield_k.hpp:23[m[K,
                 from [01m[K/usr/include/boost/smart_ptr/detail/spinlock_gcc_atomic.hpp:14[m[K,
                 from [01m[K/usr/include/boost/smart_ptr/detail/spinlock.hpp:42[m[K,
                 from [01m[K/usr/include/boost/smart_ptr/detail/spinlock_pool.hpp:25[m[K,
                 from [01m[K/usr/include/boost/smart_ptr/shared_ptr.hpp:29[m[K,
                 from [01m[K/usr/include/boost/shared_ptr.hpp:17[m[K,
                 from [01m[K/usr/include/boost/python/converter/shared_ptr_to_python.hpp:12[m[K,
                 from [01m[K/usr/include/boost/python/converter/arg_to_python.hpp:15[m[K,
                 from [01m[K/usr/include/boost/python/call.hpp:15[m[K,
                 from [01m[K/usr/include/boost/python/object_core.hpp:14[m[K,
                 from [01m[K/usr/include/boost/python/args.hpp:22[m[K,
                 from [01m[K/usr/include/boost/python.hpp:11[m[K,
                 from [01m[K/home/orangepi/Desktop/SparkCar_ROS2_WS/SparkCar_Tools/install/numpy_eigen/include/numpy_eigen/boost_python_headers.hpp:24[m[K,
                 from [01m[K/home/orangepi/Desktop/SparkCar_ROS2_WS/SparkCar_Tools/src/Kalibr_ROS2/src/aslam_cv/aslam_cv_python/src/OmniUndistorter.cpp:1[m[K:
[01m[K/usr/include/boost/bind.hpp:36:1:[m[K [01;36m[Knote: [m[K‘[01m[K#pragma message: The practice of declaring the Bind placeholders (_1, _2, ...) in the global namespace is deprecated. Please use <boost/bind/bind.hpp> + using namespace boost::placeholders, or define BOOST_BIND_GLOBAL_PLACEHOLDERS to retain the current behavior.[m[K’
   36 | [01;36m[KBOOST_PRAGMA_MESSAGE[m[K(
      | [01;36m[K^~~~~~~~~~~~~~~~~~~~[m[K
[01m[K/usr/include/boost/detail/iterator.hpp:13:1:[m[K [01;36m[Knote: [m[K‘[01m[K#pragma message: This header is deprecated. Use <iterator> instead.[m[K’
   13 | [01;36m[KBOOST_HEADER_DEPRECATED[m[K("<iterator>")
      | [01;36m[K^~~~~~~~~~~~~~~~~~~~~~~[m[K
In file included from [01m[K/usr/include/boost/smart_ptr/detail/sp_thread_sleep.hpp:22[m[K,
                 from [01m[K/usr/include/boost/smart_ptr/detail/yield_k.hpp:23[m[K,
                 from [01m[K/usr/include/boost/smart_ptr/detail/spinlock_gcc_atomic.hpp:14[m[K,
                 from [01m[K/usr/include/boost/smart_ptr/detail/spinlock.hpp:42[m[K,
                 from [01m[K/usr/include/boost/smart_ptr/detail/spinlock_pool.hpp:25[m[K,
                 from [01m[K/usr/include/boost/smart_ptr/shared_ptr.hpp:29[m[K,
                 from [01m[K/usr/include/boost/shared_ptr.hpp:17[m[K,
                 from [01m[K/usr/include/boost/python/converter/shared_ptr_to_python.hpp:12[m[K,
                 from [01m[K/usr/include/boost/python/converter/arg_to_python.hpp:15[m[K,
                 from [01m[K/usr/include/boost/python/call.hpp:15[m[K,
                 from [01m[K/usr/include/boost/python/object_core.hpp:14[m[K,
                 from [01m[K/usr/include/boost/python/args.hpp:22[m[K,
                 from [01m[K/usr/include/boost/python.hpp:11[m[K,
                 from [01m[K/home/orangepi/Desktop/SparkCar_ROS2_WS/SparkCar_Tools/install/numpy_eigen/include/numpy_eigen/boost_python_headers.hpp:24[m[K,
                 from [01m[K/home/orangepi/Desktop/SparkCar_ROS2_WS/SparkCar_Tools/src/Kalibr_ROS2/src/aslam_cv/aslam_cv_python/src/Undistorters.cpp:1[m[K:
[01m[K/usr/include/boost/bind.hpp:36:1:[m[K [01;36m[Knote: [m[K‘[01m[K#pragma message: The practice of declaring the Bind placeholders (_1, _2, ...) in the global namespace is deprecated. Please use <boost/bind/bind.hpp> + using namespace boost::placeholders, or define BOOST_BIND_GLOBAL_PLACEHOLDERS to retain the current behavior.[m[K’
   36 | [01;36m[KBOOST_PRAGMA_MESSAGE[m[K(
      | [01;36m[K^~~~~~~~~~~~~~~~~~~~[m[K
[01m[K/usr/include/boost/detail/iterator.hpp:13:1:[m[K [01;36m[Knote: [m[K‘[01m[K#pragma message: This header is deprecated. Use <iterator> instead.[m[K’
   13 | [01;36m[KBOOST_HEADER_DEPRECATED[m[K("<iterator>")
      | [01;36m[K^~~~~~~~~~~~~~~~~~~~~~~[m[K
In file included from [01m[K/usr/include/boost/smart_ptr/detail/sp_thread_sleep.hpp:22[m[K,
                 from [01m[K/usr/include/boost/smart_ptr/detail/yield_k.hpp:23[m[K,
                 from [01m[K/usr/include/boost/smart_ptr/detail/spinlock_gcc_atomic.hpp:14[m[K,
                 from [01m[K/usr/include/boost/smart_ptr/detail/spinlock.hpp:42[m[K,
                 from [01m[K/usr/include/boost/smart_ptr/detail/spinlock_pool.hpp:25[m[K,
                 from [01m[K/usr/include/boost/smart_ptr/shared_ptr.hpp:29[m[K,
                 from [01m[K/usr/include/boost/shared_ptr.hpp:17[m[K,
                 from [01m[K/usr/include/boost/python/converter/shared_ptr_to_python.hpp:12[m[K,
                 from [01m[K/usr/include/boost/python/converter/arg_to_python.hpp:15[m[K,
                 from [01m[K/usr/include/boost/python/call.hpp:15[m[K,
                 from [01m[K/usr/include/boost/python/object_core.hpp:14[m[K,
                 from [01m[K/usr/include/boost/python/args.hpp:22[m[K,
                 from [01m[K/usr/include/boost/python.hpp:11[m[K,
                 from [01m[K/home/orangepi/Desktop/SparkCar_ROS2_WS/SparkCar_Tools/install/numpy_eigen/include/numpy_eigen/boost_python_headers.hpp:24[m[K,
                 from [01m[K/home/orangepi/Desktop/SparkCar_ROS2_WS/SparkCar_Tools/src/Kalibr_ROS2/src/aslam_cv/aslam_cv_python/src/Frontend.cpp:1[m[K:
[01m[K/usr/include/boost/bind.hpp:36:1:[m[K [01;36m[Knote: [m[K‘[01m[K#pragma message: The practice of declaring the Bind placeholders (_1, _2, ...) in the global namespace is deprecated. Please use <boost/bind/bind.hpp> + using namespace boost::placeholders, or define BOOST_BIND_GLOBAL_PLACEHOLDERS to retain the current behavior.[m[K’
   36 | [01;36m[KBOOST_PRAGMA_MESSAGE[m[K(
      | [01;36m[K^~~~~~~~~~~~~~~~~~~~[m[K
[01m[K/usr/include/boost/detail/iterator.hpp:13:1:[m[K [01;36m[Knote: [m[K‘[01m[K#pragma message: This header is deprecated. Use <iterator> instead.[m[K’
   13 | [01;36m[KBOOST_HEADER_DEPRECATED[m[K("<iterator>")
      | [01;36m[K^~~~~~~~~~~~~~~~~~~~~~~[m[K
In file included from [01m[K/usr/include/boost/smart_ptr/detail/sp_thread_sleep.hpp:22[m[K,
                 from [01m[K/usr/include/boost/smart_ptr/detail/yield_k.hpp:23[m[K,
                 from [01m[K/usr/include/boost/smart_ptr/detail/spinlock_gcc_atomic.hpp:14[m[K,
                 from [01m[K/usr/include/boost/smart_ptr/detail/spinlock.hpp:42[m[K,
                 from [01m[K/usr/include/boost/smart_ptr/detail/spinlock_pool.hpp:25[m[K,
                 from [01m[K/usr/include/boost/smart_ptr/shared_ptr.hpp:29[m[K,
                 from [01m[K/usr/include/boost/shared_ptr.hpp:17[m[K,
                 from [01m[K/usr/include/boost/python/converter/shared_ptr_to_python.hpp:12[m[K,
                 from [01m[K/usr/include/boost/python/converter/arg_to_python.hpp:15[m[K,
                 from [01m[K/usr/include/boost/python/call.hpp:15[m[K,
                 from [01m[K/usr/include/boost/python/object_core.hpp:14[m[K,
                 from [01m[K/usr/include/boost/python/args.hpp:22[m[K,
                 from [01m[K/usr/include/boost/python.hpp:11[m[K,
                 from [01m[K/home/orangepi/Desktop/SparkCar_ROS2_WS/SparkCar_Tools/install/numpy_eigen/include/numpy_eigen/boost_python_headers.hpp:24[m[K,
                 from [01m[K/home/orangepi/Desktop/SparkCar_ROS2_WS/SparkCar_Tools/src/Kalibr_ROS2/src/aslam_cv/aslam_cv_python/src/GridCalibration.cpp:5[m[K:
[01m[K/usr/include/boost/bind.hpp:36:1:[m[K [01;36m[Knote: [m[K‘[01m[K#pragma message: The practice of declaring the Bind placeholders (_1, _2, ...) in the global namespace is deprecated. Please use <boost/bind/bind.hpp> + using namespace boost::placeholders, or define BOOST_BIND_GLOBAL_PLACEHOLDERS to retain the current behavior.[m[K’
   36 | [01;36m[KBOOST_PRAGMA_MESSAGE[m[K(
      | [01;36m[K^~~~~~~~~~~~~~~~~~~~[m[K
[01m[K/usr/include/boost/detail/iterator.hpp:13:1:[m[K [01;36m[Knote: [m[K‘[01m[K#pragma message: This header is deprecated. Use <iterator> instead.[m[K’
   13 | [01;36m[KBOOST_HEADER_DEPRECATED[m[K("<iterator>")
      | [01;36m[K^~~~~~~~~~~~~~~~~~~~~~~[m[K
[ 76%] [32mBuilding CXX object CMakeFiles/aslam_cv_python.dir/src/PinholeUndistorter.cpp.o[0m
[ 84%] [32mBuilding CXX object CMakeFiles/aslam_cv_python.dir/src/Time.cpp.o[0m
In file included from [01m[K/usr/include/boost/smart_ptr/detail/sp_thread_sleep.hpp:22[m[K,
                 from [01m[K/usr/include/boost/smart_ptr/detail/yield_k.hpp:23[m[K,
                 from [01m[K/usr/include/boost/smart_ptr/detail/spinlock_gcc_atomic.hpp:14[m[K,
                 from [01m[K/usr/include/boost/smart_ptr/detail/spinlock.hpp:42[m[K,
                 from [01m[K/usr/include/boost/smart_ptr/detail/spinlock_pool.hpp:25[m[K,
                 from [01m[K/usr/include/boost/smart_ptr/shared_ptr.hpp:29[m[K,
                 from [01m[K/usr/include/boost/shared_ptr.hpp:17[m[K,
                 from [01m[K/usr/include/boost/python/converter/shared_ptr_to_python.hpp:12[m[K,
                 from [01m[K/usr/include/boost/python/converter/arg_to_python.hpp:15[m[K,
                 from [01m[K/usr/include/boost/python/call.hpp:15[m[K,
                 from [01m[K/usr/include/boost/python/object_core.hpp:14[m[K,
                 from [01m[K/usr/include/boost/python/args.hpp:22[m[K,
                 from [01m[K/usr/include/boost/python.hpp:11[m[K,
                 from [01m[K/home/orangepi/Desktop/SparkCar_ROS2_WS/SparkCar_Tools/install/numpy_eigen/include/numpy_eigen/boost_python_headers.hpp:24[m[K,
                 from [01m[K/home/orangepi/Desktop/SparkCar_ROS2_WS/SparkCar_Tools/src/Kalibr_ROS2/src/aslam_cv/aslam_cv_python/src/Time.cpp:1[m[K:
[01m[K/usr/include/boost/bind.hpp:36:1:[m[K [01;36m[Knote: [m[K‘[01m[K#pragma message: The practice of declaring the Bind placeholders (_1, _2, ...) in the global namespace is deprecated. Please use <boost/bind/bind.hpp> + using namespace boost::placeholders, or define BOOST_BIND_GLOBAL_PLACEHOLDERS to retain the current behavior.[m[K’
   36 | [01;36m[KBOOST_PRAGMA_MESSAGE[m[K(
      | [01;36m[K^~~~~~~~~~~~~~~~~~~~[m[K
[01m[K/usr/include/boost/detail/iterator.hpp:13:1:[m[K [01;36m[Knote: [m[K‘[01m[K#pragma message: This header is deprecated. Use <iterator> instead.[m[K’
   13 | [01;36m[KBOOST_HEADER_DEPRECATED[m[K("<iterator>")
      | [01;36m[K^~~~~~~~~~~~~~~~~~~~~~~[m[K
In file included from [01m[K/usr/include/boost/smart_ptr/detail/sp_thread_sleep.hpp:22[m[K,
                 from [01m[K/usr/include/boost/smart_ptr/detail/yield_k.hpp:23[m[K,
                 from [01m[K/usr/include/boost/smart_ptr/detail/spinlock_gcc_atomic.hpp:14[m[K,
                 from [01m[K/usr/include/boost/smart_ptr/detail/spinlock.hpp:42[m[K,
                 from [01m[K/usr/include/boost/smart_ptr/detail/spinlock_pool.hpp:25[m[K,
                 from [01m[K/usr/include/boost/smart_ptr/shared_ptr.hpp:29[m[K,
                 from [01m[K/usr/include/boost/archive/detail/helper_collection.hpp:27[m[K,
                 from [01m[K/usr/include/boost/archive/detail/basic_oarchive.hpp:26[m[K,
                 from [01m[K/usr/include/boost/archive/detail/common_oarchive.hpp:21[m[K,
                 from [01m[K/usr/include/boost/archive/basic_text_oarchive.hpp:29[m[K,
                 from [01m[K/usr/include/boost/archive/text_oarchive.hpp:31[m[K,
                 from [01m[K/home/orangepi/Desktop/SparkCar_ROS2_WS/SparkCar_Tools/install/sm_boost/include/sm/boost/serialization.hpp:5[m[K,
                 from [01m[K/home/orangepi/Desktop/SparkCar_ROS2_WS/SparkCar_Tools/install/aslam_cameras/include/aslam/cameras/CameraGeometryBase.hpp:8[m[K,
                 from [01m[K/home/orangepi/Desktop/SparkCar_ROS2_WS/SparkCar_Tools/install/aslam_cameras/include/aslam/cameras/CameraGeometry.hpp:4[m[K,
                 from [01m[K/home/orangepi/Desktop/SparkCar_ROS2_WS/SparkCar_Tools/install/aslam_imgproc/include/aslam/PinholeUndistorter.hpp:4[m[K,
                 from [01m[K/home/orangepi/Desktop/SparkCar_ROS2_WS/SparkCar_Tools/src/Kalibr_ROS2/src/aslam_cv/aslam_cv_python/src/PinholeUndistorter.cpp:1[m[K:
[01m[K/usr/include/boost/bind.hpp:36:1:[m[K [01;36m[Knote: [m[K‘[01m[K#pragma message: The practice of declaring the Bind placeholders (_1, _2, ...) in the global namespace is deprecated. Please use <boost/bind/bind.hpp> + using namespace boost::placeholders, or define BOOST_BIND_GLOBAL_PLACEHOLDERS to retain the current behavior.[m[K’
   36 | [01;36m[KBOOST_PRAGMA_MESSAGE[m[K(
      | [01;36m[K^~~~~~~~~~~~~~~~~~~~[m[K
[01m[K/usr/include/boost/detail/iterator.hpp:13:1:[m[K [01;36m[Knote: [m[K‘[01m[K#pragma message: This header is deprecated. Use <iterator> instead.[m[K’
   13 | [01;36m[KBOOST_HEADER_DEPRECATED[m[K("<iterator>")
      | [01;36m[K^~~~~~~~~~~~~~~~~~~~~~~[m[K
[ 92%] [32mBuilding CXX object CMakeFiles/aslam_cv_python.dir/src/CameraGeometry.cpp.o[0m
In file included from [01m[K/usr/include/boost/smart_ptr/detail/sp_thread_sleep.hpp:22[m[K,
                 from [01m[K/usr/include/boost/smart_ptr/detail/yield_k.hpp:23[m[K,
                 from [01m[K/usr/include/boost/smart_ptr/detail/spinlock_gcc_atomic.hpp:14[m[K,
                 from [01m[K/usr/include/boost/smart_ptr/detail/spinlock.hpp:42[m[K,
                 from [01m[K/usr/include/boost/smart_ptr/detail/spinlock_pool.hpp:25[m[K,
                 from [01m[K/usr/include/boost/smart_ptr/shared_ptr.hpp:29[m[K,
                 from [01m[K/usr/include/boost/shared_ptr.hpp:17[m[K,
                 from [01m[K/usr/include/boost/python/converter/shared_ptr_to_python.hpp:12[m[K,
                 from [01m[K/usr/include/boost/python/converter/arg_to_python.hpp:15[m[K,
                 from [01m[K/usr/include/boost/python/call.hpp:15[m[K,
                 from [01m[K/usr/include/boost/python/object_core.hpp:14[m[K,
                 from [01m[K/usr/include/boost/python/args.hpp:22[m[K,
                 from [01m[K/usr/include/boost/python.hpp:11[m[K,
                 from [01m[K/home/orangepi/Desktop/SparkCar_ROS2_WS/SparkCar_Tools/install/numpy_eigen/include/numpy_eigen/boost_python_headers.hpp:24[m[K,
                 from [01m[K/home/orangepi/Desktop/SparkCar_ROS2_WS/SparkCar_Tools/src/Kalibr_ROS2/src/aslam_cv/aslam_cv_python/src/CameraGeometry.cpp:2[m[K:
[01m[K/usr/include/boost/bind.hpp:36:1:[m[K [01;36m[Knote: [m[K‘[01m[K#pragma message: The practice of declaring the Bind placeholders (_1, _2, ...) in the global namespace is deprecated. Please use <boost/bind/bind.hpp> + using namespace boost::placeholders, or define BOOST_BIND_GLOBAL_PLACEHOLDERS to retain the current behavior.[m[K’
   36 | [01;36m[KBOOST_PRAGMA_MESSAGE[m[K(
      | [01;36m[K^~~~~~~~~~~~~~~~~~~~[m[K
[01m[K/usr/include/boost/detail/iterator.hpp:13:1:[m[K [01;36m[Knote: [m[K‘[01m[K#pragma message: This header is deprecated. Use <iterator> instead.[m[K’
   13 | [01;36m[KBOOST_HEADER_DEPRECATED[m[K("<iterator>")
      | [01;36m[K^~~~~~~~~~~~~~~~~~~~~~~[m[K
[100%] [32m[1mLinking CXX shared library libaslam_cv_python.so[0m
[100%] Built target aslam_cv_python
running egg_info
creating aslam_cv.egg-info
writing aslam_cv.egg-info/PKG-INFO
writing dependency_links to aslam_cv.egg-info/dependency_links.txt
writing top-level names to aslam_cv.egg-info/top_level.txt
writing manifest file 'aslam_cv.egg-info/SOURCES.txt'
reading manifest file 'aslam_cv.egg-info/SOURCES.txt'
writing manifest file 'aslam_cv.egg-info/SOURCES.txt'
[100%] Built target ament_cmake_python_build_aslam_cv_egg
-- Install configuration: "Release"
-- Installing: /home/orangepi/Desktop/SparkCar_ROS2_WS/SparkCar_Tools/install/aslam_cv_python/share/aslam_cv_python/environment/pythonpath.sh
-- Installing: /home/orangepi/Desktop/SparkCar_ROS2_WS/SparkCar_Tools/install/aslam_cv_python/share/aslam_cv_python/environment/pythonpath.dsv
-- Installing: /home/orangepi/Desktop/SparkCar_ROS2_WS/SparkCar_Tools/install/aslam_cv_python/local/lib/python3.10/dist-packages/aslam_cv-1.0.0-py3.10.egg-info
-- Installing: /home/orangepi/Desktop/SparkCar_ROS2_WS/SparkCar_Tools/install/aslam_cv_python/local/lib/python3.10/dist-packages/aslam_cv-1.0.0-py3.10.egg-info/dependency_links.txt
-- Installing: /home/orangepi/Desktop/SparkCar_ROS2_WS/SparkCar_Tools/install/aslam_cv_python/local/lib/python3.10/dist-packages/aslam_cv-1.0.0-py3.10.egg-info/SOURCES.txt
-- Installing: /home/orangepi/Desktop/SparkCar_ROS2_WS/SparkCar_Tools/install/aslam_cv_python/local/lib/python3.10/dist-packages/aslam_cv-1.0.0-py3.10.egg-info/PKG-INFO
-- Installing: /home/orangepi/Desktop/SparkCar_ROS2_WS/SparkCar_Tools/install/aslam_cv_python/local/lib/python3.10/dist-packages/aslam_cv-1.0.0-py3.10.egg-info/top_level.txt
-- Installing: /home/orangepi/Desktop/SparkCar_ROS2_WS/SparkCar_Tools/install/aslam_cv_python/local/lib/python3.10/dist-packages/aslam_cv
-- Installing: /home/orangepi/Desktop/SparkCar_ROS2_WS/SparkCar_Tools/install/aslam_cv_python/local/lib/python3.10/dist-packages/aslam_cv/__init__.py
Listing '/home/orangepi/Desktop/SparkCar_ROS2_WS/SparkCar_Tools/install/aslam_cv_python/local/lib/python3.10/dist-packages/aslam_cv'...
Compiling '/home/orangepi/Desktop/SparkCar_ROS2_WS/SparkCar_Tools/install/aslam_cv_python/local/lib/python3.10/dist-packages/aslam_cv/__init__.py'...
-- Installing: /home/orangepi/Desktop/SparkCar_ROS2_WS/SparkCar_Tools/install/aslam_cv_python/local/lib/python3.10/dist-packages/aslam_cv/libaslam_cv_python.so
-- Installing: /home/orangepi/Desktop/SparkCar_ROS2_WS/SparkCar_Tools/install/aslam_cv_python/include
-- Installing: /home/orangepi/Desktop/SparkCar_ROS2_WS/SparkCar_Tools/install/aslam_cv_python/include/aslam
-- Installing: /home/orangepi/Desktop/SparkCar_ROS2_WS/SparkCar_Tools/install/aslam_cv_python/include/aslam/python
-- Installing: /home/orangepi/Desktop/SparkCar_ROS2_WS/SparkCar_Tools/install/aslam_cv_python/include/aslam/python/exportPinholeUndistorter.hpp
-- Installing: /home/orangepi/Desktop/SparkCar_ROS2_WS/SparkCar_Tools/install/aslam_cv_python/include/aslam/python/exportOmniUndistorter.hpp
-- Installing: /home/orangepi/Desktop/SparkCar_ROS2_WS/SparkCar_Tools/install/aslam_cv_python/include/aslam/python/ExportFrame.hpp
-- Installing: /home/orangepi/Desktop/SparkCar_ROS2_WS/SparkCar_Tools/install/aslam_cv_python/share/ament_index/resource_index/package_run_dependencies/aslam_cv_python
-- Installing: /home/orangepi/Desktop/SparkCar_ROS2_WS/SparkCar_Tools/install/aslam_cv_python/share/ament_index/resource_index/parent_prefix_path/aslam_cv_python
-- Installing: /home/orangepi/Desktop/SparkCar_ROS2_WS/SparkCar_Tools/install/aslam_cv_python/share/aslam_cv_python/environment/ament_prefix_path.sh
-- Installing: /home/orangepi/Desktop/SparkCar_ROS2_WS/SparkCar_Tools/install/aslam_cv_python/share/aslam_cv_python/environment/ament_prefix_path.dsv
-- Installing: /home/orangepi/Desktop/SparkCar_ROS2_WS/SparkCar_Tools/install/aslam_cv_python/share/aslam_cv_python/environment/path.sh
-- Installing: /home/orangepi/Desktop/SparkCar_ROS2_WS/SparkCar_Tools/install/aslam_cv_python/share/aslam_cv_python/environment/path.dsv
-- Installing: /home/orangepi/Desktop/SparkCar_ROS2_WS/SparkCar_Tools/install/aslam_cv_python/share/aslam_cv_python/local_setup.bash
-- Installing: /home/orangepi/Desktop/SparkCar_ROS2_WS/SparkCar_Tools/install/aslam_cv_python/share/aslam_cv_python/local_setup.sh
-- Installing: /home/orangepi/Desktop/SparkCar_ROS2_WS/SparkCar_Tools/install/aslam_cv_python/share/aslam_cv_python/local_setup.zsh
-- Installing: /home/orangepi/Desktop/SparkCar_ROS2_WS/SparkCar_Tools/install/aslam_cv_python/share/aslam_cv_python/local_setup.dsv
-- Installing: /home/orangepi/Desktop/SparkCar_ROS2_WS/SparkCar_Tools/install/aslam_cv_python/share/aslam_cv_python/package.dsv
-- Installing: /home/orangepi/Desktop/SparkCar_ROS2_WS/SparkCar_Tools/install/aslam_cv_python/share/ament_index/resource_index/packages/aslam_cv_python
-- Installing: /home/orangepi/Desktop/SparkCar_ROS2_WS/SparkCar_Tools/install/aslam_cv_python/share/aslam_cv_python/cmake/ament_cmake_export_dependencies-extras.cmake
-- Installing: /home/orangepi/Desktop/SparkCar_ROS2_WS/SparkCar_Tools/install/aslam_cv_python/share/aslam_cv_python/cmake/ament_cmake_export_include_directories-extras.cmake
-- Installing: /home/orangepi/Desktop/SparkCar_ROS2_WS/SparkCar_Tools/install/aslam_cv_python/share/aslam_cv_python/cmake/aslam_cv_pythonConfig.cmake
-- Installing: /home/orangepi/Desktop/SparkCar_ROS2_WS/SparkCar_Tools/install/aslam_cv_python/share/aslam_cv_python/cmake/aslam_cv_pythonConfig-version.cmake
-- Installing: /home/orangepi/Desktop/SparkCar_ROS2_WS/SparkCar_Tools/install/aslam_cv_python/share/aslam_cv_python/package.xml
