[0.026s] Invoking command in '/home/jiaverso/Desktop/SparkCar_ROS2_WS/SparkCar_Perception/build/livox_ros_driver2': CMAKE_PREFIX_PATH=${CMAKE_PREFIX_PATH}:/opt/ros/humble /usr/bin/cmake --build /home/jiaverso/Desktop/SparkCar_ROS2_WS/SparkCar_Perception/build/livox_ros_driver2 -- -j8 -l8
[0.189s] [  1%] Built target livox_interfaces2__rs
[0.198s] [  3%] Built target livox_interfaces2__cpp
[0.206s] [  6%] Built target livox_ros_driver2_node
[0.217s] [ 13%] Built target livox_interfaces2__rosidl_generator_c
[0.240s] [ 13%] Built target ament_cmake_python_copy_livox_ros_driver2
[0.286s] [ 20%] Built target livox_interfaces2__rosidl_typesupport_introspection_cpp
[0.306s] [ 27%] Built target livox_interfaces2__rosidl_typesupport_introspection_c
[0.322s] [ 34%] Built target livox_interfaces2__rosidl_typesupport_fastrtps_c
[0.324s] [ 41%] Built target livox_interfaces2__rosidl_typesupport_fastrtps_cpp
[0.325s] [ 48%] Built target livox_interfaces2__rosidl_typesupport_c
[0.327s] [ 55%] Built target livox_interfaces2__rosidl_typesupport_cpp
[0.372s] [ 55%] Built target livox_interfaces2
[0.435s] [ 56%] Built target livox_interfaces2__py
[0.450s] [ 84%] Built target livox_ros_driver2
[0.507s] [ 89%] Built target livox_interfaces2__rosidl_generator_py
[0.571s] [ 93%] Built target livox_ros_driver2__rosidl_typesupport_fastrtps_c__pyext
[0.572s] [ 96%] Built target livox_ros_driver2__rosidl_typesupport_introspection_c__pyext
[0.609s] [100%] Built target livox_ros_driver2__rosidl_typesupport_c__pyext
[0.943s] running egg_info
[0.983s] writing livox_ros_driver2.egg-info/PKG-INFO
[0.985s] writing dependency_links to livox_ros_driver2.egg-info/dependency_links.txt
[0.985s] writing top-level names to livox_ros_driver2.egg-info/top_level.txt
[1.102s] reading manifest file 'livox_ros_driver2.egg-info/SOURCES.txt'
[1.137s] Traceback (most recent call last):
[1.138s]   File "/home/jiaverso/Desktop/SparkCar_ROS2_WS/SparkCar_Perception/build/livox_ros_driver2/ament_cmake_python/livox_ros_driver2/setup.py", line 4, in <module>
[1.138s]     setup(
[1.138s]   File "/home/jiaverso/.local/lib/python3.10/site-packages/setuptools/__init__.py", line 117, in setup
[1.138s]     return distutils.core.setup(**attrs)
[1.138s]   File "/home/jiaverso/.local/lib/python3.10/site-packages/setuptools/_distutils/core.py", line 186, in setup
[1.138s]     return run_commands(dist)
[1.138s]   File "/home/jiaverso/.local/lib/python3.10/site-packages/setuptools/_distutils/core.py", line 202, in run_commands
[1.138s]     dist.run_commands()
[1.138s]   File "/home/jiaverso/.local/lib/python3.10/site-packages/setuptools/_distutils/dist.py", line 1002, in run_commands
[1.138s]     self.run_command(cmd)
[1.138s]   File "/home/jiaverso/.local/lib/python3.10/site-packages/setuptools/dist.py", line 1104, in run_command
[1.138s]     super().run_command(command)
[1.138s]   File "/home/jiaverso/.local/lib/python3.10/site-packages/setuptools/_distutils/dist.py", line 1021, in run_command
[1.139s]     cmd_obj.run()
[1.139s]   File "/home/jiaverso/.local/lib/python3.10/site-packages/setuptools/command/egg_info.py", line 312, in run
[1.139s]     self.find_sources()
[1.139s]   File "/home/jiaverso/.local/lib/python3.10/site-packages/setuptools/command/egg_info.py", line 320, in find_sources
[1.139s]     mm.run()
[1.139s]   File "/home/jiaverso/.local/lib/python3.10/site-packages/setuptools/command/egg_info.py", line 548, in run
[1.139s]     self.prune_file_list()
[1.139s]   File "/home/jiaverso/.local/lib/python3.10/site-packages/setuptools/command/sdist.py", line 162, in prune_file_list
[1.139s]     super().prune_file_list()
[1.139s]   File "/home/jiaverso/.local/lib/python3.10/site-packages/setuptools/_distutils/command/sdist.py", line 386, in prune_file_list
[1.139s]     base_dir = self.distribution.get_fullname()
[1.139s]   File "/home/jiaverso/.local/lib/python3.10/site-packages/setuptools/_core_metadata.py", line 275, in get_fullname
[1.139s]     return _distribution_fullname(self.get_name(), self.get_version())
[1.139s]   File "/home/jiaverso/.local/lib/python3.10/site-packages/setuptools/_core_metadata.py", line 293, in _distribution_fullname
[1.140s]     canonicalize_version(version, strip_trailing_zero=False),
[1.140s] TypeError: canonicalize_version() got an unexpected keyword argument 'strip_trailing_zero'
[1.202s] gmake[2]: *** [CMakeFiles/ament_cmake_python_build_livox_ros_driver2_egg.dir/build.make:70: CMakeFiles/ament_cmake_python_build_livox_ros_driver2_egg] Error 1
[1.204s] gmake[1]: *** [CMakeFiles/Makefile2:470: CMakeFiles/ament_cmake_python_build_livox_ros_driver2_egg.dir/all] Error 2
[1.205s] gmake: *** [Makefile:146: all] Error 2
