[0.065s] Invoking command in '/home/orangepi/Desktop/SparkCar_ROS2_WS/SparkCar_Perception/build/realsense2_camera': AMENT_PREFIX_PATH=/home/orangepi/Desktop/SparkCar_ROS2_WS/SparkCar_Perception/install/realsense2_camera_msgs:${AMENT_PREFIX_PATH} CMAKE_PREFIX_PATH=/home/orangepi/Desktop/SparkCar_ROS2_WS/SparkCar_Perception/install/realsense2_camera_msgs:/opt/ros/humble LD_LIBRARY_PATH=/home/orangepi/Desktop/SparkCar_ROS2_WS/SparkCar_Perception/install/realsense2_camera_msgs/lib:${LD_LIBRARY_PATH} PYTHONPATH=/home/orangepi/Desktop/SparkCar_ROS2_WS/SparkCar_Perception/install/realsense2_camera_msgs/local/lib/python3.10/dist-packages:${PYTHONPATH} /usr/bin/cmake /home/orangepi/Desktop/SparkCar_ROS2_WS/SparkCar_Perception/src/realsense-ros/realsense2_camera -DCMAKE_INSTALL_PREFIX=/home/orangepi/Desktop/SparkCar_ROS2_WS/SparkCar_Perception/install/realsense2_camera
[0.130s] -- Create Release Build.
[0.131s] -- Found ament_cmake: 1.3.14 (/opt/ros/humble/share/ament_cmake/cmake)
[0.449s] -- Override CMake install command with custom implementation using symlinks instead of copying resources
[0.486s] -- Found builtin_interfaces: 1.2.3 (/opt/ros/humble/share/builtin_interfaces/cmake)
[0.582s] -- Found rosidl_generator_c: 3.1.9 (/opt/ros/humble/share/rosidl_generator_c/cmake)
[0.589s] -- Found rosidl_adapter: 3.1.9 (/opt/ros/humble/share/rosidl_adapter/cmake)
[0.628s] -- Found rosidl_generator_cpp: 3.1.9 (/opt/ros/humble/share/rosidl_generator_cpp/cmake)
[0.663s] -- Using all available rosidl_typesupport_c: rosidl_typesupport_fastrtps_c;rosidl_typesupport_introspection_c
[0.707s] -- Using all available rosidl_typesupport_cpp: rosidl_typesupport_fastrtps_cpp;rosidl_typesupport_introspection_cpp
[0.740s] -- Found rclcpp: 16.0.19 (/opt/ros/humble/share/rclcpp/cmake)
[0.843s] -- Found rmw_implementation_cmake: 6.1.2 (/opt/ros/humble/share/rmw_implementation_cmake/cmake)
[0.859s] -- Found rmw_fastrtps_cpp: 6.2.10 (/opt/ros/humble/share/rmw_fastrtps_cpp/cmake)
[1.054s] -- Using RMW implementation 'rmw_fastrtps_cpp' as default
[1.233s] -- Found rclcpp_action: 16.0.19 (/opt/ros/humble/share/rclcpp_action/cmake)
[1.330s] -- Found realsense2_camera_msgs: 4.58.2 (/home/orangepi/Desktop/SparkCar_ROS2_WS/SparkCar_Perception/install/realsense2_camera_msgs/share/realsense2_camera_msgs/cmake)
[1.461s] -- Found std_srvs: 4.9.1 (/opt/ros/humble/share/std_srvs/cmake)
[1.492s] -- Found nav_msgs: 4.9.1 (/opt/ros/humble/share/nav_msgs/cmake)
[1.543s] -- Found tf2_ros: 0.25.20 (/opt/ros/humble/share/tf2_ros/cmake)
[1.704s] -- Found diagnostic_updater: 4.0.7 (/opt/ros/humble/share/diagnostic_updater/cmake)
[1.788s] -- Found image_transport: 3.1.13 (/opt/ros/humble/share/image_transport/cmake)
[1.815s] -- Found cv_bridge: 3.2.1 (/opt/ros/humble/share/cv_bridge/cmake)
[1.827s] -- Build for ROS2 Humble
[1.835s] -- Found ament_cmake_gtest: 1.3.14 (/opt/ros/humble/share/ament_cmake_gtest/cmake)
[1.840s] -- Found gtest sources under '/opt/ros/humble/src/gtest_vendor': C++ tests using 'Google Test' will be built
[1.851s] -- Found ament_cmake_pytest: 1.3.14 (/opt/ros/humble/share/ament_cmake_pytest/cmake)
[7.132s] -- rs_device_info:
[7.133s] --  16/07 17:09:48,426 ERROR [547665167456] (librealsense-exception.h:53) Mipi device capability could not be grabbed Last Error: No such device
[7.133s]  16/07 17:09:48,426 ERROR [547665167456] (librealsense-exception.h:53) Mipi device capability could not be grabbed Last Error: No such device
[7.133s]  16/07 17:09:48,426 ERROR [547665167456] (librealsense-exception.h:53) Mipi device capability could not be grabbed Last Error: No such device
[7.133s]  16/07 17:09:48,426 ERROR [547665167456] (librealsense-exception.h:53) Mipi device capability could not be grabbed Last Error: No such device
[7.133s]  16/07 17:09:48,426 ERROR [547665167456] (librealsense-exception.h:53) Mipi device capability could not be grabbed Last Error: No such device
[7.133s]  16/07 17:09:48,426 ERROR [547665167456] (librealsense-exception.h:53) Mipi device capability could not be grabbed Last Error: No such device
[7.134s]  16/07 17:09:48,426 ERROR [547665167456] (librealsense-exception.h:53) Mipi device capability could not be grabbed Last Error: No such device
[7.134s]  16/07 17:09:48,426 ERROR [547665167456] (librealsense-exception.h:53) Mipi device capability could not be grabbed Last Error: No such device
[7.134s]  16/07 17:09:48,427 ERROR [547665167456] (librealsense-exception.h:53) Mipi device capability could not be grabbed Last Error: No such device
[7.134s]  16/07 17:09:48,427 ERROR [547665167456] (librealsense-exception.h:53) Mipi device capability could not be grabbed Last Error: No such device
[7.134s]  16/07 17:09:48,427 ERROR [547665167456] (librealsense-exception.h:53) Mipi device capability could not be grabbed Last Error: No such device
[7.134s]  16/07 17:09:48,439 ERROR [547665167456] (librealsense-exception.h:53) Mipi device capability could not be grabbed Last Error: No such device
[7.134s]  16/07 17:09:48,439 ERROR [547665167456] (librealsense-exception.h:53) Mipi device capability could not be grabbed Last Error: No such device
[7.134s]  16/07 17:09:48,439 ERROR [547665167456] (librealsense-exception.h:53) Mipi device capability could not be grabbed Last Error: No such device
[7.134s]  16/07 17:09:48,439 ERROR [547665167456] (librealsense-exception.h:53) Mipi device capability could not be grabbed Last Error: No such device
[7.134s]  16/07 17:09:48,439 ERROR [547665167456] (librealsense-exception.h:53) Mipi device capability could not be grabbed Last Error: No such device
[7.134s]  16/07 17:09:48,439 ERROR [547665167456] (librealsense-exception.h:53) Mipi device capability could not be grabbed Last Error: No such device
[7.134s]  16/07 17:09:48,439 ERROR [547665167456] (librealsense-exception.h:53) Mipi device capability could not be grabbed Last Error: No such device
[7.135s]  16/07 17:09:48,439 ERROR [547665167456] (librealsense-exception.h:53) Mipi device capability could not be grabbed Last Error: No such device
[7.135s]  16/07 17:09:48,439 ERROR [547665167456] (librealsense-exception.h:53) Mipi device capability could not be grabbed Last Error: No such device
[7.135s]  16/07 17:09:48,439 ERROR [547665167456] (librealsense-exception.h:53) Mipi device capability could not be grabbed Last Error: No such device
[7.135s]  16/07 17:09:48,439 ERROR [547665167456] (librealsense-exception.h:53) Mipi device capability could not be grabbed Last Error: No such device
[7.135s] Device Name                   Serial Number       Firmware Version
[7.135s] Intel RealSense D435          244622070551        5.17.0.10
[7.135s] 
[7.135s] -- D455 device found
[12.799s] -- Configuring done
[12.903s] -- Generating done
[12.933s] -- Build files have been written to: /home/orangepi/Desktop/SparkCar_ROS2_WS/SparkCar_Perception/build/realsense2_camera
[12.957s] Invoked command in '/home/orangepi/Desktop/SparkCar_ROS2_WS/SparkCar_Perception/build/realsense2_camera' returned '0': AMENT_PREFIX_PATH=/home/orangepi/Desktop/SparkCar_ROS2_WS/SparkCar_Perception/install/realsense2_camera_msgs:${AMENT_PREFIX_PATH} CMAKE_PREFIX_PATH=/home/orangepi/Desktop/SparkCar_ROS2_WS/SparkCar_Perception/install/realsense2_camera_msgs:/opt/ros/humble LD_LIBRARY_PATH=/home/orangepi/Desktop/SparkCar_ROS2_WS/SparkCar_Perception/install/realsense2_camera_msgs/lib:${LD_LIBRARY_PATH} PYTHONPATH=/home/orangepi/Desktop/SparkCar_ROS2_WS/SparkCar_Perception/install/realsense2_camera_msgs/local/lib/python3.10/dist-packages:${PYTHONPATH} /usr/bin/cmake /home/orangepi/Desktop/SparkCar_ROS2_WS/SparkCar_Perception/src/realsense-ros/realsense2_camera -DCMAKE_INSTALL_PREFIX=/home/orangepi/Desktop/SparkCar_ROS2_WS/SparkCar_Perception/install/realsense2_camera
[12.961s] Invoking command in '/home/orangepi/Desktop/SparkCar_ROS2_WS/SparkCar_Perception/build/realsense2_camera': AMENT_PREFIX_PATH=/home/orangepi/Desktop/SparkCar_ROS2_WS/SparkCar_Perception/install/realsense2_camera_msgs:${AMENT_PREFIX_PATH} CMAKE_PREFIX_PATH=/home/orangepi/Desktop/SparkCar_ROS2_WS/SparkCar_Perception/install/realsense2_camera_msgs:/opt/ros/humble LD_LIBRARY_PATH=/home/orangepi/Desktop/SparkCar_ROS2_WS/SparkCar_Perception/install/realsense2_camera_msgs/lib:${LD_LIBRARY_PATH} PYTHONPATH=/home/orangepi/Desktop/SparkCar_ROS2_WS/SparkCar_Perception/install/realsense2_camera_msgs/local/lib/python3.10/dist-packages:${PYTHONPATH} /usr/bin/cmake --build /home/orangepi/Desktop/SparkCar_ROS2_WS/SparkCar_Perception/build/realsense2_camera -- -j8 -l8
[13.120s] [35m[1mConsolidate compiler generated dependencies of target realsense2_camera[0m
[13.280s] [  3%] [32m[1mLinking CXX shared library librealsense2_camera.so[0m
[15.042s] [ 69%] Built target realsense2_camera
[15.059s] [35m[1mConsolidate compiler generated dependencies of target gtest[0m
[15.102s] [ 76%] Built target gtest
[15.135s] [35m[1mConsolidate compiler generated dependencies of target gtest_main[0m
[15.184s] [ 84%] Built target gtest_main
[15.222s] [35m[1mConsolidate compiler generated dependencies of target realsense2_camera_node[0m
[15.265s] [ 92%] Built target realsense2_camera_node
[15.297s] [35m[1mConsolidate compiler generated dependencies of target gtest_template[0m
[15.348s] [100%] Built target gtest_template
[15.391s] Invoked command in '/home/orangepi/Desktop/SparkCar_ROS2_WS/SparkCar_Perception/build/realsense2_camera' returned '0': AMENT_PREFIX_PATH=/home/orangepi/Desktop/SparkCar_ROS2_WS/SparkCar_Perception/install/realsense2_camera_msgs:${AMENT_PREFIX_PATH} CMAKE_PREFIX_PATH=/home/orangepi/Desktop/SparkCar_ROS2_WS/SparkCar_Perception/install/realsense2_camera_msgs:/opt/ros/humble LD_LIBRARY_PATH=/home/orangepi/Desktop/SparkCar_ROS2_WS/SparkCar_Perception/install/realsense2_camera_msgs/lib:${LD_LIBRARY_PATH} PYTHONPATH=/home/orangepi/Desktop/SparkCar_ROS2_WS/SparkCar_Perception/install/realsense2_camera_msgs/local/lib/python3.10/dist-packages:${PYTHONPATH} /usr/bin/cmake --build /home/orangepi/Desktop/SparkCar_ROS2_WS/SparkCar_Perception/build/realsense2_camera -- -j8 -l8
[15.394s] Invoking command in '/home/orangepi/Desktop/SparkCar_ROS2_WS/SparkCar_Perception/build/realsense2_camera': AMENT_PREFIX_PATH=/home/orangepi/Desktop/SparkCar_ROS2_WS/SparkCar_Perception/install/realsense2_camera_msgs:${AMENT_PREFIX_PATH} CMAKE_PREFIX_PATH=/home/orangepi/Desktop/SparkCar_ROS2_WS/SparkCar_Perception/install/realsense2_camera_msgs:/opt/ros/humble LD_LIBRARY_PATH=/home/orangepi/Desktop/SparkCar_ROS2_WS/SparkCar_Perception/install/realsense2_camera_msgs/lib:${LD_LIBRARY_PATH} PYTHONPATH=/home/orangepi/Desktop/SparkCar_ROS2_WS/SparkCar_Perception/install/realsense2_camera_msgs/local/lib/python3.10/dist-packages:${PYTHONPATH} /usr/bin/cmake --install /home/orangepi/Desktop/SparkCar_ROS2_WS/SparkCar_Perception/build/realsense2_camera
[15.403s] -- Install configuration: "Release"
[15.404s] -- Execute custom install script
[15.405s] -- Up-to-date symlink: /home/orangepi/Desktop/SparkCar_ROS2_WS/SparkCar_Perception/install/realsense2_camera/share/realsense2_camera/config/global_settings.yaml
[15.405s] -- Up-to-date symlink: /home/orangepi/Desktop/SparkCar_ROS2_WS/SparkCar_Perception/install/realsense2_camera/lib/realsense2_camera/realsense2_camera_node
[15.406s] -- Up-to-date symlink: /home/orangepi/Desktop/SparkCar_ROS2_WS/SparkCar_Perception/install/realsense2_camera/lib/librealsense2_camera.so
[15.407s] -- Up-to-date symlink: /home/orangepi/Desktop/SparkCar_ROS2_WS/SparkCar_Perception/install/realsense2_camera/include/align_depth_filter.h
[15.408s] -- Up-to-date symlink: /home/orangepi/Desktop/SparkCar_ROS2_WS/SparkCar_Perception/install/realsense2_camera/include/base_realsense_node.h
[15.408s] -- Up-to-date symlink: /home/orangepi/Desktop/SparkCar_ROS2_WS/SparkCar_Perception/install/realsense2_camera/include/constants.h
[15.408s] -- Up-to-date symlink: /home/orangepi/Desktop/SparkCar_ROS2_WS/SparkCar_Perception/install/realsense2_camera/include/context_singleton_wrapper.h
[15.408s] -- Up-to-date symlink: /home/orangepi/Desktop/SparkCar_ROS2_WS/SparkCar_Perception/install/realsense2_camera/include/dynamic_params.h
[15.408s] -- Up-to-date symlink: /home/orangepi/Desktop/SparkCar_ROS2_WS/SparkCar_Perception/install/realsense2_camera/include/gl_window.h
[15.409s] -- Up-to-date symlink: /home/orangepi/Desktop/SparkCar_ROS2_WS/SparkCar_Perception/install/realsense2_camera/include/image_publisher.h
[15.410s] -- Up-to-date symlink: /home/orangepi/Desktop/SparkCar_ROS2_WS/SparkCar_Perception/install/realsense2_camera/include/named_filter.h
[15.411s] -- Up-to-date symlink: /home/orangepi/Desktop/SparkCar_ROS2_WS/SparkCar_Perception/install/realsense2_camera/include/pointcloud_filter.h
[15.411s] -- Up-to-date symlink: /home/orangepi/Desktop/SparkCar_ROS2_WS/SparkCar_Perception/install/realsense2_camera/include/profile_manager.h
[15.413s] -- Up-to-date symlink: /home/orangepi/Desktop/SparkCar_ROS2_WS/SparkCar_Perception/install/realsense2_camera/include/realsense_node_factory.h
[15.414s] -- Up-to-date symlink: /home/orangepi/Desktop/SparkCar_ROS2_WS/SparkCar_Perception/install/realsense2_camera/include/ros_node_base.h
[15.415s] -- Up-to-date symlink: /home/orangepi/Desktop/SparkCar_ROS2_WS/SparkCar_Perception/install/realsense2_camera/include/ros_param_backend.h
[15.417s] -- Up-to-date symlink: /home/orangepi/Desktop/SparkCar_ROS2_WS/SparkCar_Perception/install/realsense2_camera/include/ros_sensor.h
[15.418s] -- Up-to-date symlink: /home/orangepi/Desktop/SparkCar_ROS2_WS/SparkCar_Perception/install/realsense2_camera/include/ros_utils.h
[15.418s] -- Up-to-date symlink: /home/orangepi/Desktop/SparkCar_ROS2_WS/SparkCar_Perception/install/realsense2_camera/include/sensor_params.h
[15.418s] -- Up-to-date symlink: /home/orangepi/Desktop/SparkCar_ROS2_WS/SparkCar_Perception/install/realsense2_camera/share/realsense2_camera/launch/default.rviz
[15.419s] -- Up-to-date symlink: /home/orangepi/Desktop/SparkCar_ROS2_WS/SparkCar_Perception/install/realsense2_camera/share/realsense2_camera/launch/rs_intra_process_demo_launch.py
[15.419s] -- Up-to-date symlink: /home/orangepi/Desktop/SparkCar_ROS2_WS/SparkCar_Perception/install/realsense2_camera/share/realsense2_camera/launch/rs_launch.py
[15.419s] -- Up-to-date symlink: /home/orangepi/Desktop/SparkCar_ROS2_WS/SparkCar_Perception/install/realsense2_camera/share/realsense2_camera/launch/rs_multi_camera_launch.py
[15.419s] -- Up-to-date symlink: /home/orangepi/Desktop/SparkCar_ROS2_WS/SparkCar_Perception/install/realsense2_camera/share/realsense2_camera/launch/rs_multi_camera_launch_sync.py
[15.419s] -- Up-to-date symlink: /home/orangepi/Desktop/SparkCar_ROS2_WS/SparkCar_Perception/install/realsense2_camera/share/realsense2_camera/examples/align_depth/README.md
[15.419s] -- Up-to-date symlink: /home/orangepi/Desktop/SparkCar_ROS2_WS/SparkCar_Perception/install/realsense2_camera/share/realsense2_camera/examples/align_depth/rs_align_depth_launch.py
[15.419s] -- Up-to-date symlink: /home/orangepi/Desktop/SparkCar_ROS2_WS/SparkCar_Perception/install/realsense2_camera/share/realsense2_camera/examples/d500_tables/application_config_example.json
[15.419s] -- Up-to-date symlink: /home/orangepi/Desktop/SparkCar_ROS2_WS/SparkCar_Perception/install/realsense2_camera/share/realsense2_camera/examples/d500_tables/calib_config_example.json
[15.419s] -- Up-to-date symlink: /home/orangepi/Desktop/SparkCar_ROS2_WS/SparkCar_Perception/install/realsense2_camera/share/realsense2_camera/examples/d500_tables/safety_interface_config_example.json
[15.419s] -- Up-to-date symlink: /home/orangepi/Desktop/SparkCar_ROS2_WS/SparkCar_Perception/install/realsense2_camera/share/realsense2_camera/examples/d500_tables/safety_preset_example.json
[15.419s] -- Up-to-date symlink: /home/orangepi/Desktop/SparkCar_ROS2_WS/SparkCar_Perception/install/realsense2_camera/share/realsense2_camera/examples/dual_camera/README.md
[15.419s] -- Up-to-date symlink: /home/orangepi/Desktop/SparkCar_ROS2_WS/SparkCar_Perception/install/realsense2_camera/share/realsense2_camera/examples/dual_camera/rs_dual_camera_launch.py
[15.420s] -- Up-to-date symlink: /home/orangepi/Desktop/SparkCar_ROS2_WS/SparkCar_Perception/install/realsense2_camera/share/realsense2_camera/examples/dual_camera/rviz/dual_camera_pointcloud.rviz
[15.420s] -- Up-to-date symlink: /home/orangepi/Desktop/SparkCar_ROS2_WS/SparkCar_Perception/install/realsense2_camera/share/realsense2_camera/examples/launch_from_rosbag/README.md
[15.420s] -- Up-to-date symlink: /home/orangepi/Desktop/SparkCar_ROS2_WS/SparkCar_Perception/install/realsense2_camera/share/realsense2_camera/examples/launch_from_rosbag/rs_launch_from_rosbag.py
[15.420s] -- Up-to-date symlink: /home/orangepi/Desktop/SparkCar_ROS2_WS/SparkCar_Perception/install/realsense2_camera/share/realsense2_camera/examples/launch_params_from_file/README.md
[15.420s] -- Up-to-date symlink: /home/orangepi/Desktop/SparkCar_ROS2_WS/SparkCar_Perception/install/realsense2_camera/share/realsense2_camera/examples/launch_params_from_file/config/config.yaml
[15.420s] -- Up-to-date symlink: /home/orangepi/Desktop/SparkCar_ROS2_WS/SparkCar_Perception/install/realsense2_camera/share/realsense2_camera/examples/launch_params_from_file/rs_launch_get_params_from_yaml.py
[15.420s] -- Up-to-date symlink: /home/orangepi/Desktop/SparkCar_ROS2_WS/SparkCar_Perception/install/realsense2_camera/share/realsense2_camera/examples/pointcloud/README.md
[15.420s] -- Up-to-date symlink: /home/orangepi/Desktop/SparkCar_ROS2_WS/SparkCar_Perception/install/realsense2_camera/share/realsense2_camera/examples/pointcloud/rs_d405_pointcloud_launch.py
[15.420s] -- Up-to-date symlink: /home/orangepi/Desktop/SparkCar_ROS2_WS/SparkCar_Perception/install/realsense2_camera/share/realsense2_camera/examples/pointcloud/rs_d455_pointcloud_launch.py
[15.420s] -- Up-to-date symlink: /home/orangepi/Desktop/SparkCar_ROS2_WS/SparkCar_Perception/install/realsense2_camera/share/realsense2_camera/examples/pointcloud/rs_pointcloud_infra_launch.py
[15.420s] -- Up-to-date symlink: /home/orangepi/Desktop/SparkCar_ROS2_WS/SparkCar_Perception/install/realsense2_camera/share/realsense2_camera/examples/pointcloud/rs_pointcloud_launch.py
[15.420s] -- Up-to-date symlink: /home/orangepi/Desktop/SparkCar_ROS2_WS/SparkCar_Perception/install/realsense2_camera/share/realsense2_camera/examples/pointcloud/rviz/pointcloud.rviz
[15.420s] -- Up-to-date symlink: /home/orangepi/Desktop/SparkCar_ROS2_WS/SparkCar_Perception/install/realsense2_camera/share/realsense2_camera/examples/pointcloud/rviz/urdf_pointcloud.rviz
[15.420s] -- Up-to-date symlink: /home/orangepi/Desktop/SparkCar_ROS2_WS/SparkCar_Perception/install/realsense2_camera/share/realsense2_camera/environment/library_path.sh
[15.421s] -- Up-to-date symlink: /home/orangepi/Desktop/SparkCar_ROS2_WS/SparkCar_Perception/install/realsense2_camera/share/realsense2_camera/environment/library_path.dsv
[15.421s] -- Up-to-date symlink: /home/orangepi/Desktop/SparkCar_ROS2_WS/SparkCar_Perception/install/realsense2_camera/share/ament_index/resource_index/package_run_dependencies/realsense2_camera
[15.421s] -- Up-to-date symlink: /home/orangepi/Desktop/SparkCar_ROS2_WS/SparkCar_Perception/install/realsense2_camera/share/ament_index/resource_index/parent_prefix_path/realsense2_camera
[15.421s] -- Up-to-date symlink: /home/orangepi/Desktop/SparkCar_ROS2_WS/SparkCar_Perception/install/realsense2_camera/share/realsense2_camera/environment/ament_prefix_path.sh
[15.421s] -- Up-to-date symlink: /home/orangepi/Desktop/SparkCar_ROS2_WS/SparkCar_Perception/install/realsense2_camera/share/realsense2_camera/environment/ament_prefix_path.dsv
[15.421s] -- Up-to-date symlink: /home/orangepi/Desktop/SparkCar_ROS2_WS/SparkCar_Perception/install/realsense2_camera/share/realsense2_camera/environment/path.sh
[15.421s] -- Up-to-date symlink: /home/orangepi/Desktop/SparkCar_ROS2_WS/SparkCar_Perception/install/realsense2_camera/share/realsense2_camera/environment/path.dsv
[15.421s] -- Up-to-date symlink: /home/orangepi/Desktop/SparkCar_ROS2_WS/SparkCar_Perception/install/realsense2_camera/share/realsense2_camera/local_setup.bash
[15.421s] -- Up-to-date symlink: /home/orangepi/Desktop/SparkCar_ROS2_WS/SparkCar_Perception/install/realsense2_camera/share/realsense2_camera/local_setup.sh
[15.421s] -- Up-to-date symlink: /home/orangepi/Desktop/SparkCar_ROS2_WS/SparkCar_Perception/install/realsense2_camera/share/realsense2_camera/local_setup.zsh
[15.421s] -- Up-to-date symlink: /home/orangepi/Desktop/SparkCar_ROS2_WS/SparkCar_Perception/install/realsense2_camera/share/realsense2_camera/local_setup.dsv
[15.421s] -- Symlinking: /home/orangepi/Desktop/SparkCar_ROS2_WS/SparkCar_Perception/install/realsense2_camera/share/realsense2_camera/package.dsv
[15.433s] -- Up-to-date symlink: /home/orangepi/Desktop/SparkCar_ROS2_WS/SparkCar_Perception/install/realsense2_camera/share/ament_index/resource_index/packages/realsense2_camera
[15.433s] -- Up-to-date symlink: /home/orangepi/Desktop/SparkCar_ROS2_WS/SparkCar_Perception/install/realsense2_camera/share/ament_index/resource_index/rclcpp_components/realsense2_camera
[15.433s] -- Up-to-date symlink: /home/orangepi/Desktop/SparkCar_ROS2_WS/SparkCar_Perception/install/realsense2_camera/share/realsense2_camera/cmake/ament_cmake_export_include_directories-extras.cmake
[15.433s] -- Up-to-date symlink: /home/orangepi/Desktop/SparkCar_ROS2_WS/SparkCar_Perception/install/realsense2_camera/share/realsense2_camera/cmake/ament_cmake_export_libraries-extras.cmake
[15.434s] -- Up-to-date symlink: /home/orangepi/Desktop/SparkCar_ROS2_WS/SparkCar_Perception/install/realsense2_camera/share/realsense2_camera/cmake/ament_cmake_export_dependencies-extras.cmake
[15.434s] -- Up-to-date symlink: /home/orangepi/Desktop/SparkCar_ROS2_WS/SparkCar_Perception/install/realsense2_camera/share/realsense2_camera/cmake/realsense2_cameraConfig.cmake
[15.434s] -- Up-to-date symlink: /home/orangepi/Desktop/SparkCar_ROS2_WS/SparkCar_Perception/install/realsense2_camera/share/realsense2_camera/cmake/realsense2_cameraConfig-version.cmake
[15.434s] -- Up-to-date symlink: /home/orangepi/Desktop/SparkCar_ROS2_WS/SparkCar_Perception/install/realsense2_camera/share/realsense2_camera/package.xml
[15.442s] Invoked command in '/home/orangepi/Desktop/SparkCar_ROS2_WS/SparkCar_Perception/build/realsense2_camera' returned '0': AMENT_PREFIX_PATH=/home/orangepi/Desktop/SparkCar_ROS2_WS/SparkCar_Perception/install/realsense2_camera_msgs:${AMENT_PREFIX_PATH} CMAKE_PREFIX_PATH=/home/orangepi/Desktop/SparkCar_ROS2_WS/SparkCar_Perception/install/realsense2_camera_msgs:/opt/ros/humble LD_LIBRARY_PATH=/home/orangepi/Desktop/SparkCar_ROS2_WS/SparkCar_Perception/install/realsense2_camera_msgs/lib:${LD_LIBRARY_PATH} PYTHONPATH=/home/orangepi/Desktop/SparkCar_ROS2_WS/SparkCar_Perception/install/realsense2_camera_msgs/local/lib/python3.10/dist-packages:${PYTHONPATH} /usr/bin/cmake --install /home/orangepi/Desktop/SparkCar_ROS2_WS/SparkCar_Perception/build/realsense2_camera
