[0.016s] Invoking command in '/home/jiaverso/Desktop/SparkCar_ROS2_WS/SparkCar_Perception/build/fastlio2': CMAKE_PREFIX_PATH=/home/jiaverso/Desktop/SparkCar_ROS2_WS/SparkCar_Perception/install/livox_ros_driver2:/home/jiaverso/Desktop/SparkCar_ROS2_WS/SparkCar_Perception/install/interface:/home/jiaverso/Desktop/SparkCar_ROS2_WS/SparkCar_Perception/install/pgo:/home/jiaverso/Desktop/SparkCar_ROS2_WS/SparkCar_Perception/install/localizer:/home/jiaverso/Desktop/SparkCar_ROS2_WS/SparkCar_Perception/install/fastlio2:/home/jiaverso/Desktop/SparkCar_ROS2_WS/SparkCar_Perception/install/hba:/home/jiaverso/Desktop/SparkCar_ROS2_WS/SparkCar_Tools/install/pcd2pgm:/opt/ros/humble /usr/bin/cmake /home/jiaverso/Desktop/SparkCar_ROS2_WS/SparkCar_Perception/src/fastlio2_ros2/fastlio2 -DCMAKE_INSTALL_PREFIX=/home/jiaverso/Desktop/SparkCar_ROS2_WS/SparkCar_Perception/install/fastlio2
[0.063s] -- The C compiler identification is GNU 11.4.0
[0.105s] -- The CXX compiler identification is GNU 11.4.0
[0.111s] -- Detecting C compiler ABI info
[0.167s] -- Detecting C compiler ABI info - done
[0.176s] -- Check for working C compiler: /usr/bin/cc - skipped
[0.176s] -- Detecting C compile features
[0.177s] -- Detecting C compile features - done
[0.181s] -- Detecting CXX compiler ABI info
[0.253s] -- Detecting CXX compiler ABI info - done
[0.261s] -- Check for working CXX compiler: /usr/bin/c++ - skipped
[0.261s] -- Detecting CXX compile features
[0.261s] -- Detecting CXX compile features - done
[0.265s] -- Found ament_cmake: 1.3.14 (/opt/ros/humble/share/ament_cmake/cmake)
[0.393s] -- Found Python3: /usr/bin/python3 (found version "3.10.12") found components: Interpreter 
[0.480s] -- Found rclcpp: 16.0.19 (/opt/ros/humble/share/rclcpp/cmake)
[0.518s] -- Found rosidl_generator_c: 3.1.8 (/opt/ros/humble/share/rosidl_generator_c/cmake)
[0.523s] -- Found rosidl_adapter: 3.1.8 (/opt/ros/humble/share/rosidl_adapter/cmake)
[0.529s] -- Found rosidl_generator_cpp: 3.1.8 (/opt/ros/humble/share/rosidl_generator_cpp/cmake)
[0.539s] -- Using all available rosidl_typesupport_c: rosidl_typesupport_fastrtps_c;rosidl_typesupport_introspection_c
[0.552s] -- Using all available rosidl_typesupport_cpp: rosidl_typesupport_fastrtps_cpp;rosidl_typesupport_introspection_cpp
[0.595s] -- Found rmw_implementation_cmake: 6.1.2 (/opt/ros/humble/share/rmw_implementation_cmake/cmake)
[0.598s] -- Found rmw_fastrtps_cpp: 6.2.10 (/opt/ros/humble/share/rmw_fastrtps_cpp/cmake)
[0.682s] -- Found OpenSSL: /usr/lib/x86_64-linux-gnu/libcrypto.so (found version "3.0.2")  
[0.717s] -- Found FastRTPS: /opt/ros/humble/include  
[0.762s] -- Using RMW implementation 'rmw_fastrtps_cpp' as default
[0.773s] -- Looking for pthread.h
[0.845s] -- Looking for pthread.h - found
[0.845s] -- Performing Test CMAKE_HAVE_LIBC_PTHREAD
[0.946s] -- Performing Test CMAKE_HAVE_LIBC_PTHREAD - Success
[0.948s] -- Found Threads: TRUE  
[1.005s] -- Found tf2: 0.25.20 (/opt/ros/humble/share/tf2/cmake)
[1.033s] -- Found tf2_ros: 0.25.20 (/opt/ros/humble/share/tf2_ros/cmake)
[1.160s] -- Found nav_msgs: 4.9.1 (/opt/ros/humble/share/nav_msgs/cmake)
[1.186s] -- Found sensor_msgs: 4.9.1 (/opt/ros/humble/share/sensor_msgs/cmake)
[1.210s] -- Found livox_ros_driver2: 1.0.0 (/home/jiaverso/Desktop/SparkCar_ROS2_WS/SparkCar_Perception/install/livox_ros_driver2/share/livox_ros_driver2/cmake)
[1.276s] -- Checking for module 'eigen3'
[1.291s] --   Found eigen3, version 3.4.0
[1.327s] -- Found Eigen: /usr/include/eigen3 (Required is at least version "3.1") 
[1.327s] -- Eigen found (include: /usr/include/eigen3, version: 3.4.0)
[1.363s] -- Checking for module 'flann'
[1.377s] --   Found flann, version 1.9.1
[1.431s] -- Found FLANN: /usr/lib/x86_64-linux-gnu/libflann_cpp.so  
[1.435s] -- FLANN found (include: /usr/include, lib: /usr/lib/x86_64-linux-gnu/libflann_cpp.so)
[2.263s] -- Checking for module 'libusb-1.0'
[2.275s] --   Found libusb-1.0, version 1.0.25
[2.305s] -- Found libusb: /usr/lib/x86_64-linux-gnu/libusb-1.0.so  
[2.306s] -- OpenNI found (version: 1.5.4.0, include: /usr/include/ni, lib: /usr/lib/libOpenNI.so;libusb::libusb)
[2.354s] -- OpenNI2 found (version: 2.2.0.33, include: /usr/include/openni2, lib: /usr/lib/x86_64-linux-gnu/libOpenNI2.so;libusb::libusb)
[2.528s] -- Eigen found (include: /usr/include/eigen3, version: 3.4.0)
[2.534s] -- OpenNI found (version: 1.5.4.0, include: /usr/include/ni, lib: /usr/lib/libOpenNI.so;libusb::libusb)
[2.539s] -- OpenNI2 found (version: 2.2.0.33, include: /usr/include/openni2, lib: /usr/lib/x86_64-linux-gnu/libOpenNI2.so;libusb::libusb)
[2.710s] -- Found Qhull version 8.0.2
[2.863s] -- OpenNI found (version: 1.5.4.0, include: /usr/include/ni, lib: /usr/lib/libOpenNI.so;libusb::libusb)
[3.038s] -- Found PCL_COMMON: /usr/lib/x86_64-linux-gnu/libpcl_common.so  
[3.039s] -- Found PCL_KDTREE: /usr/lib/x86_64-linux-gnu/libpcl_kdtree.so  
[3.042s] -- Found PCL_OCTREE: /usr/lib/x86_64-linux-gnu/libpcl_octree.so  
[3.043s] -- Found PCL_SEARCH: /usr/lib/x86_64-linux-gnu/libpcl_search.so  
[3.044s] -- Found PCL_SAMPLE_CONSENSUS: /usr/lib/x86_64-linux-gnu/libpcl_sample_consensus.so  
[3.045s] -- Found PCL_FILTERS: /usr/lib/x86_64-linux-gnu/libpcl_filters.so  
[3.046s] -- Found PCL_2D: /usr/include/pcl-1.12  
[3.047s] -- Found PCL_GEOMETRY: /usr/include/pcl-1.12  
[3.048s] -- Found PCL_IO: /usr/lib/x86_64-linux-gnu/libpcl_io.so  
[3.049s] -- Found PCL_FEATURES: /usr/lib/x86_64-linux-gnu/libpcl_features.so  
[3.050s] -- Found PCL_ML: /usr/lib/x86_64-linux-gnu/libpcl_ml.so  
[3.051s] -- Found PCL_SEGMENTATION: /usr/lib/x86_64-linux-gnu/libpcl_segmentation.so  
[3.051s] -- Found PCL_VISUALIZATION: /usr/lib/x86_64-linux-gnu/libpcl_visualization.so  
[3.053s] -- Found PCL_SURFACE: /usr/lib/x86_64-linux-gnu/libpcl_surface.so  
[3.054s] -- Found PCL_REGISTRATION: /usr/lib/x86_64-linux-gnu/libpcl_registration.so  
[3.055s] -- Found PCL_KEYPOINTS: /usr/lib/x86_64-linux-gnu/libpcl_keypoints.so  
[3.056s] -- Found PCL_TRACKING: /usr/lib/x86_64-linux-gnu/libpcl_tracking.so  
[3.056s] -- Found PCL_RECOGNITION: /usr/lib/x86_64-linux-gnu/libpcl_recognition.so  
[3.057s] -- Found PCL_STEREO: /usr/lib/x86_64-linux-gnu/libpcl_stereo.so  
[3.058s] -- Found PCL_APPS: /usr/lib/x86_64-linux-gnu/libpcl_apps.so  
[3.059s] -- Found PCL_IN_HAND_SCANNER: /usr/include/pcl-1.12  
[3.059s] -- Found PCL_MODELER: /usr/include/pcl-1.12  
[3.060s] -- Found PCL_POINT_CLOUD_EDITOR: /usr/include/pcl-1.12  
[3.061s] -- Found PCL_OUTOFCORE: /usr/lib/x86_64-linux-gnu/libpcl_outofcore.so  
[3.062s] -- Found PCL_PEOPLE: /usr/lib/x86_64-linux-gnu/libpcl_people.so  
[3.073s] -- Found interface: 0.0.0 (/home/jiaverso/Desktop/SparkCar_ROS2_WS/SparkCar_Perception/install/interface/share/interface/cmake)
[3.374s] CMake Warning (dev) at CMakeLists.txt:36 (find_package):
[3.374s]   Policy CMP0074 is not set: find_package uses <PackageName>_ROOT variables.
[3.374s]   Run "cmake --help-policy CMP0074" for policy details.  Use the cmake_policy
[3.374s]   command to set the policy and suppress this warning.
[3.374s] 
[3.374s]   CMake variable PCL_ROOT is set to:
[3.374s] 
[3.374s]     /usr
[3.374s] 
[3.374s]   For compatibility, CMake is ignoring the variable.
[3.374s] This warning is for project developers.  Use -Wno-dev to suppress it.
[3.374s] 
[3.417s] -- Found Boost: /usr/lib/x86_64-linux-gnu/cmake/Boost-1.74.0/BoostConfig.cmake (found suitable version "1.74.0", minimum required is "1.65") found components: serialization system filesystem thread program_options date_time timer chrono regex 
[3.419s] -- GTSAM include directory:  /usr/local/lib/cmake/GTSAM/../../../include
[3.432s] -- Found ament_lint_auto: 0.12.15 (/opt/ros/humble/share/ament_lint_auto/cmake)
[3.527s] -- Added test 'cppcheck' to perform static code analysis on C / C++ code
[3.527s] -- Configured cppcheck include dirs: /home/jiaverso/Desktop/SparkCar_ROS2_WS/SparkCar_Perception/src/fastlio2_ros2/fastlio2/include
[3.527s] -- Configured cppcheck exclude dirs and/or files: 
[3.528s] -- Added test 'flake8' to check Python code syntax and style conventions
[3.528s] -- Added test 'lint_cmake' to check CMake code style
[3.529s] -- Added test 'pep257' to check Python code against some of the docstring style conventions in PEP 257
[3.530s] -- Added test 'uncrustify' to check C / C++ code style
[3.530s] -- Configured uncrustify additional arguments: 
[3.531s] -- Added test 'xmllint' to check XML markup files
[3.532s] -- Configuring done
[3.579s] -- Generating done
[3.594s] -- Build files have been written to: /home/jiaverso/Desktop/SparkCar_ROS2_WS/SparkCar_Perception/build/fastlio2
[3.644s] Invoked command in '/home/jiaverso/Desktop/SparkCar_ROS2_WS/SparkCar_Perception/build/fastlio2' returned '0': CMAKE_PREFIX_PATH=/home/jiaverso/Desktop/SparkCar_ROS2_WS/SparkCar_Perception/install/livox_ros_driver2:/home/jiaverso/Desktop/SparkCar_ROS2_WS/SparkCar_Perception/install/interface:/home/jiaverso/Desktop/SparkCar_ROS2_WS/SparkCar_Perception/install/pgo:/home/jiaverso/Desktop/SparkCar_ROS2_WS/SparkCar_Perception/install/localizer:/home/jiaverso/Desktop/SparkCar_ROS2_WS/SparkCar_Perception/install/fastlio2:/home/jiaverso/Desktop/SparkCar_ROS2_WS/SparkCar_Perception/install/hba:/home/jiaverso/Desktop/SparkCar_ROS2_WS/SparkCar_Tools/install/pcd2pgm:/opt/ros/humble /usr/bin/cmake /home/jiaverso/Desktop/SparkCar_ROS2_WS/SparkCar_Perception/src/fastlio2_ros2/fastlio2 -DCMAKE_INSTALL_PREFIX=/home/jiaverso/Desktop/SparkCar_ROS2_WS/SparkCar_Perception/install/fastlio2
[3.644s] Invoking command in '/home/jiaverso/Desktop/SparkCar_ROS2_WS/SparkCar_Perception/build/fastlio2': CMAKE_PREFIX_PATH=/home/jiaverso/Desktop/SparkCar_ROS2_WS/SparkCar_Perception/install/livox_ros_driver2:/home/jiaverso/Desktop/SparkCar_ROS2_WS/SparkCar_Perception/install/interface:/home/jiaverso/Desktop/SparkCar_ROS2_WS/SparkCar_Perception/install/pgo:/home/jiaverso/Desktop/SparkCar_ROS2_WS/SparkCar_Perception/install/localizer:/home/jiaverso/Desktop/SparkCar_ROS2_WS/SparkCar_Perception/install/fastlio2:/home/jiaverso/Desktop/SparkCar_ROS2_WS/SparkCar_Perception/install/hba:/home/jiaverso/Desktop/SparkCar_ROS2_WS/SparkCar_Tools/install/pcd2pgm:/opt/ros/humble /usr/bin/cmake --build /home/jiaverso/Desktop/SparkCar_ROS2_WS/SparkCar_Perception/build/fastlio2 -- -j8 -l8
[3.696s] [  7%] Building CXX object CMakeFiles/scancontext.dir/include/sc-relo/Scancontext.cpp.o
[9.524s] /home/jiaverso/Desktop/SparkCar_ROS2_WS/SparkCar_Perception/src/fastlio2_ros2/fastlio2/include/sc-relo/Scancontext.cpp: In function ‘float ScanContext::xy2theta(const float&, const float&)’:
[9.524s] /home/jiaverso/Desktop/SparkCar_ROS2_WS/SparkCar_Perception/src/fastlio2_ros2/fastlio2/include/sc-relo/Scancontext.cpp:25:16: warning: suggest parentheses around comparison in operand of ‘&’ [-Wparentheses]
[9.524s]    25 |         if (_x >= 0 & _y >= 0)
[9.525s]       |             ~~~^~~~
[9.525s] /home/jiaverso/Desktop/SparkCar_ROS2_WS/SparkCar_Perception/src/fastlio2_ros2/fastlio2/include/sc-relo/Scancontext.cpp:28:21: warning: suggest parentheses around comparison in operand of ‘&’ [-Wparentheses]
[9.525s]    28 |         else if (_x < 0 & _y >= 0)
[9.525s]       |                  ~~~^~~
[9.526s] /home/jiaverso/Desktop/SparkCar_ROS2_WS/SparkCar_Perception/src/fastlio2_ros2/fastlio2/include/sc-relo/Scancontext.cpp:31:21: warning: suggest parentheses around comparison in operand of ‘&’ [-Wparentheses]
[9.526s]    31 |         else if (_x < 0 & _y < 0)
[9.526s]       |                  ~~~^~~
[9.608s] /home/jiaverso/Desktop/SparkCar_ROS2_WS/SparkCar_Perception/src/fastlio2_ros2/fastlio2/include/sc-relo/Scancontext.cpp: In member function ‘double ScanContext::SCManager::distDirectSC(Eigen::MatrixXd&, Eigen::MatrixXd&)’:
[9.608s] /home/jiaverso/Desktop/SparkCar_ROS2_WS/SparkCar_Perception/src/fastlio2_ros2/fastlio2/include/sc-relo/Scancontext.cpp:91:32: warning: suggest parentheses around comparison in operand of ‘|’ [-Wparentheses]
[9.608s]    91 |             if (col_sc1.norm() == 0 | col_sc2.norm() == 0)
[9.608s]       |                 ~~~~~~~~~~~~~~~^~~~
[9.677s] /home/jiaverso/Desktop/SparkCar_ROS2_WS/SparkCar_Perception/src/fastlio2_ros2/fastlio2/include/sc-relo/Scancontext.cpp: In member function ‘Eigen::MatrixXd ScanContext::SCManager::makeScancontext(pcl::PointCloud<pcl::PointXYZINormal>&)’:
[9.677s] /home/jiaverso/Desktop/SparkCar_ROS2_WS/SparkCar_Perception/src/fastlio2_ros2/fastlio2/include/sc-relo/Scancontext.cpp:212:40: warning: comparison of integer expressions of different signedness: ‘size_t’ {aka ‘long unsigned int’} and ‘int’ [-Wsign-compare]
[9.678s]   212 |         for (size_t pt_idx = 0; pt_idx < num_pts_scan_down; pt_idx++)
[9.678s]       |                                 ~~~~~~~^~~~~~~~~~~~~~~~~~~
[9.718s] /home/jiaverso/Desktop/SparkCar_ROS2_WS/SparkCar_Perception/src/fastlio2_ros2/fastlio2/include/sc-relo/Scancontext.cpp: In member function ‘std::pair<int, float> ScanContext::SCManager::detectClosestKeyframeID(int, const std::vector<float>&, Eigen::MatrixXd&)’:
[9.718s] /home/jiaverso/Desktop/SparkCar_ROS2_WS/SparkCar_Perception/src/fastlio2_ros2/fastlio2/include/sc-relo/Scancontext.cpp:410:46: warning: comparison of integer expressions of different signedness: ‘std::vector<std::vector<float> >::size_type’ {aka ‘long unsigned int’} and ‘int’ [-Wsign-compare]
[9.719s]   410 |         if (polarcontext_invkeys_mat_.size() < num_exclude_recent + 1)
[9.719s]       |             ~~~~~~~~~~~~~~~~~~~~~~~~~~~~~~~~~^~~~~~~~~~~~~~~~~~~~~~~~
[10.165s] In file included from /home/jiaverso/Desktop/SparkCar_ROS2_WS/SparkCar_Perception/src/fastlio2_ros2/fastlio2/include/sc-relo/Scancontext.h:21,
[10.166s]                  from /home/jiaverso/Desktop/SparkCar_ROS2_WS/SparkCar_Perception/src/fastlio2_ros2/fastlio2/include/sc-relo/Scancontext.cpp:1:
[10.166s] /home/jiaverso/Desktop/SparkCar_ROS2_WS/SparkCar_Perception/src/fastlio2_ros2/fastlio2/include/sc-relo/../nanoflann.hpp: In instantiation of ‘nanoflann::L2_Adaptor<T, DataSource, _DistanceType>::DistanceType nanoflann::L2_Adaptor<T, DataSource, _DistanceType>::accum_dist(U, V, int) const [with U = float; V = float; T = float; DataSource = KDTreeVectorOfVectorsAdaptor<std::vector<std::vector<float> >, float>; _DistanceType = float; nanoflann::L2_Adaptor<T, DataSource, _DistanceType>::DistanceType = float]’:
[10.166s] /home/jiaverso/Desktop/SparkCar_ROS2_WS/SparkCar_Perception/src/fastlio2_ros2/fastlio2/include/sc-relo/../nanoflann.hpp:1110:36:   required from ‘nanoflann::KDTreeSingleIndexAdaptor<Distance, DatasetAdaptor, DIM, IndexType>::DistanceType nanoflann::KDTreeSingleIndexAdaptor<Distance, DatasetAdaptor, DIM, IndexType>::computeInitialDistances(const ElementType*, std::vector<typename Distance::DistanceType>&) const [with Distance = nanoflann::L2_Adaptor<float, KDTreeVectorOfVectorsAdaptor<std::vector<std::vector<float> >, float>, float>; DatasetAdaptor = KDTreeVectorOfVectorsAdaptor<std::vector<std::vector<float> >, float>; int DIM = -1; IndexType = long unsigned int; nanoflann::KDTreeSingleIndexAdaptor<Distance, DatasetAdaptor, DIM, IndexType>::DistanceType = float; nanoflann::KDTreeSingleIndexAdaptor<Distance, DatasetAdaptor, DIM, IndexType>::ElementType = float; typename Distance::DistanceType = float]’
[10.169s] /home/jiaverso/Desktop/SparkCar_ROS2_WS/SparkCar_Perception/src/fastlio2_ros2/fastlio2/include/sc-relo/../nanoflann.hpp:798:26:   required from ‘void nanoflann::KDTreeSingleIndexAdaptor<Distance, DatasetAdaptor, DIM, IndexType>::findNeighbors(RESULTSET&, const ElementType*, const nanoflann::SearchParams&) const [with RESULTSET = nanoflann::KNNResultSet<float>; Distance = nanoflann::L2_Adaptor<float, KDTreeVectorOfVectorsAdaptor<std::vector<std::vector<float> >, float>, float>; DatasetAdaptor = KDTreeVectorOfVectorsAdaptor<std::vector<std::vector<float> >, float>; int DIM = -1; IndexType = long unsigned int; nanoflann::KDTreeSingleIndexAdaptor<Distance, DatasetAdaptor, DIM, IndexType>::ElementType = float]’
[10.169s] /home/jiaverso/Desktop/SparkCar_ROS2_WS/SparkCar_Perception/src/fastlio2_ros2/fastlio2/include/sc-relo/Scancontext.cpp:365:55:   required from here
[10.169s] /home/jiaverso/Desktop/SparkCar_ROS2_WS/SparkCar_Perception/src/fastlio2_ros2/fastlio2/include/sc-relo/../nanoflann.hpp:334:74: warning: unused parameter ‘dim’ [-Wunused-parameter]
[10.169s]   334 |                 inline DistanceType accum_dist(const U a, const V b, int dim) const
[10.170s]       |                                                                      ~~~~^~~
[13.516s] [ 14%] Linking CXX static library libscancontext.a
[13.729s] [ 14%] Built target scancontext
[13.762s] [ 21%] Building CXX object CMakeFiles/lio_node.dir/src/lio_node.cpp.o
[13.781s] [ 28%] Building CXX object CMakeFiles/lio_node.dir/src/map_builder/imu_processor.cpp.o
[13.781s] [ 35%] Building CXX object CMakeFiles/lio_node.dir/src/map_builder/map_builder.cpp.o
[13.781s] [ 42%] Building CXX object CMakeFiles/lio_node.dir/src/map_builder/ikd_Tree.cpp.o
[13.781s] [ 50%] Building CXX object CMakeFiles/lio_node.dir/src/map_builder/lidar_processor.cpp.o
[13.782s] [ 57%] Building CXX object CMakeFiles/lio_node.dir/src/loop_closure/keyframe_manager.cpp.o
[13.783s] [ 71%] Building CXX object CMakeFiles/lio_node.dir/src/map_builder/ieskf.cpp.o
[13.789s] [ 71%] Building CXX object CMakeFiles/lio_node.dir/src/map_builder/commons.cpp.o
[21.244s] /home/jiaverso/Desktop/SparkCar_ROS2_WS/SparkCar_Perception/src/fastlio2_ros2/fastlio2/src/map_builder/ikd_Tree.cpp: In instantiation of ‘void KD_TREE<PointType>::multi_thread_rebuild() [with PointType = pcl::PointXYZ]’:
[21.245s] /home/jiaverso/Desktop/SparkCar_ROS2_WS/SparkCar_Perception/src/fastlio2_ros2/fastlio2/src/map_builder/ikd_Tree.cpp:1730:16:   required from here
[21.245s] /home/jiaverso/Desktop/SparkCar_ROS2_WS/SparkCar_Perception/src/fastlio2_ros2/fastlio2/src/map_builder/ikd_Tree.cpp:329:17: warning: unused variable ‘valid_old’ [-Wunused-variable]
[21.245s]   329 |             int valid_old = old_root_node->TreeSize - old_root_node->invalid_point_num;
[21.245s]       |                 ^~~~~~~~~
[21.246s] /home/jiaverso/Desktop/SparkCar_ROS2_WS/SparkCar_Perception/src/fastlio2_ros2/fastlio2/src/map_builder/ikd_Tree.cpp:330:17: warning: unused variable ‘valid_new’ [-Wunused-variable]
[21.246s]   330 |             int valid_new = new_root_node->TreeSize - new_root_node->invalid_point_num;
[21.246s]       |                 ^~~~~~~~~
[21.247s] /home/jiaverso/Desktop/SparkCar_ROS2_WS/SparkCar_Perception/src/fastlio2_ros2/fastlio2/src/map_builder/ikd_Tree.cpp:231:33: warning: unused variable ‘new_node_ptr’ [-Wunused-variable]
[21.247s]   231 |     KD_TREE_NODE *father_ptr, **new_node_ptr;
[21.247s]       |                                 ^~~~~~~~~~~~
[21.250s] /home/jiaverso/Desktop/SparkCar_ROS2_WS/SparkCar_Perception/src/fastlio2_ros2/fastlio2/src/map_builder/ikd_Tree.cpp: In instantiation of ‘void KD_TREE<PointType>::Rebuild(KD_TREE<PointType>::KD_TREE_NODE**) [with PointType = pcl::PointXYZ]’:
[21.250s] /home/jiaverso/Desktop/SparkCar_ROS2_WS/SparkCar_Perception/src/fastlio2_ros2/fastlio2/src/map_builder/ikd_Tree.cpp:1730:16:   required from here
[21.250s] /home/jiaverso/Desktop/SparkCar_ROS2_WS/SparkCar_Perception/src/fastlio2_ros2/fastlio2/src/map_builder/ikd_Tree.cpp:751:13: warning: unused variable ‘size_rec’ [-Wunused-variable]
[21.251s]   751 |         int size_rec = (*root)->TreeSize;
[21.251s]       |             ^~~~~~~~
[21.253s] /home/jiaverso/Desktop/SparkCar_ROS2_WS/SparkCar_Perception/src/fastlio2_ros2/fastlio2/src/map_builder/ikd_Tree.cpp: In instantiation of ‘int KD_TREE<PointType>::Delete_by_range(KD_TREE<PointType>::KD_TREE_NODE**, BoxPointType, bool, bool) [with PointType = pcl::PointXYZ]’:
[21.253s] /home/jiaverso/Desktop/SparkCar_ROS2_WS/SparkCar_Perception/src/fastlio2_ros2/fastlio2/src/map_builder/ikd_Tree.cpp:1730:16:   required from here
[21.253s] /home/jiaverso/Desktop/SparkCar_ROS2_WS/SparkCar_Perception/src/fastlio2_ros2/fastlio2/src/map_builder/ikd_Tree.cpp:802:21: warning: unused variable ‘Timeout’ [-Wunused-variable]
[21.254s]   802 |     struct timespec Timeout;
[21.254s]       |                     ^~~~~~~
[21.256s] /home/jiaverso/Desktop/SparkCar_ROS2_WS/SparkCar_Perception/src/fastlio2_ros2/fastlio2/src/map_builder/ikd_Tree.cpp: In instantiation of ‘void KD_TREE<PointType>::Delete_by_point(KD_TREE<PointType>::KD_TREE_NODE**, PointType, bool) [with PointType = pcl::PointXYZ]’:
[21.256s] /home/jiaverso/Desktop/SparkCar_ROS2_WS/SparkCar_Perception/src/fastlio2_ros2/fastlio2/src/map_builder/ikd_Tree.cpp:1730:16:   required from here
[21.256s] /home/jiaverso/Desktop/SparkCar_ROS2_WS/SparkCar_Perception/src/fastlio2_ros2/fastlio2/src/map_builder/ikd_Tree.cpp:867:21: warning: unused variable ‘Timeout’ [-Wunused-variable]
[21.259s]   867 |     struct timespec Timeout;
[21.259s]       |                     ^~~~~~~
[21.260s] /home/jiaverso/Desktop/SparkCar_ROS2_WS/SparkCar_Perception/src/fastlio2_ros2/fastlio2/src/map_builder/ikd_Tree.cpp: In instantiation of ‘void KD_TREE<PointType>::Add_by_point(KD_TREE<PointType>::KD_TREE_NODE**, PointType, bool, int) [with PointType = pcl::PointXYZ]’:
[21.260s] /home/jiaverso/Desktop/SparkCar_ROS2_WS/SparkCar_Perception/src/fastlio2_ros2/fastlio2/src/map_builder/ikd_Tree.cpp:1730:16:   required from here
[21.260s] /home/jiaverso/Desktop/SparkCar_ROS2_WS/SparkCar_Perception/src/fastlio2_ros2/fastlio2/src/map_builder/ikd_Tree.cpp:1006:21: warning: unused variable ‘Timeout’ [-Wunused-variable]
[21.261s]  1006 |     struct timespec Timeout;
[21.261s]       |                     ^~~~~~~
[21.262s] /home/jiaverso/Desktop/SparkCar_ROS2_WS/SparkCar_Perception/src/fastlio2_ros2/fastlio2/src/map_builder/ikd_Tree.cpp: In instantiation of ‘void KD_TREE<PointType>::Add_by_range(KD_TREE<PointType>::KD_TREE_NODE**, BoxPointType, bool) [with PointType = pcl::PointXYZ]’:
[21.262s] /home/jiaverso/Desktop/SparkCar_ROS2_WS/SparkCar_Perception/src/fastlio2_ros2/fastlio2/src/map_builder/ikd_Tree.cpp:1730:16:   required from here
[21.263s] /home/jiaverso/Desktop/SparkCar_ROS2_WS/SparkCar_Perception/src/fastlio2_ros2/fastlio2/src/map_builder/ikd_Tree.cpp:946:21: warning: unused variable ‘Timeout’ [-Wunused-variable]
[21.263s]   946 |     struct timespec Timeout;
[21.263s]       |                     ^~~~~~~
[21.266s] /home/jiaverso/Desktop/SparkCar_ROS2_WS/SparkCar_Perception/src/fastlio2_ros2/fastlio2/src/map_builder/ikd_Tree.cpp: In instantiation of ‘void KD_TREE<PointType>::Search(KD_TREE<PointType>::KD_TREE_NODE*, int, PointType, KD_TREE<PointType>::MANUAL_HEAP&, float) [with PointType = pcl::PointXYZ]’:
[21.266s] /home/jiaverso/Desktop/SparkCar_ROS2_WS/SparkCar_Perception/src/fastlio2_ros2/fastlio2/src/map_builder/ikd_Tree.cpp:1730:16:   required from here
[21.267s] /home/jiaverso/Desktop/SparkCar_ROS2_WS/SparkCar_Perception/src/fastlio2_ros2/fastlio2/src/map_builder/ikd_Tree.cpp:1097:63: warning: suggest parentheses around ‘&&’ within ‘||’ [-Wparentheses]
[21.267s]  1097 |     if (q.size() < k_nearest || dist_left_node < q.top().dist && dist_right_node < q.top().dist)
[21.267s]       |                                 ~~~~~~~~~~~~~~~~~~~~~~~~~~~~~~^~~~~~~~~~~~~~~~~~~~~~~~~~~~~~~~~
[21.267s] /home/jiaverso/Desktop/SparkCar_ROS2_WS/SparkCar_Perception/src/fastlio2_ros2/fastlio2/src/map_builder/ikd_Tree.cpp:1094:9: warning: unused variable ‘cur_search_counter’ [-Wunused-variable]
[21.268s]  1094 |     int cur_search_counter;
[21.272s]       |         ^~~~~~~~~~~~~~~~~~
[21.286s] /home/jiaverso/Desktop/SparkCar_ROS2_WS/SparkCar_Perception/src/fastlio2_ros2/fastlio2/src/map_builder/ikd_Tree.cpp: In instantiation of ‘int KD_TREE<PointType>::Add_Points(KD_TREE<PointType>::PointVector&, bool) [with PointType = pcl::PointXYZ; KD_TREE<PointType>::PointVector = std::vector<pcl::PointXYZ, Eigen::aligned_allocator<pcl::PointXYZ> >]’:
[21.286s] /home/jiaverso/Desktop/SparkCar_ROS2_WS/SparkCar_Perception/src/fastlio2_ros2/fastlio2/src/map_builder/ikd_Tree.cpp:1730:16:   required from here
[21.286s] /home/jiaverso/Desktop/SparkCar_ROS2_WS/SparkCar_Perception/src/fastlio2_ros2/fastlio2/src/map_builder/ikd_Tree.cpp:485:23: warning: comparison of integer expressions of different signedness: ‘int’ and ‘std::vector<pcl::PointXYZ, Eigen::aligned_allocator<pcl::PointXYZ> >::size_type’ {aka ‘long unsigned int’} [-Wsign-compare]
[21.287s]   485 |     for (int i = 0; i < PointToAdd.size(); i++)
[21.287s]       |                     ~~^~~~~~~~~~~~~~~~~~~
[21.287s] /home/jiaverso/Desktop/SparkCar_ROS2_WS/SparkCar_Perception/src/fastlio2_ros2/fastlio2/src/map_builder/ikd_Tree.cpp:502:39: warning: comparison of integer expressions of different signedness: ‘int’ and ‘std::vector<pcl::PointXYZ, Eigen::aligned_allocator<pcl::PointXYZ> >::size_type’ {aka ‘long unsigned int’} [-Wsign-compare]
[21.287s]   502 |             for (int index = 0; index < Downsample_Storage.size(); index++)
[21.287s]       |                                 ~~~~~~^~~~~~~~~~~~~~~~~~~~~~~~~~~
[21.287s] /home/jiaverso/Desktop/SparkCar_ROS2_WS/SparkCar_Perception/src/fastlio2_ros2/fastlio2/src/map_builder/ikd_Tree.cpp:478:9: warning: unused variable ‘NewPointSize’ [-Wunused-variable]
[21.287s]   478 |     int NewPointSize = PointToAdd.size();
[21.287s]       |         ^~~~~~~~~~~~
[21.287s] /home/jiaverso/Desktop/SparkCar_ROS2_WS/SparkCar_Perception/src/fastlio2_ros2/fastlio2/src/map_builder/ikd_Tree.cpp:479:9: warning: unused variable ‘tree_size’ [-Wunused-variable]
[21.287s]   479 |     int tree_size = size();
[21.288s]       |         ^~~~~~~~~
[21.288s] /home/jiaverso/Desktop/SparkCar_ROS2_WS/SparkCar_Perception/src/fastlio2_ros2/fastlio2/src/map_builder/ikd_Tree.cpp: In instantiation of ‘void KD_TREE<PointType>::Add_Point_Boxes(std::vector<BoxPointType>&) [with PointType = pcl::PointXYZ]’:
[21.289s] /home/jiaverso/Desktop/SparkCar_ROS2_WS/SparkCar_Perception/src/fastlio2_ros2/fastlio2/src/map_builder/ikd_Tree.cpp:1730:16:   required from here
[21.289s] /home/jiaverso/Desktop/SparkCar_ROS2_WS/SparkCar_Perception/src/fastlio2_ros2/fastlio2/src/map_builder/ikd_Tree.cpp:576:23: warning: comparison of integer expressions of different signedness: ‘int’ and ‘std::vector<BoxPointType>::size_type’ {aka ‘long unsigned int’} [-Wsign-compare]
[21.289s]   576 |     for (int i = 0; i < BoxPoints.size(); i++)
[21.290s]       |                     ~~^~~~~~~~~~~~~~~~~~
[21.290s] /home/jiaverso/Desktop/SparkCar_ROS2_WS/SparkCar_Perception/src/fastlio2_ros2/fastlio2/src/map_builder/ikd_Tree.cpp: In instantiation of ‘void KD_TREE<PointType>::Delete_Points(KD_TREE<PointType>::PointVector&) [with PointType = pcl::PointXYZ; KD_TREE<PointType>::PointVector = std::vector<pcl::PointXYZ, Eigen::aligned_allocator<pcl::PointXYZ> >]’:
[21.290s] /home/jiaverso/Desktop/SparkCar_ROS2_WS/SparkCar_Perception/src/fastlio2_ros2/fastlio2/src/map_builder/ikd_Tree.cpp:1730:16:   required from here
[21.290s] /home/jiaverso/Desktop/SparkCar_ROS2_WS/SparkCar_Perception/src/fastlio2_ros2/fastlio2/src/map_builder/ikd_Tree.cpp:604:23: warning: comparison of integer expressions of different signedness: ‘int’ and ‘std::vector<pcl::PointXYZ, Eigen::aligned_allocator<pcl::PointXYZ> >::size_type’ {aka ‘long unsigned int’} [-Wsign-compare]
[21.291s]   604 |     for (int i = 0; i < PointToDel.size(); i++)
[21.291s]       |                     ~~^~~~~~~~~~~~~~~~~~~
[21.292s] /home/jiaverso/Desktop/SparkCar_ROS2_WS/SparkCar_Perception/src/fastlio2_ros2/fastlio2/src/map_builder/ikd_Tree.cpp: In instantiation of ‘int KD_TREE<PointType>::Delete_Point_Boxes(std::vector<BoxPointType>&) [with PointType = pcl::PointXYZ]’:
[21.292s] /home/jiaverso/Desktop/SparkCar_ROS2_WS/SparkCar_Perception/src/fastlio2_ros2/fastlio2/src/map_builder/ikd_Tree.cpp:1730:16:   required from here
[21.293s] /home/jiaverso/Desktop/SparkCar_ROS2_WS/SparkCar_Perception/src/fastlio2_ros2/fastlio2/src/map_builder/ikd_Tree.cpp:633:23: warning: comparison of integer expressions of different signedness: ‘int’ and ‘std::vector<BoxPointType>::size_type’ {aka ‘long unsigned int’} [-Wsign-compare]
[21.296s]   633 |     for (int i = 0; i < BoxPoints.size(); i++)
[21.296s]       |                     ~~^~~~~~~~~~~~~~~~~~
[21.297s] /home/jiaverso/Desktop/SparkCar_ROS2_WS/SparkCar_Perception/src/fastlio2_ros2/fastlio2/src/map_builder/ikd_Tree.cpp: In instantiation of ‘void KD_TREE<PointType>::acquire_removed_points(KD_TREE<PointType>::PointVector&) [with PointType = pcl::PointXYZ; KD_TREE<PointType>::PointVector = std::vector<pcl::PointXYZ, Eigen::aligned_allocator<pcl::PointXYZ> >]’:
[21.297s] /home/jiaverso/Desktop/SparkCar_ROS2_WS/SparkCar_Perception/src/fastlio2_ros2/fastlio2/src/map_builder/ikd_Tree.cpp:1730:16:   required from here
[21.298s] /home/jiaverso/Desktop/SparkCar_ROS2_WS/SparkCar_Perception/src/fastlio2_ros2/fastlio2/src/map_builder/ikd_Tree.cpp:662:23: warning: comparison of integer expressions of different signedness: ‘int’ and ‘std::vector<pcl::PointXYZ, Eigen::aligned_allocator<pcl::PointXYZ> >::size_type’ {aka ‘long unsigned int’} [-Wsign-compare]
[21.298s]   662 |     for (int i = 0; i < Points_deleted.size(); i++)
[21.298s]       |                     ~~^~~~~~~~~~~~~~~~~~~~~~~
[21.299s] /home/jiaverso/Desktop/SparkCar_ROS2_WS/SparkCar_Perception/src/fastlio2_ros2/fastlio2/src/map_builder/ikd_Tree.cpp:666:23: warning: comparison of integer expressions of different signedness: ‘int’ and ‘std::vector<pcl::PointXYZ, Eigen::aligned_allocator<pcl::PointXYZ> >::size_type’ {aka ‘long unsigned int’} [-Wsign-compare]
[21.299s]   666 |     for (int i = 0; i < Multithread_Points_deleted.size(); i++)
[21.299s]       |                     ~~^~~~~~~~~~~~~~~~~~~~~~~~~~~~~~~~~~~
[21.304s] /home/jiaverso/Desktop/SparkCar_ROS2_WS/SparkCar_Perception/src/fastlio2_ros2/fastlio2/src/map_builder/ikd_Tree.cpp: In instantiation of ‘void KD_TREE<PointType>::multi_thread_rebuild() [with PointType = pcl::PointXYZI]’:
[21.304s] /home/jiaverso/Desktop/SparkCar_ROS2_WS/SparkCar_Perception/src/fastlio2_ros2/fastlio2/src/map_builder/ikd_Tree.cpp:1731:16:   required from here
[21.305s] /home/jiaverso/Desktop/SparkCar_ROS2_WS/SparkCar_Perception/src/fastlio2_ros2/fastlio2/src/map_builder/ikd_Tree.cpp:329:17: warning: unused variable ‘valid_old’ [-Wunused-variable]
[21.305s]   329 |             int valid_old = old_root_node->TreeSize - old_root_node->invalid_point_num;
[21.305s]       |                 ^~~~~~~~~
[21.306s] /home/jiaverso/Desktop/SparkCar_ROS2_WS/SparkCar_Perception/src/fastlio2_ros2/fastlio2/src/map_builder/ikd_Tree.cpp:330:17: warning: unused variable ‘valid_new’ [-Wunused-variable]
[21.306s]   330 |             int valid_new = new_root_node->TreeSize - new_root_node->invalid_point_num;
[21.308s]       |                 ^~~~~~~~~
[21.308s] /home/jiaverso/Desktop/SparkCar_ROS2_WS/SparkCar_Perception/src/fastlio2_ros2/fastlio2/src/map_builder/ikd_Tree.cpp:231:33: warning: unused variable ‘new_node_ptr’ [-Wunused-variable]
[21.309s]   231 |     KD_TREE_NODE *father_ptr, **new_node_ptr;
[21.309s]       |                                 ^~~~~~~~~~~~
[21.313s] /home/jiaverso/Desktop/SparkCar_ROS2_WS/SparkCar_Perception/src/fastlio2_ros2/fastlio2/src/map_builder/ikd_Tree.cpp: In instantiation of ‘void KD_TREE<PointType>::Rebuild(KD_TREE<PointType>::KD_TREE_NODE**) [with PointType = pcl::PointXYZI]’:
[21.314s] /home/jiaverso/Desktop/SparkCar_ROS2_WS/SparkCar_Perception/src/fastlio2_ros2/fastlio2/src/map_builder/ikd_Tree.cpp:1731:16:   required from here
[21.314s] /home/jiaverso/Desktop/SparkCar_ROS2_WS/SparkCar_Perception/src/fastlio2_ros2/fastlio2/src/map_builder/ikd_Tree.cpp:751:13: warning: unused variable ‘size_rec’ [-Wunused-variable]
[21.318s]   751 |         int size_rec = (*root)->TreeSize;
[21.318s]       |             ^~~~~~~~
[21.319s] /home/jiaverso/Desktop/SparkCar_ROS2_WS/SparkCar_Perception/src/fastlio2_ros2/fastlio2/src/map_builder/ikd_Tree.cpp: In instantiation of ‘int KD_TREE<PointType>::Delete_by_range(KD_TREE<PointType>::KD_TREE_NODE**, BoxPointType, bool, bool) [with PointType = pcl::PointXYZI]’:
[21.319s] /home/jiaverso/Desktop/SparkCar_ROS2_WS/SparkCar_Perception/src/fastlio2_ros2/fastlio2/src/map_builder/ikd_Tree.cpp:1731:16:   required from here
[21.319s] /home/jiaverso/Desktop/SparkCar_ROS2_WS/SparkCar_Perception/src/fastlio2_ros2/fastlio2/src/map_builder/ikd_Tree.cpp:802:21: warning: unused variable ‘Timeout’ [-Wunused-variable]
[21.319s]   802 |     struct timespec Timeout;
[21.320s]       |                     ^~~~~~~
[21.320s] /home/jiaverso/Desktop/SparkCar_ROS2_WS/SparkCar_Perception/src/fastlio2_ros2/fastlio2/src/map_builder/ikd_Tree.cpp: In instantiation of ‘void KD_TREE<PointType>::Delete_by_point(KD_TREE<PointType>::KD_TREE_NODE**, PointType, bool) [with PointType = pcl::PointXYZI]’:
[21.320s] /home/jiaverso/Desktop/SparkCar_ROS2_WS/SparkCar_Perception/src/fastlio2_ros2/fastlio2/src/map_builder/ikd_Tree.cpp:1731:16:   required from here
[21.320s] /home/jiaverso/Desktop/SparkCar_ROS2_WS/SparkCar_Perception/src/fastlio2_ros2/fastlio2/src/map_builder/ikd_Tree.cpp:867:21: warning: unused variable ‘Timeout’ [-Wunused-variable]
[21.320s]   867 |     struct timespec Timeout;
[21.320s]       |                     ^~~~~~~
[21.320s] /home/jiaverso/Desktop/SparkCar_ROS2_WS/SparkCar_Perception/src/fastlio2_ros2/fastlio2/src/map_builder/ikd_Tree.cpp: In instantiation of ‘void KD_TREE<PointType>::Add_by_point(KD_TREE<PointType>::KD_TREE_NODE**, PointType, bool, int) [with PointType = pcl::PointXYZI]’:
[21.320s] /home/jiaverso/Desktop/SparkCar_ROS2_WS/SparkCar_Perception/src/fastlio2_ros2/fastlio2/src/map_builder/ikd_Tree.cpp:1731:16:   required from here
[21.320s] /home/jiaverso/Desktop/SparkCar_ROS2_WS/SparkCar_Perception/src/fastlio2_ros2/fastlio2/src/map_builder/ikd_Tree.cpp:1006:21: warning: unused variable ‘Timeout’ [-Wunused-variable]
[21.321s]  1006 |     struct timespec Timeout;
[21.321s]       |                     ^~~~~~~
[21.323s] /home/jiaverso/Desktop/SparkCar_ROS2_WS/SparkCar_Perception/src/fastlio2_ros2/fastlio2/src/map_builder/ikd_Tree.cpp: In instantiation of ‘void KD_TREE<PointType>::Add_by_range(KD_TREE<PointType>::KD_TREE_NODE**, BoxPointType, bool) [with PointType = pcl::PointXYZI]’:
[21.324s] /home/jiaverso/Desktop/SparkCar_ROS2_WS/SparkCar_Perception/src/fastlio2_ros2/fastlio2/src/map_builder/ikd_Tree.cpp:1731:16:   required from here
[21.324s] /home/jiaverso/Desktop/SparkCar_ROS2_WS/SparkCar_Perception/src/fastlio2_ros2/fastlio2/src/map_builder/ikd_Tree.cpp:946:21: warning: unused variable ‘Timeout’ [-Wunused-variable]
[21.324s]   946 |     struct timespec Timeout;
[21.324s]       |                     ^~~~~~~
[21.326s] /home/jiaverso/Desktop/SparkCar_ROS2_WS/SparkCar_Perception/src/fastlio2_ros2/fastlio2/src/map_builder/ikd_Tree.cpp: In instantiation of ‘void KD_TREE<PointType>::Search(KD_TREE<PointType>::KD_TREE_NODE*, int, PointType, KD_TREE<PointType>::MANUAL_HEAP&, float) [with PointType = pcl::PointXYZI]’:
[21.326s] /home/jiaverso/Desktop/SparkCar_ROS2_WS/SparkCar_Perception/src/fastlio2_ros2/fastlio2/src/map_builder/ikd_Tree.cpp:1731:16:   required from here
[21.327s] /home/jiaverso/Desktop/SparkCar_ROS2_WS/SparkCar_Perception/src/fastlio2_ros2/fastlio2/src/map_builder/ikd_Tree.cpp:1097:63: warning: suggest parentheses around ‘&&’ within ‘||’ [-Wparentheses]
[21.327s]  1097 |     if (q.size() < k_nearest || dist_left_node < q.top().dist && dist_right_node < q.top().dist)
[21.327s]       |                                 ~~~~~~~~~~~~~~~~~~~~~~~~~~~~~~^~~~~~~~~~~~~~~~~~~~~~~~~~~~~~~~~
[21.333s] /home/jiaverso/Desktop/SparkCar_ROS2_WS/SparkCar_Perception/src/fastlio2_ros2/fastlio2/src/map_builder/ikd_Tree.cpp:1094:9: warning: unused variable ‘cur_search_counter’ [-Wunused-variable]
[21.333s]  1094 |     int cur_search_counter;
[21.333s]       |         ^~~~~~~~~~~~~~~~~~
[21.344s] /home/jiaverso/Desktop/SparkCar_ROS2_WS/SparkCar_Perception/src/fastlio2_ros2/fastlio2/src/map_builder/ikd_Tree.cpp: In instantiation of ‘int KD_TREE<PointType>::Add_Points(KD_TREE<PointType>::PointVector&, bool) [with PointType = pcl::PointXYZI; KD_TREE<PointType>::PointVector = std::vector<pcl::PointXYZI, Eigen::aligned_allocator<pcl::PointXYZI> >]’:
[21.344s] /home/jiaverso/Desktop/SparkCar_ROS2_WS/SparkCar_Perception/src/fastlio2_ros2/fastlio2/src/map_builder/ikd_Tree.cpp:1731:16:   required from here
[21.345s] /home/jiaverso/Desktop/SparkCar_ROS2_WS/SparkCar_Perception/src/fastlio2_ros2/fastlio2/src/map_builder/ikd_Tree.cpp:485:23: warning: comparison of integer expressions of different signedness: ‘int’ and ‘std::vector<pcl::PointXYZI, Eigen::aligned_allocator<pcl::PointXYZI> >::size_type’ {aka ‘long unsigned int’} [-Wsign-compare]
[21.345s]   485 |     for (int i = 0; i < PointToAdd.size(); i++)
[21.345s]       |                     ~~^~~~~~~~~~~~~~~~~~~
[21.345s] /home/jiaverso/Desktop/SparkCar_ROS2_WS/SparkCar_Perception/src/fastlio2_ros2/fastlio2/src/map_builder/ikd_Tree.cpp:502:39: warning: comparison of integer expressions of different signedness: ‘int’ and ‘std::vector<pcl::PointXYZI, Eigen::aligned_allocator<pcl::PointXYZI> >::size_type’ {aka ‘long unsigned int’} [-Wsign-compare]
[21.346s]   502 |             for (int index = 0; index < Downsample_Storage.size(); index++)
[21.346s]       |                                 ~~~~~~^~~~~~~~~~~~~~~~~~~~~~~~~~~
[21.350s] /home/jiaverso/Desktop/SparkCar_ROS2_WS/SparkCar_Perception/src/fastlio2_ros2/fastlio2/src/map_builder/ikd_Tree.cpp:478:9: warning: unused variable ‘NewPointSize’ [-Wunused-variable]
[21.351s]   478 |     int NewPointSize = PointToAdd.size();
[21.351s]       |         ^~~~~~~~~~~~
[21.351s] /home/jiaverso/Desktop/SparkCar_ROS2_WS/SparkCar_Perception/src/fastlio2_ros2/fastlio2/src/map_builder/ikd_Tree.cpp:479:9: warning: unused variable ‘tree_size’ [-Wunused-variable]
[21.351s]   479 |     int tree_size = size();
[21.351s]       |         ^~~~~~~~~
[21.352s] /home/jiaverso/Desktop/SparkCar_ROS2_WS/SparkCar_Perception/src/fastlio2_ros2/fastlio2/src/map_builder/ikd_Tree.cpp: In instantiation of ‘void KD_TREE<PointType>::Add_Point_Boxes(std::vector<BoxPointType>&) [with PointType = pcl::PointXYZI]’:
[21.352s] /home/jiaverso/Desktop/SparkCar_ROS2_WS/SparkCar_Perception/src/fastlio2_ros2/fastlio2/src/map_builder/ikd_Tree.cpp:1731:16:   required from here
[21.352s] /home/jiaverso/Desktop/SparkCar_ROS2_WS/SparkCar_Perception/src/fastlio2_ros2/fastlio2/src/map_builder/ikd_Tree.cpp:576:23: warning: comparison of integer expressions of different signedness: ‘int’ and ‘std::vector<BoxPointType>::size_type’ {aka ‘long unsigned int’} [-Wsign-compare]
[21.352s]   576 |     for (int i = 0; i < BoxPoints.size(); i++)
[21.352s]       |                     ~~^~~~~~~~~~~~~~~~~~
[21.353s] /home/jiaverso/Desktop/SparkCar_ROS2_WS/SparkCar_Perception/src/fastlio2_ros2/fastlio2/src/map_builder/ikd_Tree.cpp: In instantiation of ‘void KD_TREE<PointType>::Delete_Points(KD_TREE<PointType>::PointVector&) [with PointType = pcl::PointXYZI; KD_TREE<PointType>::PointVector = std::vector<pcl::PointXYZI, Eigen::aligned_allocator<pcl::PointXYZI> >]’:
[21.353s] /home/jiaverso/Desktop/SparkCar_ROS2_WS/SparkCar_Perception/src/fastlio2_ros2/fastlio2/src/map_builder/ikd_Tree.cpp:1731:16:   required from here
[21.353s] /home/jiaverso/Desktop/SparkCar_ROS2_WS/SparkCar_Perception/src/fastlio2_ros2/fastlio2/src/map_builder/ikd_Tree.cpp:604:23: warning: comparison of integer expressions of different signedness: ‘int’ and ‘std::vector<pcl::PointXYZI, Eigen::aligned_allocator<pcl::PointXYZI> >::size_type’ {aka ‘long unsigned int’} [-Wsign-compare]
[21.353s]   604 |     for (int i = 0; i < PointToDel.size(); i++)
[21.353s]       |                     ~~^~~~~~~~~~~~~~~~~~~
[21.353s] /home/jiaverso/Desktop/SparkCar_ROS2_WS/SparkCar_Perception/src/fastlio2_ros2/fastlio2/src/map_builder/ikd_Tree.cpp: In instantiation of ‘int KD_TREE<PointType>::Delete_Point_Boxes(std::vector<BoxPointType>&) [with PointType = pcl::PointXYZI]’:
[21.353s] /home/jiaverso/Desktop/SparkCar_ROS2_WS/SparkCar_Perception/src/fastlio2_ros2/fastlio2/src/map_builder/ikd_Tree.cpp:1731:16:   required from here
[21.353s] /home/jiaverso/Desktop/SparkCar_ROS2_WS/SparkCar_Perception/src/fastlio2_ros2/fastlio2/src/map_builder/ikd_Tree.cpp:633:23: warning: comparison of integer expressions of different signedness: ‘int’ and ‘std::vector<BoxPointType>::size_type’ {aka ‘long unsigned int’} [-Wsign-compare]
[21.353s]   633 |     for (int i = 0; i < BoxPoints.size(); i++)
[21.353s]       |                     ~~^~~~~~~~~~~~~~~~~~
[21.353s] /home/jiaverso/Desktop/SparkCar_ROS2_WS/SparkCar_Perception/src/fastlio2_ros2/fastlio2/src/map_builder/ikd_Tree.cpp: In instantiation of ‘void KD_TREE<PointType>::acquire_removed_points(KD_TREE<PointType>::PointVector&) [with PointType = pcl::PointXYZI; KD_TREE<PointType>::PointVector = std::vector<pcl::PointXYZI, Eigen::aligned_allocator<pcl::PointXYZI> >]’:
[21.354s] /home/jiaverso/Desktop/SparkCar_ROS2_WS/SparkCar_Perception/src/fastlio2_ros2/fastlio2/src/map_builder/ikd_Tree.cpp:1731:16:   required from here
[21.354s] /home/jiaverso/Desktop/SparkCar_ROS2_WS/SparkCar_Perception/src/fastlio2_ros2/fastlio2/src/map_builder/ikd_Tree.cpp:662:23: warning: comparison of integer expressions of different signedness: ‘int’ and ‘std::vector<pcl::PointXYZI, Eigen::aligned_allocator<pcl::PointXYZI> >::size_type’ {aka ‘long unsigned int’} [-Wsign-compare]
[21.354s]   662 |     for (int i = 0; i < Points_deleted.size(); i++)
[21.354s]       |                     ~~^~~~~~~~~~~~~~~~~~~~~~~
[21.354s] /home/jiaverso/Desktop/SparkCar_ROS2_WS/SparkCar_Perception/src/fastlio2_ros2/fastlio2/src/map_builder/ikd_Tree.cpp:666:23: warning: comparison of integer expressions of different signedness: ‘int’ and ‘std::vector<pcl::PointXYZI, Eigen::aligned_allocator<pcl::PointXYZI> >::size_type’ {aka ‘long unsigned int’} [-Wsign-compare]
[21.354s]   666 |     for (int i = 0; i < Multithread_Points_deleted.size(); i++)
[21.354s]       |                     ~~^~~~~~~~~~~~~~~~~~~~~~~~~~~~~~~~~~~
[21.363s] /home/jiaverso/Desktop/SparkCar_ROS2_WS/SparkCar_Perception/src/fastlio2_ros2/fastlio2/src/map_builder/ikd_Tree.cpp: In instantiation of ‘void KD_TREE<PointType>::multi_thread_rebuild() [with PointType = pcl::PointXYZINormal]’:
[21.363s] /home/jiaverso/Desktop/SparkCar_ROS2_WS/SparkCar_Perception/src/fastlio2_ros2/fastlio2/src/map_builder/ikd_Tree.cpp:1732:16:   required from here
[21.363s] /home/jiaverso/Desktop/SparkCar_ROS2_WS/SparkCar_Perception/src/fastlio2_ros2/fastlio2/src/map_builder/ikd_Tree.cpp:329:17: warning: unused variable ‘valid_old’ [-Wunused-variable]
[21.364s]   329 |             int valid_old = old_root_node->TreeSize - old_root_node->invalid_point_num;
[21.364s]       |                 ^~~~~~~~~
[21.364s] /home/jiaverso/Desktop/SparkCar_ROS2_WS/SparkCar_Perception/src/fastlio2_ros2/fastlio2/src/map_builder/ikd_Tree.cpp:330:17: warning: unused variable ‘valid_new’ [-Wunused-variable]
[21.364s]   330 |             int valid_new = new_root_node->TreeSize - new_root_node->invalid_point_num;
[21.364s]       |                 ^~~~~~~~~
[21.365s] /home/jiaverso/Desktop/SparkCar_ROS2_WS/SparkCar_Perception/src/fastlio2_ros2/fastlio2/src/map_builder/ikd_Tree.cpp:231:33: warning: unused variable ‘new_node_ptr’ [-Wunused-variable]
[21.365s]   231 |     KD_TREE_NODE *father_ptr, **new_node_ptr;
[21.365s]       |                                 ^~~~~~~~~~~~
[21.368s] /home/jiaverso/Desktop/SparkCar_ROS2_WS/SparkCar_Perception/src/fastlio2_ros2/fastlio2/src/map_builder/ikd_Tree.cpp: In instantiation of ‘void KD_TREE<PointType>::Rebuild(KD_TREE<PointType>::KD_TREE_NODE**) [with PointType = pcl::PointXYZINormal]’:
[21.368s] /home/jiaverso/Desktop/SparkCar_ROS2_WS/SparkCar_Perception/src/fastlio2_ros2/fastlio2/src/map_builder/ikd_Tree.cpp:1732:16:   required from here
[21.368s] /home/jiaverso/Desktop/SparkCar_ROS2_WS/SparkCar_Perception/src/fastlio2_ros2/fastlio2/src/map_builder/ikd_Tree.cpp:751:13: warning: unused variable ‘size_rec’ [-Wunused-variable]
[21.369s]   751 |         int size_rec = (*root)->TreeSize;
[21.369s]       |             ^~~~~~~~
[21.371s] /home/jiaverso/Desktop/SparkCar_ROS2_WS/SparkCar_Perception/src/fastlio2_ros2/fastlio2/src/map_builder/ikd_Tree.cpp: In instantiation of ‘int KD_TREE<PointType>::Delete_by_range(KD_TREE<PointType>::KD_TREE_NODE**, BoxPointType, bool, bool) [with PointType = pcl::PointXYZINormal]’:
[21.371s] /home/jiaverso/Desktop/SparkCar_ROS2_WS/SparkCar_Perception/src/fastlio2_ros2/fastlio2/src/map_builder/ikd_Tree.cpp:1732:16:   required from here
[21.372s] /home/jiaverso/Desktop/SparkCar_ROS2_WS/SparkCar_Perception/src/fastlio2_ros2/fastlio2/src/map_builder/ikd_Tree.cpp:802:21: warning: unused variable ‘Timeout’ [-Wunused-variable]
[21.372s]   802 |     struct timespec Timeout;
[21.372s]       |                     ^~~~~~~
[21.374s] /home/jiaverso/Desktop/SparkCar_ROS2_WS/SparkCar_Perception/src/fastlio2_ros2/fastlio2/src/map_builder/ikd_Tree.cpp: In instantiation of ‘void KD_TREE<PointType>::Delete_by_point(KD_TREE<PointType>::KD_TREE_NODE**, PointType, bool) [with PointType = pcl::PointXYZINormal]’:
[21.374s] /home/jiaverso/Desktop/SparkCar_ROS2_WS/SparkCar_Perception/src/fastlio2_ros2/fastlio2/src/map_builder/ikd_Tree.cpp:1732:16:   required from here
[21.377s] /home/jiaverso/Desktop/SparkCar_ROS2_WS/SparkCar_Perception/src/fastlio2_ros2/fastlio2/src/map_builder/ikd_Tree.cpp:867:21: warning: unused variable ‘Timeout’ [-Wunused-variable]
[21.377s]   867 |     struct timespec Timeout;
[21.377s]       |                     ^~~~~~~
[21.378s] /home/jiaverso/Desktop/SparkCar_ROS2_WS/SparkCar_Perception/src/fastlio2_ros2/fastlio2/src/map_builder/ikd_Tree.cpp: In instantiation of ‘void KD_TREE<PointType>::Add_by_point(KD_TREE<PointType>::KD_TREE_NODE**, PointType, bool, int) [with PointType = pcl::PointXYZINormal]’:
[21.378s] /home/jiaverso/Desktop/SparkCar_ROS2_WS/SparkCar_Perception/src/fastlio2_ros2/fastlio2/src/map_builder/ikd_Tree.cpp:1732:16:   required from here
[21.378s] /home/jiaverso/Desktop/SparkCar_ROS2_WS/SparkCar_Perception/src/fastlio2_ros2/fastlio2/src/map_builder/ikd_Tree.cpp:1006:21: warning: unused variable ‘Timeout’ [-Wunused-variable]
[21.379s]  1006 |     struct timespec Timeout;
[21.379s]       |                     ^~~~~~~
[21.380s] /home/jiaverso/Desktop/SparkCar_ROS2_WS/SparkCar_Perception/src/fastlio2_ros2/fastlio2/src/map_builder/ikd_Tree.cpp: In instantiation of ‘void KD_TREE<PointType>::Add_by_range(KD_TREE<PointType>::KD_TREE_NODE**, BoxPointType, bool) [with PointType = pcl::PointXYZINormal]’:
[21.380s] /home/jiaverso/Desktop/SparkCar_ROS2_WS/SparkCar_Perception/src/fastlio2_ros2/fastlio2/src/map_builder/ikd_Tree.cpp:1732:16:   required from here
[21.380s] /home/jiaverso/Desktop/SparkCar_ROS2_WS/SparkCar_Perception/src/fastlio2_ros2/fastlio2/src/map_builder/ikd_Tree.cpp:946:21: warning: unused variable ‘Timeout’ [-Wunused-variable]
[21.380s]   946 |     struct timespec Timeout;
[21.381s]       |                     ^~~~~~~
[21.382s] /home/jiaverso/Desktop/SparkCar_ROS2_WS/SparkCar_Perception/src/fastlio2_ros2/fastlio2/src/map_builder/ikd_Tree.cpp: In instantiation of ‘void KD_TREE<PointType>::Search(KD_TREE<PointType>::KD_TREE_NODE*, int, PointType, KD_TREE<PointType>::MANUAL_HEAP&, float) [with PointType = pcl::PointXYZINormal]’:
[21.382s] /home/jiaverso/Desktop/SparkCar_ROS2_WS/SparkCar_Perception/src/fastlio2_ros2/fastlio2/src/map_builder/ikd_Tree.cpp:1732:16:   required from here
[21.383s] /home/jiaverso/Desktop/SparkCar_ROS2_WS/SparkCar_Perception/src/fastlio2_ros2/fastlio2/src/map_builder/ikd_Tree.cpp:1097:63: warning: suggest parentheses around ‘&&’ within ‘||’ [-Wparentheses]
[21.383s]  1097 |     if (q.size() < k_nearest || dist_left_node < q.top().dist && dist_right_node < q.top().dist)
[21.383s]       |                                 ~~~~~~~~~~~~~~~~~~~~~~~~~~~~~~^~~~~~~~~~~~~~~~~~~~~~~~~~~~~~~~~
[21.386s] /home/jiaverso/Desktop/SparkCar_ROS2_WS/SparkCar_Perception/src/fastlio2_ros2/fastlio2/src/map_builder/ikd_Tree.cpp:1094:9: warning: unused variable ‘cur_search_counter’ [-Wunused-variable]
[21.386s]  1094 |     int cur_search_counter;
[21.386s]       |         ^~~~~~~~~~~~~~~~~~
[21.399s] /home/jiaverso/Desktop/SparkCar_ROS2_WS/SparkCar_Perception/src/fastlio2_ros2/fastlio2/src/map_builder/ikd_Tree.cpp: In instantiation of ‘int KD_TREE<PointType>::Add_Points(KD_TREE<PointType>::PointVector&, bool) [with PointType = pcl::PointXYZINormal; KD_TREE<PointType>::PointVector = std::vector<pcl::PointXYZINormal, Eigen::aligned_allocator<pcl::PointXYZINormal> >]’:
[21.399s] /home/jiaverso/Desktop/SparkCar_ROS2_WS/SparkCar_Perception/src/fastlio2_ros2/fastlio2/src/map_builder/ikd_Tree.cpp:1732:16:   required from here
[21.399s] /home/jiaverso/Desktop/SparkCar_ROS2_WS/SparkCar_Perception/src/fastlio2_ros2/fastlio2/src/map_builder/ikd_Tree.cpp:485:23: warning: comparison of integer expressions of different signedness: ‘int’ and ‘std::vector<pcl::PointXYZINormal, Eigen::aligned_allocator<pcl::PointXYZINormal> >::size_type’ {aka ‘long unsigned int’} [-Wsign-compare]
[21.399s]   485 |     for (int i = 0; i < PointToAdd.size(); i++)
[21.400s]       |                     ~~^~~~~~~~~~~~~~~~~~~
[21.404s] /home/jiaverso/Desktop/SparkCar_ROS2_WS/SparkCar_Perception/src/fastlio2_ros2/fastlio2/src/map_builder/ikd_Tree.cpp:502:39: warning: comparison of integer expressions of different signedness: ‘int’ and ‘std::vector<pcl::PointXYZINormal, Eigen::aligned_allocator<pcl::PointXYZINormal> >::size_type’ {aka ‘long unsigned int’} [-Wsign-compare]
[21.404s]   502 |             for (int index = 0; index < Downsample_Storage.size(); index++)
[21.404s]       |                                 ~~~~~~^~~~~~~~~~~~~~~~~~~~~~~~~~~
[21.405s] /home/jiaverso/Desktop/SparkCar_ROS2_WS/SparkCar_Perception/src/fastlio2_ros2/fastlio2/src/map_builder/ikd_Tree.cpp:478:9: warning: unused variable ‘NewPointSize’ [-Wunused-variable]
[21.405s]   478 |     int NewPointSize = PointToAdd.size();
[21.406s]       |         ^~~~~~~~~~~~
[21.406s] /home/jiaverso/Desktop/SparkCar_ROS2_WS/SparkCar_Perception/src/fastlio2_ros2/fastlio2/src/map_builder/ikd_Tree.cpp:479:9: warning: unused variable ‘tree_size’ [-Wunused-variable]
[21.406s]   479 |     int tree_size = size();
[21.406s]       |         ^~~~~~~~~
[21.407s] /home/jiaverso/Desktop/SparkCar_ROS2_WS/SparkCar_Perception/src/fastlio2_ros2/fastlio2/src/map_builder/ikd_Tree.cpp: In instantiation of ‘void KD_TREE<PointType>::Add_Point_Boxes(std::vector<BoxPointType>&) [with PointType = pcl::PointXYZINormal]’:
[21.407s] /home/jiaverso/Desktop/SparkCar_ROS2_WS/SparkCar_Perception/src/fastlio2_ros2/fastlio2/src/map_builder/ikd_Tree.cpp:1732:16:   required from here
[21.407s] /home/jiaverso/Desktop/SparkCar_ROS2_WS/SparkCar_Perception/src/fastlio2_ros2/fastlio2/src/map_builder/ikd_Tree.cpp:576:23: warning: comparison of integer expressions of different signedness: ‘int’ and ‘std::vector<BoxPointType>::size_type’ {aka ‘long unsigned int’} [-Wsign-compare]
[21.407s]   576 |     for (int i = 0; i < BoxPoints.size(); i++)
[21.408s]       |                     ~~^~~~~~~~~~~~~~~~~~
[21.408s] /home/jiaverso/Desktop/SparkCar_ROS2_WS/SparkCar_Perception/src/fastlio2_ros2/fastlio2/src/map_builder/ikd_Tree.cpp: In instantiation of ‘void KD_TREE<PointType>::Delete_Points(KD_TREE<PointType>::PointVector&) [with PointType = pcl::PointXYZINormal; KD_TREE<PointType>::PointVector = std::vector<pcl::PointXYZINormal, Eigen::aligned_allocator<pcl::PointXYZINormal> >]’:
[21.408s] /home/jiaverso/Desktop/SparkCar_ROS2_WS/SparkCar_Perception/src/fastlio2_ros2/fastlio2/src/map_builder/ikd_Tree.cpp:1732:16:   required from here
[21.408s] /home/jiaverso/Desktop/SparkCar_ROS2_WS/SparkCar_Perception/src/fastlio2_ros2/fastlio2/src/map_builder/ikd_Tree.cpp:604:23: warning: comparison of integer expressions of different signedness: ‘int’ and ‘std::vector<pcl::PointXYZINormal, Eigen::aligned_allocator<pcl::PointXYZINormal> >::size_type’ {aka ‘long unsigned int’} [-Wsign-compare]
[21.408s]   604 |     for (int i = 0; i < PointToDel.size(); i++)
[21.408s]       |                     ~~^~~~~~~~~~~~~~~~~~~
[21.408s] /home/jiaverso/Desktop/SparkCar_ROS2_WS/SparkCar_Perception/src/fastlio2_ros2/fastlio2/src/map_builder/ikd_Tree.cpp: In instantiation of ‘int KD_TREE<PointType>::Delete_Point_Boxes(std::vector<BoxPointType>&) [with PointType = pcl::PointXYZINormal]’:
[21.409s] /home/jiaverso/Desktop/SparkCar_ROS2_WS/SparkCar_Perception/src/fastlio2_ros2/fastlio2/src/map_builder/ikd_Tree.cpp:1732:16:   required from here
[21.409s] /home/jiaverso/Desktop/SparkCar_ROS2_WS/SparkCar_Perception/src/fastlio2_ros2/fastlio2/src/map_builder/ikd_Tree.cpp:633:23: warning: comparison of integer expressions of different signedness: ‘int’ and ‘std::vector<BoxPointType>::size_type’ {aka ‘long unsigned int’} [-Wsign-compare]
[21.409s]   633 |     for (int i = 0; i < BoxPoints.size(); i++)
[21.409s]       |                     ~~^~~~~~~~~~~~~~~~~~
[21.409s] /home/jiaverso/Desktop/SparkCar_ROS2_WS/SparkCar_Perception/src/fastlio2_ros2/fastlio2/src/map_builder/ikd_Tree.cpp: In instantiation of ‘void KD_TREE<PointType>::acquire_removed_points(KD_TREE<PointType>::PointVector&) [with PointType = pcl::PointXYZINormal; KD_TREE<PointType>::PointVector = std::vector<pcl::PointXYZINormal, Eigen::aligned_allocator<pcl::PointXYZINormal> >]’:
[21.409s] /home/jiaverso/Desktop/SparkCar_ROS2_WS/SparkCar_Perception/src/fastlio2_ros2/fastlio2/src/map_builder/ikd_Tree.cpp:1732:16:   required from here
[21.409s] /home/jiaverso/Desktop/SparkCar_ROS2_WS/SparkCar_Perception/src/fastlio2_ros2/fastlio2/src/map_builder/ikd_Tree.cpp:662:23: warning: comparison of integer expressions of different signedness: ‘int’ and ‘std::vector<pcl::PointXYZINormal, Eigen::aligned_allocator<pcl::PointXYZINormal> >::size_type’ {aka ‘long unsigned int’} [-Wsign-compare]
[21.409s]   662 |     for (int i = 0; i < Points_deleted.size(); i++)
[21.409s]       |                     ~~^~~~~~~~~~~~~~~~~~~~~~~
[21.409s] /home/jiaverso/Desktop/SparkCar_ROS2_WS/SparkCar_Perception/src/fastlio2_ros2/fastlio2/src/map_builder/ikd_Tree.cpp:666:23: warning: comparison of integer expressions of different signedness: ‘int’ and ‘std::vector<pcl::PointXYZINormal, Eigen::aligned_allocator<pcl::PointXYZINormal> >::size_type’ {aka ‘long unsigned int’} [-Wsign-compare]
[21.414s]   666 |     for (int i = 0; i < Multithread_Points_deleted.size(); i++)
[21.414s]       |                     ~~^~~~~~~~~~~~~~~~~~~~~~~~~~~~~~~~~~~
[29.137s] [ 78%] Building CXX object CMakeFiles/lio_node.dir/src/loop_closure/loop_detector.cpp.o
[30.142s] [ 85%] Building CXX object CMakeFiles/lio_node.dir/src/loop_closure/pose_graph_optimizer.cpp.o
[32.635s] [ 92%] Building CXX object CMakeFiles/lio_node.dir/src/utils.cpp.o
[44.309s] /home/jiaverso/Desktop/SparkCar_ROS2_WS/SparkCar_Perception/src/fastlio2_ros2/fastlio2/src/loop_closure/pose_graph_optimizer.cpp: In member function ‘bool PoseGraphOptimizer::getLatestCorrection(size_t, const M3D&, const V3D&, M3D&, V3D&)’:
[44.309s] /home/jiaverso/Desktop/SparkCar_ROS2_WS/SparkCar_Perception/src/fastlio2_ros2/fastlio2/src/loop_closure/pose_graph_optimizer.cpp:238:58: warning: unused parameter ‘current_rotation’ [-Wunused-parameter]
[44.309s]   238 |                                               const M3D& current_rotation,
[44.309s]       |                                               ~~~~~~~~~~~^~~~~~~~~~~~~~~~
[44.309s] /home/jiaverso/Desktop/SparkCar_ROS2_WS/SparkCar_Perception/src/fastlio2_ros2/fastlio2/src/loop_closure/pose_graph_optimizer.cpp:239:58: warning: unused parameter ‘current_position’ [-Wunused-parameter]
[44.309s]   239 |                                               const V3D& current_position,
[44.309s]       |                                               ~~~~~~~~~~~^~~~~~~~~~~~~~~~
[69.545s] [100%] Linking CXX executable lio_node
[70.508s] [100%] Built target lio_node
[70.516s] Invoked command in '/home/jiaverso/Desktop/SparkCar_ROS2_WS/SparkCar_Perception/build/fastlio2' returned '0': CMAKE_PREFIX_PATH=/home/jiaverso/Desktop/SparkCar_ROS2_WS/SparkCar_Perception/install/livox_ros_driver2:/home/jiaverso/Desktop/SparkCar_ROS2_WS/SparkCar_Perception/install/interface:/home/jiaverso/Desktop/SparkCar_ROS2_WS/SparkCar_Perception/install/pgo:/home/jiaverso/Desktop/SparkCar_ROS2_WS/SparkCar_Perception/install/localizer:/home/jiaverso/Desktop/SparkCar_ROS2_WS/SparkCar_Perception/install/fastlio2:/home/jiaverso/Desktop/SparkCar_ROS2_WS/SparkCar_Perception/install/hba:/home/jiaverso/Desktop/SparkCar_ROS2_WS/SparkCar_Tools/install/pcd2pgm:/opt/ros/humble /usr/bin/cmake --build /home/jiaverso/Desktop/SparkCar_ROS2_WS/SparkCar_Perception/build/fastlio2 -- -j8 -l8
[70.517s] Invoking command in '/home/jiaverso/Desktop/SparkCar_ROS2_WS/SparkCar_Perception/build/fastlio2': CMAKE_PREFIX_PATH=/home/jiaverso/Desktop/SparkCar_ROS2_WS/SparkCar_Perception/install/livox_ros_driver2:/home/jiaverso/Desktop/SparkCar_ROS2_WS/SparkCar_Perception/install/interface:/home/jiaverso/Desktop/SparkCar_ROS2_WS/SparkCar_Perception/install/pgo:/home/jiaverso/Desktop/SparkCar_ROS2_WS/SparkCar_Perception/install/localizer:/home/jiaverso/Desktop/SparkCar_ROS2_WS/SparkCar_Perception/install/fastlio2:/home/jiaverso/Desktop/SparkCar_ROS2_WS/SparkCar_Perception/install/hba:/home/jiaverso/Desktop/SparkCar_ROS2_WS/SparkCar_Tools/install/pcd2pgm:/opt/ros/humble /usr/bin/cmake --install /home/jiaverso/Desktop/SparkCar_ROS2_WS/SparkCar_Perception/build/fastlio2
[70.523s] -- Install configuration: "Release"
[70.523s] -- Up-to-date: /home/jiaverso/Desktop/SparkCar_ROS2_WS/SparkCar_Perception/install/fastlio2/share/fastlio2/launch
[70.524s] -- Installing: /home/jiaverso/Desktop/SparkCar_ROS2_WS/SparkCar_Perception/install/fastlio2/share/fastlio2/launch/lio_launch.py
[70.524s] -- Up-to-date: /home/jiaverso/Desktop/SparkCar_ROS2_WS/SparkCar_Perception/install/fastlio2/share/fastlio2/rviz
[70.524s] -- Installing: /home/jiaverso/Desktop/SparkCar_ROS2_WS/SparkCar_Perception/install/fastlio2/share/fastlio2/rviz/fastlio2.rviz
[70.524s] -- Up-to-date: /home/jiaverso/Desktop/SparkCar_ROS2_WS/SparkCar_Perception/install/fastlio2/share/fastlio2/config
[70.524s] -- Installing: /home/jiaverso/Desktop/SparkCar_ROS2_WS/SparkCar_Perception/install/fastlio2/share/fastlio2/config/lio.yaml
[70.524s] -- Installing: /home/jiaverso/Desktop/SparkCar_ROS2_WS/SparkCar_Perception/install/fastlio2/share/fastlio2/package.dsv
[70.524s] -- Installing: /home/jiaverso/Desktop/SparkCar_ROS2_WS/SparkCar_Perception/install/fastlio2/share/fastlio2/package.xml
[70.525s] Invoked command in '/home/jiaverso/Desktop/SparkCar_ROS2_WS/SparkCar_Perception/build/fastlio2' returned '0': CMAKE_PREFIX_PATH=/home/jiaverso/Desktop/SparkCar_ROS2_WS/SparkCar_Perception/install/livox_ros_driver2:/home/jiaverso/Desktop/SparkCar_ROS2_WS/SparkCar_Perception/install/interface:/home/jiaverso/Desktop/SparkCar_ROS2_WS/SparkCar_Perception/install/pgo:/home/jiaverso/Desktop/SparkCar_ROS2_WS/SparkCar_Perception/install/localizer:/home/jiaverso/Desktop/SparkCar_ROS2_WS/SparkCar_Perception/install/fastlio2:/home/jiaverso/Desktop/SparkCar_ROS2_WS/SparkCar_Perception/install/hba:/home/jiaverso/Desktop/SparkCar_ROS2_WS/SparkCar_Tools/install/pcd2pgm:/opt/ros/humble /usr/bin/cmake --install /home/jiaverso/Desktop/SparkCar_ROS2_WS/SparkCar_Perception/build/fastlio2
