[0.060s] Invoking command in '/home/orangepi/Desktop/SparkCar_ROS2_WS/SparkCar_Perception/build/vision_to_mavros': CMAKE_PREFIX_PATH=${CMAKE_PREFIX_PATH}:/opt/ros/humble /usr/bin/cmake --build /home/orangepi/Desktop/SparkCar_ROS2_WS/SparkCar_Perception/build/vision_to_mavros -- -j8 -l8
[0.212s] [35m[1mConsolidate compiler generated dependencies of target vision_to_mavros_node[0m
[0.264s] [ 50%] [32mBuilding CXX object CMakeFiles/vision_to_mavros_node.dir/src/vision_to_mavros_node.cpp.o[0m
[17.263s] [100%] [32m[1mLinking CXX executable vision_to_mavros_node[0m
[18.476s] [100%] Built target vision_to_mavros_node
[18.517s] Invoked command in '/home/orangepi/Desktop/SparkCar_ROS2_WS/SparkCar_Perception/build/vision_to_mavros' returned '0': CMAKE_PREFIX_PATH=${CMAKE_PREFIX_PATH}:/opt/ros/humble /usr/bin/cmake --build /home/orangepi/Desktop/SparkCar_ROS2_WS/SparkCar_Perception/build/vision_to_mavros -- -j8 -l8
[18.524s] Invoking command in '/home/orangepi/Desktop/SparkCar_ROS2_WS/SparkCar_Perception/build/vision_to_mavros': CMAKE_PREFIX_PATH=${CMAKE_PREFIX_PATH}:/opt/ros/humble /usr/bin/cmake --install /home/orangepi/Desktop/SparkCar_ROS2_WS/SparkCar_Perception/build/vision_to_mavros
[18.560s] -- Install configuration: ""
[18.561s] -- Installing: /home/orangepi/Desktop/SparkCar_ROS2_WS/SparkCar_Perception/install/vision_to_mavros/lib/vision_to_mavros/vision_to_mavros_node
[18.573s] -- Set runtime path of "/home/orangepi/Desktop/SparkCar_ROS2_WS/SparkCar_Perception/install/vision_to_mavros/lib/vision_to_mavros/vision_to_mavros_node" to ""
[18.574s] -- Up-to-date: /home/orangepi/Desktop/SparkCar_ROS2_WS/SparkCar_Perception/install/vision_to_mavros/share/vision_to_mavros/launch
[18.574s] -- Up-to-date: /home/orangepi/Desktop/SparkCar_ROS2_WS/SparkCar_Perception/install/vision_to_mavros/share/vision_to_mavros/launch/vision_to_mavros.launch.py
[18.575s] -- Up-to-date: /home/orangepi/Desktop/SparkCar_ROS2_WS/SparkCar_Perception/install/vision_to_mavros/share/vision_to_mavros/config
[18.575s] -- Up-to-date: /home/orangepi/Desktop/SparkCar_ROS2_WS/SparkCar_Perception/install/vision_to_mavros/share/vision_to_mavros/config/vision_to_mavros.yaml
[18.576s] -- Up-to-date: /home/orangepi/Desktop/SparkCar_ROS2_WS/SparkCar_Perception/install/vision_to_mavros/share/ament_index/resource_index/package_run_dependencies/vision_to_mavros
[18.576s] -- Up-to-date: /home/orangepi/Desktop/SparkCar_ROS2_WS/SparkCar_Perception/install/vision_to_mavros/share/ament_index/resource_index/parent_prefix_path/vision_to_mavros
[18.576s] -- Up-to-date: /home/orangepi/Desktop/SparkCar_ROS2_WS/SparkCar_Perception/install/vision_to_mavros/share/vision_to_mavros/environment/ament_prefix_path.sh
[18.577s] -- Up-to-date: /home/orangepi/Desktop/SparkCar_ROS2_WS/SparkCar_Perception/install/vision_to_mavros/share/vision_to_mavros/environment/ament_prefix_path.dsv
[18.577s] -- Up-to-date: /home/orangepi/Desktop/SparkCar_ROS2_WS/SparkCar_Perception/install/vision_to_mavros/share/vision_to_mavros/environment/path.sh
[18.578s] -- Up-to-date: /home/orangepi/Desktop/SparkCar_ROS2_WS/SparkCar_Perception/install/vision_to_mavros/share/vision_to_mavros/environment/path.dsv
[18.578s] -- Up-to-date: /home/orangepi/Desktop/SparkCar_ROS2_WS/SparkCar_Perception/install/vision_to_mavros/share/vision_to_mavros/local_setup.bash
[18.579s] -- Up-to-date: /home/orangepi/Desktop/SparkCar_ROS2_WS/SparkCar_Perception/install/vision_to_mavros/share/vision_to_mavros/local_setup.sh
[18.580s] -- Up-to-date: /home/orangepi/Desktop/SparkCar_ROS2_WS/SparkCar_Perception/install/vision_to_mavros/share/vision_to_mavros/local_setup.zsh
[18.585s] -- Up-to-date: /home/orangepi/Desktop/SparkCar_ROS2_WS/SparkCar_Perception/install/vision_to_mavros/share/vision_to_mavros/local_setup.dsv
[18.585s] -- Installing: /home/orangepi/Desktop/SparkCar_ROS2_WS/SparkCar_Perception/install/vision_to_mavros/share/vision_to_mavros/package.dsv
[18.586s] -- Up-to-date: /home/orangepi/Desktop/SparkCar_ROS2_WS/SparkCar_Perception/install/vision_to_mavros/share/ament_index/resource_index/packages/vision_to_mavros
[18.586s] -- Up-to-date: /home/orangepi/Desktop/SparkCar_ROS2_WS/SparkCar_Perception/install/vision_to_mavros/share/vision_to_mavros/cmake/vision_to_mavrosConfig.cmake
[18.587s] -- Up-to-date: /home/orangepi/Desktop/SparkCar_ROS2_WS/SparkCar_Perception/install/vision_to_mavros/share/vision_to_mavros/cmake/vision_to_mavrosConfig-version.cmake
[18.587s] -- Up-to-date: /home/orangepi/Desktop/SparkCar_ROS2_WS/SparkCar_Perception/install/vision_to_mavros/share/vision_to_mavros/package.xml
[18.588s] Invoked command in '/home/orangepi/Desktop/SparkCar_ROS2_WS/SparkCar_Perception/build/vision_to_mavros' returned '0': CMAKE_PREFIX_PATH=${CMAKE_PREFIX_PATH}:/opt/ros/humble /usr/bin/cmake --install /home/orangepi/Desktop/SparkCar_ROS2_WS/SparkCar_Perception/build/vision_to_mavros
